Build started 09/15/2025 15:05:56.
     1>Project "/mnt/d/src/MtgDiscoveryVibeWorkspace/IMPLS/src/MtgDiscoveryVibe.sln" on node 1 (Restore target(s)).
     1>ValidateSolutionConfiguration:
         Building solution configuration "Release|Any CPU".
       _GetAllRestoreProjectPathItems:
         Determining projects to restore...
       Restore:
         X.509 certificate chain validation will use the fallback certificate bundle at '/usr/share/dotnet/sdk/9.0.203/trustedroots/codesignctl.pem'.
         X.509 certificate chain validation will use the fallback certificate bundle at '/usr/share/dotnet/sdk/9.0.203/trustedroots/timestampctl.pem'.
         Assets file has not changed. Skipping assets file writing. Path: /mnt/d/src/MtgDiscoveryVibeWorkspace/IMPLS/src/Lib.Aggregator.UserCards/obj/project.assets.json
         Assets file has not changed. Skipping assets file writing. Path: /mnt/d/src/MtgDiscoveryVibeWorkspace/IMPLS/src/Lib.Adapter.Sets/obj/project.assets.json
         Assets file has not changed. Skipping assets file writing. Path: /mnt/d/src/MtgDiscoveryVibeWorkspace/IMPLS/src/App.MtgDiscovery.GraphQL/obj/project.assets.json
         Restored /mnt/d/src/MtgDiscoveryVibeWorkspace/IMPLS/src/App.MtgDiscovery.GraphQL/App.MtgDiscovery.GraphQL.csproj (in 76 ms).
         Assets file has not changed. Skipping assets file writing. Path: /mnt/d/src/MtgDiscoveryVibeWorkspace/IMPLS/src/Example.Scryfall.BulkIngestion/obj/project.assets.json
         Restored /mnt/d/src/MtgDiscoveryVibeWorkspace/IMPLS/src/Example.Scryfall.BulkIngestion/Example.Scryfall.BulkIngestion.csproj (in 76 ms).
         Assets file has not changed. Skipping assets file writing. Path: /mnt/d/src/MtgDiscoveryVibeWorkspace/IMPLS/src/Lib.Domain.User/obj/project.assets.json
         Restored /mnt/d/src/MtgDiscoveryVibeWorkspace/IMPLS/src/Lib.Domain.User/Lib.Domain.User.csproj (in 73 ms).
         Assets file has not changed. Skipping assets file writing. Path: /mnt/d/src/MtgDiscoveryVibeWorkspace/IMPLS/src/Lib.Aggregator.Artists/obj/project.assets.json
         Restored /mnt/d/src/MtgDiscoveryVibeWorkspace/IMPLS/src/Lib.Aggregator.Artists/Lib.Aggregator.Artists.csproj (in 72 ms).
         Restored /mnt/d/src/MtgDiscoveryVibeWorkspace/IMPLS/src/Lib.Aggregator.UserCards/Lib.Aggregator.UserCards.csproj (in 73 ms).
         Restored /mnt/d/src/MtgDiscoveryVibeWorkspace/IMPLS/src/Lib.Adapter.Sets/Lib.Adapter.Sets.csproj (in 73 ms).
         Assets file has not changed. Skipping assets file writing. Path: /mnt/d/src/MtgDiscoveryVibeWorkspace/IMPLS/src/Lib.Adapter.UserCards.Tests/obj/project.assets.json
         Restored /mnt/d/src/MtgDiscoveryVibeWorkspace/IMPLS/src/Lib.Adapter.UserCards.Tests/Lib.Adapter.UserCards.Tests.csproj (in 80 ms).
         Assets file has not changed. Skipping assets file writing. Path: /mnt/d/src/MtgDiscoveryVibeWorkspace/IMPLS/src/Lib.Aggregator.Cards/obj/project.assets.json
         Restored /mnt/d/src/MtgDiscoveryVibeWorkspace/IMPLS/src/Lib.Aggregator.Cards/Lib.Aggregator.Cards.csproj (in 80 ms).
         Assets file has not changed. Skipping assets file writing. Path: /mnt/d/src/MtgDiscoveryVibeWorkspace/IMPLS/src/Example.LibCosmos/obj/project.assets.json
         Restored /mnt/d/src/MtgDiscoveryVibeWorkspace/IMPLS/src/Example.LibCosmos/Example.LibCosmos.csproj (in 73 ms).
         Assets file has not changed. Skipping assets file writing. Path: /mnt/d/src/MtgDiscoveryVibeWorkspace/IMPLS/src/Lib.Adapter.Artists/obj/project.assets.json
         Restored /mnt/d/src/MtgDiscoveryVibeWorkspace/IMPLS/src/Lib.Adapter.Artists/Lib.Adapter.Artists.csproj (in 80 ms).
         Assets file has not changed. Skipping assets file writing. Path: /mnt/d/src/MtgDiscoveryVibeWorkspace/IMPLS/src/Lib.Adapter.Scryfall.Cosmos.Tests/obj/project.assets.json
         Restored /mnt/d/src/MtgDiscoveryVibeWorkspace/IMPLS/src/Lib.Adapter.Scryfall.Cosmos.Tests/Lib.Adapter.Scryfall.Cosmos.Tests.csproj (in 80 ms).
         Assets file has not changed. Skipping assets file writing. Path: /mnt/d/src/MtgDiscoveryVibeWorkspace/IMPLS/src/Lib.Cosmos/obj/project.assets.json
         Restored /mnt/d/src/MtgDiscoveryVibeWorkspace/IMPLS/src/Lib.Cosmos/Lib.Cosmos.csproj (in 78 ms).
         Assets file has not changed. Skipping assets file writing. Path: /mnt/d/src/MtgDiscoveryVibeWorkspace/IMPLS/src/Lib.Domain.Cards/obj/project.assets.json
         Restored /mnt/d/src/MtgDiscoveryVibeWorkspace/IMPLS/src/Lib.Domain.Cards/Lib.Domain.Cards.csproj (in 81 ms).
         Assets file has not changed. Skipping assets file writing. Path: /mnt/d/src/MtgDiscoveryVibeWorkspace/IMPLS/src/Lib.MtgDiscovery.Entry/obj/project.assets.json
         Restored /mnt/d/src/MtgDiscoveryVibeWorkspace/IMPLS/src/Lib.MtgDiscovery.Entry/Lib.MtgDiscovery.Entry.csproj (in 81 ms).
         Assets file has not changed. Skipping assets file writing. Path: /mnt/d/src/MtgDiscoveryVibeWorkspace/IMPLS/src/Lib.Aggregator.Sets/obj/project.assets.json
         Restored /mnt/d/src/MtgDiscoveryVibeWorkspace/IMPLS/src/Lib.Aggregator.Sets/Lib.Aggregator.Sets.csproj (in 79 ms).
         Assets file has not changed. Skipping assets file writing. Path: /mnt/d/src/MtgDiscoveryVibeWorkspace/IMPLS/src/Lib.Scryfall.Ingestion.Tests/obj/project.assets.json
         Restored /mnt/d/src/MtgDiscoveryVibeWorkspace/IMPLS/src/Lib.Scryfall.Ingestion.Tests/Lib.Scryfall.Ingestion.Tests.csproj (in 82 ms).
         Assets file has not changed. Skipping assets file writing. Path: /mnt/d/src/MtgDiscoveryVibeWorkspace/IMPLS/src/Lib.Domain.UserCards/obj/project.assets.json
         Restored /mnt/d/src/MtgDiscoveryVibeWorkspace/IMPLS/src/Lib.Domain.UserCards/Lib.Domain.UserCards.csproj (in 34 ms).
         Assets file has not changed. Skipping assets file writing. Path: /mnt/d/src/MtgDiscoveryVibeWorkspace/IMPLS/src/Lib.Adapter.User/obj/project.assets.json
         Restored /mnt/d/src/MtgDiscoveryVibeWorkspace/IMPLS/src/Lib.Adapter.User/Lib.Adapter.User.csproj (in 39 ms).
         Assets file has not changed. Skipping assets file writing. Path: /mnt/d/src/MtgDiscoveryVibeWorkspace/IMPLS/src/Lib.Adapter.Cards/obj/project.assets.json
         Restored /mnt/d/src/MtgDiscoveryVibeWorkspace/IMPLS/src/Lib.Adapter.Cards/Lib.Adapter.Cards.csproj (in 37 ms).
         Assets file has not changed. Skipping assets file writing. Path: /mnt/d/src/MtgDiscoveryVibeWorkspace/IMPLS/src/Lib.Domain.Artists/obj/project.assets.json
         Restored /mnt/d/src/MtgDiscoveryVibeWorkspace/IMPLS/src/Lib.Domain.Artists/Lib.Domain.Artists.csproj (in 40 ms).
         Assets file has not changed. Skipping assets file writing. Path: /mnt/d/src/MtgDiscoveryVibeWorkspace/IMPLS/src/Lib.Adapter.Scryfall.Cosmos/obj/project.assets.json
         Restored /mnt/d/src/MtgDiscoveryVibeWorkspace/IMPLS/src/Lib.Adapter.Scryfall.Cosmos/Lib.Adapter.Scryfall.Cosmos.csproj (in 38 ms).
         Assets file has not changed. Skipping assets file writing. Path: /mnt/d/src/MtgDiscoveryVibeWorkspace/IMPLS/src/Lib.Aggregator.Cards.Tests/obj/project.assets.json
         Restored /mnt/d/src/MtgDiscoveryVibeWorkspace/IMPLS/src/Lib.Aggregator.Cards.Tests/Lib.Aggregator.Cards.Tests.csproj (in 41 ms).
         Assets file has not changed. Skipping assets file writing. Path: /mnt/d/src/MtgDiscoveryVibeWorkspace/IMPLS/src/Lib.Aggregator.Scryfall.Shared/obj/project.assets.json
         Restored /mnt/d/src/MtgDiscoveryVibeWorkspace/IMPLS/src/Lib.Aggregator.Scryfall.Shared/Lib.Aggregator.Scryfall.Shared.csproj (in 41 ms).
         Assets file has not changed. Skipping assets file writing. Path: /mnt/d/src/MtgDiscoveryVibeWorkspace/IMPLS/src/Example.Core/obj/project.assets.json
         Restored /mnt/d/src/MtgDiscoveryVibeWorkspace/IMPLS/src/Example.Core/Example.Core.csproj (in 51 ms).
         Assets file has not changed. Skipping assets file writing. Path: /mnt/d/src/MtgDiscoveryVibeWorkspace/IMPLS/src/Lib.Aggregator.User/obj/project.assets.json
         Restored /mnt/d/src/MtgDiscoveryVibeWorkspace/IMPLS/src/Lib.Aggregator.User/Lib.Aggregator.User.csproj (in 50 ms).
         Assets file has not changed. Skipping assets file writing. Path: /mnt/d/src/MtgDiscoveryVibeWorkspace/IMPLS/src/Lib.Adapter.UserCards/obj/project.assets.json
         Restored /mnt/d/src/MtgDiscoveryVibeWorkspace/IMPLS/src/Lib.Adapter.UserCards/Lib.Adapter.UserCards.csproj (in 54 ms).
         Assets file has not changed. Skipping assets file writing. Path: /mnt/d/src/MtgDiscoveryVibeWorkspace/IMPLS/src/Lib.Cosmos.Tests/obj/project.assets.json
         Restored /mnt/d/src/MtgDiscoveryVibeWorkspace/IMPLS/src/Lib.Cosmos.Tests/Lib.Cosmos.Tests.csproj (in 52 ms).
         Assets file has not changed. Skipping assets file writing. Path: /mnt/d/src/MtgDiscoveryVibeWorkspace/IMPLS/src/Example.Scryfall.ApiDemo/obj/project.assets.json
         Restored /mnt/d/src/MtgDiscoveryVibeWorkspace/IMPLS/src/Example.Scryfall.ApiDemo/Example.Scryfall.ApiDemo.csproj (in 56 ms).
         Assets file has not changed. Skipping assets file writing. Path: /mnt/d/src/MtgDiscoveryVibeWorkspace/IMPLS/src/Lib.Universal/obj/project.assets.json
         Restored /mnt/d/src/MtgDiscoveryVibeWorkspace/IMPLS/src/Lib.Universal/Lib.Universal.csproj (in 44 ms).
         Assets file has not changed. Skipping assets file writing. Path: /mnt/d/src/MtgDiscoveryVibeWorkspace/IMPLS/src/Lib.Shared.Invocation.Tests/obj/project.assets.json
         Restored /mnt/d/src/MtgDiscoveryVibeWorkspace/IMPLS/src/Lib.Shared.Invocation.Tests/Lib.Shared.Invocation.Tests.csproj (in 24 ms).
         Assets file has not changed. Skipping assets file writing. Path: /mnt/d/src/MtgDiscoveryVibeWorkspace/IMPLS/src/TestConvenience.Core/obj/project.assets.json
         Restored /mnt/d/src/MtgDiscoveryVibeWorkspace/IMPLS/src/TestConvenience.Core/TestConvenience.Core.csproj (in 64 ms).
         Assets file has not changed. Skipping assets file writing. Path: /mnt/d/src/MtgDiscoveryVibeWorkspace/IMPLS/src/Lib.Shared.Abstractions/obj/project.assets.json
         Restored /mnt/d/src/MtgDiscoveryVibeWorkspace/IMPLS/src/Lib.Shared.Abstractions/Lib.Shared.Abstractions.csproj (in 25 ms).
         Assets file has not changed. Skipping assets file writing. Path: /mnt/d/src/MtgDiscoveryVibeWorkspace/IMPLS/src/Lib.Shared.Invocation/obj/project.assets.json
         Restored /mnt/d/src/MtgDiscoveryVibeWorkspace/IMPLS/src/Lib.Shared.Invocation/Lib.Shared.Invocation.csproj (in 33 ms).
         Assets file has not changed. Skipping assets file writing. Path: /mnt/d/src/MtgDiscoveryVibeWorkspace/IMPLS/src/Example.Scryfall.CosmosIngestion/obj/project.assets.json
         Restored /mnt/d/src/MtgDiscoveryVibeWorkspace/IMPLS/src/Example.Scryfall.CosmosIngestion/Example.Scryfall.CosmosIngestion.csproj (in 72 ms).
         Assets file has not changed. Skipping assets file writing. Path: /mnt/d/src/MtgDiscoveryVibeWorkspace/IMPLS/src/Lib.Scryfall.Shared.Tests/obj/project.assets.json
         Restored /mnt/d/src/MtgDiscoveryVibeWorkspace/IMPLS/src/Lib.Scryfall.Shared.Tests/Lib.Scryfall.Shared.Tests.csproj (in 25 ms).
         Assets file has not changed. Skipping assets file writing. Path: /mnt/d/src/MtgDiscoveryVibeWorkspace/IMPLS/src/Lib.Scryfall.Ingestion/obj/project.assets.json
         Restored /mnt/d/src/MtgDiscoveryVibeWorkspace/IMPLS/src/Lib.Scryfall.Ingestion/Lib.Scryfall.Ingestion.csproj (in 20 ms).
         Assets file has not changed. Skipping assets file writing. Path: /mnt/d/src/MtgDiscoveryVibeWorkspace/IMPLS/src/Lib.Shared.DataModels/obj/project.assets.json
         Restored /mnt/d/src/MtgDiscoveryVibeWorkspace/IMPLS/src/Lib.Shared.DataModels/Lib.Shared.DataModels.csproj (in 33 ms).
         Assets file has not changed. Skipping assets file writing. Path: /mnt/d/src/MtgDiscoveryVibeWorkspace/IMPLS/src/Lib.Domain.Sets/obj/project.assets.json
         Restored /mnt/d/src/MtgDiscoveryVibeWorkspace/IMPLS/src/Lib.Domain.Sets/Lib.Domain.Sets.csproj (in 80 ms).
         Assets file has not changed. Skipping assets file writing. Path: /mnt/d/src/MtgDiscoveryVibeWorkspace/IMPLS/src/Lib.Scryfall.Shared/obj/project.assets.json
         Restored /mnt/d/src/MtgDiscoveryVibeWorkspace/IMPLS/src/Lib.Scryfall.Shared/Lib.Scryfall.Shared.csproj (in 85 ms).
         Assets file has not changed. Skipping assets file writing. Path: /mnt/d/src/MtgDiscoveryVibeWorkspace/IMPLS/src/Lib.Universal.Tests/obj/project.assets.json
         Restored /mnt/d/src/MtgDiscoveryVibeWorkspace/IMPLS/src/Lib.Universal.Tests/Lib.Universal.Tests.csproj (in 88 ms).
         
         NuGet Config files used:
             /home/quinngil/.nuget/NuGet/NuGet.Config
         
         Feeds used:
             https://api.nuget.org/v3/index.json
         All projects are up-to-date for restore.
     1>Done Building Project "/mnt/d/src/MtgDiscoveryVibeWorkspace/IMPLS/src/MtgDiscoveryVibe.sln" (Restore target(s)).
   1:2>Project "/mnt/d/src/MtgDiscoveryVibeWorkspace/IMPLS/src/MtgDiscoveryVibe.sln" on node 1 (default targets).
     1>ValidateSolutionConfiguration:
         Building solution configuration "Release|Any CPU".
   1:2>Project "/mnt/d/src/MtgDiscoveryVibeWorkspace/IMPLS/src/MtgDiscoveryVibe.sln" (1:2) is building "/mnt/d/src/MtgDiscoveryVibeWorkspace/IMPLS/src/Lib.Universal/Lib.Universal.csproj" (2:19) on node 7 (default targets).
     2>GenerateTargetFrameworkMonikerAttribute:
       Skipping target "GenerateTargetFrameworkMonikerAttribute" because all output files are up-to-date with respect to the input files.
       CoreGenerateAssemblyInfo:
         Could not infer the type of parameter "#1" because the attribute type is unknown. The value will be treated as a string.
         Could not infer the type of parameter "#1" because the attribute type is unknown. The value will be treated as a string.
       _GenerateSourceLinkFile:
         Updating Source Link file 'obj/Release/net9.0/Lib.Universal.sourcelink.json'.
   1:2>Project "/mnt/d/src/MtgDiscoveryVibeWorkspace/IMPLS/src/MtgDiscoveryVibe.sln" (1:2) is building "/mnt/d/src/MtgDiscoveryVibeWorkspace/IMPLS/src/Lib.Shared.DataModels/Lib.Shared.DataModels.csproj" (15:24) on node 3 (default targets).
    15>GenerateTargetFrameworkMonikerAttribute:
       Skipping target "GenerateTargetFrameworkMonikerAttribute" because all output files are up-to-date with respect to the input files.
     2>CoreCompile:
         /usr/share/dotnet/dotnet exec "/usr/share/dotnet/sdk/9.0.203/Roslyn/bincore/csc.dll" /noconfig /unsafe- /checked- /nowarn:IDE0290,IDE2001,IDE0005,IDE0046,CA1716,CA1040,CA1056,1701,1702 /fullpaths /nostdlib+ /errorreport:prompt /warn:9 /define:TRACE;RELEASE;NET;NET9_0;NETCOREAPP;NET5_0_OR_GREATER;NET6_0_OR_GREATER;NET7_0_OR_GREATER;NET8_0_OR_GREATER;NET9_0_OR_GREATER;NETCOREAPP1_0_OR_GREATER;NETCOREAPP1_1_OR_GREATER;NETCOREAPP2_0_OR_GREATER;NETCOREAPP2_1_OR_GREATER;NETCOREAPP2_2_OR_GREATER;NETCOREAPP3_0_OR_GREATER;NETCOREAPP3_1_OR_GREATER /highentropyva+ /nullable:warnings /reference:/usr/share/dotnet/packs/Microsoft.NETCore.App.Ref/9.0.4/ref/net9.0/Microsoft.CSharp.dll /reference:/home/quinngil/.nuget/packages/microsoft.extensions.caching.abstractions/9.0.0/lib/net9.0/Microsoft.Extensions.Caching.Abstractions.dll /reference:/home/quinngil/.nuget/packages/microsoft.extensions.caching.memory/9.0.0/lib/net9.0/Microsoft.Extensions.Caching.Memory.dll /reference:/home/quinngil/.nuget/packages/microsoft.extensions.configuration.abstractions/9.0.5/lib/net9.0/Microsoft.Extensions.Configuration.Abstractions.dll /reference:/home/quinngil/.nuget/packages/microsoft.extensions.dependencyinjection.abstractions/9.0.0/lib/net9.0/Microsoft.Extensions.DependencyInjection.Abstractions.dll /reference:/home/quinngil/.nuget/packages/microsoft.extensions.logging.abstractions/9.0.0/lib/net9.0/Microsoft.Extensions.Logging.Abstractions.dll /reference:/home/quinngil/.nuget/packages/microsoft.extensions.options/9.0.0/lib/net9.0/Microsoft.Extensions.Options.dll /reference:/home/quinngil/.nuget/packages/microsoft.extensions.primitives/9.0.5/lib/net9.0/Microsoft.Extensions.Primitives.dll /reference:/home/quinngil/.nuget/packages/microsoft.identitymodel.abstractions/8.0.1/lib/net9.0/Microsoft.IdentityModel.Abstractions.dll /reference:/home/quinngil/.nuget/packages/microsoft.identitymodel.jsonwebtokens/8.0.1/lib/net9.0/Microsoft.IdentityModel.JsonWebTokens.dll /reference:/home/quinngil/.nuget/packages/microsoft.identitymodel.logging/8.0.1/lib/net9.0/Microsoft.IdentityModel.Logging.dll /reference:/home/quinngil/.nuget/packages/microsoft.identitymodel.tokens/8.0.1/lib/net9.0/Microsoft.IdentityModel.Tokens.dll /reference:/usr/share/dotnet/packs/Microsoft.NETCore.App.Ref/9.0.4/ref/net9.0/Microsoft.VisualBasic.Core.dll /reference:/usr/share/dotnet/packs/Microsoft.NETCore.App.Ref/9.0.4/ref/net9.0/Microsoft.VisualBasic.dll /reference:/usr/share/dotnet/packs/Microsoft.NETCore.App.Ref/9.0.4/ref/net9.0/Microsoft.Win32.Primitives.dll /reference:/usr/share/dotnet/packs/Microsoft.NETCore.App.Ref/9.0.4/ref/net9.0/Microsoft.Win32.Registry.dll /reference:/usr/share/dotnet/packs/Microsoft.NETCore.App.Ref/9.0.4/ref/net9.0/mscorlib.dll /reference:/usr/share/dotnet/packs/Microsoft.NETCore.App.Ref/9.0.4/ref/net9.0/netstandard.dll /reference:/home/quinngil/.nuget/packages/newtonsoft.json/13.0.3/lib/net6.0/Newtonsoft.Json.dll /reference:/usr/share/dotnet/packs/Microsoft.NETCore.App.Ref/9.0.4/ref/net9.0/System.AppContext.dll /reference:/usr/share/dotnet/packs/Microsoft.NETCore.App.Ref/9.0.4/ref/net9.0/System.Buffers.dll /reference:/usr/share/dotnet/packs/Microsoft.NETCore.App.Ref/9.0.4/ref/net9.0/System.Collections.Concurrent.dll /reference:/usr/share/dotnet/packs/Microsoft.NETCore.App.Ref/9.0.4/ref/net9.0/System.Collections.dll /reference:/usr/share/dotnet/packs/Microsoft.NETCore.App.Ref/9.0.4/ref/net9.0/System.Collections.Immutable.dll /reference:/usr/share/dotnet/packs/Microsoft.NETCore.App.Ref/9.0.4/ref/net9.0/System.Collections.NonGeneric.dll /reference:/usr/share/dotnet/packs/Microsoft.NETCore.App.Ref/9.0.4/ref/net9.0/System.Collections.Specialized.dll /reference:/usr/share/dotnet/packs/Microsoft.NETCore.App.Ref/9.0.4/ref/net9.0/System.ComponentModel.Annotations.dll /reference:/usr/share/dotnet/packs/Microsoft.NETCore.App.Ref/9.0.4/ref/net9.0/System.ComponentModel.DataAnnotations.dll /reference:/usr/share/dotnet/packs/Microsoft.NETCore.App.Ref/9.0.4/ref/net9.0/System.ComponentModel.dll /reference:/usr/share/dotnet/packs/Microsoft.NETCore.App.Ref/9.0.4/ref/net9.0/System.ComponentModel.EventBasedAsync.dll /reference:/usr/share/dotnet/packs/Microsoft.NETCore.App.Ref/9.0.4/ref/net9.0/System.ComponentModel.Primitives.dll /reference:/usr/share/dotnet/packs/Microsoft.NETCore.App.Ref/9.0.4/ref/net9.0/System.ComponentModel.TypeConverter.dll /reference:/usr/share/dotnet/packs/Microsoft.NETCore.App.Ref/9.0.4/ref/net9.0/System.Configuration.dll /reference:/usr/share/dotnet/packs/Microsoft.NETCore.App.Ref/9.0.4/ref/net9.0/System.Console.dll /reference:/usr/share/dotnet/packs/Microsoft.NETCore.App.Ref/9.0.4/ref/net9.0/System.Core.dll /reference:/usr/share/dotnet/packs/Microsoft.NETCore.App.Ref/9.0.4/ref/net9.0/System.Data.Common.dll /reference:/usr/share/dotnet/packs/Microsoft.NETCore.App.Ref/9.0.4/ref/net9.0/System.Data.DataSetExtensions.dll /reference:/usr/share/dotnet/packs/Microsoft.NETCore.App.Ref/9.0.4/ref/net9.0/System.Data.dll /reference:/usr/share/dotnet/packs/Microsoft.NETCore.App.Ref/9.0.4/ref/net9.0/System.Diagnostics.Contracts.dll /reference:/usr/share/dotnet/packs/Microsoft.NETCore.App.Ref/9.0.4/ref/net9.0/System.Diagnostics.Debug.dll /reference:/usr/share/dotnet/packs/Microsoft.NETCore.App.Ref/9.0.4/ref/net9.0/System.Diagnostics.DiagnosticSource.dll /reference:/usr/share/dotnet/packs/Microsoft.NETCore.App.Ref/9.0.4/ref/net9.0/System.Diagnostics.FileVersionInfo.dll /reference:/usr/share/dotnet/packs/Microsoft.NETCore.App.Ref/9.0.4/ref/net9.0/System.Diagnostics.Process.dll /reference:/usr/share/dotnet/packs/Microsoft.NETCore.App.Ref/9.0.4/ref/net9.0/System.Diagnostics.StackTrace.dll /reference:/usr/share/dotnet/packs/Microsoft.NETCore.App.Ref/9.0.4/ref/net9.0/System.Diagnostics.TextWriterTraceListener.dll /reference:/usr/share/dotnet/packs/Microsoft.NETCore.App.Ref/9.0.4/ref/net9.0/System.Diagnostics.Tools.dll /reference:/usr/share/dotnet/packs/Microsoft.NETCore.App.Ref/9.0.4/ref/net9.0/System.Diagnostics.TraceSource.dll /reference:/usr/share/dotnet/packs/Microsoft.NETCore.App.Ref/9.0.4/ref/net9.0/System.Diagnostics.Tracing.dll /reference:/usr/share/dotnet/packs/Microsoft.NETCore.App.Ref/9.0.4/ref/net9.0/System.dll /reference:/usr/share/dotnet/packs/Microsoft.NETCore.App.Ref/9.0.4/ref/net9.0/System.Drawing.dll /reference:/usr/share/dotnet/packs/Microsoft.NETCore.App.Ref/9.0.4/ref/net9.0/System.Drawing.Primitives.dll /reference:/usr/share/dotnet/packs/Microsoft.NETCore.App.Ref/9.0.4/ref/net9.0/System.Dynamic.Runtime.dll /reference:/usr/share/dotnet/packs/Microsoft.NETCore.App.Ref/9.0.4/ref/net9.0/System.Formats.Asn1.dll /reference:/usr/share/dotnet/packs/Microsoft.NETCore.App.Ref/9.0.4/ref/net9.0/System.Formats.Tar.dll /reference:/usr/share/dotnet/packs/Microsoft.NETCore.App.Ref/9.0.4/ref/net9.0/System.Globalization.Calendars.dll /reference:/usr/share/dotnet/packs/Microsoft.NETCore.App.Ref/9.0.4/ref/net9.0/System.Globalization.dll /reference:/usr/share/dotnet/packs/Microsoft.NETCore.App.Ref/9.0.4/ref/net9.0/System.Globalization.Extensions.dll /reference:/home/quinngil/.nuget/packages/system.identitymodel.tokens.jwt/8.0.1/lib/net9.0/System.IdentityModel.Tokens.Jwt.dll /reference:/usr/share/dotnet/packs/Microsoft.NETCore.App.Ref/9.0.4/ref/net9.0/System.IO.Compression.Brotli.dll /reference:/usr/share/dotnet/packs/Microsoft.NETCore.App.Ref/9.0.4/ref/net9.0/System.IO.Compression.dll /reference:/usr/share/dotnet/packs/Microsoft.NETCore.App.Ref/9.0.4/ref/net9.0/System.IO.Compression.FileSystem.dll /reference:/usr/share/dotnet/packs/Microsoft.NETCore.App.Ref/9.0.4/ref/net9.0/System.IO.Compression.ZipFile.dll /reference:/usr/share/dotnet/packs/Microsoft.NETCore.App.Ref/9.0.4/ref/net9.0/System.IO.dll /reference:/usr/share/dotnet/packs/Microsoft.NETCore.App.Ref/9.0.4/ref/net9.0/System.IO.FileSystem.AccessControl.dll /reference:/usr/share/dotnet/packs/Microsoft.NETCore.App.Ref/9.0.4/ref/net9.0/System.IO.FileSystem.dll /reference:/usr/share/dotnet/packs/Microsoft.NETCore.App.Ref/9.0.4/ref/net9.0/System.IO.FileSystem.DriveInfo.dll /reference:/usr/share/dotnet/packs/Microsoft.NETCore.App.Ref/9.0.4/ref/net9.0/System.IO.FileSystem.Primitives.dll /reference:/usr/share/dotnet/packs/Microsoft.NETCore.App.Ref/9.0.4/ref/net9.0/System.IO.FileSystem.Watcher.dll /reference:/usr/share/dotnet/packs/Microsoft.NETCore.App.Ref/9.0.4/ref/net9.0/System.IO.IsolatedStorage.dll /reference:/usr/share/dotnet/packs/Microsoft.NETCore.App.Ref/9.0.4/ref/net9.0/System.IO.MemoryMappedFiles.dll /reference:/usr/share/dotnet/packs/Microsoft.NETCore.App.Ref/9.0.4/ref/net9.0/System.IO.Pipelines.dll /reference:/usr/share/dotnet/packs/Microsoft.NETCore.App.Ref/9.0.4/ref/net9.0/System.IO.Pipes.AccessControl.dll /reference:/usr/share/dotnet/packs/Microsoft.NETCore.App.Ref/9.0.4/ref/net9.0/System.IO.Pipes.dll /reference:/usr/share/dotnet/packs/Microsoft.NETCore.App.Ref/9.0.4/ref/net9.0/System.IO.UnmanagedMemoryStream.dll /reference:/usr/share/dotnet/packs/Microsoft.NETCore.App.Ref/9.0.4/ref/net9.0/System.Linq.dll /reference:/usr/share/dotnet/packs/Microsoft.NETCore.App.Ref/9.0.4/ref/net9.0/System.Linq.Expressions.dll /reference:/usr/share/dotnet/packs/Microsoft.NETCore.App.Ref/9.0.4/ref/net9.0/System.Linq.Parallel.dll /reference:/usr/share/dotnet/packs/Microsoft.NETCore.App.Ref/9.0.4/ref/net9.0/System.Linq.Queryable.dll /reference:/usr/share/dotnet/packs/Microsoft.NETCore.App.Ref/9.0.4/ref/net9.0/System.Memory.dll /reference:/usr/share/dotnet/packs/Microsoft.NETCore.App.Ref/9.0.4/ref/net9.0/System.Net.dll /reference:/usr/share/dotnet/packs/Microsoft.NETCore.App.Ref/9.0.4/ref/net9.0/System.Net.Http.dll /reference:/usr/share/dotnet/packs/Microsoft.NETCore.App.Ref/9.0.4/ref/net9.0/System.Net.Http.Json.dll /reference:/usr/share/dotnet/packs/Microsoft.NETCore.App.Ref/9.0.4/ref/net9.0/System.Net.HttpListener.dll /reference:/usr/share/dotnet/packs/Microsoft.NETCore.App.Ref/9.0.4/ref/net9.0/System.Net.Mail.dll /reference:/usr/share/dotnet/packs/Microsoft.NETCore.App.Ref/9.0.4/ref/net9.0/System.Net.NameResolution.dll /reference:/usr/share/dotnet/packs/Microsoft.NETCore.App.Ref/9.0.4/ref/net9.0/System.Net.NetworkInformation.dll /reference:/usr/share/dotnet/packs/Microsoft.NETCore.App.Ref/9.0.4/ref/net9.0/System.Net.Ping.dll /reference:/usr/share/dotnet/packs/Microsoft.NETCore.App.Ref/9.0.4/ref/net9.0/System.Net.Primitives.dll /reference:/usr/share/dotnet/packs/Microsoft.NETCore.App.Ref/9.0.4/ref/net9.0/System.Net.Quic.dll /reference:/usr/share/dotnet/packs/Microsoft.NETCore.App.Ref/9.0.4/ref/net9.0/System.Net.Requests.dll /reference:/usr/share/dotnet/packs/Microsoft.NETCore.App.Ref/9.0.4/ref/net9.0/System.Net.Security.dll /reference:/usr/share/dotnet/packs/Microsoft.NETCore.App.Ref/9.0.4/ref/net9.0/System.Net.ServicePoint.dll /reference:/usr/share/dotnet/packs/Microsoft.NETCore.App.Ref/9.0.4/ref/net9.0/System.Net.Sockets.dll /reference:/usr/share/dotnet/packs/Microsoft.NETCore.App.Ref/9.0.4/ref/net9.0/System.Net.WebClient.dll /reference:/usr/share/dotnet/packs/Microsoft.NETCore.App.Ref/9.0.4/ref/net9.0/System.Net.WebHeaderCollection.dll /reference:/usr/share/dotnet/packs/Microsoft.NETCore.App.Ref/9.0.4/ref/net9.0/System.Net.WebProxy.dll /reference:/usr/share/dotnet/packs/Microsoft.NETCore.App.Ref/9.0.4/ref/net9.0/System.Net.WebSockets.Client.dll /reference:/usr/share/dotnet/packs/Microsoft.NETCore.App.Ref/9.0.4/ref/net9.0/System.Net.WebSockets.dll /reference:/usr/share/dotnet/packs/Microsoft.NETCore.App.Ref/9.0.4/ref/net9.0/System.Numerics.dll /reference:/usr/share/dotnet/packs/Microsoft.NETCore.App.Ref/9.0.4/ref/net9.0/System.Numerics.Vectors.dll /reference:/usr/share/dotnet/packs/Microsoft.NETCore.App.Ref/9.0.4/ref/net9.0/System.ObjectModel.dll /reference:/usr/share/dotnet/packs/Microsoft.NETCore.App.Ref/9.0.4/ref/net9.0/System.Reflection.DispatchProxy.dll /reference:/usr/share/dotnet/packs/Microsoft.NETCore.App.Ref/9.0.4/ref/net9.0/System.Reflection.dll /reference:/usr/share/dotnet/packs/Microsoft.NETCore.App.Ref/9.0.4/ref/net9.0/System.Reflection.Emit.dll /reference:/usr/share/dotnet/packs/Microsoft.NETCore.App.Ref/9.0.4/ref/net9.0/System.Reflection.Emit.ILGeneration.dll /reference:/usr/share/dotnet/packs/Microsoft.NETCore.App.Ref/9.0.4/ref/net9.0/System.Reflection.Emit.Lightweight.dll /reference:/usr/share/dotnet/packs/Microsoft.NETCore.App.Ref/9.0.4/ref/net9.0/System.Reflection.Extensions.dll /reference:/usr/share/dotnet/packs/Microsoft.NETCore.App.Ref/9.0.4/ref/net9.0/System.Reflection.Metadata.dll /reference:/usr/share/dotnet/packs/Microsoft.NETCore.App.Ref/9.0.4/ref/net9.0/System.Reflection.Primitives.dll /reference:/usr/share/dotnet/packs/Microsoft.NETCore.App.Ref/9.0.4/ref/net9.0/System.Reflection.TypeExtensions.dll /reference:/usr/share/dotnet/packs/Microsoft.NETCore.App.Ref/9.0.4/ref/net9.0/System.Resources.Reader.dll /reference:/usr/share/dotnet/packs/Microsoft.NETCore.App.Ref/9.0.4/ref/net9.0/System.Resources.ResourceManager.dll /reference:/usr/share/dotnet/packs/Microsoft.NETCore.App.Ref/9.0.4/ref/net9.0/System.Resources.Writer.dll /reference:/usr/share/dotnet/packs/Microsoft.NETCore.App.Ref/9.0.4/ref/net9.0/System.Runtime.CompilerServices.Unsafe.dll /reference:/usr/share/dotnet/packs/Microsoft.NETCore.App.Ref/9.0.4/ref/net9.0/System.Runtime.CompilerServices.VisualC.dll /reference:/usr/share/dotnet/packs/Microsoft.NETCore.App.Ref/9.0.4/ref/net9.0/System.Runtime.dll /reference:/usr/share/dotnet/packs/Microsoft.NETCore.App.Ref/9.0.4/ref/net9.0/System.Runtime.Extensions.dll /reference:/usr/share/dotnet/packs/Microsoft.NETCore.App.Ref/9.0.4/ref/net9.0/System.Runtime.Handles.dll /reference:/usr/share/dotnet/packs/Microsoft.NETCore.App.Ref/9.0.4/ref/net9.0/System.Runtime.InteropServices.dll /reference:/usr/share/dotnet/packs/Microsoft.NETCore.App.Ref/9.0.4/ref/net9.0/System.Runtime.InteropServices.JavaScript.dll /reference:/usr/share/dotnet/packs/Microsoft.NETCore.App.Ref/9.0.4/ref/net9.0/System.Runtime.InteropServices.RuntimeInformation.dll /reference:/usr/share/dotnet/packs/Microsoft.NETCore.App.Ref/9.0.4/ref/net9.0/System.Runtime.Intrinsics.dll /reference:/usr/share/dotnet/packs/Microsoft.NETCore.App.Ref/9.0.4/ref/net9.0/System.Runtime.Loader.dll /reference:/usr/share/dotnet/packs/Microsoft.NETCore.App.Ref/9.0.4/ref/net9.0/System.Runtime.Numerics.dll /reference:/usr/share/dotnet/packs/Microsoft.NETCore.App.Ref/9.0.4/ref/net9.0/System.Runtime.Serialization.dll /reference:/usr/share/dotnet/packs/Microsoft.NETCore.App.Ref/9.0.4/ref/net9.0/System.Runtime.Serialization.Formatters.dll /reference:/usr/share/dotnet/packs/Microsoft.NETCore.App.Ref/9.0.4/ref/net9.0/System.Runtime.Serialization.Json.dll /reference:/usr/share/dotnet/packs/Microsoft.NETCore.App.Ref/9.0.4/ref/net9.0/System.Runtime.Serialization.Primitives.dll /reference:/usr/share/dotnet/packs/Microsoft.NETCore.App.Ref/9.0.4/ref/net9.0/System.Runtime.Serialization.Xml.dll /reference:/usr/share/dotnet/packs/Microsoft.NETCore.App.Ref/9.0.4/ref/net9.0/System.Security.AccessControl.dll /reference:/usr/share/dotnet/packs/Microsoft.NETCore.App.Ref/9.0.4/ref/net9.0/System.Security.Claims.dll /reference:/usr/share/dotnet/packs/Microsoft.NETCore.App.Ref/9.0.4/ref/net9.0/System.Security.Cryptography.Algorithms.dll /reference:/usr/share/dotnet/packs/Microsoft.NETCore.App.Ref/9.0.4/ref/net9.0/System.Security.Cryptography.Cng.dll /reference:/usr/share/dotnet/packs/Microsoft.NETCore.App.Ref/9.0.4/ref/net9.0/System.Security.Cryptography.Csp.dll /reference:/usr/share/dotnet/packs/Microsoft.NETCore.App.Ref/9.0.4/ref/net9.0/System.Security.Cryptography.dll /reference:/usr/share/dotnet/packs/Microsoft.NETCore.App.Ref/9.0.4/ref/net9.0/System.Security.Cryptography.Encoding.dll /reference:/usr/share/dotnet/packs/Microsoft.NETCore.App.Ref/9.0.4/ref/net9.0/System.Security.Cryptography.OpenSsl.dll /reference:/usr/share/dotnet/packs/Microsoft.NETCore.App.Ref/9.0.4/ref/net9.0/System.Security.Cryptography.Primitives.dll /reference:/usr/share/dotnet/packs/Microsoft.NETCore.App.Ref/9.0.4/ref/net9.0/System.Security.Cryptography.X509Certificates.dll /reference:/usr/share/dotnet/packs/Microsoft.NETCore.App.Ref/9.0.4/ref/net9.0/System.Security.dll /reference:/usr/share/dotnet/packs/Microsoft.NETCore.App.Ref/9.0.4/ref/net9.0/System.Security.Principal.dll /reference:/usr/share/dotnet/packs/Microsoft.NETCore.App.Ref/9.0.4/ref/net9.0/System.Security.Principal.Windows.dll /reference:/usr/share/dotnet/packs/Microsoft.NETCore.App.Ref/9.0.4/ref/net9.0/System.Security.SecureString.dll /reference:/usr/share/dotnet/packs/Microsoft.NETCore.App.Ref/9.0.4/ref/net9.0/System.ServiceModel.Web.dll /reference:/usr/share/dotnet/packs/Microsoft.NETCore.App.Ref/9.0.4/ref/net9.0/System.ServiceProcess.dll /reference:/usr/share/dotnet/packs/Microsoft.NETCore.App.Ref/9.0.4/ref/net9.0/System.Text.Encoding.CodePages.dll /reference:/usr/share/dotnet/packs/Microsoft.NETCore.App.Ref/9.0.4/ref/net9.0/System.Text.Encoding.dll /reference:/usr/share/dotnet/packs/Microsoft.NETCore.App.Ref/9.0.4/ref/net9.0/System.Text.Encoding.Extensions.dll /reference:/usr/share/dotnet/packs/Microsoft.NETCore.App.Ref/9.0.4/ref/net9.0/System.Text.Encodings.Web.dll /reference:/home/quinngil/.nuget/packages/system.text.json/9.0.8/lib/net9.0/System.Text.Json.dll /reference:/usr/share/dotnet/packs/Microsoft.NETCore.App.Ref/9.0.4/ref/net9.0/System.Text.RegularExpressions.dll /reference:/usr/share/dotnet/packs/Microsoft.NETCore.App.Ref/9.0.4/ref/net9.0/System.Threading.Channels.dll /reference:/usr/share/dotnet/packs/Microsoft.NETCore.App.Ref/9.0.4/ref/net9.0/System.Threading.dll /reference:/usr/share/dotnet/packs/Microsoft.NETCore.App.Ref/9.0.4/ref/net9.0/System.Threading.Overlapped.dll /reference:/usr/share/dotnet/packs/Microsoft.NETCore.App.Ref/9.0.4/ref/net9.0/System.Threading.Tasks.Dataflow.dll /reference:/usr/share/dotnet/packs/Microsoft.NETCore.App.Ref/9.0.4/ref/net9.0/System.Threading.Tasks.dll /reference:/usr/share/dotnet/packs/Microsoft.NETCore.App.Ref/9.0.4/ref/net9.0/System.Threading.Tasks.Extensions.dll /reference:/usr/share/dotnet/packs/Microsoft.NETCore.App.Ref/9.0.4/ref/net9.0/System.Threading.Tasks.Parallel.dll /reference:/usr/share/dotnet/packs/Microsoft.NETCore.App.Ref/9.0.4/ref/net9.0/System.Threading.Thread.dll /reference:/usr/share/dotnet/packs/Microsoft.NETCore.App.Ref/9.0.4/ref/net9.0/System.Threading.ThreadPool.dll /reference:/usr/share/dotnet/packs/Microsoft.NETCore.App.Ref/9.0.4/ref/net9.0/System.Threading.Timer.dll /reference:/usr/share/dotnet/packs/Microsoft.NETCore.App.Ref/9.0.4/ref/net9.0/System.Transactions.dll /reference:/usr/share/dotnet/packs/Microsoft.NETCore.App.Ref/9.0.4/ref/net9.0/System.Transactions.Local.dll /reference:/usr/share/dotnet/packs/Microsoft.NETCore.App.Ref/9.0.4/ref/net9.0/System.ValueTuple.dll /reference:/usr/share/dotnet/packs/Microsoft.NETCore.App.Ref/9.0.4/ref/net9.0/System.Web.dll /reference:/usr/share/dotnet/packs/Microsoft.NETCore.App.Ref/9.0.4/ref/net9.0/System.Web.HttpUtility.dll /reference:/usr/share/dotnet/packs/Microsoft.NETCore.App.Ref/9.0.4/ref/net9.0/System.Windows.dll /reference:/usr/share/dotnet/packs/Microsoft.NETCore.App.Ref/9.0.4/ref/net9.0/System.Xml.dll /reference:/usr/share/dotnet/packs/Microsoft.NETCore.App.Ref/9.0.4/ref/net9.0/System.Xml.Linq.dll /reference:/usr/share/dotnet/packs/Microsoft.NETCore.App.Ref/9.0.4/ref/net9.0/System.Xml.ReaderWriter.dll /reference:/usr/share/dotnet/packs/Microsoft.NETCore.App.Ref/9.0.4/ref/net9.0/System.Xml.Serialization.dll /reference:/usr/share/dotnet/packs/Microsoft.NETCore.App.Ref/9.0.4/ref/net9.0/System.Xml.XDocument.dll /reference:/usr/share/dotnet/packs/Microsoft.NETCore.App.Ref/9.0.4/ref/net9.0/System.Xml.XmlDocument.dll /reference:/usr/share/dotnet/packs/Microsoft.NETCore.App.Ref/9.0.4/ref/net9.0/System.Xml.XmlSerializer.dll /reference:/usr/share/dotnet/packs/Microsoft.NETCore.App.Ref/9.0.4/ref/net9.0/System.Xml.XPath.dll /reference:/usr/share/dotnet/packs/Microsoft.NETCore.App.Ref/9.0.4/ref/net9.0/System.Xml.XPath.XDocument.dll /reference:/usr/share/dotnet/packs/Microsoft.NETCore.App.Ref/9.0.4/ref/net9.0/WindowsBase.dll /debug- /debug:portable /filealign:512 /optimize+ /out:obj/Release/net9.0/Lib.Universal.dll /refout:obj/Release/net9.0/refint/Lib.Universal.dll /reportanalyzer /target:library /warnaserror+ /utf8output /deterministic+ /sourcelink:obj/Release/net9.0/Lib.Universal.sourcelink.json /langversion:latest /features:strict /embed:"obj/Release/net9.0/.NETCoreApp,Version=v9.0.AssemblyAttributes.cs" /embed:obj/Release/net9.0/Lib.Universal.AssemblyInfo.cs /analyzerconfig:/mnt/d/src/MtgDiscoveryVibeWorkspace/IMPLS/src/.editorconfig /analyzerconfig:obj/Release/net9.0/Lib.Universal.GeneratedMSBuildEditorConfig.editorconfig /analyzerconfig:/usr/share/dotnet/sdk/9.0.203/Sdks/Microsoft.NET.Sdk/analyzers/build/config/analysislevel_9_all_warnaserror.globalconfig /analyzer:/usr/share/dotnet/sdk/9.0.203/Sdks/Microsoft.NET.Sdk/targets/../analyzers/Microsoft.CodeAnalysis.CSharp.NetAnalyzers.dll /analyzer:/usr/share/dotnet/sdk/9.0.203/Sdks/Microsoft.NET.Sdk/targets/../analyzers/Microsoft.CodeAnalysis.NetAnalyzers.dll /analyzer:/usr/share/dotnet/sdk/9.0.203/Sdks/Microsoft.NET.Sdk/targets/../codestyle/cs/Microsoft.CodeAnalysis.CodeStyle.dll /analyzer:/usr/share/dotnet/sdk/9.0.203/Sdks/Microsoft.NET.Sdk/targets/../codestyle/cs/Microsoft.CodeAnalysis.CodeStyle.Fixes.dll /analyzer:/usr/share/dotnet/sdk/9.0.203/Sdks/Microsoft.NET.Sdk/targets/../codestyle/cs/Microsoft.CodeAnalysis.CSharp.CodeStyle.dll /analyzer:/usr/share/dotnet/sdk/9.0.203/Sdks/Microsoft.NET.Sdk/targets/../codestyle/cs/Microsoft.CodeAnalysis.CSharp.CodeStyle.Fixes.dll /analyzer:/home/quinngil/.nuget/packages/microsoft.codeanalysis.bannedapianalyzers/4.14.0/analyzers/dotnet/cs/Microsoft.CodeAnalysis.BannedApiAnalyzers.dll /analyzer:/home/quinngil/.nuget/packages/microsoft.codeanalysis.bannedapianalyzers/4.14.0/analyzers/dotnet/cs/Microsoft.CodeAnalysis.CSharp.BannedApiAnalyzers.dll /analyzer:/home/quinngil/.nuget/packages/microsoft.extensions.logging.abstractions/9.0.0/analyzers/dotnet/roslyn4.4/cs/Microsoft.Extensions.Logging.Generators.dll /analyzer:/home/quinngil/.nuget/packages/microsoft.extensions.options/9.0.0/analyzers/dotnet/roslyn4.4/cs/Microsoft.Extensions.Options.SourceGeneration.dll /analyzer:/home/quinngil/.nuget/packages/system.text.json/9.0.8/analyzers/dotnet/roslyn4.4/cs/System.Text.Json.SourceGeneration.dll /analyzer:/usr/share/dotnet/packs/Microsoft.NETCore.App.Ref/9.0.4/analyzers/dotnet/cs/Microsoft.Interop.ComInterfaceGenerator.dll /analyzer:/usr/share/dotnet/packs/Microsoft.NETCore.App.Ref/9.0.4/analyzers/dotnet/cs/Microsoft.Interop.JavaScript.JSImportGenerator.dll /analyzer:/usr/share/dotnet/packs/Microsoft.NETCore.App.Ref/9.0.4/analyzers/dotnet/cs/Microsoft.Interop.LibraryImportGenerator.dll /analyzer:/usr/share/dotnet/packs/Microsoft.NETCore.App.Ref/9.0.4/analyzers/dotnet/cs/Microsoft.Interop.SourceGeneration.dll /analyzer:/usr/share/dotnet/packs/Microsoft.NETCore.App.Ref/9.0.4/analyzers/dotnet/cs/System.Text.RegularExpressions.Generator.dll /additionalfile:/mnt/d/src/MtgDiscoveryVibeWorkspace/IMPLS/src/BannedSymbols.txt /additionalfile:/mnt/d/src/MtgDiscoveryVibeWorkspace/IMPLS/src/.editorconfig Caching/MonoStateMemoryCache.cs Configurations/IConfig.cs Configurations/MonoStateConfig.cs Extensions/ExceptionExtensions.cs Extensions/LinqExtensions.cs Extensions/StringExtensions.cs GlobalSuppressions.cs Http/IHttpClient.cs Http/MonoStateHttpClient.cs Inversion/ServiceLocator.cs Primitives/ProvidedUrl.cs Primitives/StringEqualityToSystemType.cs Primitives/ToSystemType.cs Primitives/Url.cs Utilities/GuidUtility.cs "obj/Release/net9.0/.NETCoreApp,Version=v9.0.AssemblyAttributes.cs" obj/Release/net9.0/Lib.Universal.AssemblyInfo.cs /warnaserror+:NU1605,SYSLIB0011
    15>CoreGenerateAssemblyInfo:
         Could not infer the type of parameter "#1" because the attribute type is unknown. The value will be treated as a string.
         Could not infer the type of parameter "#1" because the attribute type is unknown. The value will be treated as a string.
     2>CoreCompile:
         CompilerServer: server - server processed compilation - Lib.Universal (net9.0)
    15>_GenerateSourceLinkFile:
         Updating Source Link file 'obj/Release/net9.0/Lib.Shared.DataModels.sourcelink.json'.
     2>CopyFilesToOutputDirectory:
         Copying file from "/mnt/d/src/MtgDiscoveryVibeWorkspace/IMPLS/src/Lib.Universal/obj/Release/net9.0/Lib.Universal.dll" to "/mnt/d/src/MtgDiscoveryVibeWorkspace/IMPLS/src/Lib.Universal/bin/Release/net9.0/Lib.Universal.dll".
    15>CoreCompile:
         /usr/share/dotnet/dotnet exec "/usr/share/dotnet/sdk/9.0.203/Roslyn/bincore/csc.dll" /noconfig /unsafe- /checked- /nowarn:IDE0290,IDE2001,IDE0005,IDE0046,CA1716,CA1040,CA1056,1701,1702 /fullpaths /nostdlib+ /errorreport:prompt /warn:9 /define:TRACE;RELEASE;NET;NET9_0;NETCOREAPP;NET5_0_OR_GREATER;NET6_0_OR_GREATER;NET7_0_OR_GREATER;NET8_0_OR_GREATER;NET9_0_OR_GREATER;NETCOREAPP1_0_OR_GREATER;NETCOREAPP1_1_OR_GREATER;NETCOREAPP2_0_OR_GREATER;NETCOREAPP2_1_OR_GREATER;NETCOREAPP2_2_OR_GREATER;NETCOREAPP3_0_OR_GREATER;NETCOREAPP3_1_OR_GREATER /highentropyva+ /nullable:warnings /reference:/usr/share/dotnet/packs/Microsoft.NETCore.App.Ref/9.0.4/ref/net9.0/Microsoft.CSharp.dll /reference:/home/quinngil/.nuget/packages/microsoft.identitymodel.abstractions/8.0.1/lib/net9.0/Microsoft.IdentityModel.Abstractions.dll /reference:/home/quinngil/.nuget/packages/microsoft.identitymodel.jsonwebtokens/8.0.1/lib/net9.0/Microsoft.IdentityModel.JsonWebTokens.dll /reference:/home/quinngil/.nuget/packages/microsoft.identitymodel.logging/8.0.1/lib/net9.0/Microsoft.IdentityModel.Logging.dll /reference:/home/quinngil/.nuget/packages/microsoft.identitymodel.tokens/8.0.1/lib/net9.0/Microsoft.IdentityModel.Tokens.dll /reference:/usr/share/dotnet/packs/Microsoft.NETCore.App.Ref/9.0.4/ref/net9.0/Microsoft.VisualBasic.Core.dll /reference:/usr/share/dotnet/packs/Microsoft.NETCore.App.Ref/9.0.4/ref/net9.0/Microsoft.VisualBasic.dll /reference:/usr/share/dotnet/packs/Microsoft.NETCore.App.Ref/9.0.4/ref/net9.0/Microsoft.Win32.Primitives.dll /reference:/usr/share/dotnet/packs/Microsoft.NETCore.App.Ref/9.0.4/ref/net9.0/Microsoft.Win32.Registry.dll /reference:/usr/share/dotnet/packs/Microsoft.NETCore.App.Ref/9.0.4/ref/net9.0/mscorlib.dll /reference:/usr/share/dotnet/packs/Microsoft.NETCore.App.Ref/9.0.4/ref/net9.0/netstandard.dll /reference:/usr/share/dotnet/packs/Microsoft.NETCore.App.Ref/9.0.4/ref/net9.0/System.AppContext.dll /reference:/usr/share/dotnet/packs/Microsoft.NETCore.App.Ref/9.0.4/ref/net9.0/System.Buffers.dll /reference:/usr/share/dotnet/packs/Microsoft.NETCore.App.Ref/9.0.4/ref/net9.0/System.Collections.Concurrent.dll /reference:/usr/share/dotnet/packs/Microsoft.NETCore.App.Ref/9.0.4/ref/net9.0/System.Collections.dll /reference:/usr/share/dotnet/packs/Microsoft.NETCore.App.Ref/9.0.4/ref/net9.0/System.Collections.Immutable.dll /reference:/usr/share/dotnet/packs/Microsoft.NETCore.App.Ref/9.0.4/ref/net9.0/System.Collections.NonGeneric.dll /reference:/usr/share/dotnet/packs/Microsoft.NETCore.App.Ref/9.0.4/ref/net9.0/System.Collections.Specialized.dll /reference:/usr/share/dotnet/packs/Microsoft.NETCore.App.Ref/9.0.4/ref/net9.0/System.ComponentModel.Annotations.dll /reference:/usr/share/dotnet/packs/Microsoft.NETCore.App.Ref/9.0.4/ref/net9.0/System.ComponentModel.DataAnnotations.dll /reference:/usr/share/dotnet/packs/Microsoft.NETCore.App.Ref/9.0.4/ref/net9.0/System.ComponentModel.dll /reference:/usr/share/dotnet/packs/Microsoft.NETCore.App.Ref/9.0.4/ref/net9.0/System.ComponentModel.EventBasedAsync.dll /reference:/usr/share/dotnet/packs/Microsoft.NETCore.App.Ref/9.0.4/ref/net9.0/System.ComponentModel.Primitives.dll /reference:/usr/share/dotnet/packs/Microsoft.NETCore.App.Ref/9.0.4/ref/net9.0/System.ComponentModel.TypeConverter.dll /reference:/usr/share/dotnet/packs/Microsoft.NETCore.App.Ref/9.0.4/ref/net9.0/System.Configuration.dll /reference:/usr/share/dotnet/packs/Microsoft.NETCore.App.Ref/9.0.4/ref/net9.0/System.Console.dll /reference:/usr/share/dotnet/packs/Microsoft.NETCore.App.Ref/9.0.4/ref/net9.0/System.Core.dll /reference:/usr/share/dotnet/packs/Microsoft.NETCore.App.Ref/9.0.4/ref/net9.0/System.Data.Common.dll /reference:/usr/share/dotnet/packs/Microsoft.NETCore.App.Ref/9.0.4/ref/net9.0/System.Data.DataSetExtensions.dll /reference:/usr/share/dotnet/packs/Microsoft.NETCore.App.Ref/9.0.4/ref/net9.0/System.Data.dll /reference:/usr/share/dotnet/packs/Microsoft.NETCore.App.Ref/9.0.4/ref/net9.0/System.Diagnostics.Contracts.dll /reference:/usr/share/dotnet/packs/Microsoft.NETCore.App.Ref/9.0.4/ref/net9.0/System.Diagnostics.Debug.dll /reference:/usr/share/dotnet/packs/Microsoft.NETCore.App.Ref/9.0.4/ref/net9.0/System.Diagnostics.DiagnosticSource.dll /reference:/usr/share/dotnet/packs/Microsoft.NETCore.App.Ref/9.0.4/ref/net9.0/System.Diagnostics.FileVersionInfo.dll /reference:/usr/share/dotnet/packs/Microsoft.NETCore.App.Ref/9.0.4/ref/net9.0/System.Diagnostics.Process.dll /reference:/usr/share/dotnet/packs/Microsoft.NETCore.App.Ref/9.0.4/ref/net9.0/System.Diagnostics.StackTrace.dll /reference:/usr/share/dotnet/packs/Microsoft.NETCore.App.Ref/9.0.4/ref/net9.0/System.Diagnostics.TextWriterTraceListener.dll /reference:/usr/share/dotnet/packs/Microsoft.NETCore.App.Ref/9.0.4/ref/net9.0/System.Diagnostics.Tools.dll /reference:/usr/share/dotnet/packs/Microsoft.NETCore.App.Ref/9.0.4/ref/net9.0/System.Diagnostics.TraceSource.dll /reference:/usr/share/dotnet/packs/Microsoft.NETCore.App.Ref/9.0.4/ref/net9.0/System.Diagnostics.Tracing.dll /reference:/usr/share/dotnet/packs/Microsoft.NETCore.App.Ref/9.0.4/ref/net9.0/System.dll /reference:/usr/share/dotnet/packs/Microsoft.NETCore.App.Ref/9.0.4/ref/net9.0/System.Drawing.dll /reference:/usr/share/dotnet/packs/Microsoft.NETCore.App.Ref/9.0.4/ref/net9.0/System.Drawing.Primitives.dll /reference:/usr/share/dotnet/packs/Microsoft.NETCore.App.Ref/9.0.4/ref/net9.0/System.Dynamic.Runtime.dll /reference:/usr/share/dotnet/packs/Microsoft.NETCore.App.Ref/9.0.4/ref/net9.0/System.Formats.Asn1.dll /reference:/usr/share/dotnet/packs/Microsoft.NETCore.App.Ref/9.0.4/ref/net9.0/System.Formats.Tar.dll /reference:/usr/share/dotnet/packs/Microsoft.NETCore.App.Ref/9.0.4/ref/net9.0/System.Globalization.Calendars.dll /reference:/usr/share/dotnet/packs/Microsoft.NETCore.App.Ref/9.0.4/ref/net9.0/System.Globalization.dll /reference:/usr/share/dotnet/packs/Microsoft.NETCore.App.Ref/9.0.4/ref/net9.0/System.Globalization.Extensions.dll /reference:/home/quinngil/.nuget/packages/system.identitymodel.tokens.jwt/8.0.1/lib/net9.0/System.IdentityModel.Tokens.Jwt.dll /reference:/usr/share/dotnet/packs/Microsoft.NETCore.App.Ref/9.0.4/ref/net9.0/System.IO.Compression.Brotli.dll /reference:/usr/share/dotnet/packs/Microsoft.NETCore.App.Ref/9.0.4/ref/net9.0/System.IO.Compression.dll /reference:/usr/share/dotnet/packs/Microsoft.NETCore.App.Ref/9.0.4/ref/net9.0/System.IO.Compression.FileSystem.dll /reference:/usr/share/dotnet/packs/Microsoft.NETCore.App.Ref/9.0.4/ref/net9.0/System.IO.Compression.ZipFile.dll /reference:/usr/share/dotnet/packs/Microsoft.NETCore.App.Ref/9.0.4/ref/net9.0/System.IO.dll /reference:/usr/share/dotnet/packs/Microsoft.NETCore.App.Ref/9.0.4/ref/net9.0/System.IO.FileSystem.AccessControl.dll /reference:/usr/share/dotnet/packs/Microsoft.NETCore.App.Ref/9.0.4/ref/net9.0/System.IO.FileSystem.dll /reference:/usr/share/dotnet/packs/Microsoft.NETCore.App.Ref/9.0.4/ref/net9.0/System.IO.FileSystem.DriveInfo.dll /reference:/usr/share/dotnet/packs/Microsoft.NETCore.App.Ref/9.0.4/ref/net9.0/System.IO.FileSystem.Primitives.dll /reference:/usr/share/dotnet/packs/Microsoft.NETCore.App.Ref/9.0.4/ref/net9.0/System.IO.FileSystem.Watcher.dll /reference:/usr/share/dotnet/packs/Microsoft.NETCore.App.Ref/9.0.4/ref/net9.0/System.IO.IsolatedStorage.dll /reference:/usr/share/dotnet/packs/Microsoft.NETCore.App.Ref/9.0.4/ref/net9.0/System.IO.MemoryMappedFiles.dll /reference:/usr/share/dotnet/packs/Microsoft.NETCore.App.Ref/9.0.4/ref/net9.0/System.IO.Pipelines.dll /reference:/usr/share/dotnet/packs/Microsoft.NETCore.App.Ref/9.0.4/ref/net9.0/System.IO.Pipes.AccessControl.dll /reference:/usr/share/dotnet/packs/Microsoft.NETCore.App.Ref/9.0.4/ref/net9.0/System.IO.Pipes.dll /reference:/usr/share/dotnet/packs/Microsoft.NETCore.App.Ref/9.0.4/ref/net9.0/System.IO.UnmanagedMemoryStream.dll /reference:/usr/share/dotnet/packs/Microsoft.NETCore.App.Ref/9.0.4/ref/net9.0/System.Linq.dll /reference:/usr/share/dotnet/packs/Microsoft.NETCore.App.Ref/9.0.4/ref/net9.0/System.Linq.Expressions.dll /reference:/usr/share/dotnet/packs/Microsoft.NETCore.App.Ref/9.0.4/ref/net9.0/System.Linq.Parallel.dll /reference:/usr/share/dotnet/packs/Microsoft.NETCore.App.Ref/9.0.4/ref/net9.0/System.Linq.Queryable.dll /reference:/usr/share/dotnet/packs/Microsoft.NETCore.App.Ref/9.0.4/ref/net9.0/System.Memory.dll /reference:/usr/share/dotnet/packs/Microsoft.NETCore.App.Ref/9.0.4/ref/net9.0/System.Net.dll /reference:/usr/share/dotnet/packs/Microsoft.NETCore.App.Ref/9.0.4/ref/net9.0/System.Net.Http.dll /reference:/usr/share/dotnet/packs/Microsoft.NETCore.App.Ref/9.0.4/ref/net9.0/System.Net.Http.Json.dll /reference:/usr/share/dotnet/packs/Microsoft.NETCore.App.Ref/9.0.4/ref/net9.0/System.Net.HttpListener.dll /reference:/usr/share/dotnet/packs/Microsoft.NETCore.App.Ref/9.0.4/ref/net9.0/System.Net.Mail.dll /reference:/usr/share/dotnet/packs/Microsoft.NETCore.App.Ref/9.0.4/ref/net9.0/System.Net.NameResolution.dll /reference:/usr/share/dotnet/packs/Microsoft.NETCore.App.Ref/9.0.4/ref/net9.0/System.Net.NetworkInformation.dll /reference:/usr/share/dotnet/packs/Microsoft.NETCore.App.Ref/9.0.4/ref/net9.0/System.Net.Ping.dll /reference:/usr/share/dotnet/packs/Microsoft.NETCore.App.Ref/9.0.4/ref/net9.0/System.Net.Primitives.dll /reference:/usr/share/dotnet/packs/Microsoft.NETCore.App.Ref/9.0.4/ref/net9.0/System.Net.Quic.dll /reference:/usr/share/dotnet/packs/Microsoft.NETCore.App.Ref/9.0.4/ref/net9.0/System.Net.Requests.dll /reference:/usr/share/dotnet/packs/Microsoft.NETCore.App.Ref/9.0.4/ref/net9.0/System.Net.Security.dll /reference:/usr/share/dotnet/packs/Microsoft.NETCore.App.Ref/9.0.4/ref/net9.0/System.Net.ServicePoint.dll /reference:/usr/share/dotnet/packs/Microsoft.NETCore.App.Ref/9.0.4/ref/net9.0/System.Net.Sockets.dll /reference:/usr/share/dotnet/packs/Microsoft.NETCore.App.Ref/9.0.4/ref/net9.0/System.Net.WebClient.dll /reference:/usr/share/dotnet/packs/Microsoft.NETCore.App.Ref/9.0.4/ref/net9.0/System.Net.WebHeaderCollection.dll /reference:/usr/share/dotnet/packs/Microsoft.NETCore.App.Ref/9.0.4/ref/net9.0/System.Net.WebProxy.dll /reference:/usr/share/dotnet/packs/Microsoft.NETCore.App.Ref/9.0.4/ref/net9.0/System.Net.WebSockets.Client.dll /reference:/usr/share/dotnet/packs/Microsoft.NETCore.App.Ref/9.0.4/ref/net9.0/System.Net.WebSockets.dll /reference:/usr/share/dotnet/packs/Microsoft.NETCore.App.Ref/9.0.4/ref/net9.0/System.Numerics.dll /reference:/usr/share/dotnet/packs/Microsoft.NETCore.App.Ref/9.0.4/ref/net9.0/System.Numerics.Vectors.dll /reference:/usr/share/dotnet/packs/Microsoft.NETCore.App.Ref/9.0.4/ref/net9.0/System.ObjectModel.dll /reference:/usr/share/dotnet/packs/Microsoft.NETCore.App.Ref/9.0.4/ref/net9.0/System.Reflection.DispatchProxy.dll /reference:/usr/share/dotnet/packs/Microsoft.NETCore.App.Ref/9.0.4/ref/net9.0/System.Reflection.dll /reference:/usr/share/dotnet/packs/Microsoft.NETCore.App.Ref/9.0.4/ref/net9.0/System.Reflection.Emit.dll /reference:/usr/share/dotnet/packs/Microsoft.NETCore.App.Ref/9.0.4/ref/net9.0/System.Reflection.Emit.ILGeneration.dll /reference:/usr/share/dotnet/packs/Microsoft.NETCore.App.Ref/9.0.4/ref/net9.0/System.Reflection.Emit.Lightweight.dll /reference:/usr/share/dotnet/packs/Microsoft.NETCore.App.Ref/9.0.4/ref/net9.0/System.Reflection.Extensions.dll /reference:/usr/share/dotnet/packs/Microsoft.NETCore.App.Ref/9.0.4/ref/net9.0/System.Reflection.Metadata.dll /reference:/usr/share/dotnet/packs/Microsoft.NETCore.App.Ref/9.0.4/ref/net9.0/System.Reflection.Primitives.dll /reference:/usr/share/dotnet/packs/Microsoft.NETCore.App.Ref/9.0.4/ref/net9.0/System.Reflection.TypeExtensions.dll /reference:/usr/share/dotnet/packs/Microsoft.NETCore.App.Ref/9.0.4/ref/net9.0/System.Resources.Reader.dll /reference:/usr/share/dotnet/packs/Microsoft.NETCore.App.Ref/9.0.4/ref/net9.0/System.Resources.ResourceManager.dll /reference:/usr/share/dotnet/packs/Microsoft.NETCore.App.Ref/9.0.4/ref/net9.0/System.Resources.Writer.dll /reference:/usr/share/dotnet/packs/Microsoft.NETCore.App.Ref/9.0.4/ref/net9.0/System.Runtime.CompilerServices.Unsafe.dll /reference:/usr/share/dotnet/packs/Microsoft.NETCore.App.Ref/9.0.4/ref/net9.0/System.Runtime.CompilerServices.VisualC.dll /reference:/usr/share/dotnet/packs/Microsoft.NETCore.App.Ref/9.0.4/ref/net9.0/System.Runtime.dll /reference:/usr/share/dotnet/packs/Microsoft.NETCore.App.Ref/9.0.4/ref/net9.0/System.Runtime.Extensions.dll /reference:/usr/share/dotnet/packs/Microsoft.NETCore.App.Ref/9.0.4/ref/net9.0/System.Runtime.Handles.dll /reference:/usr/share/dotnet/packs/Microsoft.NETCore.App.Ref/9.0.4/ref/net9.0/System.Runtime.InteropServices.dll /reference:/usr/share/dotnet/packs/Microsoft.NETCore.App.Ref/9.0.4/ref/net9.0/System.Runtime.InteropServices.JavaScript.dll /reference:/usr/share/dotnet/packs/Microsoft.NETCore.App.Ref/9.0.4/ref/net9.0/System.Runtime.InteropServices.RuntimeInformation.dll /reference:/usr/share/dotnet/packs/Microsoft.NETCore.App.Ref/9.0.4/ref/net9.0/System.Runtime.Intrinsics.dll /reference:/usr/share/dotnet/packs/Microsoft.NETCore.App.Ref/9.0.4/ref/net9.0/System.Runtime.Loader.dll /reference:/usr/share/dotnet/packs/Microsoft.NETCore.App.Ref/9.0.4/ref/net9.0/System.Runtime.Numerics.dll /reference:/usr/share/dotnet/packs/Microsoft.NETCore.App.Ref/9.0.4/ref/net9.0/System.Runtime.Serialization.dll /reference:/usr/share/dotnet/packs/Microsoft.NETCore.App.Ref/9.0.4/ref/net9.0/System.Runtime.Serialization.Formatters.dll /reference:/usr/share/dotnet/packs/Microsoft.NETCore.App.Ref/9.0.4/ref/net9.0/System.Runtime.Serialization.Json.dll /reference:/usr/share/dotnet/packs/Microsoft.NETCore.App.Ref/9.0.4/ref/net9.0/System.Runtime.Serialization.Primitives.dll /reference:/usr/share/dotnet/packs/Microsoft.NETCore.App.Ref/9.0.4/ref/net9.0/System.Runtime.Serialization.Xml.dll /reference:/usr/share/dotnet/packs/Microsoft.NETCore.App.Ref/9.0.4/ref/net9.0/System.Security.AccessControl.dll /reference:/usr/share/dotnet/packs/Microsoft.NETCore.App.Ref/9.0.4/ref/net9.0/System.Security.Claims.dll /reference:/usr/share/dotnet/packs/Microsoft.NETCore.App.Ref/9.0.4/ref/net9.0/System.Security.Cryptography.Algorithms.dll /reference:/usr/share/dotnet/packs/Microsoft.NETCore.App.Ref/9.0.4/ref/net9.0/System.Security.Cryptography.Cng.dll /reference:/usr/share/dotnet/packs/Microsoft.NETCore.App.Ref/9.0.4/ref/net9.0/System.Security.Cryptography.Csp.dll /reference:/usr/share/dotnet/packs/Microsoft.NETCore.App.Ref/9.0.4/ref/net9.0/System.Security.Cryptography.dll /reference:/usr/share/dotnet/packs/Microsoft.NETCore.App.Ref/9.0.4/ref/net9.0/System.Security.Cryptography.Encoding.dll /reference:/usr/share/dotnet/packs/Microsoft.NETCore.App.Ref/9.0.4/ref/net9.0/System.Security.Cryptography.OpenSsl.dll /reference:/usr/share/dotnet/packs/Microsoft.NETCore.App.Ref/9.0.4/ref/net9.0/System.Security.Cryptography.Primitives.dll /reference:/usr/share/dotnet/packs/Microsoft.NETCore.App.Ref/9.0.4/ref/net9.0/System.Security.Cryptography.X509Certificates.dll /reference:/usr/share/dotnet/packs/Microsoft.NETCore.App.Ref/9.0.4/ref/net9.0/System.Security.dll /reference:/usr/share/dotnet/packs/Microsoft.NETCore.App.Ref/9.0.4/ref/net9.0/System.Security.Principal.dll /reference:/usr/share/dotnet/packs/Microsoft.NETCore.App.Ref/9.0.4/ref/net9.0/System.Security.Principal.Windows.dll /reference:/usr/share/dotnet/packs/Microsoft.NETCore.App.Ref/9.0.4/ref/net9.0/System.Security.SecureString.dll /reference:/usr/share/dotnet/packs/Microsoft.NETCore.App.Ref/9.0.4/ref/net9.0/System.ServiceModel.Web.dll /reference:/usr/share/dotnet/packs/Microsoft.NETCore.App.Ref/9.0.4/ref/net9.0/System.ServiceProcess.dll /reference:/usr/share/dotnet/packs/Microsoft.NETCore.App.Ref/9.0.4/ref/net9.0/System.Text.Encoding.CodePages.dll /reference:/usr/share/dotnet/packs/Microsoft.NETCore.App.Ref/9.0.4/ref/net9.0/System.Text.Encoding.dll /reference:/usr/share/dotnet/packs/Microsoft.NETCore.App.Ref/9.0.4/ref/net9.0/System.Text.Encoding.Extensions.dll /reference:/usr/share/dotnet/packs/Microsoft.NETCore.App.Ref/9.0.4/ref/net9.0/System.Text.Encodings.Web.dll /reference:/home/quinngil/.nuget/packages/system.text.json/9.0.8/lib/net9.0/System.Text.Json.dll /reference:/usr/share/dotnet/packs/Microsoft.NETCore.App.Ref/9.0.4/ref/net9.0/System.Text.RegularExpressions.dll /reference:/usr/share/dotnet/packs/Microsoft.NETCore.App.Ref/9.0.4/ref/net9.0/System.Threading.Channels.dll /reference:/usr/share/dotnet/packs/Microsoft.NETCore.App.Ref/9.0.4/ref/net9.0/System.Threading.dll /reference:/usr/share/dotnet/packs/Microsoft.NETCore.App.Ref/9.0.4/ref/net9.0/System.Threading.Overlapped.dll /reference:/usr/share/dotnet/packs/Microsoft.NETCore.App.Ref/9.0.4/ref/net9.0/System.Threading.Tasks.Dataflow.dll /reference:/usr/share/dotnet/packs/Microsoft.NETCore.App.Ref/9.0.4/ref/net9.0/System.Threading.Tasks.dll /reference:/usr/share/dotnet/packs/Microsoft.NETCore.App.Ref/9.0.4/ref/net9.0/System.Threading.Tasks.Extensions.dll /reference:/usr/share/dotnet/packs/Microsoft.NETCore.App.Ref/9.0.4/ref/net9.0/System.Threading.Tasks.Parallel.dll /reference:/usr/share/dotnet/packs/Microsoft.NETCore.App.Ref/9.0.4/ref/net9.0/System.Threading.Thread.dll /reference:/usr/share/dotnet/packs/Microsoft.NETCore.App.Ref/9.0.4/ref/net9.0/System.Threading.ThreadPool.dll /reference:/usr/share/dotnet/packs/Microsoft.NETCore.App.Ref/9.0.4/ref/net9.0/System.Threading.Timer.dll /reference:/usr/share/dotnet/packs/Microsoft.NETCore.App.Ref/9.0.4/ref/net9.0/System.Transactions.dll /reference:/usr/share/dotnet/packs/Microsoft.NETCore.App.Ref/9.0.4/ref/net9.0/System.Transactions.Local.dll /reference:/usr/share/dotnet/packs/Microsoft.NETCore.App.Ref/9.0.4/ref/net9.0/System.ValueTuple.dll /reference:/usr/share/dotnet/packs/Microsoft.NETCore.App.Ref/9.0.4/ref/net9.0/System.Web.dll /reference:/usr/share/dotnet/packs/Microsoft.NETCore.App.Ref/9.0.4/ref/net9.0/System.Web.HttpUtility.dll /reference:/usr/share/dotnet/packs/Microsoft.NETCore.App.Ref/9.0.4/ref/net9.0/System.Windows.dll /reference:/usr/share/dotnet/packs/Microsoft.NETCore.App.Ref/9.0.4/ref/net9.0/System.Xml.dll /reference:/usr/share/dotnet/packs/Microsoft.NETCore.App.Ref/9.0.4/ref/net9.0/System.Xml.Linq.dll /reference:/usr/share/dotnet/packs/Microsoft.NETCore.App.Ref/9.0.4/ref/net9.0/System.Xml.ReaderWriter.dll /reference:/usr/share/dotnet/packs/Microsoft.NETCore.App.Ref/9.0.4/ref/net9.0/System.Xml.Serialization.dll /reference:/usr/share/dotnet/packs/Microsoft.NETCore.App.Ref/9.0.4/ref/net9.0/System.Xml.XDocument.dll /reference:/usr/share/dotnet/packs/Microsoft.NETCore.App.Ref/9.0.4/ref/net9.0/System.Xml.XmlDocument.dll /reference:/usr/share/dotnet/packs/Microsoft.NETCore.App.Ref/9.0.4/ref/net9.0/System.Xml.XmlSerializer.dll /reference:/usr/share/dotnet/packs/Microsoft.NETCore.App.Ref/9.0.4/ref/net9.0/System.Xml.XPath.dll /reference:/usr/share/dotnet/packs/Microsoft.NETCore.App.Ref/9.0.4/ref/net9.0/System.Xml.XPath.XDocument.dll /reference:/usr/share/dotnet/packs/Microsoft.NETCore.App.Ref/9.0.4/ref/net9.0/WindowsBase.dll /debug- /debug:portable /filealign:512 /optimize+ /out:obj/Release/net9.0/Lib.Shared.DataModels.dll /refout:obj/Release/net9.0/refint/Lib.Shared.DataModels.dll /reportanalyzer /target:library /warnaserror+ /utf8output /deterministic+ /sourcelink:obj/Release/net9.0/Lib.Shared.DataModels.sourcelink.json /langversion:latest /features:strict /embed:"obj/Release/net9.0/.NETCoreApp,Version=v9.0.AssemblyAttributes.cs" /embed:obj/Release/net9.0/Lib.Shared.DataModels.AssemblyInfo.cs /analyzerconfig:/mnt/d/src/MtgDiscoveryVibeWorkspace/IMPLS/src/.editorconfig /analyzerconfig:obj/Release/net9.0/Lib.Shared.DataModels.GeneratedMSBuildEditorConfig.editorconfig /analyzerconfig:/usr/share/dotnet/sdk/9.0.203/Sdks/Microsoft.NET.Sdk/analyzers/build/config/analysislevel_9_all_warnaserror.globalconfig /analyzer:/usr/share/dotnet/sdk/9.0.203/Sdks/Microsoft.NET.Sdk/targets/../analyzers/Microsoft.CodeAnalysis.CSharp.NetAnalyzers.dll /analyzer:/usr/share/dotnet/sdk/9.0.203/Sdks/Microsoft.NET.Sdk/targets/../analyzers/Microsoft.CodeAnalysis.NetAnalyzers.dll /analyzer:/usr/share/dotnet/sdk/9.0.203/Sdks/Microsoft.NET.Sdk/targets/../codestyle/cs/Microsoft.CodeAnalysis.CodeStyle.dll /analyzer:/usr/share/dotnet/sdk/9.0.203/Sdks/Microsoft.NET.Sdk/targets/../codestyle/cs/Microsoft.CodeAnalysis.CodeStyle.Fixes.dll /analyzer:/usr/share/dotnet/sdk/9.0.203/Sdks/Microsoft.NET.Sdk/targets/../codestyle/cs/Microsoft.CodeAnalysis.CSharp.CodeStyle.dll /analyzer:/usr/share/dotnet/sdk/9.0.203/Sdks/Microsoft.NET.Sdk/targets/../codestyle/cs/Microsoft.CodeAnalysis.CSharp.CodeStyle.Fixes.dll /analyzer:/home/quinngil/.nuget/packages/microsoft.codeanalysis.bannedapianalyzers/4.14.0/analyzers/dotnet/cs/Microsoft.CodeAnalysis.BannedApiAnalyzers.dll /analyzer:/home/quinngil/.nuget/packages/microsoft.codeanalysis.bannedapianalyzers/4.14.0/analyzers/dotnet/cs/Microsoft.CodeAnalysis.CSharp.BannedApiAnalyzers.dll /analyzer:/home/quinngil/.nuget/packages/system.text.json/9.0.8/analyzers/dotnet/roslyn4.4/cs/System.Text.Json.SourceGeneration.dll /analyzer:/usr/share/dotnet/packs/Microsoft.NETCore.App.Ref/9.0.4/analyzers/dotnet/cs/Microsoft.Interop.ComInterfaceGenerator.dll /analyzer:/usr/share/dotnet/packs/Microsoft.NETCore.App.Ref/9.0.4/analyzers/dotnet/cs/Microsoft.Interop.JavaScript.JSImportGenerator.dll /analyzer:/usr/share/dotnet/packs/Microsoft.NETCore.App.Ref/9.0.4/analyzers/dotnet/cs/Microsoft.Interop.LibraryImportGenerator.dll /analyzer:/usr/share/dotnet/packs/Microsoft.NETCore.App.Ref/9.0.4/analyzers/dotnet/cs/Microsoft.Interop.SourceGeneration.dll /analyzer:/usr/share/dotnet/packs/Microsoft.NETCore.App.Ref/9.0.4/analyzers/dotnet/cs/System.Text.RegularExpressions.Generator.dll /additionalfile:/mnt/d/src/MtgDiscoveryVibeWorkspace/IMPLS/src/BannedSymbols.txt /additionalfile:/mnt/d/src/MtgDiscoveryVibeWorkspace/IMPLS/src/.editorconfig Entities/IAddCardToCollectionArgEntity.cs Entities/IAllPartsItrEntity.cs Entities/IArtistIdArgEntity.cs Entities/IArtistIdItrEntity.cs Entities/IArtistItemCollectionItrEntity.cs Entities/IArtistItemItrEntity.cs Entities/IArtistNameArgEntity.cs Entities/IArtistNameItrEntity.cs Entities/IArtistSearchResultCollectionItrEntity.cs Entities/IArtistSearchResultItrEntity.cs Entities/IArtistSearchTermArgEntity.cs Entities/IArtistSearchTermItrEntity.cs Entities/IAuthUserArgEntity.cs Entities/ICardFaceItrEntity.cs Entities/ICardIdsItrEntity.cs Entities/ICardItemCollectionItrEntity.cs Entities/ICardItemItrEntity.cs Entities/ICardNameArgEntity.cs Entities/ICardNameItrEntity.cs Entities/ICardNameSearchResultCollectionItrEntity.cs Entities/ICardNameSearchResultItrEntity.cs Entities/ICardSearchTermArgEntity.cs Entities/ICardSearchTermItrEntity.cs Entities/ICollectedCardItrEntity.cs Entities/ICollectedItemItrEntity.cs Entities/ICollectorNumberRangeItrEntity.cs Entities/IGroupingFiltersItrEntity.cs Entities/IImageUrisItrEntity.cs Entities/ILegalitiesItrEntity.cs Entities/IPreviewItrEntity.cs Entities/IPricesItrEntity.cs Entities/IPurchaseUrisItrEntity.cs Entities/IRelatedUrisItrEntity.cs Entities/ISetCodeArgEntity.cs Entities/ISetCodeItrEntity.cs Entities/ISetCodesItrEntity.cs Entities/ISetGroupingItrEntity.cs Entities/ISetIdsItrEntity.cs Entities/ISetItemCollectionItrEntity.cs Entities/ISetItemItrEntity.cs Entities/IUserCardCollectionItrEntity.cs Entities/IUserInfoItrEntity.cs Entities/IUserRegistrationItrEntity.cs "obj/Release/net9.0/.NETCoreApp,Version=v9.0.AssemblyAttributes.cs" obj/Release/net9.0/Lib.Shared.DataModels.AssemblyInfo.cs /warnaserror+:NU1605,SYSLIB0011
     2>CopyFilesToOutputDirectory:
         Copying reference assembly from "obj/Release/net9.0/refint/Lib.Universal.dll" to "/mnt/d/src/MtgDiscoveryVibeWorkspace/IMPLS/src/Lib.Universal/obj/Release/net9.0/ref/Lib.Universal.dll".
         Lib.Universal -> /mnt/d/src/MtgDiscoveryVibeWorkspace/IMPLS/src/Lib.Universal/bin/Release/net9.0/Lib.Universal.dll
         Copying file from "/mnt/d/src/MtgDiscoveryVibeWorkspace/IMPLS/src/Lib.Universal/obj/Release/net9.0/Lib.Universal.pdb" to "/mnt/d/src/MtgDiscoveryVibeWorkspace/IMPLS/src/Lib.Universal/bin/Release/net9.0/Lib.Universal.pdb".
   1:2>Project "/mnt/d/src/MtgDiscoveryVibeWorkspace/IMPLS/src/MtgDiscoveryVibe.sln" (1:2) is building "/mnt/d/src/MtgDiscoveryVibeWorkspace/IMPLS/src/Lib.Domain.UserCards/Lib.Domain.UserCards.csproj" (39:8) on node 16 (default targets).
    39>PrepareForBuild:
         Creating directory "bin/Release/net9.0/".
     2>Done Building Project "/mnt/d/src/MtgDiscoveryVibeWorkspace/IMPLS/src/Lib.Universal/Lib.Universal.csproj" (default targets).
    39>PrepareForBuild:
         Creating directory "obj/Release/net9.0/".
    15>CoreCompile:
         CompilerServer: server - server processed compilation - Lib.Shared.DataModels (net9.0)
    39>PrepareForBuild:
         Creating directory "/mnt/d/src/MtgDiscoveryVibeWorkspace/IMPLS/src/Lib.Domain.UserCards/obj/Release/net9.0/refint/".
         Creating directory "obj/Release/net9.0/ref".
   1:2>Project "/mnt/d/src/MtgDiscoveryVibeWorkspace/IMPLS/src/MtgDiscoveryVibe.sln" (1:2) is building "/mnt/d/src/MtgDiscoveryVibeWorkspace/IMPLS/src/Lib.Adapter.UserCards/Lib.Adapter.UserCards.csproj" (38:9) on node 6 (default targets).
    38>PrepareForBuild:
         Creating directory "bin/Release/net9.0/".
         Creating directory "obj/Release/net9.0/".
         Creating directory "/mnt/d/src/MtgDiscoveryVibeWorkspace/IMPLS/src/Lib.Adapter.UserCards/obj/Release/net9.0/refint/".
         Creating directory "obj/Release/net9.0/ref".
    15>CopyFilesToOutputDirectory:
         Copying file from "/mnt/d/src/MtgDiscoveryVibeWorkspace/IMPLS/src/Lib.Shared.DataModels/obj/Release/net9.0/Lib.Shared.DataModels.dll" to "/mnt/d/src/MtgDiscoveryVibeWorkspace/IMPLS/src/Lib.Shared.DataModels/bin/Release/net9.0/Lib.Shared.DataModels.dll".
         Copying reference assembly from "obj/Release/net9.0/refint/Lib.Shared.DataModels.dll" to "/mnt/d/src/MtgDiscoveryVibeWorkspace/IMPLS/src/Lib.Shared.DataModels/obj/Release/net9.0/ref/Lib.Shared.DataModels.dll".
         Lib.Shared.DataModels -> /mnt/d/src/MtgDiscoveryVibeWorkspace/IMPLS/src/Lib.Shared.DataModels/bin/Release/net9.0/Lib.Shared.DataModels.dll
         Copying file from "/mnt/d/src/MtgDiscoveryVibeWorkspace/IMPLS/src/Lib.Shared.DataModels/obj/Release/net9.0/Lib.Shared.DataModels.pdb" to "/mnt/d/src/MtgDiscoveryVibeWorkspace/IMPLS/src/Lib.Shared.DataModels/bin/Release/net9.0/Lib.Shared.DataModels.pdb".
    15>Done Building Project "/mnt/d/src/MtgDiscoveryVibeWorkspace/IMPLS/src/Lib.Shared.DataModels/Lib.Shared.DataModels.csproj" (default targets).
   1:2>Project "/mnt/d/src/MtgDiscoveryVibeWorkspace/IMPLS/src/MtgDiscoveryVibe.sln" (1:2) is building "/mnt/d/src/MtgDiscoveryVibeWorkspace/IMPLS/src/Lib.Shared.Abstractions/Lib.Shared.Abstractions.csproj" (18:9) on node 11 (default targets).
    18>GenerateTargetFrameworkMonikerAttribute:
       Skipping target "GenerateTargetFrameworkMonikerAttribute" because all output files are up-to-date with respect to the input files.
   1:2>Project "/mnt/d/src/MtgDiscoveryVibeWorkspace/IMPLS/src/MtgDiscoveryVibe.sln" (1:2) is building "/mnt/d/src/MtgDiscoveryVibeWorkspace/IMPLS/src/Example.Core/Example.Core.csproj" (6:10) on node 10 (default targets).
     6>GenerateTargetFrameworkMonikerAttribute:
       Skipping target "GenerateTargetFrameworkMonikerAttribute" because all output files are up-to-date with respect to the input files.
   1:2>Project "/mnt/d/src/MtgDiscoveryVibeWorkspace/IMPLS/src/MtgDiscoveryVibe.sln" (1:2) is building "/mnt/d/src/MtgDiscoveryVibeWorkspace/IMPLS/src/Lib.Universal.Tests/Lib.Universal.Tests.csproj" (7:8) on node 5 (default targets).
     7>GenerateTargetFrameworkMonikerAttribute:
       Skipping target "GenerateTargetFrameworkMonikerAttribute" because all output files are up-to-date with respect to the input files.
   1:2>Project "/mnt/d/src/MtgDiscoveryVibeWorkspace/IMPLS/src/MtgDiscoveryVibe.sln" (1:2) is building "/mnt/d/src/MtgDiscoveryVibeWorkspace/IMPLS/src/TestConvenience.Core/TestConvenience.Core.csproj" (9:13) on node 12 (default targets).
     9>GenerateTargetFrameworkMonikerAttribute:
       Skipping target "GenerateTargetFrameworkMonikerAttribute" because all output files are up-to-date with respect to the input files.
   1:2>Project "/mnt/d/src/MtgDiscoveryVibeWorkspace/IMPLS/src/MtgDiscoveryVibe.sln" (1:2) is building "/mnt/d/src/MtgDiscoveryVibeWorkspace/IMPLS/src/Lib.Scryfall.Shared/Lib.Scryfall.Shared.csproj" (10:9) on node 3 (default targets).
    10>GenerateTargetFrameworkMonikerAttribute:
       Skipping target "GenerateTargetFrameworkMonikerAttribute" because all output files are up-to-date with respect to the input files.
     6>CoreGenerateAssemblyInfo:
         Could not infer the type of parameter "#1" because the attribute type is unknown. The value will be treated as a string.
    18>CoreGenerateAssemblyInfo:
         Could not infer the type of parameter "#1" because the attribute type is unknown. The value will be treated as a string.
         Could not infer the type of parameter "#1" because the attribute type is unknown. The value will be treated as a string.
   1:2>Project "/mnt/d/src/MtgDiscoveryVibeWorkspace/IMPLS/src/MtgDiscoveryVibe.sln" (1:2) is building "/mnt/d/src/MtgDiscoveryVibeWorkspace/IMPLS/src/Lib.Cosmos/Lib.Cosmos.csproj" (14:16) on node 9 (default targets).
    14>GenerateTargetFrameworkMonikerAttribute:
       Skipping target "GenerateTargetFrameworkMonikerAttribute" because all output files are up-to-date with respect to the input files.
    10>CoreGenerateAssemblyInfo:
         Could not infer the type of parameter "#1" because the attribute type is unknown. The value will be treated as a string.
         Could not infer the type of parameter "#1" because the attribute type is unknown. The value will be treated as a string.
       _GenerateSourceLinkFile:
         Updating Source Link file 'obj/Release/net9.0/Lib.Scryfall.Shared.sourcelink.json'.
     6>_GenerateSourceLinkFile:
         Updating Source Link file 'obj/Release/net9.0/Example.Core.sourcelink.json'.
    18>_GenerateSourceLinkFile:
         Updating Source Link file 'obj/Release/net9.0/Lib.Shared.Abstractions.sourcelink.json'.
    14>CoreGenerateAssemblyInfo:
         Could not infer the type of parameter "#1" because the attribute type is unknown. The value will be treated as a string.
         Could not infer the type of parameter "#1" because the attribute type is unknown. The value will be treated as a string.
     6>CoreCompile:
         /usr/share/dotnet/dotnet exec "/usr/share/dotnet/sdk/9.0.203/Roslyn/bincore/csc.dll" /noconfig /unsafe- /checked- /nowarn:IDE0290,IDE2001,IDE0005,IDE0046,CA1716,CA1040,CA1056,CA1848,CA1515,IDE0058,1701,1702 /fullpaths /nostdlib+ /errorreport:prompt /warn:9 /define:TRACE;RELEASE;NET;NET9_0;NETCOREAPP;NET5_0_OR_GREATER;NET6_0_OR_GREATER;NET7_0_OR_GREATER;NET8_0_OR_GREATER;NET9_0_OR_GREATER;NETCOREAPP1_0_OR_GREATER;NETCOREAPP1_1_OR_GREATER;NETCOREAPP2_0_OR_GREATER;NETCOREAPP2_1_OR_GREATER;NETCOREAPP2_2_OR_GREATER;NETCOREAPP3_0_OR_GREATER;NETCOREAPP3_1_OR_GREATER /highentropyva+ /nullable:warnings /reference:/mnt/d/src/MtgDiscoveryVibeWorkspace/IMPLS/src/Lib.Universal/obj/Release/net9.0/ref/Lib.Universal.dll /reference:/usr/share/dotnet/packs/Microsoft.NETCore.App.Ref/9.0.4/ref/net9.0/Microsoft.CSharp.dll /reference:/home/quinngil/.nuget/packages/microsoft.extensions.caching.abstractions/9.0.0/lib/net9.0/Microsoft.Extensions.Caching.Abstractions.dll /reference:/home/quinngil/.nuget/packages/microsoft.extensions.caching.memory/9.0.0/lib/net9.0/Microsoft.Extensions.Caching.Memory.dll /reference:/home/quinngil/.nuget/packages/microsoft.extensions.configuration.abstractions/9.0.5/lib/net9.0/Microsoft.Extensions.Configuration.Abstractions.dll /reference:/home/quinngil/.nuget/packages/microsoft.extensions.configuration.binder/9.0.0/lib/net9.0/Microsoft.Extensions.Configuration.Binder.dll /reference:/home/quinngil/.nuget/packages/microsoft.extensions.configuration.commandline/9.0.0/lib/net9.0/Microsoft.Extensions.Configuration.CommandLine.dll /reference:/home/quinngil/.nuget/packages/microsoft.extensions.configuration/9.0.0/lib/net9.0/Microsoft.Extensions.Configuration.dll /reference:/home/quinngil/.nuget/packages/microsoft.extensions.configuration.environmentvariables/9.0.0/lib/net9.0/Microsoft.Extensions.Configuration.EnvironmentVariables.dll /reference:/home/quinngil/.nuget/packages/microsoft.extensions.configuration.fileextensions/9.0.0/lib/net9.0/Microsoft.Extensions.Configuration.FileExtensions.dll /reference:/home/quinngil/.nuget/packages/microsoft.extensions.configuration.json/9.0.0/lib/net9.0/Microsoft.Extensions.Configuration.Json.dll /reference:/home/quinngil/.nuget/packages/microsoft.extensions.configuration.usersecrets/9.0.0/lib/net9.0/Microsoft.Extensions.Configuration.UserSecrets.dll /reference:/home/quinngil/.nuget/packages/microsoft.extensions.dependencyinjection.abstractions/9.0.0/lib/net9.0/Microsoft.Extensions.DependencyInjection.Abstractions.dll /reference:/home/quinngil/.nuget/packages/microsoft.extensions.dependencyinjection/9.0.0/lib/net9.0/Microsoft.Extensions.DependencyInjection.dll /reference:/home/quinngil/.nuget/packages/microsoft.extensions.diagnostics.abstractions/9.0.0/lib/net9.0/Microsoft.Extensions.Diagnostics.Abstractions.dll /reference:/home/quinngil/.nuget/packages/microsoft.extensions.diagnostics/9.0.0/lib/net9.0/Microsoft.Extensions.Diagnostics.dll /reference:/home/quinngil/.nuget/packages/microsoft.extensions.fileproviders.abstractions/9.0.0/lib/net9.0/Microsoft.Extensions.FileProviders.Abstractions.dll /reference:/home/quinngil/.nuget/packages/microsoft.extensions.fileproviders.physical/9.0.0/lib/net9.0/Microsoft.Extensions.FileProviders.Physical.dll /reference:/home/quinngil/.nuget/packages/microsoft.extensions.filesystemglobbing/9.0.0/lib/net9.0/Microsoft.Extensions.FileSystemGlobbing.dll /reference:/home/quinngil/.nuget/packages/microsoft.extensions.hosting.abstractions/9.0.0/lib/net9.0/Microsoft.Extensions.Hosting.Abstractions.dll /reference:/home/quinngil/.nuget/packages/microsoft.extensions.hosting/9.0.0/lib/net9.0/Microsoft.Extensions.Hosting.dll /reference:/home/quinngil/.nuget/packages/microsoft.extensions.logging.abstractions/9.0.0/lib/net9.0/Microsoft.Extensions.Logging.Abstractions.dll /reference:/home/quinngil/.nuget/packages/microsoft.extensions.logging.configuration/9.0.0/lib/net9.0/Microsoft.Extensions.Logging.Configuration.dll /reference:/home/quinngil/.nuget/packages/microsoft.extensions.logging.console/9.0.0/lib/net9.0/Microsoft.Extensions.Logging.Console.dll /reference:/home/quinngil/.nuget/packages/microsoft.extensions.logging.debug/9.0.0/lib/net9.0/Microsoft.Extensions.Logging.Debug.dll /reference:/home/quinngil/.nuget/packages/microsoft.extensions.logging/9.0.0/lib/net9.0/Microsoft.Extensions.Logging.dll /reference:/home/quinngil/.nuget/packages/microsoft.extensions.logging.eventlog/9.0.0/lib/net9.0/Microsoft.Extensions.Logging.EventLog.dll /reference:/home/quinngil/.nuget/packages/microsoft.extensions.logging.eventsource/9.0.0/lib/net9.0/Microsoft.Extensions.Logging.EventSource.dll /reference:/home/quinngil/.nuget/packages/microsoft.extensions.options.configurationextensions/9.0.0/lib/net9.0/Microsoft.Extensions.Options.ConfigurationExtensions.dll /reference:/home/quinngil/.nuget/packages/microsoft.extensions.options/9.0.0/lib/net9.0/Microsoft.Extensions.Options.dll /reference:/home/quinngil/.nuget/packages/microsoft.extensions.primitives/9.0.5/lib/net9.0/Microsoft.Extensions.Primitives.dll /reference:/home/quinngil/.nuget/packages/microsoft.identitymodel.abstractions/8.0.1/lib/net9.0/Microsoft.IdentityModel.Abstractions.dll /reference:/home/quinngil/.nuget/packages/microsoft.identitymodel.jsonwebtokens/8.0.1/lib/net9.0/Microsoft.IdentityModel.JsonWebTokens.dll /reference:/home/quinngil/.nuget/packages/microsoft.identitymodel.logging/8.0.1/lib/net9.0/Microsoft.IdentityModel.Logging.dll /reference:/home/quinngil/.nuget/packages/microsoft.identitymodel.tokens/8.0.1/lib/net9.0/Microsoft.IdentityModel.Tokens.dll /reference:/usr/share/dotnet/packs/Microsoft.NETCore.App.Ref/9.0.4/ref/net9.0/Microsoft.VisualBasic.Core.dll /reference:/usr/share/dotnet/packs/Microsoft.NETCore.App.Ref/9.0.4/ref/net9.0/Microsoft.VisualBasic.dll /reference:/usr/share/dotnet/packs/Microsoft.NETCore.App.Ref/9.0.4/ref/net9.0/Microsoft.Win32.Primitives.dll /reference:/usr/share/dotnet/packs/Microsoft.NETCore.App.Ref/9.0.4/ref/net9.0/Microsoft.Win32.Registry.dll /reference:/usr/share/dotnet/packs/Microsoft.NETCore.App.Ref/9.0.4/ref/net9.0/mscorlib.dll /reference:/usr/share/dotnet/packs/Microsoft.NETCore.App.Ref/9.0.4/ref/net9.0/netstandard.dll /reference:/home/quinngil/.nuget/packages/newtonsoft.json/13.0.3/lib/net6.0/Newtonsoft.Json.dll /reference:/usr/share/dotnet/packs/Microsoft.NETCore.App.Ref/9.0.4/ref/net9.0/System.AppContext.dll /reference:/usr/share/dotnet/packs/Microsoft.NETCore.App.Ref/9.0.4/ref/net9.0/System.Buffers.dll /reference:/usr/share/dotnet/packs/Microsoft.NETCore.App.Ref/9.0.4/ref/net9.0/System.Collections.Concurrent.dll /reference:/usr/share/dotnet/packs/Microsoft.NETCore.App.Ref/9.0.4/ref/net9.0/System.Collections.dll /reference:/usr/share/dotnet/packs/Microsoft.NETCore.App.Ref/9.0.4/ref/net9.0/System.Collections.Immutable.dll /reference:/usr/share/dotnet/packs/Microsoft.NETCore.App.Ref/9.0.4/ref/net9.0/System.Collections.NonGeneric.dll /reference:/usr/share/dotnet/packs/Microsoft.NETCore.App.Ref/9.0.4/ref/net9.0/System.Collections.Specialized.dll /reference:/usr/share/dotnet/packs/Microsoft.NETCore.App.Ref/9.0.4/ref/net9.0/System.ComponentModel.Annotations.dll /reference:/usr/share/dotnet/packs/Microsoft.NETCore.App.Ref/9.0.4/ref/net9.0/System.ComponentModel.DataAnnotations.dll /reference:/usr/share/dotnet/packs/Microsoft.NETCore.App.Ref/9.0.4/ref/net9.0/System.ComponentModel.dll /reference:/usr/share/dotnet/packs/Microsoft.NETCore.App.Ref/9.0.4/ref/net9.0/System.ComponentModel.EventBasedAsync.dll /reference:/usr/share/dotnet/packs/Microsoft.NETCore.App.Ref/9.0.4/ref/net9.0/System.ComponentModel.Primitives.dll /reference:/usr/share/dotnet/packs/Microsoft.NETCore.App.Ref/9.0.4/ref/net9.0/System.ComponentModel.TypeConverter.dll /reference:/usr/share/dotnet/packs/Microsoft.NETCore.App.Ref/9.0.4/ref/net9.0/System.Configuration.dll /reference:/usr/share/dotnet/packs/Microsoft.NETCore.App.Ref/9.0.4/ref/net9.0/System.Console.dll /reference:/usr/share/dotnet/packs/Microsoft.NETCore.App.Ref/9.0.4/ref/net9.0/System.Core.dll /reference:/usr/share/dotnet/packs/Microsoft.NETCore.App.Ref/9.0.4/ref/net9.0/System.Data.Common.dll /reference:/usr/share/dotnet/packs/Microsoft.NETCore.App.Ref/9.0.4/ref/net9.0/System.Data.DataSetExtensions.dll /reference:/usr/share/dotnet/packs/Microsoft.NETCore.App.Ref/9.0.4/ref/net9.0/System.Data.dll /reference:/usr/share/dotnet/packs/Microsoft.NETCore.App.Ref/9.0.4/ref/net9.0/System.Diagnostics.Contracts.dll /reference:/usr/share/dotnet/packs/Microsoft.NETCore.App.Ref/9.0.4/ref/net9.0/System.Diagnostics.Debug.dll /reference:/usr/share/dotnet/packs/Microsoft.NETCore.App.Ref/9.0.4/ref/net9.0/System.Diagnostics.DiagnosticSource.dll /reference:/home/quinngil/.nuget/packages/system.diagnostics.eventlog/9.0.0/lib/net9.0/System.Diagnostics.EventLog.dll /reference:/usr/share/dotnet/packs/Microsoft.NETCore.App.Ref/9.0.4/ref/net9.0/System.Diagnostics.FileVersionInfo.dll /reference:/usr/share/dotnet/packs/Microsoft.NETCore.App.Ref/9.0.4/ref/net9.0/System.Diagnostics.Process.dll /reference:/usr/share/dotnet/packs/Microsoft.NETCore.App.Ref/9.0.4/ref/net9.0/System.Diagnostics.StackTrace.dll /reference:/usr/share/dotnet/packs/Microsoft.NETCore.App.Ref/9.0.4/ref/net9.0/System.Diagnostics.TextWriterTraceListener.dll /reference:/usr/share/dotnet/packs/Microsoft.NETCore.App.Ref/9.0.4/ref/net9.0/System.Diagnostics.Tools.dll /reference:/usr/share/dotnet/packs/Microsoft.NETCore.App.Ref/9.0.4/ref/net9.0/System.Diagnostics.TraceSource.dll /reference:/usr/share/dotnet/packs/Microsoft.NETCore.App.Ref/9.0.4/ref/net9.0/System.Diagnostics.Tracing.dll /reference:/usr/share/dotnet/packs/Microsoft.NETCore.App.Ref/9.0.4/ref/net9.0/System.dll /reference:/usr/share/dotnet/packs/Microsoft.NETCore.App.Ref/9.0.4/ref/net9.0/System.Drawing.dll /reference:/usr/share/dotnet/packs/Microsoft.NETCore.App.Ref/9.0.4/ref/net9.0/System.Drawing.Primitives.dll /reference:/usr/share/dotnet/packs/Microsoft.NETCore.App.Ref/9.0.4/ref/net9.0/System.Dynamic.Runtime.dll /reference:/usr/share/dotnet/packs/Microsoft.NETCore.App.Ref/9.0.4/ref/net9.0/System.Formats.Asn1.dll /reference:/usr/share/dotnet/packs/Microsoft.NETCore.App.Ref/9.0.4/ref/net9.0/System.Formats.Tar.dll /reference:/usr/share/dotnet/packs/Microsoft.NETCore.App.Ref/9.0.4/ref/net9.0/System.Globalization.Calendars.dll /reference:/usr/share/dotnet/packs/Microsoft.NETCore.App.Ref/9.0.4/ref/net9.0/System.Globalization.dll /reference:/usr/share/dotnet/packs/Microsoft.NETCore.App.Ref/9.0.4/ref/net9.0/System.Globalization.Extensions.dll /reference:/home/quinngil/.nuget/packages/system.identitymodel.tokens.jwt/8.0.1/lib/net9.0/System.IdentityModel.Tokens.Jwt.dll /reference:/usr/share/dotnet/packs/Microsoft.NETCore.App.Ref/9.0.4/ref/net9.0/System.IO.Compression.Brotli.dll /reference:/usr/share/dotnet/packs/Microsoft.NETCore.App.Ref/9.0.4/ref/net9.0/System.IO.Compression.dll /reference:/usr/share/dotnet/packs/Microsoft.NETCore.App.Ref/9.0.4/ref/net9.0/System.IO.Compression.FileSystem.dll /reference:/usr/share/dotnet/packs/Microsoft.NETCore.App.Ref/9.0.4/ref/net9.0/System.IO.Compression.ZipFile.dll /reference:/usr/share/dotnet/packs/Microsoft.NETCore.App.Ref/9.0.4/ref/net9.0/System.IO.dll /reference:/usr/share/dotnet/packs/Microsoft.NETCore.App.Ref/9.0.4/ref/net9.0/System.IO.FileSystem.AccessControl.dll /reference:/usr/share/dotnet/packs/Microsoft.NETCore.App.Ref/9.0.4/ref/net9.0/System.IO.FileSystem.dll /reference:/usr/share/dotnet/packs/Microsoft.NETCore.App.Ref/9.0.4/ref/net9.0/System.IO.FileSystem.DriveInfo.dll /reference:/usr/share/dotnet/packs/Microsoft.NETCore.App.Ref/9.0.4/ref/net9.0/System.IO.FileSystem.Primitives.dll /reference:/usr/share/dotnet/packs/Microsoft.NETCore.App.Ref/9.0.4/ref/net9.0/System.IO.FileSystem.Watcher.dll /reference:/usr/share/dotnet/packs/Microsoft.NETCore.App.Ref/9.0.4/ref/net9.0/System.IO.IsolatedStorage.dll /reference:/usr/share/dotnet/packs/Microsoft.NETCore.App.Ref/9.0.4/ref/net9.0/System.IO.MemoryMappedFiles.dll /reference:/usr/share/dotnet/packs/Microsoft.NETCore.App.Ref/9.0.4/ref/net9.0/System.IO.Pipelines.dll /reference:/usr/share/dotnet/packs/Microsoft.NETCore.App.Ref/9.0.4/ref/net9.0/System.IO.Pipes.AccessControl.dll /reference:/usr/share/dotnet/packs/Microsoft.NETCore.App.Ref/9.0.4/ref/net9.0/System.IO.Pipes.dll /reference:/usr/share/dotnet/packs/Microsoft.NETCore.App.Ref/9.0.4/ref/net9.0/System.IO.UnmanagedMemoryStream.dll /reference:/usr/share/dotnet/packs/Microsoft.NETCore.App.Ref/9.0.4/ref/net9.0/System.Linq.dll /reference:/usr/share/dotnet/packs/Microsoft.NETCore.App.Ref/9.0.4/ref/net9.0/System.Linq.Expressions.dll /reference:/usr/share/dotnet/packs/Microsoft.NETCore.App.Ref/9.0.4/ref/net9.0/System.Linq.Parallel.dll /reference:/usr/share/dotnet/packs/Microsoft.NETCore.App.Ref/9.0.4/ref/net9.0/System.Linq.Queryable.dll /reference:/usr/share/dotnet/packs/Microsoft.NETCore.App.Ref/9.0.4/ref/net9.0/System.Memory.dll /reference:/usr/share/dotnet/packs/Microsoft.NETCore.App.Ref/9.0.4/ref/net9.0/System.Net.dll /reference:/usr/share/dotnet/packs/Microsoft.NETCore.App.Ref/9.0.4/ref/net9.0/System.Net.Http.dll /reference:/usr/share/dotnet/packs/Microsoft.NETCore.App.Ref/9.0.4/ref/net9.0/System.Net.Http.Json.dll /reference:/usr/share/dotnet/packs/Microsoft.NETCore.App.Ref/9.0.4/ref/net9.0/System.Net.HttpListener.dll /reference:/usr/share/dotnet/packs/Microsoft.NETCore.App.Ref/9.0.4/ref/net9.0/System.Net.Mail.dll /reference:/usr/share/dotnet/packs/Microsoft.NETCore.App.Ref/9.0.4/ref/net9.0/System.Net.NameResolution.dll /reference:/usr/share/dotnet/packs/Microsoft.NETCore.App.Ref/9.0.4/ref/net9.0/System.Net.NetworkInformation.dll /reference:/usr/share/dotnet/packs/Microsoft.NETCore.App.Ref/9.0.4/ref/net9.0/System.Net.Ping.dll /reference:/usr/share/dotnet/packs/Microsoft.NETCore.App.Ref/9.0.4/ref/net9.0/System.Net.Primitives.dll /reference:/usr/share/dotnet/packs/Microsoft.NETCore.App.Ref/9.0.4/ref/net9.0/System.Net.Quic.dll /reference:/usr/share/dotnet/packs/Microsoft.NETCore.App.Ref/9.0.4/ref/net9.0/System.Net.Requests.dll /reference:/usr/share/dotnet/packs/Microsoft.NETCore.App.Ref/9.0.4/ref/net9.0/System.Net.Security.dll /reference:/usr/share/dotnet/packs/Microsoft.NETCore.App.Ref/9.0.4/ref/net9.0/System.Net.ServicePoint.dll /reference:/usr/share/dotnet/packs/Microsoft.NETCore.App.Ref/9.0.4/ref/net9.0/System.Net.Sockets.dll /reference:/usr/share/dotnet/packs/Microsoft.NETCore.App.Ref/9.0.4/ref/net9.0/System.Net.WebClient.dll /reference:/usr/share/dotnet/packs/Microsoft.NETCore.App.Ref/9.0.4/ref/net9.0/System.Net.WebHeaderCollection.dll /reference:/usr/share/dotnet/packs/Microsoft.NETCore.App.Ref/9.0.4/ref/net9.0/System.Net.WebProxy.dll /reference:/usr/share/dotnet/packs/Microsoft.NETCore.App.Ref/9.0.4/ref/net9.0/System.Net.WebSockets.Client.dll /reference:/usr/share/dotnet/packs/Microsoft.NETCore.App.Ref/9.0.4/ref/net9.0/System.Net.WebSockets.dll /reference:/usr/share/dotnet/packs/Microsoft.NETCore.App.Ref/9.0.4/ref/net9.0/System.Numerics.dll /reference:/usr/share/dotnet/packs/Microsoft.NETCore.App.Ref/9.0.4/ref/net9.0/System.Numerics.Vectors.dll /reference:/usr/share/dotnet/packs/Microsoft.NETCore.App.Ref/9.0.4/ref/net9.0/System.ObjectModel.dll /reference:/usr/share/dotnet/packs/Microsoft.NETCore.App.Ref/9.0.4/ref/net9.0/System.Reflection.DispatchProxy.dll /reference:/usr/share/dotnet/packs/Microsoft.NETCore.App.Ref/9.0.4/ref/net9.0/System.Reflection.dll /reference:/usr/share/dotnet/packs/Microsoft.NETCore.App.Ref/9.0.4/ref/net9.0/System.Reflection.Emit.dll /reference:/usr/share/dotnet/packs/Microsoft.NETCore.App.Ref/9.0.4/ref/net9.0/System.Reflection.Emit.ILGeneration.dll /reference:/usr/share/dotnet/packs/Microsoft.NETCore.App.Ref/9.0.4/ref/net9.0/System.Reflection.Emit.Lightweight.dll /reference:/usr/share/dotnet/packs/Microsoft.NETCore.App.Ref/9.0.4/ref/net9.0/System.Reflection.Extensions.dll /reference:/usr/share/dotnet/packs/Microsoft.NETCore.App.Ref/9.0.4/ref/net9.0/System.Reflection.Metadata.dll /reference:/usr/share/dotnet/packs/Microsoft.NETCore.App.Ref/9.0.4/ref/net9.0/System.Reflection.Primitives.dll /reference:/usr/share/dotnet/packs/Microsoft.NETCore.App.Ref/9.0.4/ref/net9.0/System.Reflection.TypeExtensions.dll /reference:/usr/share/dotnet/packs/Microsoft.NETCore.App.Ref/9.0.4/ref/net9.0/System.Resources.Reader.dll /reference:/usr/share/dotnet/packs/Microsoft.NETCore.App.Ref/9.0.4/ref/net9.0/System.Resources.ResourceManager.dll /reference:/usr/share/dotnet/packs/Microsoft.NETCore.App.Ref/9.0.4/ref/net9.0/System.Resources.Writer.dll /reference:/usr/share/dotnet/packs/Microsoft.NETCore.App.Ref/9.0.4/ref/net9.0/System.Runtime.CompilerServices.Unsafe.dll /reference:/usr/share/dotnet/packs/Microsoft.NETCore.App.Ref/9.0.4/ref/net9.0/System.Runtime.CompilerServices.VisualC.dll /reference:/usr/share/dotnet/packs/Microsoft.NETCore.App.Ref/9.0.4/ref/net9.0/System.Runtime.dll /reference:/usr/share/dotnet/packs/Microsoft.NETCore.App.Ref/9.0.4/ref/net9.0/System.Runtime.Extensions.dll /reference:/usr/share/dotnet/packs/Microsoft.NETCore.App.Ref/9.0.4/ref/net9.0/System.Runtime.Handles.dll /reference:/usr/share/dotnet/packs/Microsoft.NETCore.App.Ref/9.0.4/ref/net9.0/System.Runtime.InteropServices.dll /reference:/usr/share/dotnet/packs/Microsoft.NETCore.App.Ref/9.0.4/ref/net9.0/System.Runtime.InteropServices.JavaScript.dll /reference:/usr/share/dotnet/packs/Microsoft.NETCore.App.Ref/9.0.4/ref/net9.0/System.Runtime.InteropServices.RuntimeInformation.dll /reference:/usr/share/dotnet/packs/Microsoft.NETCore.App.Ref/9.0.4/ref/net9.0/System.Runtime.Intrinsics.dll /reference:/usr/share/dotnet/packs/Microsoft.NETCore.App.Ref/9.0.4/ref/net9.0/System.Runtime.Loader.dll /reference:/usr/share/dotnet/packs/Microsoft.NETCore.App.Ref/9.0.4/ref/net9.0/System.Runtime.Numerics.dll /reference:/usr/share/dotnet/packs/Microsoft.NETCore.App.Ref/9.0.4/ref/net9.0/System.Runtime.Serialization.dll /reference:/usr/share/dotnet/packs/Microsoft.NETCore.App.Ref/9.0.4/ref/net9.0/System.Runtime.Serialization.Formatters.dll /reference:/usr/share/dotnet/packs/Microsoft.NETCore.App.Ref/9.0.4/ref/net9.0/System.Runtime.Serialization.Json.dll /reference:/usr/share/dotnet/packs/Microsoft.NETCore.App.Ref/9.0.4/ref/net9.0/System.Runtime.Serialization.Primitives.dll /reference:/usr/share/dotnet/packs/Microsoft.NETCore.App.Ref/9.0.4/ref/net9.0/System.Runtime.Serialization.Xml.dll /reference:/usr/share/dotnet/packs/Microsoft.NETCore.App.Ref/9.0.4/ref/net9.0/System.Security.AccessControl.dll /reference:/usr/share/dotnet/packs/Microsoft.NETCore.App.Ref/9.0.4/ref/net9.0/System.Security.Claims.dll /reference:/usr/share/dotnet/packs/Microsoft.NETCore.App.Ref/9.0.4/ref/net9.0/System.Security.Cryptography.Algorithms.dll /reference:/usr/share/dotnet/packs/Microsoft.NETCore.App.Ref/9.0.4/ref/net9.0/System.Security.Cryptography.Cng.dll /reference:/usr/share/dotnet/packs/Microsoft.NETCore.App.Ref/9.0.4/ref/net9.0/System.Security.Cryptography.Csp.dll /reference:/usr/share/dotnet/packs/Microsoft.NETCore.App.Ref/9.0.4/ref/net9.0/System.Security.Cryptography.dll /reference:/usr/share/dotnet/packs/Microsoft.NETCore.App.Ref/9.0.4/ref/net9.0/System.Security.Cryptography.Encoding.dll /reference:/usr/share/dotnet/packs/Microsoft.NETCore.App.Ref/9.0.4/ref/net9.0/System.Security.Cryptography.OpenSsl.dll /reference:/usr/share/dotnet/packs/Microsoft.NETCore.App.Ref/9.0.4/ref/net9.0/System.Security.Cryptography.Primitives.dll /reference:/usr/share/dotnet/packs/Microsoft.NETCore.App.Ref/9.0.4/ref/net9.0/System.Security.Cryptography.X509Certificates.dll /reference:/usr/share/dotnet/packs/Microsoft.NETCore.App.Ref/9.0.4/ref/net9.0/System.Security.dll /reference:/usr/share/dotnet/packs/Microsoft.NETCore.App.Ref/9.0.4/ref/net9.0/System.Security.Principal.dll /reference:/usr/share/dotnet/packs/Microsoft.NETCore.App.Ref/9.0.4/ref/net9.0/System.Security.Principal.Windows.dll /reference:/usr/share/dotnet/packs/Microsoft.NETCore.App.Ref/9.0.4/ref/net9.0/System.Security.SecureString.dll /reference:/usr/share/dotnet/packs/Microsoft.NETCore.App.Ref/9.0.4/ref/net9.0/System.ServiceModel.Web.dll /reference:/usr/share/dotnet/packs/Microsoft.NETCore.App.Ref/9.0.4/ref/net9.0/System.ServiceProcess.dll /reference:/usr/share/dotnet/packs/Microsoft.NETCore.App.Ref/9.0.4/ref/net9.0/System.Text.Encoding.CodePages.dll /reference:/usr/share/dotnet/packs/Microsoft.NETCore.App.Ref/9.0.4/ref/net9.0/System.Text.Encoding.dll /reference:/usr/share/dotnet/packs/Microsoft.NETCore.App.Ref/9.0.4/ref/net9.0/System.Text.Encoding.Extensions.dll /reference:/usr/share/dotnet/packs/Microsoft.NETCore.App.Ref/9.0.4/ref/net9.0/System.Text.Encodings.Web.dll /reference:/home/quinngil/.nuget/packages/system.text.json/9.0.8/lib/net9.0/System.Text.Json.dll /reference:/usr/share/dotnet/packs/Microsoft.NETCore.App.Ref/9.0.4/ref/net9.0/System.Text.RegularExpressions.dll /reference:/usr/share/dotnet/packs/Microsoft.NETCore.App.Ref/9.0.4/ref/net9.0/System.Threading.Channels.dll /reference:/usr/share/dotnet/packs/Microsoft.NETCore.App.Ref/9.0.4/ref/net9.0/System.Threading.dll /reference:/usr/share/dotnet/packs/Microsoft.NETCore.App.Ref/9.0.4/ref/net9.0/System.Threading.Overlapped.dll /reference:/usr/share/dotnet/packs/Microsoft.NETCore.App.Ref/9.0.4/ref/net9.0/System.Threading.Tasks.Dataflow.dll /reference:/usr/share/dotnet/packs/Microsoft.NETCore.App.Ref/9.0.4/ref/net9.0/System.Threading.Tasks.dll /reference:/usr/share/dotnet/packs/Microsoft.NETCore.App.Ref/9.0.4/ref/net9.0/System.Threading.Tasks.Extensions.dll /reference:/usr/share/dotnet/packs/Microsoft.NETCore.App.Ref/9.0.4/ref/net9.0/System.Threading.Tasks.Parallel.dll /reference:/usr/share/dotnet/packs/Microsoft.NETCore.App.Ref/9.0.4/ref/net9.0/System.Threading.Thread.dll /reference:/usr/share/dotnet/packs/Microsoft.NETCore.App.Ref/9.0.4/ref/net9.0/System.Threading.ThreadPool.dll /reference:/usr/share/dotnet/packs/Microsoft.NETCore.App.Ref/9.0.4/ref/net9.0/System.Threading.Timer.dll /reference:/usr/share/dotnet/packs/Microsoft.NETCore.App.Ref/9.0.4/ref/net9.0/System.Transactions.dll /reference:/usr/share/dotnet/packs/Microsoft.NETCore.App.Ref/9.0.4/ref/net9.0/System.Transactions.Local.dll /reference:/usr/share/dotnet/packs/Microsoft.NETCore.App.Ref/9.0.4/ref/net9.0/System.ValueTuple.dll /reference:/usr/share/dotnet/packs/Microsoft.NETCore.App.Ref/9.0.4/ref/net9.0/System.Web.dll /reference:/usr/share/dotnet/packs/Microsoft.NETCore.App.Ref/9.0.4/ref/net9.0/System.Web.HttpUtility.dll /reference:/usr/share/dotnet/packs/Microsoft.NETCore.App.Ref/9.0.4/ref/net9.0/System.Windows.dll /reference:/usr/share/dotnet/packs/Microsoft.NETCore.App.Ref/9.0.4/ref/net9.0/System.Xml.dll /reference:/usr/share/dotnet/packs/Microsoft.NETCore.App.Ref/9.0.4/ref/net9.0/System.Xml.Linq.dll /reference:/usr/share/dotnet/packs/Microsoft.NETCore.App.Ref/9.0.4/ref/net9.0/System.Xml.ReaderWriter.dll /reference:/usr/share/dotnet/packs/Microsoft.NETCore.App.Ref/9.0.4/ref/net9.0/System.Xml.Serialization.dll /reference:/usr/share/dotnet/packs/Microsoft.NETCore.App.Ref/9.0.4/ref/net9.0/System.Xml.XDocument.dll /reference:/usr/share/dotnet/packs/Microsoft.NETCore.App.Ref/9.0.4/ref/net9.0/System.Xml.XmlDocument.dll /reference:/usr/share/dotnet/packs/Microsoft.NETCore.App.Ref/9.0.4/ref/net9.0/System.Xml.XmlSerializer.dll /reference:/usr/share/dotnet/packs/Microsoft.NETCore.App.Ref/9.0.4/ref/net9.0/System.Xml.XPath.dll /reference:/usr/share/dotnet/packs/Microsoft.NETCore.App.Ref/9.0.4/ref/net9.0/System.Xml.XPath.XDocument.dll /reference:/usr/share/dotnet/packs/Microsoft.NETCore.App.Ref/9.0.4/ref/net9.0/WindowsBase.dll /debug- /debug:portable /filealign:512 /optimize+ /out:obj/Release/net9.0/Example.Core.dll /refout:obj/Release/net9.0/refint/Example.Core.dll /reportanalyzer /target:library /warnaserror+ /utf8output /deterministic+ /sourcelink:obj/Release/net9.0/Example.Core.sourcelink.json /langversion:latest /features:strict /embed:"obj/Release/net9.0/.NETCoreApp,Version=v9.0.AssemblyAttributes.cs" /embed:obj/Release/net9.0/Example.Core.AssemblyInfo.cs /analyzerconfig:/mnt/d/src/MtgDiscoveryVibeWorkspace/IMPLS/src/.editorconfig /analyzerconfig:obj/Release/net9.0/Example.Core.GeneratedMSBuildEditorConfig.editorconfig /analyzerconfig:/usr/share/dotnet/sdk/9.0.203/Sdks/Microsoft.NET.Sdk/analyzers/build/config/analysislevel_9_all_warnaserror.globalconfig /analyzer:/usr/share/dotnet/sdk/9.0.203/Sdks/Microsoft.NET.Sdk/targets/../analyzers/Microsoft.CodeAnalysis.CSharp.NetAnalyzers.dll /analyzer:/usr/share/dotnet/sdk/9.0.203/Sdks/Microsoft.NET.Sdk/targets/../analyzers/Microsoft.CodeAnalysis.NetAnalyzers.dll /analyzer:/usr/share/dotnet/sdk/9.0.203/Sdks/Microsoft.NET.Sdk/targets/../codestyle/cs/Microsoft.CodeAnalysis.CodeStyle.dll /analyzer:/usr/share/dotnet/sdk/9.0.203/Sdks/Microsoft.NET.Sdk/targets/../codestyle/cs/Microsoft.CodeAnalysis.CodeStyle.Fixes.dll /analyzer:/usr/share/dotnet/sdk/9.0.203/Sdks/Microsoft.NET.Sdk/targets/../codestyle/cs/Microsoft.CodeAnalysis.CSharp.CodeStyle.dll /analyzer:/usr/share/dotnet/sdk/9.0.203/Sdks/Microsoft.NET.Sdk/targets/../codestyle/cs/Microsoft.CodeAnalysis.CSharp.CodeStyle.Fixes.dll /analyzer:/home/quinngil/.nuget/packages/microsoft.codeanalysis.bannedapianalyzers/4.14.0/analyzers/dotnet/cs/Microsoft.CodeAnalysis.BannedApiAnalyzers.dll /analyzer:/home/quinngil/.nuget/packages/microsoft.codeanalysis.bannedapianalyzers/4.14.0/analyzers/dotnet/cs/Microsoft.CodeAnalysis.CSharp.BannedApiAnalyzers.dll /analyzer:/home/quinngil/.nuget/packages/microsoft.extensions.logging.abstractions/9.0.0/analyzers/dotnet/roslyn4.4/cs/Microsoft.Extensions.Logging.Generators.dll /analyzer:/home/quinngil/.nuget/packages/microsoft.extensions.options/9.0.0/analyzers/dotnet/roslyn4.4/cs/Microsoft.Extensions.Options.SourceGeneration.dll /analyzer:/home/quinngil/.nuget/packages/system.text.json/9.0.8/analyzers/dotnet/roslyn4.4/cs/System.Text.Json.SourceGeneration.dll /analyzer:/usr/share/dotnet/packs/Microsoft.NETCore.App.Ref/9.0.4/analyzers/dotnet/cs/Microsoft.Interop.ComInterfaceGenerator.dll /analyzer:/usr/share/dotnet/packs/Microsoft.NETCore.App.Ref/9.0.4/analyzers/dotnet/cs/Microsoft.Interop.JavaScript.JSImportGenerator.dll /analyzer:/usr/share/dotnet/packs/Microsoft.NETCore.App.Ref/9.0.4/analyzers/dotnet/cs/Microsoft.Interop.LibraryImportGenerator.dll /analyzer:/usr/share/dotnet/packs/Microsoft.NETCore.App.Ref/9.0.4/analyzers/dotnet/cs/Microsoft.Interop.SourceGeneration.dll /analyzer:/usr/share/dotnet/packs/Microsoft.NETCore.App.Ref/9.0.4/analyzers/dotnet/cs/System.Text.RegularExpressions.Generator.dll /additionalfile:/mnt/d/src/MtgDiscoveryVibeWorkspace/IMPLS/src/BannedSymbols.txt /additionalfile:/mnt/d/src/MtgDiscoveryVibeWorkspace/IMPLS/src/.editorconfig ExampleApplication.cs ISimpleLogger.cs SimpleConsoleLogger.cs "obj/Release/net9.0/.NETCoreApp,Version=v9.0.AssemblyAttributes.cs" obj/Release/net9.0/Example.Core.AssemblyInfo.cs /warnaserror+:NU1605,SYSLIB0011
    10>CoreCompile:
         /usr/share/dotnet/dotnet exec "/usr/share/dotnet/sdk/9.0.203/Roslyn/bincore/csc.dll" /noconfig /unsafe- /checked- /nowarn:IDE0290,IDE2001,IDE0005,IDE0046,CA1716,CA1040,CA1056,1701,1702 /fullpaths /nostdlib+ /errorreport:prompt /warn:9 /define:TRACE;RELEASE;NET;NET9_0;NETCOREAPP;NET5_0_OR_GREATER;NET6_0_OR_GREATER;NET7_0_OR_GREATER;NET8_0_OR_GREATER;NET9_0_OR_GREATER;NETCOREAPP1_0_OR_GREATER;NETCOREAPP1_1_OR_GREATER;NETCOREAPP2_0_OR_GREATER;NETCOREAPP2_1_OR_GREATER;NETCOREAPP2_2_OR_GREATER;NETCOREAPP3_0_OR_GREATER;NETCOREAPP3_1_OR_GREATER /highentropyva+ /nullable:warnings /reference:/mnt/d/src/MtgDiscoveryVibeWorkspace/IMPLS/src/Lib.Universal/obj/Release/net9.0/ref/Lib.Universal.dll /reference:/usr/share/dotnet/packs/Microsoft.NETCore.App.Ref/9.0.4/ref/net9.0/Microsoft.CSharp.dll /reference:/home/quinngil/.nuget/packages/microsoft.extensions.caching.abstractions/9.0.0/lib/net9.0/Microsoft.Extensions.Caching.Abstractions.dll /reference:/home/quinngil/.nuget/packages/microsoft.extensions.caching.memory/9.0.0/lib/net9.0/Microsoft.Extensions.Caching.Memory.dll /reference:/home/quinngil/.nuget/packages/microsoft.extensions.configuration.abstractions/9.0.5/lib/net9.0/Microsoft.Extensions.Configuration.Abstractions.dll /reference:/home/quinngil/.nuget/packages/microsoft.extensions.dependencyinjection.abstractions/9.0.0/lib/net9.0/Microsoft.Extensions.DependencyInjection.Abstractions.dll /reference:/home/quinngil/.nuget/packages/microsoft.extensions.logging.abstractions/9.0.0/lib/net9.0/Microsoft.Extensions.Logging.Abstractions.dll /reference:/home/quinngil/.nuget/packages/microsoft.extensions.options/9.0.0/lib/net9.0/Microsoft.Extensions.Options.dll /reference:/home/quinngil/.nuget/packages/microsoft.extensions.primitives/9.0.5/lib/net9.0/Microsoft.Extensions.Primitives.dll /reference:/home/quinngil/.nuget/packages/microsoft.identitymodel.abstractions/8.0.1/lib/net9.0/Microsoft.IdentityModel.Abstractions.dll /reference:/home/quinngil/.nuget/packages/microsoft.identitymodel.jsonwebtokens/8.0.1/lib/net9.0/Microsoft.IdentityModel.JsonWebTokens.dll /reference:/home/quinngil/.nuget/packages/microsoft.identitymodel.logging/8.0.1/lib/net9.0/Microsoft.IdentityModel.Logging.dll /reference:/home/quinngil/.nuget/packages/microsoft.identitymodel.tokens/8.0.1/lib/net9.0/Microsoft.IdentityModel.Tokens.dll /reference:/usr/share/dotnet/packs/Microsoft.NETCore.App.Ref/9.0.4/ref/net9.0/Microsoft.VisualBasic.Core.dll /reference:/usr/share/dotnet/packs/Microsoft.NETCore.App.Ref/9.0.4/ref/net9.0/Microsoft.VisualBasic.dll /reference:/usr/share/dotnet/packs/Microsoft.NETCore.App.Ref/9.0.4/ref/net9.0/Microsoft.Win32.Primitives.dll /reference:/usr/share/dotnet/packs/Microsoft.NETCore.App.Ref/9.0.4/ref/net9.0/Microsoft.Win32.Registry.dll /reference:/usr/share/dotnet/packs/Microsoft.NETCore.App.Ref/9.0.4/ref/net9.0/mscorlib.dll /reference:/usr/share/dotnet/packs/Microsoft.NETCore.App.Ref/9.0.4/ref/net9.0/netstandard.dll /reference:/home/quinngil/.nuget/packages/newtonsoft.json/13.0.3/lib/net6.0/Newtonsoft.Json.dll /reference:/usr/share/dotnet/packs/Microsoft.NETCore.App.Ref/9.0.4/ref/net9.0/System.AppContext.dll /reference:/usr/share/dotnet/packs/Microsoft.NETCore.App.Ref/9.0.4/ref/net9.0/System.Buffers.dll /reference:/usr/share/dotnet/packs/Microsoft.NETCore.App.Ref/9.0.4/ref/net9.0/System.Collections.Concurrent.dll /reference:/usr/share/dotnet/packs/Microsoft.NETCore.App.Ref/9.0.4/ref/net9.0/System.Collections.dll /reference:/usr/share/dotnet/packs/Microsoft.NETCore.App.Ref/9.0.4/ref/net9.0/System.Collections.Immutable.dll /reference:/usr/share/dotnet/packs/Microsoft.NETCore.App.Ref/9.0.4/ref/net9.0/System.Collections.NonGeneric.dll /reference:/usr/share/dotnet/packs/Microsoft.NETCore.App.Ref/9.0.4/ref/net9.0/System.Collections.Specialized.dll /reference:/usr/share/dotnet/packs/Microsoft.NETCore.App.Ref/9.0.4/ref/net9.0/System.ComponentModel.Annotations.dll /reference:/usr/share/dotnet/packs/Microsoft.NETCore.App.Ref/9.0.4/ref/net9.0/System.ComponentModel.DataAnnotations.dll /reference:/usr/share/dotnet/packs/Microsoft.NETCore.App.Ref/9.0.4/ref/net9.0/System.ComponentModel.dll /reference:/usr/share/dotnet/packs/Microsoft.NETCore.App.Ref/9.0.4/ref/net9.0/System.ComponentModel.EventBasedAsync.dll /reference:/usr/share/dotnet/packs/Microsoft.NETCore.App.Ref/9.0.4/ref/net9.0/System.ComponentModel.Primitives.dll /reference:/usr/share/dotnet/packs/Microsoft.NETCore.App.Ref/9.0.4/ref/net9.0/System.ComponentModel.TypeConverter.dll /reference:/usr/share/dotnet/packs/Microsoft.NETCore.App.Ref/9.0.4/ref/net9.0/System.Configuration.dll /reference:/usr/share/dotnet/packs/Microsoft.NETCore.App.Ref/9.0.4/ref/net9.0/System.Console.dll /reference:/usr/share/dotnet/packs/Microsoft.NETCore.App.Ref/9.0.4/ref/net9.0/System.Core.dll /reference:/usr/share/dotnet/packs/Microsoft.NETCore.App.Ref/9.0.4/ref/net9.0/System.Data.Common.dll /reference:/usr/share/dotnet/packs/Microsoft.NETCore.App.Ref/9.0.4/ref/net9.0/System.Data.DataSetExtensions.dll /reference:/usr/share/dotnet/packs/Microsoft.NETCore.App.Ref/9.0.4/ref/net9.0/System.Data.dll /reference:/usr/share/dotnet/packs/Microsoft.NETCore.App.Ref/9.0.4/ref/net9.0/System.Diagnostics.Contracts.dll /reference:/usr/share/dotnet/packs/Microsoft.NETCore.App.Ref/9.0.4/ref/net9.0/System.Diagnostics.Debug.dll /reference:/usr/share/dotnet/packs/Microsoft.NETCore.App.Ref/9.0.4/ref/net9.0/System.Diagnostics.DiagnosticSource.dll /reference:/usr/share/dotnet/packs/Microsoft.NETCore.App.Ref/9.0.4/ref/net9.0/System.Diagnostics.FileVersionInfo.dll /reference:/usr/share/dotnet/packs/Microsoft.NETCore.App.Ref/9.0.4/ref/net9.0/System.Diagnostics.Process.dll /reference:/usr/share/dotnet/packs/Microsoft.NETCore.App.Ref/9.0.4/ref/net9.0/System.Diagnostics.StackTrace.dll /reference:/usr/share/dotnet/packs/Microsoft.NETCore.App.Ref/9.0.4/ref/net9.0/System.Diagnostics.TextWriterTraceListener.dll /reference:/usr/share/dotnet/packs/Microsoft.NETCore.App.Ref/9.0.4/ref/net9.0/System.Diagnostics.Tools.dll /reference:/usr/share/dotnet/packs/Microsoft.NETCore.App.Ref/9.0.4/ref/net9.0/System.Diagnostics.TraceSource.dll /reference:/usr/share/dotnet/packs/Microsoft.NETCore.App.Ref/9.0.4/ref/net9.0/System.Diagnostics.Tracing.dll /reference:/usr/share/dotnet/packs/Microsoft.NETCore.App.Ref/9.0.4/ref/net9.0/System.dll /reference:/usr/share/dotnet/packs/Microsoft.NETCore.App.Ref/9.0.4/ref/net9.0/System.Drawing.dll /reference:/usr/share/dotnet/packs/Microsoft.NETCore.App.Ref/9.0.4/ref/net9.0/System.Drawing.Primitives.dll /reference:/usr/share/dotnet/packs/Microsoft.NETCore.App.Ref/9.0.4/ref/net9.0/System.Dynamic.Runtime.dll /reference:/usr/share/dotnet/packs/Microsoft.NETCore.App.Ref/9.0.4/ref/net9.0/System.Formats.Asn1.dll /reference:/usr/share/dotnet/packs/Microsoft.NETCore.App.Ref/9.0.4/ref/net9.0/System.Formats.Tar.dll /reference:/usr/share/dotnet/packs/Microsoft.NETCore.App.Ref/9.0.4/ref/net9.0/System.Globalization.Calendars.dll /reference:/usr/share/dotnet/packs/Microsoft.NETCore.App.Ref/9.0.4/ref/net9.0/System.Globalization.dll /reference:/usr/share/dotnet/packs/Microsoft.NETCore.App.Ref/9.0.4/ref/net9.0/System.Globalization.Extensions.dll /reference:/home/quinngil/.nuget/packages/system.identitymodel.tokens.jwt/8.0.1/lib/net9.0/System.IdentityModel.Tokens.Jwt.dll /reference:/usr/share/dotnet/packs/Microsoft.NETCore.App.Ref/9.0.4/ref/net9.0/System.IO.Compression.Brotli.dll /reference:/usr/share/dotnet/packs/Microsoft.NETCore.App.Ref/9.0.4/ref/net9.0/System.IO.Compression.dll /reference:/usr/share/dotnet/packs/Microsoft.NETCore.App.Ref/9.0.4/ref/net9.0/System.IO.Compression.FileSystem.dll /reference:/usr/share/dotnet/packs/Microsoft.NETCore.App.Ref/9.0.4/ref/net9.0/System.IO.Compression.ZipFile.dll /reference:/usr/share/dotnet/packs/Microsoft.NETCore.App.Ref/9.0.4/ref/net9.0/System.IO.dll /reference:/usr/share/dotnet/packs/Microsoft.NETCore.App.Ref/9.0.4/ref/net9.0/System.IO.FileSystem.AccessControl.dll /reference:/usr/share/dotnet/packs/Microsoft.NETCore.App.Ref/9.0.4/ref/net9.0/System.IO.FileSystem.dll /reference:/usr/share/dotnet/packs/Microsoft.NETCore.App.Ref/9.0.4/ref/net9.0/System.IO.FileSystem.DriveInfo.dll /reference:/usr/share/dotnet/packs/Microsoft.NETCore.App.Ref/9.0.4/ref/net9.0/System.IO.FileSystem.Primitives.dll /reference:/usr/share/dotnet/packs/Microsoft.NETCore.App.Ref/9.0.4/ref/net9.0/System.IO.FileSystem.Watcher.dll /reference:/usr/share/dotnet/packs/Microsoft.NETCore.App.Ref/9.0.4/ref/net9.0/System.IO.IsolatedStorage.dll /reference:/usr/share/dotnet/packs/Microsoft.NETCore.App.Ref/9.0.4/ref/net9.0/System.IO.MemoryMappedFiles.dll /reference:/usr/share/dotnet/packs/Microsoft.NETCore.App.Ref/9.0.4/ref/net9.0/System.IO.Pipelines.dll /reference:/usr/share/dotnet/packs/Microsoft.NETCore.App.Ref/9.0.4/ref/net9.0/System.IO.Pipes.AccessControl.dll /reference:/usr/share/dotnet/packs/Microsoft.NETCore.App.Ref/9.0.4/ref/net9.0/System.IO.Pipes.dll /reference:/usr/share/dotnet/packs/Microsoft.NETCore.App.Ref/9.0.4/ref/net9.0/System.IO.UnmanagedMemoryStream.dll /reference:/usr/share/dotnet/packs/Microsoft.NETCore.App.Ref/9.0.4/ref/net9.0/System.Linq.dll /reference:/usr/share/dotnet/packs/Microsoft.NETCore.App.Ref/9.0.4/ref/net9.0/System.Linq.Expressions.dll /reference:/usr/share/dotnet/packs/Microsoft.NETCore.App.Ref/9.0.4/ref/net9.0/System.Linq.Parallel.dll /reference:/usr/share/dotnet/packs/Microsoft.NETCore.App.Ref/9.0.4/ref/net9.0/System.Linq.Queryable.dll /reference:/usr/share/dotnet/packs/Microsoft.NETCore.App.Ref/9.0.4/ref/net9.0/System.Memory.dll /reference:/usr/share/dotnet/packs/Microsoft.NETCore.App.Ref/9.0.4/ref/net9.0/System.Net.dll /reference:/usr/share/dotnet/packs/Microsoft.NETCore.App.Ref/9.0.4/ref/net9.0/System.Net.Http.dll /reference:/usr/share/dotnet/packs/Microsoft.NETCore.App.Ref/9.0.4/ref/net9.0/System.Net.Http.Json.dll /reference:/usr/share/dotnet/packs/Microsoft.NETCore.App.Ref/9.0.4/ref/net9.0/System.Net.HttpListener.dll /reference:/usr/share/dotnet/packs/Microsoft.NETCore.App.Ref/9.0.4/ref/net9.0/System.Net.Mail.dll /reference:/usr/share/dotnet/packs/Microsoft.NETCore.App.Ref/9.0.4/ref/net9.0/System.Net.NameResolution.dll /reference:/usr/share/dotnet/packs/Microsoft.NETCore.App.Ref/9.0.4/ref/net9.0/System.Net.NetworkInformation.dll /reference:/usr/share/dotnet/packs/Microsoft.NETCore.App.Ref/9.0.4/ref/net9.0/System.Net.Ping.dll /reference:/usr/share/dotnet/packs/Microsoft.NETCore.App.Ref/9.0.4/ref/net9.0/System.Net.Primitives.dll /reference:/usr/share/dotnet/packs/Microsoft.NETCore.App.Ref/9.0.4/ref/net9.0/System.Net.Quic.dll /reference:/usr/share/dotnet/packs/Microsoft.NETCore.App.Ref/9.0.4/ref/net9.0/System.Net.Requests.dll /reference:/usr/share/dotnet/packs/Microsoft.NETCore.App.Ref/9.0.4/ref/net9.0/System.Net.Security.dll /reference:/usr/share/dotnet/packs/Microsoft.NETCore.App.Ref/9.0.4/ref/net9.0/System.Net.ServicePoint.dll /reference:/usr/share/dotnet/packs/Microsoft.NETCore.App.Ref/9.0.4/ref/net9.0/System.Net.Sockets.dll /reference:/usr/share/dotnet/packs/Microsoft.NETCore.App.Ref/9.0.4/ref/net9.0/System.Net.WebClient.dll /reference:/usr/share/dotnet/packs/Microsoft.NETCore.App.Ref/9.0.4/ref/net9.0/System.Net.WebHeaderCollection.dll /reference:/usr/share/dotnet/packs/Microsoft.NETCore.App.Ref/9.0.4/ref/net9.0/System.Net.WebProxy.dll /reference:/usr/share/dotnet/packs/Microsoft.NETCore.App.Ref/9.0.4/ref/net9.0/System.Net.WebSockets.Client.dll /reference:/usr/share/dotnet/packs/Microsoft.NETCore.App.Ref/9.0.4/ref/net9.0/System.Net.WebSockets.dll /reference:/usr/share/dotnet/packs/Microsoft.NETCore.App.Ref/9.0.4/ref/net9.0/System.Numerics.dll /reference:/usr/share/dotnet/packs/Microsoft.NETCore.App.Ref/9.0.4/ref/net9.0/System.Numerics.Vectors.dll /reference:/usr/share/dotnet/packs/Microsoft.NETCore.App.Ref/9.0.4/ref/net9.0/System.ObjectModel.dll /reference:/usr/share/dotnet/packs/Microsoft.NETCore.App.Ref/9.0.4/ref/net9.0/System.Reflection.DispatchProxy.dll /reference:/usr/share/dotnet/packs/Microsoft.NETCore.App.Ref/9.0.4/ref/net9.0/System.Reflection.dll /reference:/usr/share/dotnet/packs/Microsoft.NETCore.App.Ref/9.0.4/ref/net9.0/System.Reflection.Emit.dll /reference:/usr/share/dotnet/packs/Microsoft.NETCore.App.Ref/9.0.4/ref/net9.0/System.Reflection.Emit.ILGeneration.dll /reference:/usr/share/dotnet/packs/Microsoft.NETCore.App.Ref/9.0.4/ref/net9.0/System.Reflection.Emit.Lightweight.dll /reference:/usr/share/dotnet/packs/Microsoft.NETCore.App.Ref/9.0.4/ref/net9.0/System.Reflection.Extensions.dll /reference:/usr/share/dotnet/packs/Microsoft.NETCore.App.Ref/9.0.4/ref/net9.0/System.Reflection.Metadata.dll /reference:/usr/share/dotnet/packs/Microsoft.NETCore.App.Ref/9.0.4/ref/net9.0/System.Reflection.Primitives.dll /reference:/usr/share/dotnet/packs/Microsoft.NETCore.App.Ref/9.0.4/ref/net9.0/System.Reflection.TypeExtensions.dll /reference:/usr/share/dotnet/packs/Microsoft.NETCore.App.Ref/9.0.4/ref/net9.0/System.Resources.Reader.dll /reference:/usr/share/dotnet/packs/Microsoft.NETCore.App.Ref/9.0.4/ref/net9.0/System.Resources.ResourceManager.dll /reference:/usr/share/dotnet/packs/Microsoft.NETCore.App.Ref/9.0.4/ref/net9.0/System.Resources.Writer.dll /reference:/usr/share/dotnet/packs/Microsoft.NETCore.App.Ref/9.0.4/ref/net9.0/System.Runtime.CompilerServices.Unsafe.dll /reference:/usr/share/dotnet/packs/Microsoft.NETCore.App.Ref/9.0.4/ref/net9.0/System.Runtime.CompilerServices.VisualC.dll /reference:/usr/share/dotnet/packs/Microsoft.NETCore.App.Ref/9.0.4/ref/net9.0/System.Runtime.dll /reference:/usr/share/dotnet/packs/Microsoft.NETCore.App.Ref/9.0.4/ref/net9.0/System.Runtime.Extensions.dll /reference:/usr/share/dotnet/packs/Microsoft.NETCore.App.Ref/9.0.4/ref/net9.0/System.Runtime.Handles.dll /reference:/usr/share/dotnet/packs/Microsoft.NETCore.App.Ref/9.0.4/ref/net9.0/System.Runtime.InteropServices.dll /reference:/usr/share/dotnet/packs/Microsoft.NETCore.App.Ref/9.0.4/ref/net9.0/System.Runtime.InteropServices.JavaScript.dll /reference:/usr/share/dotnet/packs/Microsoft.NETCore.App.Ref/9.0.4/ref/net9.0/System.Runtime.InteropServices.RuntimeInformation.dll /reference:/usr/share/dotnet/packs/Microsoft.NETCore.App.Ref/9.0.4/ref/net9.0/System.Runtime.Intrinsics.dll /reference:/usr/share/dotnet/packs/Microsoft.NETCore.App.Ref/9.0.4/ref/net9.0/System.Runtime.Loader.dll /reference:/usr/share/dotnet/packs/Microsoft.NETCore.App.Ref/9.0.4/ref/net9.0/System.Runtime.Numerics.dll /reference:/usr/share/dotnet/packs/Microsoft.NETCore.App.Ref/9.0.4/ref/net9.0/System.Runtime.Serialization.dll /reference:/usr/share/dotnet/packs/Microsoft.NETCore.App.Ref/9.0.4/ref/net9.0/System.Runtime.Serialization.Formatters.dll /reference:/usr/share/dotnet/packs/Microsoft.NETCore.App.Ref/9.0.4/ref/net9.0/System.Runtime.Serialization.Json.dll /reference:/usr/share/dotnet/packs/Microsoft.NETCore.App.Ref/9.0.4/ref/net9.0/System.Runtime.Serialization.Primitives.dll /reference:/usr/share/dotnet/packs/Microsoft.NETCore.App.Ref/9.0.4/ref/net9.0/System.Runtime.Serialization.Xml.dll /reference:/usr/share/dotnet/packs/Microsoft.NETCore.App.Ref/9.0.4/ref/net9.0/System.Security.AccessControl.dll /reference:/usr/share/dotnet/packs/Microsoft.NETCore.App.Ref/9.0.4/ref/net9.0/System.Security.Claims.dll /reference:/usr/share/dotnet/packs/Microsoft.NETCore.App.Ref/9.0.4/ref/net9.0/System.Security.Cryptography.Algorithms.dll /reference:/usr/share/dotnet/packs/Microsoft.NETCore.App.Ref/9.0.4/ref/net9.0/System.Security.Cryptography.Cng.dll /reference:/usr/share/dotnet/packs/Microsoft.NETCore.App.Ref/9.0.4/ref/net9.0/System.Security.Cryptography.Csp.dll /reference:/usr/share/dotnet/packs/Microsoft.NETCore.App.Ref/9.0.4/ref/net9.0/System.Security.Cryptography.dll /reference:/usr/share/dotnet/packs/Microsoft.NETCore.App.Ref/9.0.4/ref/net9.0/System.Security.Cryptography.Encoding.dll /reference:/usr/share/dotnet/packs/Microsoft.NETCore.App.Ref/9.0.4/ref/net9.0/System.Security.Cryptography.OpenSsl.dll /reference:/usr/share/dotnet/packs/Microsoft.NETCore.App.Ref/9.0.4/ref/net9.0/System.Security.Cryptography.Primitives.dll /reference:/usr/share/dotnet/packs/Microsoft.NETCore.App.Ref/9.0.4/ref/net9.0/System.Security.Cryptography.X509Certificates.dll /reference:/usr/share/dotnet/packs/Microsoft.NETCore.App.Ref/9.0.4/ref/net9.0/System.Security.dll /reference:/usr/share/dotnet/packs/Microsoft.NETCore.App.Ref/9.0.4/ref/net9.0/System.Security.Principal.dll /reference:/usr/share/dotnet/packs/Microsoft.NETCore.App.Ref/9.0.4/ref/net9.0/System.Security.Principal.Windows.dll /reference:/usr/share/dotnet/packs/Microsoft.NETCore.App.Ref/9.0.4/ref/net9.0/System.Security.SecureString.dll /reference:/usr/share/dotnet/packs/Microsoft.NETCore.App.Ref/9.0.4/ref/net9.0/System.ServiceModel.Web.dll /reference:/usr/share/dotnet/packs/Microsoft.NETCore.App.Ref/9.0.4/ref/net9.0/System.ServiceProcess.dll /reference:/usr/share/dotnet/packs/Microsoft.NETCore.App.Ref/9.0.4/ref/net9.0/System.Text.Encoding.CodePages.dll /reference:/usr/share/dotnet/packs/Microsoft.NETCore.App.Ref/9.0.4/ref/net9.0/System.Text.Encoding.dll /reference:/usr/share/dotnet/packs/Microsoft.NETCore.App.Ref/9.0.4/ref/net9.0/System.Text.Encoding.Extensions.dll /reference:/usr/share/dotnet/packs/Microsoft.NETCore.App.Ref/9.0.4/ref/net9.0/System.Text.Encodings.Web.dll /reference:/home/quinngil/.nuget/packages/system.text.json/9.0.8/lib/net9.0/System.Text.Json.dll /reference:/usr/share/dotnet/packs/Microsoft.NETCore.App.Ref/9.0.4/ref/net9.0/System.Text.RegularExpressions.dll /reference:/usr/share/dotnet/packs/Microsoft.NETCore.App.Ref/9.0.4/ref/net9.0/System.Threading.Channels.dll /reference:/usr/share/dotnet/packs/Microsoft.NETCore.App.Ref/9.0.4/ref/net9.0/System.Threading.dll /reference:/usr/share/dotnet/packs/Microsoft.NETCore.App.Ref/9.0.4/ref/net9.0/System.Threading.Overlapped.dll /reference:/usr/share/dotnet/packs/Microsoft.NETCore.App.Ref/9.0.4/ref/net9.0/System.Threading.Tasks.Dataflow.dll /reference:/usr/share/dotnet/packs/Microsoft.NETCore.App.Ref/9.0.4/ref/net9.0/System.Threading.Tasks.dll /reference:/usr/share/dotnet/packs/Microsoft.NETCore.App.Ref/9.0.4/ref/net9.0/System.Threading.Tasks.Extensions.dll /reference:/usr/share/dotnet/packs/Microsoft.NETCore.App.Ref/9.0.4/ref/net9.0/System.Threading.Tasks.Parallel.dll /reference:/usr/share/dotnet/packs/Microsoft.NETCore.App.Ref/9.0.4/ref/net9.0/System.Threading.Thread.dll /reference:/usr/share/dotnet/packs/Microsoft.NETCore.App.Ref/9.0.4/ref/net9.0/System.Threading.ThreadPool.dll /reference:/usr/share/dotnet/packs/Microsoft.NETCore.App.Ref/9.0.4/ref/net9.0/System.Threading.Timer.dll /reference:/usr/share/dotnet/packs/Microsoft.NETCore.App.Ref/9.0.4/ref/net9.0/System.Transactions.dll /reference:/usr/share/dotnet/packs/Microsoft.NETCore.App.Ref/9.0.4/ref/net9.0/System.Transactions.Local.dll /reference:/usr/share/dotnet/packs/Microsoft.NETCore.App.Ref/9.0.4/ref/net9.0/System.ValueTuple.dll /reference:/usr/share/dotnet/packs/Microsoft.NETCore.App.Ref/9.0.4/ref/net9.0/System.Web.dll /reference:/usr/share/dotnet/packs/Microsoft.NETCore.App.Ref/9.0.4/ref/net9.0/System.Web.HttpUtility.dll /reference:/usr/share/dotnet/packs/Microsoft.NETCore.App.Ref/9.0.4/ref/net9.0/System.Windows.dll /reference:/usr/share/dotnet/packs/Microsoft.NETCore.App.Ref/9.0.4/ref/net9.0/System.Xml.dll /reference:/usr/share/dotnet/packs/Microsoft.NETCore.App.Ref/9.0.4/ref/net9.0/System.Xml.Linq.dll /reference:/usr/share/dotnet/packs/Microsoft.NETCore.App.Ref/9.0.4/ref/net9.0/System.Xml.ReaderWriter.dll /reference:/usr/share/dotnet/packs/Microsoft.NETCore.App.Ref/9.0.4/ref/net9.0/System.Xml.Serialization.dll /reference:/usr/share/dotnet/packs/Microsoft.NETCore.App.Ref/9.0.4/ref/net9.0/System.Xml.XDocument.dll /reference:/usr/share/dotnet/packs/Microsoft.NETCore.App.Ref/9.0.4/ref/net9.0/System.Xml.XmlDocument.dll /reference:/usr/share/dotnet/packs/Microsoft.NETCore.App.Ref/9.0.4/ref/net9.0/System.Xml.XmlSerializer.dll /reference:/usr/share/dotnet/packs/Microsoft.NETCore.App.Ref/9.0.4/ref/net9.0/System.Xml.XPath.dll /reference:/usr/share/dotnet/packs/Microsoft.NETCore.App.Ref/9.0.4/ref/net9.0/System.Xml.XPath.XDocument.dll /reference:/usr/share/dotnet/packs/Microsoft.NETCore.App.Ref/9.0.4/ref/net9.0/WindowsBase.dll /debug- /debug:portable /filealign:512 /optimize+ /out:obj/Release/net9.0/Lib.Scryfall.Shared.dll /refout:obj/Release/net9.0/refint/Lib.Scryfall.Shared.dll /reportanalyzer /target:library /warnaserror+ /utf8output /deterministic+ /sourcelink:obj/Release/net9.0/Lib.Scryfall.Shared.sourcelink.json /langversion:latest /features:strict /embed:"obj/Release/net9.0/.NETCoreApp,Version=v9.0.AssemblyAttributes.cs" /embed:obj/Release/net9.0/Lib.Scryfall.Shared.AssemblyInfo.cs /analyzerconfig:/mnt/d/src/MtgDiscoveryVibeWorkspace/IMPLS/src/.editorconfig /analyzerconfig:obj/Release/net9.0/Lib.Scryfall.Shared.GeneratedMSBuildEditorConfig.editorconfig /analyzerconfig:/usr/share/dotnet/sdk/9.0.203/Sdks/Microsoft.NET.Sdk/analyzers/build/config/analysislevel_9_all_warnaserror.globalconfig /analyzer:/usr/share/dotnet/sdk/9.0.203/Sdks/Microsoft.NET.Sdk/targets/../analyzers/Microsoft.CodeAnalysis.CSharp.NetAnalyzers.dll /analyzer:/usr/share/dotnet/sdk/9.0.203/Sdks/Microsoft.NET.Sdk/targets/../analyzers/Microsoft.CodeAnalysis.NetAnalyzers.dll /analyzer:/usr/share/dotnet/sdk/9.0.203/Sdks/Microsoft.NET.Sdk/targets/../codestyle/cs/Microsoft.CodeAnalysis.CodeStyle.dll /analyzer:/usr/share/dotnet/sdk/9.0.203/Sdks/Microsoft.NET.Sdk/targets/../codestyle/cs/Microsoft.CodeAnalysis.CodeStyle.Fixes.dll /analyzer:/usr/share/dotnet/sdk/9.0.203/Sdks/Microsoft.NET.Sdk/targets/../codestyle/cs/Microsoft.CodeAnalysis.CSharp.CodeStyle.dll /analyzer:/usr/share/dotnet/sdk/9.0.203/Sdks/Microsoft.NET.Sdk/targets/../codestyle/cs/Microsoft.CodeAnalysis.CSharp.CodeStyle.Fixes.dll /analyzer:/home/quinngil/.nuget/packages/microsoft.codeanalysis.bannedapianalyzers/4.14.0/analyzers/dotnet/cs/Microsoft.CodeAnalysis.BannedApiAnalyzers.dll /analyzer:/home/quinngil/.nuget/packages/microsoft.codeanalysis.bannedapianalyzers/4.14.0/analyzers/dotnet/cs/Microsoft.CodeAnalysis.CSharp.BannedApiAnalyzers.dll /analyzer:/home/quinngil/.nuget/packages/microsoft.extensions.logging.abstractions/9.0.0/analyzers/dotnet/roslyn4.4/cs/Microsoft.Extensions.Logging.Generators.dll /analyzer:/home/quinngil/.nuget/packages/microsoft.extensions.options/9.0.0/analyzers/dotnet/roslyn4.4/cs/Microsoft.Extensions.Options.SourceGeneration.dll /analyzer:/home/quinngil/.nuget/packages/system.text.json/9.0.8/analyzers/dotnet/roslyn4.4/cs/System.Text.Json.SourceGeneration.dll /analyzer:/usr/share/dotnet/packs/Microsoft.NETCore.App.Ref/9.0.4/analyzers/dotnet/cs/Microsoft.Interop.ComInterfaceGenerator.dll /analyzer:/usr/share/dotnet/packs/Microsoft.NETCore.App.Ref/9.0.4/analyzers/dotnet/cs/Microsoft.Interop.JavaScript.JSImportGenerator.dll /analyzer:/usr/share/dotnet/packs/Microsoft.NETCore.App.Ref/9.0.4/analyzers/dotnet/cs/Microsoft.Interop.LibraryImportGenerator.dll /analyzer:/usr/share/dotnet/packs/Microsoft.NETCore.App.Ref/9.0.4/analyzers/dotnet/cs/Microsoft.Interop.SourceGeneration.dll /analyzer:/usr/share/dotnet/packs/Microsoft.NETCore.App.Ref/9.0.4/analyzers/dotnet/cs/System.Text.RegularExpressions.Generator.dll /additionalfile:/mnt/d/src/MtgDiscoveryVibeWorkspace/IMPLS/src/BannedSymbols.txt /additionalfile:/mnt/d/src/MtgDiscoveryVibeWorkspace/IMPLS/src/.editorconfig Apis/Models/AggregatedRulingData.cs Apis/Models/ArtistIdNamePair.cs Apis/Models/IArtistIdNamePair.cs Apis/Models/ICardImageInfo.cs Apis/Models/ICardImageInfoCollection.cs Apis/Models/IScryfallCard.cs Apis/Models/IScryfallRuling.cs Apis/Models/IScryfallSearchUri.cs Apis/Models/IScryfallSet.cs "obj/Release/net9.0/.NETCoreApp,Version=v9.0.AssemblyAttributes.cs" obj/Release/net9.0/Lib.Scryfall.Shared.AssemblyInfo.cs /warnaserror+:NU1605,SYSLIB0011
     7>_GenerateSourceLinkFile:
         Updating Source Link file 'obj/Release/net9.0/Lib.Universal.Tests.sourcelink.json'.
    18>CoreCompile:
         /usr/share/dotnet/dotnet exec "/usr/share/dotnet/sdk/9.0.203/Roslyn/bincore/csc.dll" /noconfig /unsafe- /checked- /nowarn:IDE0290,IDE2001,IDE0005,IDE0046,CA1716,CA1040,CA1056,1701,1702 /fullpaths /nostdlib+ /errorreport:prompt /warn:9 /define:TRACE;RELEASE;NET;NET9_0;NETCOREAPP;NET5_0_OR_GREATER;NET6_0_OR_GREATER;NET7_0_OR_GREATER;NET8_0_OR_GREATER;NET9_0_OR_GREATER;NETCOREAPP1_0_OR_GREATER;NETCOREAPP1_1_OR_GREATER;NETCOREAPP2_0_OR_GREATER;NETCOREAPP2_1_OR_GREATER;NETCOREAPP2_2_OR_GREATER;NETCOREAPP3_0_OR_GREATER;NETCOREAPP3_1_OR_GREATER /highentropyva+ /nullable:warnings /reference:/mnt/d/src/MtgDiscoveryVibeWorkspace/IMPLS/src/Lib.Universal/obj/Release/net9.0/ref/Lib.Universal.dll /reference:/usr/share/dotnet/packs/Microsoft.NETCore.App.Ref/9.0.4/ref/net9.0/Microsoft.CSharp.dll /reference:/home/quinngil/.nuget/packages/microsoft.extensions.caching.abstractions/9.0.0/lib/net9.0/Microsoft.Extensions.Caching.Abstractions.dll /reference:/home/quinngil/.nuget/packages/microsoft.extensions.caching.memory/9.0.0/lib/net9.0/Microsoft.Extensions.Caching.Memory.dll /reference:/home/quinngil/.nuget/packages/microsoft.extensions.configuration.abstractions/9.0.5/lib/net9.0/Microsoft.Extensions.Configuration.Abstractions.dll /reference:/home/quinngil/.nuget/packages/microsoft.extensions.dependencyinjection.abstractions/9.0.0/lib/net9.0/Microsoft.Extensions.DependencyInjection.Abstractions.dll /reference:/home/quinngil/.nuget/packages/microsoft.extensions.logging.abstractions/9.0.0/lib/net9.0/Microsoft.Extensions.Logging.Abstractions.dll /reference:/home/quinngil/.nuget/packages/microsoft.extensions.options/9.0.0/lib/net9.0/Microsoft.Extensions.Options.dll /reference:/home/quinngil/.nuget/packages/microsoft.extensions.primitives/9.0.5/lib/net9.0/Microsoft.Extensions.Primitives.dll /reference:/home/quinngil/.nuget/packages/microsoft.identitymodel.abstractions/8.0.1/lib/net9.0/Microsoft.IdentityModel.Abstractions.dll /reference:/home/quinngil/.nuget/packages/microsoft.identitymodel.jsonwebtokens/8.0.1/lib/net9.0/Microsoft.IdentityModel.JsonWebTokens.dll /reference:/home/quinngil/.nuget/packages/microsoft.identitymodel.logging/8.0.1/lib/net9.0/Microsoft.IdentityModel.Logging.dll /reference:/home/quinngil/.nuget/packages/microsoft.identitymodel.tokens/8.0.1/lib/net9.0/Microsoft.IdentityModel.Tokens.dll /reference:/usr/share/dotnet/packs/Microsoft.NETCore.App.Ref/9.0.4/ref/net9.0/Microsoft.VisualBasic.Core.dll /reference:/usr/share/dotnet/packs/Microsoft.NETCore.App.Ref/9.0.4/ref/net9.0/Microsoft.VisualBasic.dll /reference:/usr/share/dotnet/packs/Microsoft.NETCore.App.Ref/9.0.4/ref/net9.0/Microsoft.Win32.Primitives.dll /reference:/usr/share/dotnet/packs/Microsoft.NETCore.App.Ref/9.0.4/ref/net9.0/Microsoft.Win32.Registry.dll /reference:/usr/share/dotnet/packs/Microsoft.NETCore.App.Ref/9.0.4/ref/net9.0/mscorlib.dll /reference:/usr/share/dotnet/packs/Microsoft.NETCore.App.Ref/9.0.4/ref/net9.0/netstandard.dll /reference:/home/quinngil/.nuget/packages/newtonsoft.json/13.0.3/lib/net6.0/Newtonsoft.Json.dll /reference:/usr/share/dotnet/packs/Microsoft.NETCore.App.Ref/9.0.4/ref/net9.0/System.AppContext.dll /reference:/usr/share/dotnet/packs/Microsoft.NETCore.App.Ref/9.0.4/ref/net9.0/System.Buffers.dll /reference:/usr/share/dotnet/packs/Microsoft.NETCore.App.Ref/9.0.4/ref/net9.0/System.Collections.Concurrent.dll /reference:/usr/share/dotnet/packs/Microsoft.NETCore.App.Ref/9.0.4/ref/net9.0/System.Collections.dll /reference:/usr/share/dotnet/packs/Microsoft.NETCore.App.Ref/9.0.4/ref/net9.0/System.Collections.Immutable.dll /reference:/usr/share/dotnet/packs/Microsoft.NETCore.App.Ref/9.0.4/ref/net9.0/System.Collections.NonGeneric.dll /reference:/usr/share/dotnet/packs/Microsoft.NETCore.App.Ref/9.0.4/ref/net9.0/System.Collections.Specialized.dll /reference:/usr/share/dotnet/packs/Microsoft.NETCore.App.Ref/9.0.4/ref/net9.0/System.ComponentModel.Annotations.dll /reference:/usr/share/dotnet/packs/Microsoft.NETCore.App.Ref/9.0.4/ref/net9.0/System.ComponentModel.DataAnnotations.dll /reference:/usr/share/dotnet/packs/Microsoft.NETCore.App.Ref/9.0.4/ref/net9.0/System.ComponentModel.dll /reference:/usr/share/dotnet/packs/Microsoft.NETCore.App.Ref/9.0.4/ref/net9.0/System.ComponentModel.EventBasedAsync.dll /reference:/usr/share/dotnet/packs/Microsoft.NETCore.App.Ref/9.0.4/ref/net9.0/System.ComponentModel.Primitives.dll /reference:/usr/share/dotnet/packs/Microsoft.NETCore.App.Ref/9.0.4/ref/net9.0/System.ComponentModel.TypeConverter.dll /reference:/usr/share/dotnet/packs/Microsoft.NETCore.App.Ref/9.0.4/ref/net9.0/System.Configuration.dll /reference:/usr/share/dotnet/packs/Microsoft.NETCore.App.Ref/9.0.4/ref/net9.0/System.Console.dll /reference:/usr/share/dotnet/packs/Microsoft.NETCore.App.Ref/9.0.4/ref/net9.0/System.Core.dll /reference:/usr/share/dotnet/packs/Microsoft.NETCore.App.Ref/9.0.4/ref/net9.0/System.Data.Common.dll /reference:/usr/share/dotnet/packs/Microsoft.NETCore.App.Ref/9.0.4/ref/net9.0/System.Data.DataSetExtensions.dll /reference:/usr/share/dotnet/packs/Microsoft.NETCore.App.Ref/9.0.4/ref/net9.0/System.Data.dll /reference:/usr/share/dotnet/packs/Microsoft.NETCore.App.Ref/9.0.4/ref/net9.0/System.Diagnostics.Contracts.dll /reference:/usr/share/dotnet/packs/Microsoft.NETCore.App.Ref/9.0.4/ref/net9.0/System.Diagnostics.Debug.dll /reference:/usr/share/dotnet/packs/Microsoft.NETCore.App.Ref/9.0.4/ref/net9.0/System.Diagnostics.DiagnosticSource.dll /reference:/usr/share/dotnet/packs/Microsoft.NETCore.App.Ref/9.0.4/ref/net9.0/System.Diagnostics.FileVersionInfo.dll /reference:/usr/share/dotnet/packs/Microsoft.NETCore.App.Ref/9.0.4/ref/net9.0/System.Diagnostics.Process.dll /reference:/usr/share/dotnet/packs/Microsoft.NETCore.App.Ref/9.0.4/ref/net9.0/System.Diagnostics.StackTrace.dll /reference:/usr/share/dotnet/packs/Microsoft.NETCore.App.Ref/9.0.4/ref/net9.0/System.Diagnostics.TextWriterTraceListener.dll /reference:/usr/share/dotnet/packs/Microsoft.NETCore.App.Ref/9.0.4/ref/net9.0/System.Diagnostics.Tools.dll /reference:/usr/share/dotnet/packs/Microsoft.NETCore.App.Ref/9.0.4/ref/net9.0/System.Diagnostics.TraceSource.dll /reference:/usr/share/dotnet/packs/Microsoft.NETCore.App.Ref/9.0.4/ref/net9.0/System.Diagnostics.Tracing.dll /reference:/usr/share/dotnet/packs/Microsoft.NETCore.App.Ref/9.0.4/ref/net9.0/System.dll /reference:/usr/share/dotnet/packs/Microsoft.NETCore.App.Ref/9.0.4/ref/net9.0/System.Drawing.dll /reference:/usr/share/dotnet/packs/Microsoft.NETCore.App.Ref/9.0.4/ref/net9.0/System.Drawing.Primitives.dll /reference:/usr/share/dotnet/packs/Microsoft.NETCore.App.Ref/9.0.4/ref/net9.0/System.Dynamic.Runtime.dll /reference:/usr/share/dotnet/packs/Microsoft.NETCore.App.Ref/9.0.4/ref/net9.0/System.Formats.Asn1.dll /reference:/usr/share/dotnet/packs/Microsoft.NETCore.App.Ref/9.0.4/ref/net9.0/System.Formats.Tar.dll /reference:/usr/share/dotnet/packs/Microsoft.NETCore.App.Ref/9.0.4/ref/net9.0/System.Globalization.Calendars.dll /reference:/usr/share/dotnet/packs/Microsoft.NETCore.App.Ref/9.0.4/ref/net9.0/System.Globalization.dll /reference:/usr/share/dotnet/packs/Microsoft.NETCore.App.Ref/9.0.4/ref/net9.0/System.Globalization.Extensions.dll /reference:/home/quinngil/.nuget/packages/system.identitymodel.tokens.jwt/8.0.1/lib/net9.0/System.IdentityModel.Tokens.Jwt.dll /reference:/usr/share/dotnet/packs/Microsoft.NETCore.App.Ref/9.0.4/ref/net9.0/System.IO.Compression.Brotli.dll /reference:/usr/share/dotnet/packs/Microsoft.NETCore.App.Ref/9.0.4/ref/net9.0/System.IO.Compression.dll /reference:/usr/share/dotnet/packs/Microsoft.NETCore.App.Ref/9.0.4/ref/net9.0/System.IO.Compression.FileSystem.dll /reference:/usr/share/dotnet/packs/Microsoft.NETCore.App.Ref/9.0.4/ref/net9.0/System.IO.Compression.ZipFile.dll /reference:/usr/share/dotnet/packs/Microsoft.NETCore.App.Ref/9.0.4/ref/net9.0/System.IO.dll /reference:/usr/share/dotnet/packs/Microsoft.NETCore.App.Ref/9.0.4/ref/net9.0/System.IO.FileSystem.AccessControl.dll /reference:/usr/share/dotnet/packs/Microsoft.NETCore.App.Ref/9.0.4/ref/net9.0/System.IO.FileSystem.dll /reference:/usr/share/dotnet/packs/Microsoft.NETCore.App.Ref/9.0.4/ref/net9.0/System.IO.FileSystem.DriveInfo.dll /reference:/usr/share/dotnet/packs/Microsoft.NETCore.App.Ref/9.0.4/ref/net9.0/System.IO.FileSystem.Primitives.dll /reference:/usr/share/dotnet/packs/Microsoft.NETCore.App.Ref/9.0.4/ref/net9.0/System.IO.FileSystem.Watcher.dll /reference:/usr/share/dotnet/packs/Microsoft.NETCore.App.Ref/9.0.4/ref/net9.0/System.IO.IsolatedStorage.dll /reference:/usr/share/dotnet/packs/Microsoft.NETCore.App.Ref/9.0.4/ref/net9.0/System.IO.MemoryMappedFiles.dll /reference:/usr/share/dotnet/packs/Microsoft.NETCore.App.Ref/9.0.4/ref/net9.0/System.IO.Pipelines.dll /reference:/usr/share/dotnet/packs/Microsoft.NETCore.App.Ref/9.0.4/ref/net9.0/System.IO.Pipes.AccessControl.dll /reference:/usr/share/dotnet/packs/Microsoft.NETCore.App.Ref/9.0.4/ref/net9.0/System.IO.Pipes.dll /reference:/usr/share/dotnet/packs/Microsoft.NETCore.App.Ref/9.0.4/ref/net9.0/System.IO.UnmanagedMemoryStream.dll /reference:/usr/share/dotnet/packs/Microsoft.NETCore.App.Ref/9.0.4/ref/net9.0/System.Linq.dll /reference:/usr/share/dotnet/packs/Microsoft.NETCore.App.Ref/9.0.4/ref/net9.0/System.Linq.Expressions.dll /reference:/usr/share/dotnet/packs/Microsoft.NETCore.App.Ref/9.0.4/ref/net9.0/System.Linq.Parallel.dll /reference:/usr/share/dotnet/packs/Microsoft.NETCore.App.Ref/9.0.4/ref/net9.0/System.Linq.Queryable.dll /reference:/usr/share/dotnet/packs/Microsoft.NETCore.App.Ref/9.0.4/ref/net9.0/System.Memory.dll /reference:/usr/share/dotnet/packs/Microsoft.NETCore.App.Ref/9.0.4/ref/net9.0/System.Net.dll /reference:/usr/share/dotnet/packs/Microsoft.NETCore.App.Ref/9.0.4/ref/net9.0/System.Net.Http.dll /reference:/usr/share/dotnet/packs/Microsoft.NETCore.App.Ref/9.0.4/ref/net9.0/System.Net.Http.Json.dll /reference:/usr/share/dotnet/packs/Microsoft.NETCore.App.Ref/9.0.4/ref/net9.0/System.Net.HttpListener.dll /reference:/usr/share/dotnet/packs/Microsoft.NETCore.App.Ref/9.0.4/ref/net9.0/System.Net.Mail.dll /reference:/usr/share/dotnet/packs/Microsoft.NETCore.App.Ref/9.0.4/ref/net9.0/System.Net.NameResolution.dll /reference:/usr/share/dotnet/packs/Microsoft.NETCore.App.Ref/9.0.4/ref/net9.0/System.Net.NetworkInformation.dll /reference:/usr/share/dotnet/packs/Microsoft.NETCore.App.Ref/9.0.4/ref/net9.0/System.Net.Ping.dll /reference:/usr/share/dotnet/packs/Microsoft.NETCore.App.Ref/9.0.4/ref/net9.0/System.Net.Primitives.dll /reference:/usr/share/dotnet/packs/Microsoft.NETCore.App.Ref/9.0.4/ref/net9.0/System.Net.Quic.dll /reference:/usr/share/dotnet/packs/Microsoft.NETCore.App.Ref/9.0.4/ref/net9.0/System.Net.Requests.dll /reference:/usr/share/dotnet/packs/Microsoft.NETCore.App.Ref/9.0.4/ref/net9.0/System.Net.Security.dll /reference:/usr/share/dotnet/packs/Microsoft.NETCore.App.Ref/9.0.4/ref/net9.0/System.Net.ServicePoint.dll /reference:/usr/share/dotnet/packs/Microsoft.NETCore.App.Ref/9.0.4/ref/net9.0/System.Net.Sockets.dll /reference:/usr/share/dotnet/packs/Microsoft.NETCore.App.Ref/9.0.4/ref/net9.0/System.Net.WebClient.dll /reference:/usr/share/dotnet/packs/Microsoft.NETCore.App.Ref/9.0.4/ref/net9.0/System.Net.WebHeaderCollection.dll /reference:/usr/share/dotnet/packs/Microsoft.NETCore.App.Ref/9.0.4/ref/net9.0/System.Net.WebProxy.dll /reference:/usr/share/dotnet/packs/Microsoft.NETCore.App.Ref/9.0.4/ref/net9.0/System.Net.WebSockets.Client.dll /reference:/usr/share/dotnet/packs/Microsoft.NETCore.App.Ref/9.0.4/ref/net9.0/System.Net.WebSockets.dll /reference:/usr/share/dotnet/packs/Microsoft.NETCore.App.Ref/9.0.4/ref/net9.0/System.Numerics.dll /reference:/usr/share/dotnet/packs/Microsoft.NETCore.App.Ref/9.0.4/ref/net9.0/System.Numerics.Vectors.dll /reference:/usr/share/dotnet/packs/Microsoft.NETCore.App.Ref/9.0.4/ref/net9.0/System.ObjectModel.dll /reference:/usr/share/dotnet/packs/Microsoft.NETCore.App.Ref/9.0.4/ref/net9.0/System.Reflection.DispatchProxy.dll /reference:/usr/share/dotnet/packs/Microsoft.NETCore.App.Ref/9.0.4/ref/net9.0/System.Reflection.dll /reference:/usr/share/dotnet/packs/Microsoft.NETCore.App.Ref/9.0.4/ref/net9.0/System.Reflection.Emit.dll /reference:/usr/share/dotnet/packs/Microsoft.NETCore.App.Ref/9.0.4/ref/net9.0/System.Reflection.Emit.ILGeneration.dll /reference:/usr/share/dotnet/packs/Microsoft.NETCore.App.Ref/9.0.4/ref/net9.0/System.Reflection.Emit.Lightweight.dll /reference:/usr/share/dotnet/packs/Microsoft.NETCore.App.Ref/9.0.4/ref/net9.0/System.Reflection.Extensions.dll /reference:/usr/share/dotnet/packs/Microsoft.NETCore.App.Ref/9.0.4/ref/net9.0/System.Reflection.Metadata.dll /reference:/usr/share/dotnet/packs/Microsoft.NETCore.App.Ref/9.0.4/ref/net9.0/System.Reflection.Primitives.dll /reference:/usr/share/dotnet/packs/Microsoft.NETCore.App.Ref/9.0.4/ref/net9.0/System.Reflection.TypeExtensions.dll /reference:/usr/share/dotnet/packs/Microsoft.NETCore.App.Ref/9.0.4/ref/net9.0/System.Resources.Reader.dll /reference:/usr/share/dotnet/packs/Microsoft.NETCore.App.Ref/9.0.4/ref/net9.0/System.Resources.ResourceManager.dll /reference:/usr/share/dotnet/packs/Microsoft.NETCore.App.Ref/9.0.4/ref/net9.0/System.Resources.Writer.dll /reference:/usr/share/dotnet/packs/Microsoft.NETCore.App.Ref/9.0.4/ref/net9.0/System.Runtime.CompilerServices.Unsafe.dll /reference:/usr/share/dotnet/packs/Microsoft.NETCore.App.Ref/9.0.4/ref/net9.0/System.Runtime.CompilerServices.VisualC.dll /reference:/usr/share/dotnet/packs/Microsoft.NETCore.App.Ref/9.0.4/ref/net9.0/System.Runtime.dll /reference:/usr/share/dotnet/packs/Microsoft.NETCore.App.Ref/9.0.4/ref/net9.0/System.Runtime.Extensions.dll /reference:/usr/share/dotnet/packs/Microsoft.NETCore.App.Ref/9.0.4/ref/net9.0/System.Runtime.Handles.dll /reference:/usr/share/dotnet/packs/Microsoft.NETCore.App.Ref/9.0.4/ref/net9.0/System.Runtime.InteropServices.dll /reference:/usr/share/dotnet/packs/Microsoft.NETCore.App.Ref/9.0.4/ref/net9.0/System.Runtime.InteropServices.JavaScript.dll /reference:/usr/share/dotnet/packs/Microsoft.NETCore.App.Ref/9.0.4/ref/net9.0/System.Runtime.InteropServices.RuntimeInformation.dll /reference:/usr/share/dotnet/packs/Microsoft.NETCore.App.Ref/9.0.4/ref/net9.0/System.Runtime.Intrinsics.dll /reference:/usr/share/dotnet/packs/Microsoft.NETCore.App.Ref/9.0.4/ref/net9.0/System.Runtime.Loader.dll /reference:/usr/share/dotnet/packs/Microsoft.NETCore.App.Ref/9.0.4/ref/net9.0/System.Runtime.Numerics.dll /reference:/usr/share/dotnet/packs/Microsoft.NETCore.App.Ref/9.0.4/ref/net9.0/System.Runtime.Serialization.dll /reference:/usr/share/dotnet/packs/Microsoft.NETCore.App.Ref/9.0.4/ref/net9.0/System.Runtime.Serialization.Formatters.dll /reference:/usr/share/dotnet/packs/Microsoft.NETCore.App.Ref/9.0.4/ref/net9.0/System.Runtime.Serialization.Json.dll /reference:/usr/share/dotnet/packs/Microsoft.NETCore.App.Ref/9.0.4/ref/net9.0/System.Runtime.Serialization.Primitives.dll /reference:/usr/share/dotnet/packs/Microsoft.NETCore.App.Ref/9.0.4/ref/net9.0/System.Runtime.Serialization.Xml.dll /reference:/usr/share/dotnet/packs/Microsoft.NETCore.App.Ref/9.0.4/ref/net9.0/System.Security.AccessControl.dll /reference:/usr/share/dotnet/packs/Microsoft.NETCore.App.Ref/9.0.4/ref/net9.0/System.Security.Claims.dll /reference:/usr/share/dotnet/packs/Microsoft.NETCore.App.Ref/9.0.4/ref/net9.0/System.Security.Cryptography.Algorithms.dll /reference:/usr/share/dotnet/packs/Microsoft.NETCore.App.Ref/9.0.4/ref/net9.0/System.Security.Cryptography.Cng.dll /reference:/usr/share/dotnet/packs/Microsoft.NETCore.App.Ref/9.0.4/ref/net9.0/System.Security.Cryptography.Csp.dll /reference:/usr/share/dotnet/packs/Microsoft.NETCore.App.Ref/9.0.4/ref/net9.0/System.Security.Cryptography.dll /reference:/usr/share/dotnet/packs/Microsoft.NETCore.App.Ref/9.0.4/ref/net9.0/System.Security.Cryptography.Encoding.dll /reference:/usr/share/dotnet/packs/Microsoft.NETCore.App.Ref/9.0.4/ref/net9.0/System.Security.Cryptography.OpenSsl.dll /reference:/usr/share/dotnet/packs/Microsoft.NETCore.App.Ref/9.0.4/ref/net9.0/System.Security.Cryptography.Primitives.dll /reference:/usr/share/dotnet/packs/Microsoft.NETCore.App.Ref/9.0.4/ref/net9.0/System.Security.Cryptography.X509Certificates.dll /reference:/usr/share/dotnet/packs/Microsoft.NETCore.App.Ref/9.0.4/ref/net9.0/System.Security.dll /reference:/usr/share/dotnet/packs/Microsoft.NETCore.App.Ref/9.0.4/ref/net9.0/System.Security.Principal.dll /reference:/usr/share/dotnet/packs/Microsoft.NETCore.App.Ref/9.0.4/ref/net9.0/System.Security.Principal.Windows.dll /reference:/usr/share/dotnet/packs/Microsoft.NETCore.App.Ref/9.0.4/ref/net9.0/System.Security.SecureString.dll /reference:/usr/share/dotnet/packs/Microsoft.NETCore.App.Ref/9.0.4/ref/net9.0/System.ServiceModel.Web.dll /reference:/usr/share/dotnet/packs/Microsoft.NETCore.App.Ref/9.0.4/ref/net9.0/System.ServiceProcess.dll /reference:/usr/share/dotnet/packs/Microsoft.NETCore.App.Ref/9.0.4/ref/net9.0/System.Text.Encoding.CodePages.dll /reference:/usr/share/dotnet/packs/Microsoft.NETCore.App.Ref/9.0.4/ref/net9.0/System.Text.Encoding.dll /reference:/usr/share/dotnet/packs/Microsoft.NETCore.App.Ref/9.0.4/ref/net9.0/System.Text.Encoding.Extensions.dll /reference:/usr/share/dotnet/packs/Microsoft.NETCore.App.Ref/9.0.4/ref/net9.0/System.Text.Encodings.Web.dll /reference:/home/quinngil/.nuget/packages/system.text.json/9.0.8/lib/net9.0/System.Text.Json.dll /reference:/usr/share/dotnet/packs/Microsoft.NETCore.App.Ref/9.0.4/ref/net9.0/System.Text.RegularExpressions.dll /reference:/usr/share/dotnet/packs/Microsoft.NETCore.App.Ref/9.0.4/ref/net9.0/System.Threading.Channels.dll /reference:/usr/share/dotnet/packs/Microsoft.NETCore.App.Ref/9.0.4/ref/net9.0/System.Threading.dll /reference:/usr/share/dotnet/packs/Microsoft.NETCore.App.Ref/9.0.4/ref/net9.0/System.Threading.Overlapped.dll /reference:/usr/share/dotnet/packs/Microsoft.NETCore.App.Ref/9.0.4/ref/net9.0/System.Threading.Tasks.Dataflow.dll /reference:/usr/share/dotnet/packs/Microsoft.NETCore.App.Ref/9.0.4/ref/net9.0/System.Threading.Tasks.dll /reference:/usr/share/dotnet/packs/Microsoft.NETCore.App.Ref/9.0.4/ref/net9.0/System.Threading.Tasks.Extensions.dll /reference:/usr/share/dotnet/packs/Microsoft.NETCore.App.Ref/9.0.4/ref/net9.0/System.Threading.Tasks.Parallel.dll /reference:/usr/share/dotnet/packs/Microsoft.NETCore.App.Ref/9.0.4/ref/net9.0/System.Threading.Thread.dll /reference:/usr/share/dotnet/packs/Microsoft.NETCore.App.Ref/9.0.4/ref/net9.0/System.Threading.ThreadPool.dll /reference:/usr/share/dotnet/packs/Microsoft.NETCore.App.Ref/9.0.4/ref/net9.0/System.Threading.Timer.dll /reference:/usr/share/dotnet/packs/Microsoft.NETCore.App.Ref/9.0.4/ref/net9.0/System.Transactions.dll /reference:/usr/share/dotnet/packs/Microsoft.NETCore.App.Ref/9.0.4/ref/net9.0/System.Transactions.Local.dll /reference:/usr/share/dotnet/packs/Microsoft.NETCore.App.Ref/9.0.4/ref/net9.0/System.ValueTuple.dll /reference:/usr/share/dotnet/packs/Microsoft.NETCore.App.Ref/9.0.4/ref/net9.0/System.Web.dll /reference:/usr/share/dotnet/packs/Microsoft.NETCore.App.Ref/9.0.4/ref/net9.0/System.Web.HttpUtility.dll /reference:/usr/share/dotnet/packs/Microsoft.NETCore.App.Ref/9.0.4/ref/net9.0/System.Windows.dll /reference:/usr/share/dotnet/packs/Microsoft.NETCore.App.Ref/9.0.4/ref/net9.0/System.Xml.dll /reference:/usr/share/dotnet/packs/Microsoft.NETCore.App.Ref/9.0.4/ref/net9.0/System.Xml.Linq.dll /reference:/usr/share/dotnet/packs/Microsoft.NETCore.App.Ref/9.0.4/ref/net9.0/System.Xml.ReaderWriter.dll /reference:/usr/share/dotnet/packs/Microsoft.NETCore.App.Ref/9.0.4/ref/net9.0/System.Xml.Serialization.dll /reference:/usr/share/dotnet/packs/Microsoft.NETCore.App.Ref/9.0.4/ref/net9.0/System.Xml.XDocument.dll /reference:/usr/share/dotnet/packs/Microsoft.NETCore.App.Ref/9.0.4/ref/net9.0/System.Xml.XmlDocument.dll /reference:/usr/share/dotnet/packs/Microsoft.NETCore.App.Ref/9.0.4/ref/net9.0/System.Xml.XmlSerializer.dll /reference:/usr/share/dotnet/packs/Microsoft.NETCore.App.Ref/9.0.4/ref/net9.0/System.Xml.XPath.dll /reference:/usr/share/dotnet/packs/Microsoft.NETCore.App.Ref/9.0.4/ref/net9.0/System.Xml.XPath.XDocument.dll /reference:/usr/share/dotnet/packs/Microsoft.NETCore.App.Ref/9.0.4/ref/net9.0/WindowsBase.dll /debug- /debug:portable /filealign:512 /optimize+ /out:obj/Release/net9.0/Lib.Shared.Abstractions.dll /refout:obj/Release/net9.0/refint/Lib.Shared.Abstractions.dll /reportanalyzer /target:library /warnaserror+ /utf8output /deterministic+ /sourcelink:obj/Release/net9.0/Lib.Shared.Abstractions.sourcelink.json /langversion:latest /features:strict /embed:"obj/Release/net9.0/.NETCoreApp,Version=v9.0.AssemblyAttributes.cs" /embed:obj/Release/net9.0/Lib.Shared.Abstractions.AssemblyInfo.cs /analyzerconfig:/mnt/d/src/MtgDiscoveryVibeWorkspace/IMPLS/src/.editorconfig /analyzerconfig:obj/Release/net9.0/Lib.Shared.Abstractions.GeneratedMSBuildEditorConfig.editorconfig /analyzerconfig:/usr/share/dotnet/sdk/9.0.203/Sdks/Microsoft.NET.Sdk/analyzers/build/config/analysislevel_9_all_warnaserror.globalconfig /analyzer:/usr/share/dotnet/sdk/9.0.203/Sdks/Microsoft.NET.Sdk/targets/../analyzers/Microsoft.CodeAnalysis.CSharp.NetAnalyzers.dll /analyzer:/usr/share/dotnet/sdk/9.0.203/Sdks/Microsoft.NET.Sdk/targets/../analyzers/Microsoft.CodeAnalysis.NetAnalyzers.dll /analyzer:/usr/share/dotnet/sdk/9.0.203/Sdks/Microsoft.NET.Sdk/targets/../codestyle/cs/Microsoft.CodeAnalysis.CodeStyle.dll /analyzer:/usr/share/dotnet/sdk/9.0.203/Sdks/Microsoft.NET.Sdk/targets/../codestyle/cs/Microsoft.CodeAnalysis.CodeStyle.Fixes.dll /analyzer:/usr/share/dotnet/sdk/9.0.203/Sdks/Microsoft.NET.Sdk/targets/../codestyle/cs/Microsoft.CodeAnalysis.CSharp.CodeStyle.dll /analyzer:/usr/share/dotnet/sdk/9.0.203/Sdks/Microsoft.NET.Sdk/targets/../codestyle/cs/Microsoft.CodeAnalysis.CSharp.CodeStyle.Fixes.dll /analyzer:/home/quinngil/.nuget/packages/microsoft.codeanalysis.bannedapianalyzers/4.14.0/analyzers/dotnet/cs/Microsoft.CodeAnalysis.BannedApiAnalyzers.dll /analyzer:/home/quinngil/.nuget/packages/microsoft.codeanalysis.bannedapianalyzers/4.14.0/analyzers/dotnet/cs/Microsoft.CodeAnalysis.CSharp.BannedApiAnalyzers.dll /analyzer:/home/quinngil/.nuget/packages/microsoft.extensions.logging.abstractions/9.0.0/analyzers/dotnet/roslyn4.4/cs/Microsoft.Extensions.Logging.Generators.dll /analyzer:/home/quinngil/.nuget/packages/microsoft.extensions.options/9.0.0/analyzers/dotnet/roslyn4.4/cs/Microsoft.Extensions.Options.SourceGeneration.dll /analyzer:/home/quinngil/.nuget/packages/system.text.json/9.0.8/analyzers/dotnet/roslyn4.4/cs/System.Text.Json.SourceGeneration.dll /analyzer:/usr/share/dotnet/packs/Microsoft.NETCore.App.Ref/9.0.4/analyzers/dotnet/cs/Microsoft.Interop.ComInterfaceGenerator.dll /analyzer:/usr/share/dotnet/packs/Microsoft.NETCore.App.Ref/9.0.4/analyzers/dotnet/cs/Microsoft.Interop.JavaScript.JSImportGenerator.dll /analyzer:/usr/share/dotnet/packs/Microsoft.NETCore.App.Ref/9.0.4/analyzers/dotnet/cs/Microsoft.Interop.LibraryImportGenerator.dll /analyzer:/usr/share/dotnet/packs/Microsoft.NETCore.App.Ref/9.0.4/analyzers/dotnet/cs/Microsoft.Interop.SourceGeneration.dll /analyzer:/usr/share/dotnet/packs/Microsoft.NETCore.App.Ref/9.0.4/analyzers/dotnet/cs/System.Text.RegularExpressions.Generator.dll /additionalfile:/mnt/d/src/MtgDiscoveryVibeWorkspace/IMPLS/src/BannedSymbols.txt /additionalfile:/mnt/d/src/MtgDiscoveryVibeWorkspace/IMPLS/src/.editorconfig Actions/EnrichmentActionContainer.cs Actions/FilterActionContainer.cs Actions/FilterActionResult.cs Actions/FilterContainer.cs Actions/IEnrichmentAction.cs Actions/IFilter.cs Actions/IFilterAction.cs Actions/IFilterActionResult.cs Actions/ITransformationAction.cs Actions/IValidator.cs Actions/IValidatorAction.cs Actions/IValidatorActionResult.cs Actions/TransformationActionContainer.cs Actions/ValidatorActionContainer.cs Actions/ValidatorActionResult.cs Actions/ValidatorContainer.cs Cache/ICacheableEntity.cs Identifiers/CardNameGuid.cs Identifiers/CardNameGuidGenerator.cs Identifiers/ICardNameGuidGenerator.cs Mappers/ICreateMapper.cs Mappers/IMapper.cs "obj/Release/net9.0/.NETCoreApp,Version=v9.0.AssemblyAttributes.cs" obj/Release/net9.0/Lib.Shared.Abstractions.AssemblyInfo.cs /warnaserror+:NU1605,SYSLIB0011
     9>_GenerateSourceLinkFile:
         Updating Source Link file 'obj/Release/net9.0/TestConvenience.Core.sourcelink.json'.
    14>_GenerateSourceLinkFile:
         Updating Source Link file 'obj/Release/net9.0/Lib.Cosmos.sourcelink.json'.
     7>CoreCompile:
         /usr/share/dotnet/dotnet exec "/usr/share/dotnet/sdk/9.0.203/Roslyn/bincore/csc.dll" /noconfig /unsafe- /checked- /nowarn:IDE0290,IDE2001,IDE0005,IDE0046,CA1716,CA1040,CA1056,IDE0060,CA2000,CA1707,CA1515,1701,1702 /fullpaths /nostdlib+ /errorreport:prompt /warn:9 /define:TRACE;RELEASE;NET;NET9_0;NETCOREAPP;NET5_0_OR_GREATER;NET6_0_OR_GREATER;NET7_0_OR_GREATER;NET8_0_OR_GREATER;NET9_0_OR_GREATER;NETCOREAPP1_0_OR_GREATER;NETCOREAPP1_1_OR_GREATER;NETCOREAPP2_0_OR_GREATER;NETCOREAPP2_1_OR_GREATER;NETCOREAPP2_2_OR_GREATER;NETCOREAPP3_0_OR_GREATER;NETCOREAPP3_1_OR_GREATER /highentropyva+ /nullable:warnings /reference:/home/quinngil/.nuget/packages/awesomeassertions/9.1.0/lib/net8.0/AwesomeAssertions.dll /reference:/mnt/d/src/MtgDiscoveryVibeWorkspace/IMPLS/src/Lib.Universal/obj/Release/net9.0/ref/Lib.Universal.dll /reference:/home/quinngil/.nuget/packages/microsoft.applicationinsights/2.23.0/lib/netstandard2.0/Microsoft.ApplicationInsights.dll /reference:/usr/share/dotnet/packs/Microsoft.NETCore.App.Ref/9.0.4/ref/net9.0/Microsoft.CSharp.dll /reference:/home/quinngil/.nuget/packages/microsoft.extensions.caching.abstractions/9.0.0/lib/net9.0/Microsoft.Extensions.Caching.Abstractions.dll /reference:/home/quinngil/.nuget/packages/microsoft.extensions.caching.memory/9.0.0/lib/net9.0/Microsoft.Extensions.Caching.Memory.dll /reference:/home/quinngil/.nuget/packages/microsoft.extensions.configuration.abstractions/9.0.5/lib/net9.0/Microsoft.Extensions.Configuration.Abstractions.dll /reference:/home/quinngil/.nuget/packages/microsoft.extensions.dependencyinjection.abstractions/9.0.0/lib/net9.0/Microsoft.Extensions.DependencyInjection.Abstractions.dll /reference:/home/quinngil/.nuget/packages/microsoft.extensions.logging.abstractions/9.0.0/lib/net9.0/Microsoft.Extensions.Logging.Abstractions.dll /reference:/home/quinngil/.nuget/packages/microsoft.extensions.options/9.0.0/lib/net9.0/Microsoft.Extensions.Options.dll /reference:/home/quinngil/.nuget/packages/microsoft.extensions.primitives/9.0.5/lib/net9.0/Microsoft.Extensions.Primitives.dll /reference:/home/quinngil/.nuget/packages/microsoft.identitymodel.abstractions/8.0.1/lib/net9.0/Microsoft.IdentityModel.Abstractions.dll /reference:/home/quinngil/.nuget/packages/microsoft.identitymodel.jsonwebtokens/8.0.1/lib/net9.0/Microsoft.IdentityModel.JsonWebTokens.dll /reference:/home/quinngil/.nuget/packages/microsoft.identitymodel.logging/8.0.1/lib/net9.0/Microsoft.IdentityModel.Logging.dll /reference:/home/quinngil/.nuget/packages/microsoft.identitymodel.tokens/8.0.1/lib/net9.0/Microsoft.IdentityModel.Tokens.dll /reference:/home/quinngil/.nuget/packages/microsoft.testing.platform.msbuild/1.8.1/lib/net9.0/Microsoft.Testing.Extensions.MSBuild.dll /reference:/home/quinngil/.nuget/packages/microsoft.testing.extensions.telemetry/1.8.1/lib/net9.0/Microsoft.Testing.Extensions.Telemetry.dll /reference:/home/quinngil/.nuget/packages/microsoft.testing.extensions.trxreport.abstractions/1.8.1/lib/net9.0/Microsoft.Testing.Extensions.TrxReport.Abstractions.dll /reference:/home/quinngil/.nuget/packages/microsoft.testing.extensions.vstestbridge/1.8.1/lib/net9.0/Microsoft.Testing.Extensions.VSTestBridge.dll /reference:/home/quinngil/.nuget/packages/microsoft.testing.platform/1.8.1/lib/net9.0/Microsoft.Testing.Platform.dll /reference:/home/quinngil/.nuget/packages/microsoft.testplatform.adapterutilities/17.13.0/lib/net9.0/Microsoft.TestPlatform.AdapterUtilities.dll /reference:/home/quinngil/.nuget/packages/microsoft.testplatform.testhost/17.14.1/lib/net8.0/Microsoft.TestPlatform.CommunicationUtilities.dll /reference:/home/quinngil/.nuget/packages/microsoft.testplatform.testhost/17.14.1/lib/net8.0/Microsoft.TestPlatform.CoreUtilities.dll /reference:/home/quinngil/.nuget/packages/microsoft.testplatform.testhost/17.14.1/lib/net8.0/Microsoft.TestPlatform.CrossPlatEngine.dll /reference:/home/quinngil/.nuget/packages/microsoft.testplatform.testhost/17.14.1/lib/net8.0/Microsoft.TestPlatform.PlatformAbstractions.dll /reference:/home/quinngil/.nuget/packages/microsoft.testplatform.testhost/17.14.1/lib/net8.0/Microsoft.TestPlatform.Utilities.dll /reference:/usr/share/dotnet/packs/Microsoft.NETCore.App.Ref/9.0.4/ref/net9.0/Microsoft.VisualBasic.Core.dll /reference:/usr/share/dotnet/packs/Microsoft.NETCore.App.Ref/9.0.4/ref/net9.0/Microsoft.VisualBasic.dll /reference:/home/quinngil/.nuget/packages/microsoft.codecoverage/17.14.1/lib/net8.0/Microsoft.VisualStudio.CodeCoverage.Shim.dll /reference:/home/quinngil/.nuget/packages/microsoft.testplatform.testhost/17.14.1/lib/net8.0/Microsoft.VisualStudio.TestPlatform.Common.dll /reference:/home/quinngil/.nuget/packages/microsoft.testplatform.testhost/17.14.1/lib/net8.0/Microsoft.VisualStudio.TestPlatform.ObjectModel.dll /reference:/home/quinngil/.nuget/packages/mstest.testframework/3.10.1/lib/net9.0/Microsoft.VisualStudio.TestPlatform.TestFramework.dll /reference:/home/quinngil/.nuget/packages/mstest.testframework/3.10.1/buildTransitive/net9.0/Microsoft.VisualStudio.TestPlatform.TestFramework.Extensions.dll /reference:/usr/share/dotnet/packs/Microsoft.NETCore.App.Ref/9.0.4/ref/net9.0/Microsoft.Win32.Primitives.dll /reference:/usr/share/dotnet/packs/Microsoft.NETCore.App.Ref/9.0.4/ref/net9.0/Microsoft.Win32.Registry.dll /reference:/usr/share/dotnet/packs/Microsoft.NETCore.App.Ref/9.0.4/ref/net9.0/mscorlib.dll /reference:/usr/share/dotnet/packs/Microsoft.NETCore.App.Ref/9.0.4/ref/net9.0/netstandard.dll /reference:/home/quinngil/.nuget/packages/newtonsoft.json/13.0.3/lib/net6.0/Newtonsoft.Json.dll /reference:/usr/share/dotnet/packs/Microsoft.NETCore.App.Ref/9.0.4/ref/net9.0/System.AppContext.dll /reference:/usr/share/dotnet/packs/Microsoft.NETCore.App.Ref/9.0.4/ref/net9.0/System.Buffers.dll /reference:/usr/share/dotnet/packs/Microsoft.NETCore.App.Ref/9.0.4/ref/net9.0/System.Collections.Concurrent.dll /reference:/usr/share/dotnet/packs/Microsoft.NETCore.App.Ref/9.0.4/ref/net9.0/System.Collections.dll /reference:/usr/share/dotnet/packs/Microsoft.NETCore.App.Ref/9.0.4/ref/net9.0/System.Collections.Immutable.dll /reference:/usr/share/dotnet/packs/Microsoft.NETCore.App.Ref/9.0.4/ref/net9.0/System.Collections.NonGeneric.dll /reference:/usr/share/dotnet/packs/Microsoft.NETCore.App.Ref/9.0.4/ref/net9.0/System.Collections.Specialized.dll /reference:/usr/share/dotnet/packs/Microsoft.NETCore.App.Ref/9.0.4/ref/net9.0/System.ComponentModel.Annotations.dll /reference:/usr/share/dotnet/packs/Microsoft.NETCore.App.Ref/9.0.4/ref/net9.0/System.ComponentModel.DataAnnotations.dll /reference:/usr/share/dotnet/packs/Microsoft.NETCore.App.Ref/9.0.4/ref/net9.0/System.ComponentModel.dll /reference:/usr/share/dotnet/packs/Microsoft.NETCore.App.Ref/9.0.4/ref/net9.0/System.ComponentModel.EventBasedAsync.dll /reference:/usr/share/dotnet/packs/Microsoft.NETCore.App.Ref/9.0.4/ref/net9.0/System.ComponentModel.Primitives.dll /reference:/usr/share/dotnet/packs/Microsoft.NETCore.App.Ref/9.0.4/ref/net9.0/System.ComponentModel.TypeConverter.dll /reference:/usr/share/dotnet/packs/Microsoft.NETCore.App.Ref/9.0.4/ref/net9.0/System.Configuration.dll /reference:/usr/share/dotnet/packs/Microsoft.NETCore.App.Ref/9.0.4/ref/net9.0/System.Console.dll /reference:/usr/share/dotnet/packs/Microsoft.NETCore.App.Ref/9.0.4/ref/net9.0/System.Core.dll /reference:/usr/share/dotnet/packs/Microsoft.NETCore.App.Ref/9.0.4/ref/net9.0/System.Data.Common.dll /reference:/usr/share/dotnet/packs/Microsoft.NETCore.App.Ref/9.0.4/ref/net9.0/System.Data.DataSetExtensions.dll /reference:/usr/share/dotnet/packs/Microsoft.NETCore.App.Ref/9.0.4/ref/net9.0/System.Data.dll /reference:/usr/share/dotnet/packs/Microsoft.NETCore.App.Ref/9.0.4/ref/net9.0/System.Diagnostics.Contracts.dll /reference:/usr/share/dotnet/packs/Microsoft.NETCore.App.Ref/9.0.4/ref/net9.0/System.Diagnostics.Debug.dll /reference:/usr/share/dotnet/packs/Microsoft.NETCore.App.Ref/9.0.4/ref/net9.0/System.Diagnostics.DiagnosticSource.dll /reference:/usr/share/dotnet/packs/Microsoft.NETCore.App.Ref/9.0.4/ref/net9.0/System.Diagnostics.FileVersionInfo.dll /reference:/usr/share/dotnet/packs/Microsoft.NETCore.App.Ref/9.0.4/ref/net9.0/System.Diagnostics.Process.dll /reference:/usr/share/dotnet/packs/Microsoft.NETCore.App.Ref/9.0.4/ref/net9.0/System.Diagnostics.StackTrace.dll /reference:/usr/share/dotnet/packs/Microsoft.NETCore.App.Ref/9.0.4/ref/net9.0/System.Diagnostics.TextWriterTraceListener.dll /reference:/usr/share/dotnet/packs/Microsoft.NETCore.App.Ref/9.0.4/ref/net9.0/System.Diagnostics.Tools.dll /reference:/usr/share/dotnet/packs/Microsoft.NETCore.App.Ref/9.0.4/ref/net9.0/System.Diagnostics.TraceSource.dll /reference:/usr/share/dotnet/packs/Microsoft.NETCore.App.Ref/9.0.4/ref/net9.0/System.Diagnostics.Tracing.dll /reference:/usr/share/dotnet/packs/Microsoft.NETCore.App.Ref/9.0.4/ref/net9.0/System.dll /reference:/usr/share/dotnet/packs/Microsoft.NETCore.App.Ref/9.0.4/ref/net9.0/System.Drawing.dll /reference:/usr/share/dotnet/packs/Microsoft.NETCore.App.Ref/9.0.4/ref/net9.0/System.Drawing.Primitives.dll /reference:/usr/share/dotnet/packs/Microsoft.NETCore.App.Ref/9.0.4/ref/net9.0/System.Dynamic.Runtime.dll /reference:/usr/share/dotnet/packs/Microsoft.NETCore.App.Ref/9.0.4/ref/net9.0/System.Formats.Asn1.dll /reference:/usr/share/dotnet/packs/Microsoft.NETCore.App.Ref/9.0.4/ref/net9.0/System.Formats.Tar.dll /reference:/usr/share/dotnet/packs/Microsoft.NETCore.App.Ref/9.0.4/ref/net9.0/System.Globalization.Calendars.dll /reference:/usr/share/dotnet/packs/Microsoft.NETCore.App.Ref/9.0.4/ref/net9.0/System.Globalization.dll /reference:/usr/share/dotnet/packs/Microsoft.NETCore.App.Ref/9.0.4/ref/net9.0/System.Globalization.Extensions.dll /reference:/home/quinngil/.nuget/packages/system.identitymodel.tokens.jwt/8.0.1/lib/net9.0/System.IdentityModel.Tokens.Jwt.dll /reference:/usr/share/dotnet/packs/Microsoft.NETCore.App.Ref/9.0.4/ref/net9.0/System.IO.Compression.Brotli.dll /reference:/usr/share/dotnet/packs/Microsoft.NETCore.App.Ref/9.0.4/ref/net9.0/System.IO.Compression.dll /reference:/usr/share/dotnet/packs/Microsoft.NETCore.App.Ref/9.0.4/ref/net9.0/System.IO.Compression.FileSystem.dll /reference:/usr/share/dotnet/packs/Microsoft.NETCore.App.Ref/9.0.4/ref/net9.0/System.IO.Compression.ZipFile.dll /reference:/usr/share/dotnet/packs/Microsoft.NETCore.App.Ref/9.0.4/ref/net9.0/System.IO.dll /reference:/usr/share/dotnet/packs/Microsoft.NETCore.App.Ref/9.0.4/ref/net9.0/System.IO.FileSystem.AccessControl.dll /reference:/usr/share/dotnet/packs/Microsoft.NETCore.App.Ref/9.0.4/ref/net9.0/System.IO.FileSystem.dll /reference:/usr/share/dotnet/packs/Microsoft.NETCore.App.Ref/9.0.4/ref/net9.0/System.IO.FileSystem.DriveInfo.dll /reference:/usr/share/dotnet/packs/Microsoft.NETCore.App.Ref/9.0.4/ref/net9.0/System.IO.FileSystem.Primitives.dll /reference:/usr/share/dotnet/packs/Microsoft.NETCore.App.Ref/9.0.4/ref/net9.0/System.IO.FileSystem.Watcher.dll /reference:/usr/share/dotnet/packs/Microsoft.NETCore.App.Ref/9.0.4/ref/net9.0/System.IO.IsolatedStorage.dll /reference:/usr/share/dotnet/packs/Microsoft.NETCore.App.Ref/9.0.4/ref/net9.0/System.IO.MemoryMappedFiles.dll /reference:/usr/share/dotnet/packs/Microsoft.NETCore.App.Ref/9.0.4/ref/net9.0/System.IO.Pipelines.dll /reference:/usr/share/dotnet/packs/Microsoft.NETCore.App.Ref/9.0.4/ref/net9.0/System.IO.Pipes.AccessControl.dll /reference:/usr/share/dotnet/packs/Microsoft.NETCore.App.Ref/9.0.4/ref/net9.0/System.IO.Pipes.dll /reference:/usr/share/dotnet/packs/Microsoft.NETCore.App.Ref/9.0.4/ref/net9.0/System.IO.UnmanagedMemoryStream.dll /reference:/usr/share/dotnet/packs/Microsoft.NETCore.App.Ref/9.0.4/ref/net9.0/System.Linq.dll /reference:/usr/share/dotnet/packs/Microsoft.NETCore.App.Ref/9.0.4/ref/net9.0/System.Linq.Expressions.dll /reference:/usr/share/dotnet/packs/Microsoft.NETCore.App.Ref/9.0.4/ref/net9.0/System.Linq.Parallel.dll /reference:/usr/share/dotnet/packs/Microsoft.NETCore.App.Ref/9.0.4/ref/net9.0/System.Linq.Queryable.dll /reference:/usr/share/dotnet/packs/Microsoft.NETCore.App.Ref/9.0.4/ref/net9.0/System.Memory.dll /reference:/usr/share/dotnet/packs/Microsoft.NETCore.App.Ref/9.0.4/ref/net9.0/System.Net.dll /reference:/usr/share/dotnet/packs/Microsoft.NETCore.App.Ref/9.0.4/ref/net9.0/System.Net.Http.dll /reference:/usr/share/dotnet/packs/Microsoft.NETCore.App.Ref/9.0.4/ref/net9.0/System.Net.Http.Json.dll /reference:/usr/share/dotnet/packs/Microsoft.NETCore.App.Ref/9.0.4/ref/net9.0/System.Net.HttpListener.dll /reference:/usr/share/dotnet/packs/Microsoft.NETCore.App.Ref/9.0.4/ref/net9.0/System.Net.Mail.dll /reference:/usr/share/dotnet/packs/Microsoft.NETCore.App.Ref/9.0.4/ref/net9.0/System.Net.NameResolution.dll /reference:/usr/share/dotnet/packs/Microsoft.NETCore.App.Ref/9.0.4/ref/net9.0/System.Net.NetworkInformation.dll /reference:/usr/share/dotnet/packs/Microsoft.NETCore.App.Ref/9.0.4/ref/net9.0/System.Net.Ping.dll /reference:/usr/share/dotnet/packs/Microsoft.NETCore.App.Ref/9.0.4/ref/net9.0/System.Net.Primitives.dll /reference:/usr/share/dotnet/packs/Microsoft.NETCore.App.Ref/9.0.4/ref/net9.0/System.Net.Quic.dll /reference:/usr/share/dotnet/packs/Microsoft.NETCore.App.Ref/9.0.4/ref/net9.0/System.Net.Requests.dll /reference:/usr/share/dotnet/packs/Microsoft.NETCore.App.Ref/9.0.4/ref/net9.0/System.Net.Security.dll /reference:/usr/share/dotnet/packs/Microsoft.NETCore.App.Ref/9.0.4/ref/net9.0/System.Net.ServicePoint.dll /reference:/usr/share/dotnet/packs/Microsoft.NETCore.App.Ref/9.0.4/ref/net9.0/System.Net.Sockets.dll /reference:/usr/share/dotnet/packs/Microsoft.NETCore.App.Ref/9.0.4/ref/net9.0/System.Net.WebClient.dll /reference:/usr/share/dotnet/packs/Microsoft.NETCore.App.Ref/9.0.4/ref/net9.0/System.Net.WebHeaderCollection.dll /reference:/usr/share/dotnet/packs/Microsoft.NETCore.App.Ref/9.0.4/ref/net9.0/System.Net.WebProxy.dll /reference:/usr/share/dotnet/packs/Microsoft.NETCore.App.Ref/9.0.4/ref/net9.0/System.Net.WebSockets.Client.dll /reference:/usr/share/dotnet/packs/Microsoft.NETCore.App.Ref/9.0.4/ref/net9.0/System.Net.WebSockets.dll /reference:/usr/share/dotnet/packs/Microsoft.NETCore.App.Ref/9.0.4/ref/net9.0/System.Numerics.dll /reference:/usr/share/dotnet/packs/Microsoft.NETCore.App.Ref/9.0.4/ref/net9.0/System.Numerics.Vectors.dll /reference:/usr/share/dotnet/packs/Microsoft.NETCore.App.Ref/9.0.4/ref/net9.0/System.ObjectModel.dll /reference:/usr/share/dotnet/packs/Microsoft.NETCore.App.Ref/9.0.4/ref/net9.0/System.Reflection.DispatchProxy.dll /reference:/usr/share/dotnet/packs/Microsoft.NETCore.App.Ref/9.0.4/ref/net9.0/System.Reflection.dll /reference:/usr/share/dotnet/packs/Microsoft.NETCore.App.Ref/9.0.4/ref/net9.0/System.Reflection.Emit.dll /reference:/usr/share/dotnet/packs/Microsoft.NETCore.App.Ref/9.0.4/ref/net9.0/System.Reflection.Emit.ILGeneration.dll /reference:/usr/share/dotnet/packs/Microsoft.NETCore.App.Ref/9.0.4/ref/net9.0/System.Reflection.Emit.Lightweight.dll /reference:/usr/share/dotnet/packs/Microsoft.NETCore.App.Ref/9.0.4/ref/net9.0/System.Reflection.Extensions.dll /reference:/usr/share/dotnet/packs/Microsoft.NETCore.App.Ref/9.0.4/ref/net9.0/System.Reflection.Metadata.dll /reference:/usr/share/dotnet/packs/Microsoft.NETCore.App.Ref/9.0.4/ref/net9.0/System.Reflection.Primitives.dll /reference:/usr/share/dotnet/packs/Microsoft.NETCore.App.Ref/9.0.4/ref/net9.0/System.Reflection.TypeExtensions.dll /reference:/usr/share/dotnet/packs/Microsoft.NETCore.App.Ref/9.0.4/ref/net9.0/System.Resources.Reader.dll /reference:/usr/share/dotnet/packs/Microsoft.NETCore.App.Ref/9.0.4/ref/net9.0/System.Resources.ResourceManager.dll /reference:/usr/share/dotnet/packs/Microsoft.NETCore.App.Ref/9.0.4/ref/net9.0/System.Resources.Writer.dll /reference:/usr/share/dotnet/packs/Microsoft.NETCore.App.Ref/9.0.4/ref/net9.0/System.Runtime.CompilerServices.Unsafe.dll /reference:/usr/share/dotnet/packs/Microsoft.NETCore.App.Ref/9.0.4/ref/net9.0/System.Runtime.CompilerServices.VisualC.dll /reference:/usr/share/dotnet/packs/Microsoft.NETCore.App.Ref/9.0.4/ref/net9.0/System.Runtime.dll /reference:/usr/share/dotnet/packs/Microsoft.NETCore.App.Ref/9.0.4/ref/net9.0/System.Runtime.Extensions.dll /reference:/usr/share/dotnet/packs/Microsoft.NETCore.App.Ref/9.0.4/ref/net9.0/System.Runtime.Handles.dll /reference:/usr/share/dotnet/packs/Microsoft.NETCore.App.Ref/9.0.4/ref/net9.0/System.Runtime.InteropServices.dll /reference:/usr/share/dotnet/packs/Microsoft.NETCore.App.Ref/9.0.4/ref/net9.0/System.Runtime.InteropServices.JavaScript.dll /reference:/usr/share/dotnet/packs/Microsoft.NETCore.App.Ref/9.0.4/ref/net9.0/System.Runtime.InteropServices.RuntimeInformation.dll /reference:/usr/share/dotnet/packs/Microsoft.NETCore.App.Ref/9.0.4/ref/net9.0/System.Runtime.Intrinsics.dll /reference:/usr/share/dotnet/packs/Microsoft.NETCore.App.Ref/9.0.4/ref/net9.0/System.Runtime.Loader.dll /reference:/usr/share/dotnet/packs/Microsoft.NETCore.App.Ref/9.0.4/ref/net9.0/System.Runtime.Numerics.dll /reference:/usr/share/dotnet/packs/Microsoft.NETCore.App.Ref/9.0.4/ref/net9.0/System.Runtime.Serialization.dll /reference:/usr/share/dotnet/packs/Microsoft.NETCore.App.Ref/9.0.4/ref/net9.0/System.Runtime.Serialization.Formatters.dll /reference:/usr/share/dotnet/packs/Microsoft.NETCore.App.Ref/9.0.4/ref/net9.0/System.Runtime.Serialization.Json.dll /reference:/usr/share/dotnet/packs/Microsoft.NETCore.App.Ref/9.0.4/ref/net9.0/System.Runtime.Serialization.Primitives.dll /reference:/usr/share/dotnet/packs/Microsoft.NETCore.App.Ref/9.0.4/ref/net9.0/System.Runtime.Serialization.Xml.dll /reference:/usr/share/dotnet/packs/Microsoft.NETCore.App.Ref/9.0.4/ref/net9.0/System.Security.AccessControl.dll /reference:/usr/share/dotnet/packs/Microsoft.NETCore.App.Ref/9.0.4/ref/net9.0/System.Security.Claims.dll /reference:/usr/share/dotnet/packs/Microsoft.NETCore.App.Ref/9.0.4/ref/net9.0/System.Security.Cryptography.Algorithms.dll /reference:/usr/share/dotnet/packs/Microsoft.NETCore.App.Ref/9.0.4/ref/net9.0/System.Security.Cryptography.Cng.dll /reference:/usr/share/dotnet/packs/Microsoft.NETCore.App.Ref/9.0.4/ref/net9.0/System.Security.Cryptography.Csp.dll /reference:/usr/share/dotnet/packs/Microsoft.NETCore.App.Ref/9.0.4/ref/net9.0/System.Security.Cryptography.dll /reference:/usr/share/dotnet/packs/Microsoft.NETCore.App.Ref/9.0.4/ref/net9.0/System.Security.Cryptography.Encoding.dll /reference:/usr/share/dotnet/packs/Microsoft.NETCore.App.Ref/9.0.4/ref/net9.0/System.Security.Cryptography.OpenSsl.dll /reference:/usr/share/dotnet/packs/Microsoft.NETCore.App.Ref/9.0.4/ref/net9.0/System.Security.Cryptography.Primitives.dll /reference:/usr/share/dotnet/packs/Microsoft.NETCore.App.Ref/9.0.4/ref/net9.0/System.Security.Cryptography.X509Certificates.dll /reference:/usr/share/dotnet/packs/Microsoft.NETCore.App.Ref/9.0.4/ref/net9.0/System.Security.dll /reference:/usr/share/dotnet/packs/Microsoft.NETCore.App.Ref/9.0.4/ref/net9.0/System.Security.Principal.dll /reference:/usr/share/dotnet/packs/Microsoft.NETCore.App.Ref/9.0.4/ref/net9.0/System.Security.Principal.Windows.dll /reference:/usr/share/dotnet/packs/Microsoft.NETCore.App.Ref/9.0.4/ref/net9.0/System.Security.SecureString.dll /reference:/usr/share/dotnet/packs/Microsoft.NETCore.App.Ref/9.0.4/ref/net9.0/System.ServiceModel.Web.dll /reference:/usr/share/dotnet/packs/Microsoft.NETCore.App.Ref/9.0.4/ref/net9.0/System.ServiceProcess.dll /reference:/usr/share/dotnet/packs/Microsoft.NETCore.App.Ref/9.0.4/ref/net9.0/System.Text.Encoding.CodePages.dll /reference:/usr/share/dotnet/packs/Microsoft.NETCore.App.Ref/9.0.4/ref/net9.0/System.Text.Encoding.dll /reference:/usr/share/dotnet/packs/Microsoft.NETCore.App.Ref/9.0.4/ref/net9.0/System.Text.Encoding.Extensions.dll /reference:/usr/share/dotnet/packs/Microsoft.NETCore.App.Ref/9.0.4/ref/net9.0/System.Text.Encodings.Web.dll /reference:/home/quinngil/.nuget/packages/system.text.json/9.0.8/lib/net9.0/System.Text.Json.dll /reference:/usr/share/dotnet/packs/Microsoft.NETCore.App.Ref/9.0.4/ref/net9.0/System.Text.RegularExpressions.dll /reference:/usr/share/dotnet/packs/Microsoft.NETCore.App.Ref/9.0.4/ref/net9.0/System.Threading.Channels.dll /reference:/usr/share/dotnet/packs/Microsoft.NETCore.App.Ref/9.0.4/ref/net9.0/System.Threading.dll /reference:/usr/share/dotnet/packs/Microsoft.NETCore.App.Ref/9.0.4/ref/net9.0/System.Threading.Overlapped.dll /reference:/usr/share/dotnet/packs/Microsoft.NETCore.App.Ref/9.0.4/ref/net9.0/System.Threading.Tasks.Dataflow.dll /reference:/usr/share/dotnet/packs/Microsoft.NETCore.App.Ref/9.0.4/ref/net9.0/System.Threading.Tasks.dll /reference:/usr/share/dotnet/packs/Microsoft.NETCore.App.Ref/9.0.4/ref/net9.0/System.Threading.Tasks.Extensions.dll /reference:/usr/share/dotnet/packs/Microsoft.NETCore.App.Ref/9.0.4/ref/net9.0/System.Threading.Tasks.Parallel.dll /reference:/usr/share/dotnet/packs/Microsoft.NETCore.App.Ref/9.0.4/ref/net9.0/System.Threading.Thread.dll /reference:/usr/share/dotnet/packs/Microsoft.NETCore.App.Ref/9.0.4/ref/net9.0/System.Threading.ThreadPool.dll /reference:/usr/share/dotnet/packs/Microsoft.NETCore.App.Ref/9.0.4/ref/net9.0/System.Threading.Timer.dll /reference:/usr/share/dotnet/packs/Microsoft.NETCore.App.Ref/9.0.4/ref/net9.0/System.Transactions.dll /reference:/usr/share/dotnet/packs/Microsoft.NETCore.App.Ref/9.0.4/ref/net9.0/System.Transactions.Local.dll /reference:/usr/share/dotnet/packs/Microsoft.NETCore.App.Ref/9.0.4/ref/net9.0/System.ValueTuple.dll /reference:/usr/share/dotnet/packs/Microsoft.NETCore.App.Ref/9.0.4/ref/net9.0/System.Web.dll /reference:/usr/share/dotnet/packs/Microsoft.NETCore.App.Ref/9.0.4/ref/net9.0/System.Web.HttpUtility.dll /reference:/usr/share/dotnet/packs/Microsoft.NETCore.App.Ref/9.0.4/ref/net9.0/System.Windows.dll /reference:/usr/share/dotnet/packs/Microsoft.NETCore.App.Ref/9.0.4/ref/net9.0/System.Xml.dll /reference:/usr/share/dotnet/packs/Microsoft.NETCore.App.Ref/9.0.4/ref/net9.0/System.Xml.Linq.dll /reference:/usr/share/dotnet/packs/Microsoft.NETCore.App.Ref/9.0.4/ref/net9.0/System.Xml.ReaderWriter.dll /reference:/usr/share/dotnet/packs/Microsoft.NETCore.App.Ref/9.0.4/ref/net9.0/System.Xml.Serialization.dll /reference:/usr/share/dotnet/packs/Microsoft.NETCore.App.Ref/9.0.4/ref/net9.0/System.Xml.XDocument.dll /reference:/usr/share/dotnet/packs/Microsoft.NETCore.App.Ref/9.0.4/ref/net9.0/System.Xml.XmlDocument.dll /reference:/usr/share/dotnet/packs/Microsoft.NETCore.App.Ref/9.0.4/ref/net9.0/System.Xml.XmlSerializer.dll /reference:/usr/share/dotnet/packs/Microsoft.NETCore.App.Ref/9.0.4/ref/net9.0/System.Xml.XPath.dll /reference:/usr/share/dotnet/packs/Microsoft.NETCore.App.Ref/9.0.4/ref/net9.0/System.Xml.XPath.XDocument.dll /reference:/home/quinngil/.nuget/packages/microsoft.testplatform.testhost/17.14.1/lib/net8.0/testhost.dll /reference:/usr/share/dotnet/packs/Microsoft.NETCore.App.Ref/9.0.4/ref/net9.0/WindowsBase.dll /debug- /debug:portable /filealign:512 /optimize+ /out:obj/Release/net9.0/Lib.Universal.Tests.dll /refout:obj/Release/net9.0/refint/Lib.Universal.Tests.dll /reportanalyzer /target:exe /warnaserror+ /utf8output /deterministic+ /sourcelink:obj/Release/net9.0/Lib.Universal.Tests.sourcelink.json /langversion:latest /features:strict /embed:/home/quinngil/.nuget/packages/microsoft.net.test.sdk/17.14.1/build/net8.0/Microsoft.NET.Test.Sdk.Program.cs /embed:obj/Release/net9.0/Lib.Universal.Tests.GlobalUsings.g.cs /embed:"obj/Release/net9.0/.NETCoreApp,Version=v9.0.AssemblyAttributes.cs" /embed:obj/Release/net9.0/Lib.Universal.Tests.AssemblyInfo.cs /analyzerconfig:/mnt/d/src/MtgDiscoveryVibeWorkspace/IMPLS/src/.editorconfig /analyzerconfig:/home/quinngil/.nuget/packages/mstest.analyzers/3.10.1/buildTransitive/../globalconfigs/mstest-default.globalconfig /analyzerconfig:obj/Release/net9.0/Lib.Universal.Tests.GeneratedMSBuildEditorConfig.editorconfig /analyzerconfig:/usr/share/dotnet/sdk/9.0.203/Sdks/Microsoft.NET.Sdk/analyzers/build/config/analysislevel_9_all_warnaserror.globalconfig /analyzer:/usr/share/dotnet/sdk/9.0.203/Sdks/Microsoft.NET.Sdk/targets/../analyzers/Microsoft.CodeAnalysis.CSharp.NetAnalyzers.dll /analyzer:/usr/share/dotnet/sdk/9.0.203/Sdks/Microsoft.NET.Sdk/targets/../analyzers/Microsoft.CodeAnalysis.NetAnalyzers.dll /analyzer:/usr/share/dotnet/sdk/9.0.203/Sdks/Microsoft.NET.Sdk/targets/../codestyle/cs/Microsoft.CodeAnalysis.CodeStyle.dll /analyzer:/usr/share/dotnet/sdk/9.0.203/Sdks/Microsoft.NET.Sdk/targets/../codestyle/cs/Microsoft.CodeAnalysis.CodeStyle.Fixes.dll /analyzer:/usr/share/dotnet/sdk/9.0.203/Sdks/Microsoft.NET.Sdk/targets/../codestyle/cs/Microsoft.CodeAnalysis.CSharp.CodeStyle.dll /analyzer:/usr/share/dotnet/sdk/9.0.203/Sdks/Microsoft.NET.Sdk/targets/../codestyle/cs/Microsoft.CodeAnalysis.CSharp.CodeStyle.Fixes.dll /analyzer:/home/quinngil/.nuget/packages/microsoft.codeanalysis.bannedapianalyzers/4.14.0/analyzers/dotnet/cs/Microsoft.CodeAnalysis.BannedApiAnalyzers.dll /analyzer:/home/quinngil/.nuget/packages/microsoft.codeanalysis.bannedapianalyzers/4.14.0/analyzers/dotnet/cs/Microsoft.CodeAnalysis.CSharp.BannedApiAnalyzers.dll /analyzer:/home/quinngil/.nuget/packages/microsoft.extensions.logging.abstractions/9.0.0/analyzers/dotnet/roslyn4.4/cs/Microsoft.Extensions.Logging.Generators.dll /analyzer:/home/quinngil/.nuget/packages/microsoft.extensions.options/9.0.0/analyzers/dotnet/roslyn4.4/cs/Microsoft.Extensions.Options.SourceGeneration.dll /analyzer:/home/quinngil/.nuget/packages/mstest.analyzers/3.10.1/analyzers/dotnet/cs/MSTest.Analyzers.CodeFixes.dll /analyzer:/home/quinngil/.nuget/packages/mstest.analyzers/3.10.1/analyzers/dotnet/cs/MSTest.Analyzers.dll /analyzer:/home/quinngil/.nuget/packages/system.text.json/9.0.8/analyzers/dotnet/roslyn4.4/cs/System.Text.Json.SourceGeneration.dll /analyzer:/usr/share/dotnet/packs/Microsoft.NETCore.App.Ref/9.0.4/analyzers/dotnet/cs/Microsoft.Interop.ComInterfaceGenerator.dll /analyzer:/usr/share/dotnet/packs/Microsoft.NETCore.App.Ref/9.0.4/analyzers/dotnet/cs/Microsoft.Interop.JavaScript.JSImportGenerator.dll /analyzer:/usr/share/dotnet/packs/Microsoft.NETCore.App.Ref/9.0.4/analyzers/dotnet/cs/Microsoft.Interop.LibraryImportGenerator.dll /analyzer:/usr/share/dotnet/packs/Microsoft.NETCore.App.Ref/9.0.4/analyzers/dotnet/cs/Microsoft.Interop.SourceGeneration.dll /analyzer:/usr/share/dotnet/packs/Microsoft.NETCore.App.Ref/9.0.4/analyzers/dotnet/cs/System.Text.RegularExpressions.Generator.dll /additionalfile:/mnt/d/src/MtgDiscoveryVibeWorkspace/IMPLS/src/BannedSymbols.txt /additionalfile:/mnt/d/src/MtgDiscoveryVibeWorkspace/IMPLS/src/.editorconfig BaseToSystemTypeTests.cs /home/quinngil/.nuget/packages/microsoft.net.test.sdk/17.14.1/build/net8.0/Microsoft.NET.Test.Sdk.Program.cs obj/Release/net9.0/Lib.Universal.Tests.GlobalUsings.g.cs "obj/Release/net9.0/.NETCoreApp,Version=v9.0.AssemblyAttributes.cs" obj/Release/net9.0/Lib.Universal.Tests.AssemblyInfo.cs /warnaserror+:NU1605,SYSLIB0011
     6>CoreCompile:
         CompilerServer: server - server processed compilation - Example.Core (net9.0)
    10>CoreCompile:
         CompilerServer: server - server processed compilation - Lib.Scryfall.Shared (net9.0)
     6>_CopyFilesMarkedCopyLocal:
         Copying file from "/mnt/d/src/MtgDiscoveryVibeWorkspace/IMPLS/src/Lib.Universal/bin/Release/net9.0/Lib.Universal.dll" to "/mnt/d/src/MtgDiscoveryVibeWorkspace/IMPLS/src/Example.Core/bin/Release/net9.0/Lib.Universal.dll".
         Copying file from "/mnt/d/src/MtgDiscoveryVibeWorkspace/IMPLS/src/Lib.Universal/bin/Release/net9.0/Lib.Universal.pdb" to "/mnt/d/src/MtgDiscoveryVibeWorkspace/IMPLS/src/Example.Core/bin/Release/net9.0/Lib.Universal.pdb".
    10>_CopyFilesMarkedCopyLocal:
         Copying file from "/mnt/d/src/MtgDiscoveryVibeWorkspace/IMPLS/src/Lib.Universal/bin/Release/net9.0/Lib.Universal.dll" to "/mnt/d/src/MtgDiscoveryVibeWorkspace/IMPLS/src/Lib.Scryfall.Shared/bin/Release/net9.0/Lib.Universal.dll".
         Copying file from "/mnt/d/src/MtgDiscoveryVibeWorkspace/IMPLS/src/Lib.Universal/bin/Release/net9.0/Lib.Universal.pdb" to "/mnt/d/src/MtgDiscoveryVibeWorkspace/IMPLS/src/Lib.Scryfall.Shared/bin/Release/net9.0/Lib.Universal.pdb".
     6>_CopyFilesMarkedCopyLocal:
         Touching "/mnt/d/src/MtgDiscoveryVibeWorkspace/IMPLS/src/Example.Core/obj/Release/net9.0/Example..1068AFAB.Up2Date".
    10>_CopyFilesMarkedCopyLocal:
         Touching "/mnt/d/src/MtgDiscoveryVibeWorkspace/IMPLS/src/Lib.Scryfall.Shared/obj/Release/net9.0/Lib.Scry.2C5E5AE2.Up2Date".
     9>CoreCompile:
         /usr/share/dotnet/dotnet exec "/usr/share/dotnet/sdk/9.0.203/Roslyn/bincore/csc.dll" /noconfig /unsafe- /checked- /nowarn:IDE0290,IDE2001,IDE0005,IDE0046,CA1716,CA1040,CA1056,IDE0060,CA2000,CA1515,CA2225,CA1062,CA1859,CA1822,1701,1702 /fullpaths /nostdlib+ /errorreport:prompt /warn:9 /define:TRACE;RELEASE;NET;NET9_0;NETCOREAPP;NET5_0_OR_GREATER;NET6_0_OR_GREATER;NET7_0_OR_GREATER;NET8_0_OR_GREATER;NET9_0_OR_GREATER;NETCOREAPP1_0_OR_GREATER;NETCOREAPP1_1_OR_GREATER;NETCOREAPP2_0_OR_GREATER;NETCOREAPP2_1_OR_GREATER;NETCOREAPP2_2_OR_GREATER;NETCOREAPP3_0_OR_GREATER;NETCOREAPP3_1_OR_GREATER /highentropyva+ /nullable:warnings /reference:/home/quinngil/.nuget/packages/awesomeassertions/9.1.0/lib/net8.0/AwesomeAssertions.dll /reference:/mnt/d/src/MtgDiscoveryVibeWorkspace/IMPLS/src/Lib.Universal/obj/Release/net9.0/ref/Lib.Universal.dll /reference:/home/quinngil/.nuget/packages/microsoft.applicationinsights/2.23.0/lib/netstandard2.0/Microsoft.ApplicationInsights.dll /reference:/usr/share/dotnet/packs/Microsoft.NETCore.App.Ref/9.0.4/ref/net9.0/Microsoft.CSharp.dll /reference:/home/quinngil/.nuget/packages/microsoft.extensions.caching.abstractions/9.0.0/lib/net9.0/Microsoft.Extensions.Caching.Abstractions.dll /reference:/home/quinngil/.nuget/packages/microsoft.extensions.caching.memory/9.0.0/lib/net9.0/Microsoft.Extensions.Caching.Memory.dll /reference:/home/quinngil/.nuget/packages/microsoft.extensions.configuration.abstractions/9.0.5/lib/net9.0/Microsoft.Extensions.Configuration.Abstractions.dll /reference:/home/quinngil/.nuget/packages/microsoft.extensions.configuration/9.0.5/lib/net9.0/Microsoft.Extensions.Configuration.dll /reference:/home/quinngil/.nuget/packages/microsoft.extensions.dependencyinjection.abstractions/9.0.0/lib/net9.0/Microsoft.Extensions.DependencyInjection.Abstractions.dll /reference:/home/quinngil/.nuget/packages/microsoft.extensions.logging.abstractions/9.0.0/lib/net9.0/Microsoft.Extensions.Logging.Abstractions.dll /reference:/home/quinngil/.nuget/packages/microsoft.extensions.options/9.0.0/lib/net9.0/Microsoft.Extensions.Options.dll /reference:/home/quinngil/.nuget/packages/microsoft.extensions.primitives/9.0.5/lib/net9.0/Microsoft.Extensions.Primitives.dll /reference:/home/quinngil/.nuget/packages/microsoft.identitymodel.abstractions/8.0.1/lib/net9.0/Microsoft.IdentityModel.Abstractions.dll /reference:/home/quinngil/.nuget/packages/microsoft.identitymodel.jsonwebtokens/8.0.1/lib/net9.0/Microsoft.IdentityModel.JsonWebTokens.dll /reference:/home/quinngil/.nuget/packages/microsoft.identitymodel.logging/8.0.1/lib/net9.0/Microsoft.IdentityModel.Logging.dll /reference:/home/quinngil/.nuget/packages/microsoft.identitymodel.tokens/8.0.1/lib/net9.0/Microsoft.IdentityModel.Tokens.dll /reference:/home/quinngil/.nuget/packages/microsoft.testing.platform.msbuild/1.8.1/lib/net9.0/Microsoft.Testing.Extensions.MSBuild.dll /reference:/home/quinngil/.nuget/packages/microsoft.testing.extensions.telemetry/1.8.1/lib/net9.0/Microsoft.Testing.Extensions.Telemetry.dll /reference:/home/quinngil/.nuget/packages/microsoft.testing.extensions.trxreport.abstractions/1.8.1/lib/net9.0/Microsoft.Testing.Extensions.TrxReport.Abstractions.dll /reference:/home/quinngil/.nuget/packages/microsoft.testing.extensions.vstestbridge/1.8.1/lib/net9.0/Microsoft.Testing.Extensions.VSTestBridge.dll /reference:/home/quinngil/.nuget/packages/microsoft.testing.platform/1.8.1/lib/net9.0/Microsoft.Testing.Platform.dll /reference:/home/quinngil/.nuget/packages/microsoft.testplatform.adapterutilities/17.13.0/lib/net9.0/Microsoft.TestPlatform.AdapterUtilities.dll /reference:/home/quinngil/.nuget/packages/microsoft.testplatform.testhost/17.14.1/lib/net8.0/Microsoft.TestPlatform.CommunicationUtilities.dll /reference:/home/quinngil/.nuget/packages/microsoft.testplatform.testhost/17.14.1/lib/net8.0/Microsoft.TestPlatform.CoreUtilities.dll /reference:/home/quinngil/.nuget/packages/microsoft.testplatform.testhost/17.14.1/lib/net8.0/Microsoft.TestPlatform.CrossPlatEngine.dll /reference:/home/quinngil/.nuget/packages/microsoft.testplatform.testhost/17.14.1/lib/net8.0/Microsoft.TestPlatform.PlatformAbstractions.dll /reference:/home/quinngil/.nuget/packages/microsoft.testplatform.testhost/17.14.1/lib/net8.0/Microsoft.TestPlatform.Utilities.dll /reference:/usr/share/dotnet/packs/Microsoft.NETCore.App.Ref/9.0.4/ref/net9.0/Microsoft.VisualBasic.Core.dll /reference:/usr/share/dotnet/packs/Microsoft.NETCore.App.Ref/9.0.4/ref/net9.0/Microsoft.VisualBasic.dll /reference:/home/quinngil/.nuget/packages/microsoft.codecoverage/17.14.1/lib/net8.0/Microsoft.VisualStudio.CodeCoverage.Shim.dll /reference:/home/quinngil/.nuget/packages/microsoft.testplatform.testhost/17.14.1/lib/net8.0/Microsoft.VisualStudio.TestPlatform.Common.dll /reference:/home/quinngil/.nuget/packages/microsoft.testplatform.testhost/17.14.1/lib/net8.0/Microsoft.VisualStudio.TestPlatform.ObjectModel.dll /reference:/home/quinngil/.nuget/packages/mstest.testframework/3.10.1/lib/net9.0/Microsoft.VisualStudio.TestPlatform.TestFramework.dll /reference:/home/quinngil/.nuget/packages/mstest.testframework/3.10.1/buildTransitive/net9.0/Microsoft.VisualStudio.TestPlatform.TestFramework.Extensions.dll /reference:/usr/share/dotnet/packs/Microsoft.NETCore.App.Ref/9.0.4/ref/net9.0/Microsoft.Win32.Primitives.dll /reference:/usr/share/dotnet/packs/Microsoft.NETCore.App.Ref/9.0.4/ref/net9.0/Microsoft.Win32.Registry.dll /reference:/usr/share/dotnet/packs/Microsoft.NETCore.App.Ref/9.0.4/ref/net9.0/mscorlib.dll /reference:/usr/share/dotnet/packs/Microsoft.NETCore.App.Ref/9.0.4/ref/net9.0/netstandard.dll /reference:/home/quinngil/.nuget/packages/newtonsoft.json/13.0.3/lib/net6.0/Newtonsoft.Json.dll /reference:/usr/share/dotnet/packs/Microsoft.NETCore.App.Ref/9.0.4/ref/net9.0/System.AppContext.dll /reference:/usr/share/dotnet/packs/Microsoft.NETCore.App.Ref/9.0.4/ref/net9.0/System.Buffers.dll /reference:/usr/share/dotnet/packs/Microsoft.NETCore.App.Ref/9.0.4/ref/net9.0/System.Collections.Concurrent.dll /reference:/usr/share/dotnet/packs/Microsoft.NETCore.App.Ref/9.0.4/ref/net9.0/System.Collections.dll /reference:/usr/share/dotnet/packs/Microsoft.NETCore.App.Ref/9.0.4/ref/net9.0/System.Collections.Immutable.dll /reference:/usr/share/dotnet/packs/Microsoft.NETCore.App.Ref/9.0.4/ref/net9.0/System.Collections.NonGeneric.dll /reference:/usr/share/dotnet/packs/Microsoft.NETCore.App.Ref/9.0.4/ref/net9.0/System.Collections.Specialized.dll /reference:/usr/share/dotnet/packs/Microsoft.NETCore.App.Ref/9.0.4/ref/net9.0/System.ComponentModel.Annotations.dll /reference:/usr/share/dotnet/packs/Microsoft.NETCore.App.Ref/9.0.4/ref/net9.0/System.ComponentModel.DataAnnotations.dll /reference:/usr/share/dotnet/packs/Microsoft.NETCore.App.Ref/9.0.4/ref/net9.0/System.ComponentModel.dll /reference:/usr/share/dotnet/packs/Microsoft.NETCore.App.Ref/9.0.4/ref/net9.0/System.ComponentModel.EventBasedAsync.dll /reference:/usr/share/dotnet/packs/Microsoft.NETCore.App.Ref/9.0.4/ref/net9.0/System.ComponentModel.Primitives.dll /reference:/usr/share/dotnet/packs/Microsoft.NETCore.App.Ref/9.0.4/ref/net9.0/System.ComponentModel.TypeConverter.dll /reference:/usr/share/dotnet/packs/Microsoft.NETCore.App.Ref/9.0.4/ref/net9.0/System.Configuration.dll /reference:/usr/share/dotnet/packs/Microsoft.NETCore.App.Ref/9.0.4/ref/net9.0/System.Console.dll /reference:/usr/share/dotnet/packs/Microsoft.NETCore.App.Ref/9.0.4/ref/net9.0/System.Core.dll /reference:/usr/share/dotnet/packs/Microsoft.NETCore.App.Ref/9.0.4/ref/net9.0/System.Data.Common.dll /reference:/usr/share/dotnet/packs/Microsoft.NETCore.App.Ref/9.0.4/ref/net9.0/System.Data.DataSetExtensions.dll /reference:/usr/share/dotnet/packs/Microsoft.NETCore.App.Ref/9.0.4/ref/net9.0/System.Data.dll /reference:/usr/share/dotnet/packs/Microsoft.NETCore.App.Ref/9.0.4/ref/net9.0/System.Diagnostics.Contracts.dll /reference:/usr/share/dotnet/packs/Microsoft.NETCore.App.Ref/9.0.4/ref/net9.0/System.Diagnostics.Debug.dll /reference:/usr/share/dotnet/packs/Microsoft.NETCore.App.Ref/9.0.4/ref/net9.0/System.Diagnostics.DiagnosticSource.dll /reference:/usr/share/dotnet/packs/Microsoft.NETCore.App.Ref/9.0.4/ref/net9.0/System.Diagnostics.FileVersionInfo.dll /reference:/usr/share/dotnet/packs/Microsoft.NETCore.App.Ref/9.0.4/ref/net9.0/System.Diagnostics.Process.dll /reference:/usr/share/dotnet/packs/Microsoft.NETCore.App.Ref/9.0.4/ref/net9.0/System.Diagnostics.StackTrace.dll /reference:/usr/share/dotnet/packs/Microsoft.NETCore.App.Ref/9.0.4/ref/net9.0/System.Diagnostics.TextWriterTraceListener.dll /reference:/usr/share/dotnet/packs/Microsoft.NETCore.App.Ref/9.0.4/ref/net9.0/System.Diagnostics.Tools.dll /reference:/usr/share/dotnet/packs/Microsoft.NETCore.App.Ref/9.0.4/ref/net9.0/System.Diagnostics.TraceSource.dll /reference:/usr/share/dotnet/packs/Microsoft.NETCore.App.Ref/9.0.4/ref/net9.0/System.Diagnostics.Tracing.dll /reference:/usr/share/dotnet/packs/Microsoft.NETCore.App.Ref/9.0.4/ref/net9.0/System.dll /reference:/usr/share/dotnet/packs/Microsoft.NETCore.App.Ref/9.0.4/ref/net9.0/System.Drawing.dll /reference:/usr/share/dotnet/packs/Microsoft.NETCore.App.Ref/9.0.4/ref/net9.0/System.Drawing.Primitives.dll /reference:/usr/share/dotnet/packs/Microsoft.NETCore.App.Ref/9.0.4/ref/net9.0/System.Dynamic.Runtime.dll /reference:/usr/share/dotnet/packs/Microsoft.NETCore.App.Ref/9.0.4/ref/net9.0/System.Formats.Asn1.dll /reference:/usr/share/dotnet/packs/Microsoft.NETCore.App.Ref/9.0.4/ref/net9.0/System.Formats.Tar.dll /reference:/usr/share/dotnet/packs/Microsoft.NETCore.App.Ref/9.0.4/ref/net9.0/System.Globalization.Calendars.dll /reference:/usr/share/dotnet/packs/Microsoft.NETCore.App.Ref/9.0.4/ref/net9.0/System.Globalization.dll /reference:/usr/share/dotnet/packs/Microsoft.NETCore.App.Ref/9.0.4/ref/net9.0/System.Globalization.Extensions.dll /reference:/home/quinngil/.nuget/packages/system.identitymodel.tokens.jwt/8.0.1/lib/net9.0/System.IdentityModel.Tokens.Jwt.dll /reference:/usr/share/dotnet/packs/Microsoft.NETCore.App.Ref/9.0.4/ref/net9.0/System.IO.Compression.Brotli.dll /reference:/usr/share/dotnet/packs/Microsoft.NETCore.App.Ref/9.0.4/ref/net9.0/System.IO.Compression.dll /reference:/usr/share/dotnet/packs/Microsoft.NETCore.App.Ref/9.0.4/ref/net9.0/System.IO.Compression.FileSystem.dll /reference:/usr/share/dotnet/packs/Microsoft.NETCore.App.Ref/9.0.4/ref/net9.0/System.IO.Compression.ZipFile.dll /reference:/usr/share/dotnet/packs/Microsoft.NETCore.App.Ref/9.0.4/ref/net9.0/System.IO.dll /reference:/usr/share/dotnet/packs/Microsoft.NETCore.App.Ref/9.0.4/ref/net9.0/System.IO.FileSystem.AccessControl.dll /reference:/usr/share/dotnet/packs/Microsoft.NETCore.App.Ref/9.0.4/ref/net9.0/System.IO.FileSystem.dll /reference:/usr/share/dotnet/packs/Microsoft.NETCore.App.Ref/9.0.4/ref/net9.0/System.IO.FileSystem.DriveInfo.dll /reference:/usr/share/dotnet/packs/Microsoft.NETCore.App.Ref/9.0.4/ref/net9.0/System.IO.FileSystem.Primitives.dll /reference:/usr/share/dotnet/packs/Microsoft.NETCore.App.Ref/9.0.4/ref/net9.0/System.IO.FileSystem.Watcher.dll /reference:/usr/share/dotnet/packs/Microsoft.NETCore.App.Ref/9.0.4/ref/net9.0/System.IO.IsolatedStorage.dll /reference:/usr/share/dotnet/packs/Microsoft.NETCore.App.Ref/9.0.4/ref/net9.0/System.IO.MemoryMappedFiles.dll /reference:/usr/share/dotnet/packs/Microsoft.NETCore.App.Ref/9.0.4/ref/net9.0/System.IO.Pipelines.dll /reference:/usr/share/dotnet/packs/Microsoft.NETCore.App.Ref/9.0.4/ref/net9.0/System.IO.Pipes.AccessControl.dll /reference:/usr/share/dotnet/packs/Microsoft.NETCore.App.Ref/9.0.4/ref/net9.0/System.IO.Pipes.dll /reference:/usr/share/dotnet/packs/Microsoft.NETCore.App.Ref/9.0.4/ref/net9.0/System.IO.UnmanagedMemoryStream.dll /reference:/usr/share/dotnet/packs/Microsoft.NETCore.App.Ref/9.0.4/ref/net9.0/System.Linq.dll /reference:/usr/share/dotnet/packs/Microsoft.NETCore.App.Ref/9.0.4/ref/net9.0/System.Linq.Expressions.dll /reference:/usr/share/dotnet/packs/Microsoft.NETCore.App.Ref/9.0.4/ref/net9.0/System.Linq.Parallel.dll /reference:/usr/share/dotnet/packs/Microsoft.NETCore.App.Ref/9.0.4/ref/net9.0/System.Linq.Queryable.dll /reference:/usr/share/dotnet/packs/Microsoft.NETCore.App.Ref/9.0.4/ref/net9.0/System.Memory.dll /reference:/usr/share/dotnet/packs/Microsoft.NETCore.App.Ref/9.0.4/ref/net9.0/System.Net.dll /reference:/usr/share/dotnet/packs/Microsoft.NETCore.App.Ref/9.0.4/ref/net9.0/System.Net.Http.dll /reference:/usr/share/dotnet/packs/Microsoft.NETCore.App.Ref/9.0.4/ref/net9.0/System.Net.Http.Json.dll /reference:/usr/share/dotnet/packs/Microsoft.NETCore.App.Ref/9.0.4/ref/net9.0/System.Net.HttpListener.dll /reference:/usr/share/dotnet/packs/Microsoft.NETCore.App.Ref/9.0.4/ref/net9.0/System.Net.Mail.dll /reference:/usr/share/dotnet/packs/Microsoft.NETCore.App.Ref/9.0.4/ref/net9.0/System.Net.NameResolution.dll /reference:/usr/share/dotnet/packs/Microsoft.NETCore.App.Ref/9.0.4/ref/net9.0/System.Net.NetworkInformation.dll /reference:/usr/share/dotnet/packs/Microsoft.NETCore.App.Ref/9.0.4/ref/net9.0/System.Net.Ping.dll /reference:/usr/share/dotnet/packs/Microsoft.NETCore.App.Ref/9.0.4/ref/net9.0/System.Net.Primitives.dll /reference:/usr/share/dotnet/packs/Microsoft.NETCore.App.Ref/9.0.4/ref/net9.0/System.Net.Quic.dll /reference:/usr/share/dotnet/packs/Microsoft.NETCore.App.Ref/9.0.4/ref/net9.0/System.Net.Requests.dll /reference:/usr/share/dotnet/packs/Microsoft.NETCore.App.Ref/9.0.4/ref/net9.0/System.Net.Security.dll /reference:/usr/share/dotnet/packs/Microsoft.NETCore.App.Ref/9.0.4/ref/net9.0/System.Net.ServicePoint.dll /reference:/usr/share/dotnet/packs/Microsoft.NETCore.App.Ref/9.0.4/ref/net9.0/System.Net.Sockets.dll /reference:/usr/share/dotnet/packs/Microsoft.NETCore.App.Ref/9.0.4/ref/net9.0/System.Net.WebClient.dll /reference:/usr/share/dotnet/packs/Microsoft.NETCore.App.Ref/9.0.4/ref/net9.0/System.Net.WebHeaderCollection.dll /reference:/usr/share/dotnet/packs/Microsoft.NETCore.App.Ref/9.0.4/ref/net9.0/System.Net.WebProxy.dll /reference:/usr/share/dotnet/packs/Microsoft.NETCore.App.Ref/9.0.4/ref/net9.0/System.Net.WebSockets.Client.dll /reference:/usr/share/dotnet/packs/Microsoft.NETCore.App.Ref/9.0.4/ref/net9.0/System.Net.WebSockets.dll /reference:/usr/share/dotnet/packs/Microsoft.NETCore.App.Ref/9.0.4/ref/net9.0/System.Numerics.dll /reference:/usr/share/dotnet/packs/Microsoft.NETCore.App.Ref/9.0.4/ref/net9.0/System.Numerics.Vectors.dll /reference:/usr/share/dotnet/packs/Microsoft.NETCore.App.Ref/9.0.4/ref/net9.0/System.ObjectModel.dll /reference:/usr/share/dotnet/packs/Microsoft.NETCore.App.Ref/9.0.4/ref/net9.0/System.Reflection.DispatchProxy.dll /reference:/usr/share/dotnet/packs/Microsoft.NETCore.App.Ref/9.0.4/ref/net9.0/System.Reflection.dll /reference:/usr/share/dotnet/packs/Microsoft.NETCore.App.Ref/9.0.4/ref/net9.0/System.Reflection.Emit.dll /reference:/usr/share/dotnet/packs/Microsoft.NETCore.App.Ref/9.0.4/ref/net9.0/System.Reflection.Emit.ILGeneration.dll /reference:/usr/share/dotnet/packs/Microsoft.NETCore.App.Ref/9.0.4/ref/net9.0/System.Reflection.Emit.Lightweight.dll /reference:/usr/share/dotnet/packs/Microsoft.NETCore.App.Ref/9.0.4/ref/net9.0/System.Reflection.Extensions.dll /reference:/usr/share/dotnet/packs/Microsoft.NETCore.App.Ref/9.0.4/ref/net9.0/System.Reflection.Metadata.dll /reference:/usr/share/dotnet/packs/Microsoft.NETCore.App.Ref/9.0.4/ref/net9.0/System.Reflection.Primitives.dll /reference:/usr/share/dotnet/packs/Microsoft.NETCore.App.Ref/9.0.4/ref/net9.0/System.Reflection.TypeExtensions.dll /reference:/usr/share/dotnet/packs/Microsoft.NETCore.App.Ref/9.0.4/ref/net9.0/System.Resources.Reader.dll /reference:/usr/share/dotnet/packs/Microsoft.NETCore.App.Ref/9.0.4/ref/net9.0/System.Resources.ResourceManager.dll /reference:/usr/share/dotnet/packs/Microsoft.NETCore.App.Ref/9.0.4/ref/net9.0/System.Resources.Writer.dll /reference:/usr/share/dotnet/packs/Microsoft.NETCore.App.Ref/9.0.4/ref/net9.0/System.Runtime.CompilerServices.Unsafe.dll /reference:/usr/share/dotnet/packs/Microsoft.NETCore.App.Ref/9.0.4/ref/net9.0/System.Runtime.CompilerServices.VisualC.dll /reference:/usr/share/dotnet/packs/Microsoft.NETCore.App.Ref/9.0.4/ref/net9.0/System.Runtime.dll /reference:/usr/share/dotnet/packs/Microsoft.NETCore.App.Ref/9.0.4/ref/net9.0/System.Runtime.Extensions.dll /reference:/usr/share/dotnet/packs/Microsoft.NETCore.App.Ref/9.0.4/ref/net9.0/System.Runtime.Handles.dll /reference:/usr/share/dotnet/packs/Microsoft.NETCore.App.Ref/9.0.4/ref/net9.0/System.Runtime.InteropServices.dll /reference:/usr/share/dotnet/packs/Microsoft.NETCore.App.Ref/9.0.4/ref/net9.0/System.Runtime.InteropServices.JavaScript.dll /reference:/usr/share/dotnet/packs/Microsoft.NETCore.App.Ref/9.0.4/ref/net9.0/System.Runtime.InteropServices.RuntimeInformation.dll /reference:/usr/share/dotnet/packs/Microsoft.NETCore.App.Ref/9.0.4/ref/net9.0/System.Runtime.Intrinsics.dll /reference:/usr/share/dotnet/packs/Microsoft.NETCore.App.Ref/9.0.4/ref/net9.0/System.Runtime.Loader.dll /reference:/usr/share/dotnet/packs/Microsoft.NETCore.App.Ref/9.0.4/ref/net9.0/System.Runtime.Numerics.dll /reference:/usr/share/dotnet/packs/Microsoft.NETCore.App.Ref/9.0.4/ref/net9.0/System.Runtime.Serialization.dll /reference:/usr/share/dotnet/packs/Microsoft.NETCore.App.Ref/9.0.4/ref/net9.0/System.Runtime.Serialization.Formatters.dll /reference:/usr/share/dotnet/packs/Microsoft.NETCore.App.Ref/9.0.4/ref/net9.0/System.Runtime.Serialization.Json.dll /reference:/usr/share/dotnet/packs/Microsoft.NETCore.App.Ref/9.0.4/ref/net9.0/System.Runtime.Serialization.Primitives.dll /reference:/usr/share/dotnet/packs/Microsoft.NETCore.App.Ref/9.0.4/ref/net9.0/System.Runtime.Serialization.Xml.dll /reference:/usr/share/dotnet/packs/Microsoft.NETCore.App.Ref/9.0.4/ref/net9.0/System.Security.AccessControl.dll /reference:/usr/share/dotnet/packs/Microsoft.NETCore.App.Ref/9.0.4/ref/net9.0/System.Security.Claims.dll /reference:/usr/share/dotnet/packs/Microsoft.NETCore.App.Ref/9.0.4/ref/net9.0/System.Security.Cryptography.Algorithms.dll /reference:/usr/share/dotnet/packs/Microsoft.NETCore.App.Ref/9.0.4/ref/net9.0/System.Security.Cryptography.Cng.dll /reference:/usr/share/dotnet/packs/Microsoft.NETCore.App.Ref/9.0.4/ref/net9.0/System.Security.Cryptography.Csp.dll /reference:/usr/share/dotnet/packs/Microsoft.NETCore.App.Ref/9.0.4/ref/net9.0/System.Security.Cryptography.dll /reference:/usr/share/dotnet/packs/Microsoft.NETCore.App.Ref/9.0.4/ref/net9.0/System.Security.Cryptography.Encoding.dll /reference:/usr/share/dotnet/packs/Microsoft.NETCore.App.Ref/9.0.4/ref/net9.0/System.Security.Cryptography.OpenSsl.dll /reference:/usr/share/dotnet/packs/Microsoft.NETCore.App.Ref/9.0.4/ref/net9.0/System.Security.Cryptography.Primitives.dll /reference:/usr/share/dotnet/packs/Microsoft.NETCore.App.Ref/9.0.4/ref/net9.0/System.Security.Cryptography.X509Certificates.dll /reference:/usr/share/dotnet/packs/Microsoft.NETCore.App.Ref/9.0.4/ref/net9.0/System.Security.dll /reference:/usr/share/dotnet/packs/Microsoft.NETCore.App.Ref/9.0.4/ref/net9.0/System.Security.Principal.dll /reference:/usr/share/dotnet/packs/Microsoft.NETCore.App.Ref/9.0.4/ref/net9.0/System.Security.Principal.Windows.dll /reference:/usr/share/dotnet/packs/Microsoft.NETCore.App.Ref/9.0.4/ref/net9.0/System.Security.SecureString.dll /reference:/usr/share/dotnet/packs/Microsoft.NETCore.App.Ref/9.0.4/ref/net9.0/System.ServiceModel.Web.dll /reference:/usr/share/dotnet/packs/Microsoft.NETCore.App.Ref/9.0.4/ref/net9.0/System.ServiceProcess.dll /reference:/usr/share/dotnet/packs/Microsoft.NETCore.App.Ref/9.0.4/ref/net9.0/System.Text.Encoding.CodePages.dll /reference:/usr/share/dotnet/packs/Microsoft.NETCore.App.Ref/9.0.4/ref/net9.0/System.Text.Encoding.dll /reference:/usr/share/dotnet/packs/Microsoft.NETCore.App.Ref/9.0.4/ref/net9.0/System.Text.Encoding.Extensions.dll /reference:/usr/share/dotnet/packs/Microsoft.NETCore.App.Ref/9.0.4/ref/net9.0/System.Text.Encodings.Web.dll /reference:/home/quinngil/.nuget/packages/system.text.json/9.0.8/lib/net9.0/System.Text.Json.dll /reference:/usr/share/dotnet/packs/Microsoft.NETCore.App.Ref/9.0.4/ref/net9.0/System.Text.RegularExpressions.dll /reference:/usr/share/dotnet/packs/Microsoft.NETCore.App.Ref/9.0.4/ref/net9.0/System.Threading.Channels.dll /reference:/usr/share/dotnet/packs/Microsoft.NETCore.App.Ref/9.0.4/ref/net9.0/System.Threading.dll /reference:/usr/share/dotnet/packs/Microsoft.NETCore.App.Ref/9.0.4/ref/net9.0/System.Threading.Overlapped.dll /reference:/usr/share/dotnet/packs/Microsoft.NETCore.App.Ref/9.0.4/ref/net9.0/System.Threading.Tasks.Dataflow.dll /reference:/usr/share/dotnet/packs/Microsoft.NETCore.App.Ref/9.0.4/ref/net9.0/System.Threading.Tasks.dll /reference:/usr/share/dotnet/packs/Microsoft.NETCore.App.Ref/9.0.4/ref/net9.0/System.Threading.Tasks.Extensions.dll /reference:/usr/share/dotnet/packs/Microsoft.NETCore.App.Ref/9.0.4/ref/net9.0/System.Threading.Tasks.Parallel.dll /reference:/usr/share/dotnet/packs/Microsoft.NETCore.App.Ref/9.0.4/ref/net9.0/System.Threading.Thread.dll /reference:/usr/share/dotnet/packs/Microsoft.NETCore.App.Ref/9.0.4/ref/net9.0/System.Threading.ThreadPool.dll /reference:/usr/share/dotnet/packs/Microsoft.NETCore.App.Ref/9.0.4/ref/net9.0/System.Threading.Timer.dll /reference:/usr/share/dotnet/packs/Microsoft.NETCore.App.Ref/9.0.4/ref/net9.0/System.Transactions.dll /reference:/usr/share/dotnet/packs/Microsoft.NETCore.App.Ref/9.0.4/ref/net9.0/System.Transactions.Local.dll /reference:/usr/share/dotnet/packs/Microsoft.NETCore.App.Ref/9.0.4/ref/net9.0/System.ValueTuple.dll /reference:/usr/share/dotnet/packs/Microsoft.NETCore.App.Ref/9.0.4/ref/net9.0/System.Web.dll /reference:/usr/share/dotnet/packs/Microsoft.NETCore.App.Ref/9.0.4/ref/net9.0/System.Web.HttpUtility.dll /reference:/usr/share/dotnet/packs/Microsoft.NETCore.App.Ref/9.0.4/ref/net9.0/System.Windows.dll /reference:/usr/share/dotnet/packs/Microsoft.NETCore.App.Ref/9.0.4/ref/net9.0/System.Xml.dll /reference:/usr/share/dotnet/packs/Microsoft.NETCore.App.Ref/9.0.4/ref/net9.0/System.Xml.Linq.dll /reference:/usr/share/dotnet/packs/Microsoft.NETCore.App.Ref/9.0.4/ref/net9.0/System.Xml.ReaderWriter.dll /reference:/usr/share/dotnet/packs/Microsoft.NETCore.App.Ref/9.0.4/ref/net9.0/System.Xml.Serialization.dll /reference:/usr/share/dotnet/packs/Microsoft.NETCore.App.Ref/9.0.4/ref/net9.0/System.Xml.XDocument.dll /reference:/usr/share/dotnet/packs/Microsoft.NETCore.App.Ref/9.0.4/ref/net9.0/System.Xml.XmlDocument.dll /reference:/usr/share/dotnet/packs/Microsoft.NETCore.App.Ref/9.0.4/ref/net9.0/System.Xml.XmlSerializer.dll /reference:/usr/share/dotnet/packs/Microsoft.NETCore.App.Ref/9.0.4/ref/net9.0/System.Xml.XPath.dll /reference:/usr/share/dotnet/packs/Microsoft.NETCore.App.Ref/9.0.4/ref/net9.0/System.Xml.XPath.XDocument.dll /reference:/home/quinngil/.nuget/packages/microsoft.testplatform.testhost/17.14.1/lib/net8.0/testhost.dll /reference:/usr/share/dotnet/packs/Microsoft.NETCore.App.Ref/9.0.4/ref/net9.0/WindowsBase.dll /debug- /debug:portable /filealign:512 /optimize+ /out:obj/Release/net9.0/TestConvenience.Core.dll /refout:obj/Release/net9.0/refint/TestConvenience.Core.dll /reportanalyzer /target:exe /warnaserror+ /utf8output /deterministic+ /sourcelink:obj/Release/net9.0/TestConvenience.Core.sourcelink.json /langversion:latest /features:strict /embed:/home/quinngil/.nuget/packages/microsoft.net.test.sdk/17.14.1/build/net8.0/Microsoft.NET.Test.Sdk.Program.cs /embed:obj/Release/net9.0/TestConvenience.Core.GlobalUsings.g.cs /embed:"obj/Release/net9.0/.NETCoreApp,Version=v9.0.AssemblyAttributes.cs" /embed:obj/Release/net9.0/TestConvenience.Core.AssemblyInfo.cs /analyzerconfig:/mnt/d/src/MtgDiscoveryVibeWorkspace/IMPLS/src/.editorconfig /analyzerconfig:/home/quinngil/.nuget/packages/mstest.analyzers/3.10.1/buildTransitive/../globalconfigs/mstest-default.globalconfig /analyzerconfig:obj/Release/net9.0/TestConvenience.Core.GeneratedMSBuildEditorConfig.editorconfig /analyzerconfig:/usr/share/dotnet/sdk/9.0.203/Sdks/Microsoft.NET.Sdk/analyzers/build/config/analysislevel_9_all_warnaserror.globalconfig /analyzer:/usr/share/dotnet/sdk/9.0.203/Sdks/Microsoft.NET.Sdk/targets/../analyzers/Microsoft.CodeAnalysis.CSharp.NetAnalyzers.dll /analyzer:/usr/share/dotnet/sdk/9.0.203/Sdks/Microsoft.NET.Sdk/targets/../analyzers/Microsoft.CodeAnalysis.NetAnalyzers.dll /analyzer:/usr/share/dotnet/sdk/9.0.203/Sdks/Microsoft.NET.Sdk/targets/../codestyle/cs/Microsoft.CodeAnalysis.CodeStyle.dll /analyzer:/usr/share/dotnet/sdk/9.0.203/Sdks/Microsoft.NET.Sdk/targets/../codestyle/cs/Microsoft.CodeAnalysis.CodeStyle.Fixes.dll /analyzer:/usr/share/dotnet/sdk/9.0.203/Sdks/Microsoft.NET.Sdk/targets/../codestyle/cs/Microsoft.CodeAnalysis.CSharp.CodeStyle.dll /analyzer:/usr/share/dotnet/sdk/9.0.203/Sdks/Microsoft.NET.Sdk/targets/../codestyle/cs/Microsoft.CodeAnalysis.CSharp.CodeStyle.Fixes.dll /analyzer:/home/quinngil/.nuget/packages/microsoft.codeanalysis.bannedapianalyzers/4.14.0/analyzers/dotnet/cs/Microsoft.CodeAnalysis.BannedApiAnalyzers.dll /analyzer:/home/quinngil/.nuget/packages/microsoft.codeanalysis.bannedapianalyzers/4.14.0/analyzers/dotnet/cs/Microsoft.CodeAnalysis.CSharp.BannedApiAnalyzers.dll /analyzer:/home/quinngil/.nuget/packages/microsoft.extensions.logging.abstractions/9.0.0/analyzers/dotnet/roslyn4.4/cs/Microsoft.Extensions.Logging.Generators.dll /analyzer:/home/quinngil/.nuget/packages/microsoft.extensions.options/9.0.0/analyzers/dotnet/roslyn4.4/cs/Microsoft.Extensions.Options.SourceGeneration.dll /analyzer:/home/quinngil/.nuget/packages/mstest.analyzers/3.10.1/analyzers/dotnet/cs/MSTest.Analyzers.CodeFixes.dll /analyzer:/home/quinngil/.nuget/packages/mstest.analyzers/3.10.1/analyzers/dotnet/cs/MSTest.Analyzers.dll /analyzer:/home/quinngil/.nuget/packages/system.text.json/9.0.8/analyzers/dotnet/roslyn4.4/cs/System.Text.Json.SourceGeneration.dll /analyzer:/usr/share/dotnet/packs/Microsoft.NETCore.App.Ref/9.0.4/analyzers/dotnet/cs/Microsoft.Interop.ComInterfaceGenerator.dll /analyzer:/usr/share/dotnet/packs/Microsoft.NETCore.App.Ref/9.0.4/analyzers/dotnet/cs/Microsoft.Interop.JavaScript.JSImportGenerator.dll /analyzer:/usr/share/dotnet/packs/Microsoft.NETCore.App.Ref/9.0.4/analyzers/dotnet/cs/Microsoft.Interop.LibraryImportGenerator.dll /analyzer:/usr/share/dotnet/packs/Microsoft.NETCore.App.Ref/9.0.4/analyzers/dotnet/cs/Microsoft.Interop.SourceGeneration.dll /analyzer:/usr/share/dotnet/packs/Microsoft.NETCore.App.Ref/9.0.4/analyzers/dotnet/cs/System.Text.RegularExpressions.Generator.dll /additionalfile:/mnt/d/src/MtgDiscoveryVibeWorkspace/IMPLS/src/BannedSymbols.txt /additionalfile:/mnt/d/src/MtgDiscoveryVibeWorkspace/IMPLS/src/.editorconfig AsyncEnumerableFake.cs Extensions/ObjectJsonExtensions.cs Fakes/ConfigFake.cs Fakes/ConfigurationFake.cs Fakes/LoggerFake.cs Fakes/MemoryCacheFake.cs Reflection/Asserter.cs Reflection/AsserterException.cs Reflection/ClassVariableTypeValidation.cs Reflection/IAsserter.cs Reflection/PrivateCtor.cs Reflection/TypeWrapper.cs Reflection/ValidationInfo.cs /home/quinngil/.nuget/packages/microsoft.net.test.sdk/17.14.1/build/net8.0/Microsoft.NET.Test.Sdk.Program.cs obj/Release/net9.0/TestConvenience.Core.GlobalUsings.g.cs "obj/Release/net9.0/.NETCoreApp,Version=v9.0.AssemblyAttributes.cs" obj/Release/net9.0/TestConvenience.Core.AssemblyInfo.cs /warnaserror+:NU1605,SYSLIB0011
    18>CoreCompile:
         CompilerServer: server - server processed compilation - Lib.Shared.Abstractions (net9.0)
       _CopyFilesMarkedCopyLocal:
         Copying file from "/mnt/d/src/MtgDiscoveryVibeWorkspace/IMPLS/src/Lib.Universal/bin/Release/net9.0/Lib.Universal.dll" to "/mnt/d/src/MtgDiscoveryVibeWorkspace/IMPLS/src/Lib.Shared.Abstractions/bin/Release/net9.0/Lib.Universal.dll".
         Copying file from "/mnt/d/src/MtgDiscoveryVibeWorkspace/IMPLS/src/Lib.Universal/bin/Release/net9.0/Lib.Universal.pdb" to "/mnt/d/src/MtgDiscoveryVibeWorkspace/IMPLS/src/Lib.Shared.Abstractions/bin/Release/net9.0/Lib.Universal.pdb".
         Touching "/mnt/d/src/MtgDiscoveryVibeWorkspace/IMPLS/src/Lib.Shared.Abstractions/obj/Release/net9.0/Lib.Shar.392A4C87.Up2Date".
     7>CoreCompile:
         CompilerServer: server - server processed compilation - Lib.Universal.Tests (net9.0)
    10>CopyFilesToOutputDirectory:
         Copying file from "/mnt/d/src/MtgDiscoveryVibeWorkspace/IMPLS/src/Lib.Scryfall.Shared/obj/Release/net9.0/Lib.Scryfall.Shared.dll" to "/mnt/d/src/MtgDiscoveryVibeWorkspace/IMPLS/src/Lib.Scryfall.Shared/bin/Release/net9.0/Lib.Scryfall.Shared.dll".
     6>CopyFilesToOutputDirectory:
         Copying file from "/mnt/d/src/MtgDiscoveryVibeWorkspace/IMPLS/src/Example.Core/obj/Release/net9.0/Example.Core.dll" to "/mnt/d/src/MtgDiscoveryVibeWorkspace/IMPLS/src/Example.Core/bin/Release/net9.0/Example.Core.dll".
     9>CoreCompile:
         CompilerServer: server - server processed compilation - TestConvenience.Core (net9.0)
     7>_CopyFilesMarkedCopyLocal:
         Copying file from "/mnt/d/src/MtgDiscoveryVibeWorkspace/IMPLS/src/Lib.Universal/bin/Release/net9.0/Lib.Universal.dll" to "/mnt/d/src/MtgDiscoveryVibeWorkspace/IMPLS/src/Lib.Universal.Tests/bin/Release/net9.0/Lib.Universal.dll".
         Copying file from "/mnt/d/src/MtgDiscoveryVibeWorkspace/IMPLS/src/Lib.Universal/bin/Release/net9.0/Lib.Universal.pdb" to "/mnt/d/src/MtgDiscoveryVibeWorkspace/IMPLS/src/Lib.Universal.Tests/bin/Release/net9.0/Lib.Universal.pdb".
    10>CopyFilesToOutputDirectory:
         Copying reference assembly from "obj/Release/net9.0/refint/Lib.Scryfall.Shared.dll" to "/mnt/d/src/MtgDiscoveryVibeWorkspace/IMPLS/src/Lib.Scryfall.Shared/obj/Release/net9.0/ref/Lib.Scryfall.Shared.dll".
     7>_CopyFilesMarkedCopyLocal:
         Touching "/mnt/d/src/MtgDiscoveryVibeWorkspace/IMPLS/src/Lib.Universal.Tests/obj/Release/net9.0/Lib.Univ.A47644FC.Up2Date".
    10>CopyFilesToOutputDirectory:
         Lib.Scryfall.Shared -> /mnt/d/src/MtgDiscoveryVibeWorkspace/IMPLS/src/Lib.Scryfall.Shared/bin/Release/net9.0/Lib.Scryfall.Shared.dll
     6>CopyFilesToOutputDirectory:
         Copying reference assembly from "obj/Release/net9.0/refint/Example.Core.dll" to "/mnt/d/src/MtgDiscoveryVibeWorkspace/IMPLS/src/Example.Core/obj/Release/net9.0/ref/Example.Core.dll".
    10>CopyFilesToOutputDirectory:
         Copying file from "/mnt/d/src/MtgDiscoveryVibeWorkspace/IMPLS/src/Lib.Scryfall.Shared/obj/Release/net9.0/Lib.Scryfall.Shared.pdb" to "/mnt/d/src/MtgDiscoveryVibeWorkspace/IMPLS/src/Lib.Scryfall.Shared/bin/Release/net9.0/Lib.Scryfall.Shared.pdb".
    18>CopyFilesToOutputDirectory:
         Copying file from "/mnt/d/src/MtgDiscoveryVibeWorkspace/IMPLS/src/Lib.Shared.Abstractions/obj/Release/net9.0/Lib.Shared.Abstractions.dll" to "/mnt/d/src/MtgDiscoveryVibeWorkspace/IMPLS/src/Lib.Shared.Abstractions/bin/Release/net9.0/Lib.Shared.Abstractions.dll".
     6>CopyFilesToOutputDirectory:
         Example.Core -> /mnt/d/src/MtgDiscoveryVibeWorkspace/IMPLS/src/Example.Core/bin/Release/net9.0/Example.Core.dll
         Copying file from "/mnt/d/src/MtgDiscoveryVibeWorkspace/IMPLS/src/Example.Core/obj/Release/net9.0/Example.Core.pdb" to "/mnt/d/src/MtgDiscoveryVibeWorkspace/IMPLS/src/Example.Core/bin/Release/net9.0/Example.Core.pdb".
     7>_CopyOutOfDateSourceItemsToOutputDirectory:
       Skipping target "_CopyOutOfDateSourceItemsToOutputDirectory" because all output files are up-to-date with respect to the input files.
     9>_CopyFilesMarkedCopyLocal:
         Copying file from "/mnt/d/src/MtgDiscoveryVibeWorkspace/IMPLS/src/Lib.Universal/bin/Release/net9.0/Lib.Universal.pdb" to "/mnt/d/src/MtgDiscoveryVibeWorkspace/IMPLS/src/TestConvenience.Core/bin/Release/net9.0/Lib.Universal.pdb".
         Copying file from "/mnt/d/src/MtgDiscoveryVibeWorkspace/IMPLS/src/Lib.Universal/bin/Release/net9.0/Lib.Universal.dll" to "/mnt/d/src/MtgDiscoveryVibeWorkspace/IMPLS/src/TestConvenience.Core/bin/Release/net9.0/Lib.Universal.dll".
    10>Done Building Project "/mnt/d/src/MtgDiscoveryVibeWorkspace/IMPLS/src/Lib.Scryfall.Shared/Lib.Scryfall.Shared.csproj" (default targets).
     9>_CopyFilesMarkedCopyLocal:
         Touching "/mnt/d/src/MtgDiscoveryVibeWorkspace/IMPLS/src/TestConvenience.Core/obj/Release/net9.0/TestConv.1EEF6046.Up2Date".
     6>Done Building Project "/mnt/d/src/MtgDiscoveryVibeWorkspace/IMPLS/src/Example.Core/Example.Core.csproj" (default targets).
    18>CopyFilesToOutputDirectory:
         Copying reference assembly from "obj/Release/net9.0/refint/Lib.Shared.Abstractions.dll" to "/mnt/d/src/MtgDiscoveryVibeWorkspace/IMPLS/src/Lib.Shared.Abstractions/obj/Release/net9.0/ref/Lib.Shared.Abstractions.dll".
         Lib.Shared.Abstractions -> /mnt/d/src/MtgDiscoveryVibeWorkspace/IMPLS/src/Lib.Shared.Abstractions/bin/Release/net9.0/Lib.Shared.Abstractions.dll
         Copying file from "/mnt/d/src/MtgDiscoveryVibeWorkspace/IMPLS/src/Lib.Shared.Abstractions/obj/Release/net9.0/Lib.Shared.Abstractions.pdb" to "/mnt/d/src/MtgDiscoveryVibeWorkspace/IMPLS/src/Lib.Shared.Abstractions/bin/Release/net9.0/Lib.Shared.Abstractions.pdb".
     9>_CopyOutOfDateSourceItemsToOutputDirectory:
       Skipping target "_CopyOutOfDateSourceItemsToOutputDirectory" because all output files are up-to-date with respect to the input files.
    18>Done Building Project "/mnt/d/src/MtgDiscoveryVibeWorkspace/IMPLS/src/Lib.Shared.Abstractions/Lib.Shared.Abstractions.csproj" (default targets).
    14>CoreCompile:
         /usr/share/dotnet/dotnet exec "/usr/share/dotnet/sdk/9.0.203/Roslyn/bincore/csc.dll" /noconfig /unsafe- /checked- /nowarn:IDE0290,IDE2001,IDE0005,IDE0046,CA1716,CA1040,CA1056,1701,1702 /fullpaths /nostdlib+ /errorreport:prompt /warn:9 /define:TRACE;RELEASE;NET;NET9_0;NETCOREAPP;NET5_0_OR_GREATER;NET6_0_OR_GREATER;NET7_0_OR_GREATER;NET8_0_OR_GREATER;NET9_0_OR_GREATER;NETCOREAPP1_0_OR_GREATER;NETCOREAPP1_1_OR_GREATER;NETCOREAPP2_0_OR_GREATER;NETCOREAPP2_1_OR_GREATER;NETCOREAPP2_2_OR_GREATER;NETCOREAPP3_0_OR_GREATER;NETCOREAPP3_1_OR_GREATER /highentropyva+ /nullable:warnings /reference:/home/quinngil/.nuget/packages/azure.core/1.47.1/lib/net8.0/Azure.Core.dll /reference:/home/quinngil/.nuget/packages/azure.resourcemanager.authorization/1.1.5/lib/net8.0/Azure.ResourceManager.Authorization.dll /reference:/home/quinngil/.nuget/packages/azure.resourcemanager.cosmosdb/1.3.2/lib/netstandard2.0/Azure.ResourceManager.CosmosDB.dll /reference:/home/quinngil/.nuget/packages/azure.resourcemanager/1.13.2/lib/net8.0/Azure.ResourceManager.dll /reference:/mnt/d/src/MtgDiscoveryVibeWorkspace/IMPLS/src/Lib.Universal/obj/Release/net9.0/ref/Lib.Universal.dll /reference:/home/quinngil/.nuget/packages/microsoft.azure.cosmos/3.52.1/lib/netstandard2.0/Microsoft.Azure.Cosmos.Client.dll /reference:/home/quinngil/.nuget/packages/microsoft.azure.cosmos/3.52.1/lib/netstandard2.0/Microsoft.Azure.Cosmos.Core.dll /reference:/home/quinngil/.nuget/packages/microsoft.azure.cosmos/3.52.1/lib/netstandard2.0/Microsoft.Azure.Cosmos.Direct.dll /reference:/home/quinngil/.nuget/packages/microsoft.azure.cosmos/3.52.1/lib/netstandard2.0/Microsoft.Azure.Cosmos.Serialization.HybridRow.dll /reference:/home/quinngil/.nuget/packages/microsoft.bcl.asyncinterfaces/8.0.0/lib/netstandard2.1/Microsoft.Bcl.AsyncInterfaces.dll /reference:/home/quinngil/.nuget/packages/microsoft.bcl.hashcode/1.1.0/ref/netcoreapp2.1/Microsoft.Bcl.HashCode.dll /reference:/usr/share/dotnet/packs/Microsoft.NETCore.App.Ref/9.0.4/ref/net9.0/Microsoft.CSharp.dll /reference:/home/quinngil/.nuget/packages/microsoft.extensions.caching.abstractions/9.0.0/lib/net9.0/Microsoft.Extensions.Caching.Abstractions.dll /reference:/home/quinngil/.nuget/packages/microsoft.extensions.caching.memory/9.0.0/lib/net9.0/Microsoft.Extensions.Caching.Memory.dll /reference:/home/quinngil/.nuget/packages/microsoft.extensions.configuration.abstractions/9.0.5/lib/net9.0/Microsoft.Extensions.Configuration.Abstractions.dll /reference:/home/quinngil/.nuget/packages/microsoft.extensions.dependencyinjection.abstractions/9.0.0/lib/net9.0/Microsoft.Extensions.DependencyInjection.Abstractions.dll /reference:/home/quinngil/.nuget/packages/microsoft.extensions.logging.abstractions/9.0.0/lib/net9.0/Microsoft.Extensions.Logging.Abstractions.dll /reference:/home/quinngil/.nuget/packages/microsoft.extensions.options/9.0.0/lib/net9.0/Microsoft.Extensions.Options.dll /reference:/home/quinngil/.nuget/packages/microsoft.extensions.primitives/9.0.5/lib/net9.0/Microsoft.Extensions.Primitives.dll /reference:/home/quinngil/.nuget/packages/microsoft.identitymodel.abstractions/8.0.1/lib/net9.0/Microsoft.IdentityModel.Abstractions.dll /reference:/home/quinngil/.nuget/packages/microsoft.identitymodel.jsonwebtokens/8.0.1/lib/net9.0/Microsoft.IdentityModel.JsonWebTokens.dll /reference:/home/quinngil/.nuget/packages/microsoft.identitymodel.logging/8.0.1/lib/net9.0/Microsoft.IdentityModel.Logging.dll /reference:/home/quinngil/.nuget/packages/microsoft.identitymodel.tokens/8.0.1/lib/net9.0/Microsoft.IdentityModel.Tokens.dll /reference:/usr/share/dotnet/packs/Microsoft.NETCore.App.Ref/9.0.4/ref/net9.0/Microsoft.VisualBasic.Core.dll /reference:/usr/share/dotnet/packs/Microsoft.NETCore.App.Ref/9.0.4/ref/net9.0/Microsoft.VisualBasic.dll /reference:/usr/share/dotnet/packs/Microsoft.NETCore.App.Ref/9.0.4/ref/net9.0/Microsoft.Win32.Primitives.dll /reference:/usr/share/dotnet/packs/Microsoft.NETCore.App.Ref/9.0.4/ref/net9.0/Microsoft.Win32.Registry.dll /reference:/home/quinngil/.nuget/packages/microsoft.win32.systemevents/6.0.0/lib/net6.0/Microsoft.Win32.SystemEvents.dll /reference:/usr/share/dotnet/packs/Microsoft.NETCore.App.Ref/9.0.4/ref/net9.0/mscorlib.dll /reference:/usr/share/dotnet/packs/Microsoft.NETCore.App.Ref/9.0.4/ref/net9.0/netstandard.dll /reference:/home/quinngil/.nuget/packages/newtonsoft.json/13.0.3/lib/net6.0/Newtonsoft.Json.dll /reference:/usr/share/dotnet/packs/Microsoft.NETCore.App.Ref/9.0.4/ref/net9.0/System.AppContext.dll /reference:/usr/share/dotnet/packs/Microsoft.NETCore.App.Ref/9.0.4/ref/net9.0/System.Buffers.dll /reference:/home/quinngil/.nuget/packages/system.clientmodel/1.5.1/lib/net8.0/System.ClientModel.dll /reference:/usr/share/dotnet/packs/Microsoft.NETCore.App.Ref/9.0.4/ref/net9.0/System.Collections.Concurrent.dll /reference:/usr/share/dotnet/packs/Microsoft.NETCore.App.Ref/9.0.4/ref/net9.0/System.Collections.dll /reference:/usr/share/dotnet/packs/Microsoft.NETCore.App.Ref/9.0.4/ref/net9.0/System.Collections.Immutable.dll /reference:/usr/share/dotnet/packs/Microsoft.NETCore.App.Ref/9.0.4/ref/net9.0/System.Collections.NonGeneric.dll /reference:/usr/share/dotnet/packs/Microsoft.NETCore.App.Ref/9.0.4/ref/net9.0/System.Collections.Specialized.dll /reference:/usr/share/dotnet/packs/Microsoft.NETCore.App.Ref/9.0.4/ref/net9.0/System.ComponentModel.Annotations.dll /reference:/usr/share/dotnet/packs/Microsoft.NETCore.App.Ref/9.0.4/ref/net9.0/System.ComponentModel.DataAnnotations.dll /reference:/usr/share/dotnet/packs/Microsoft.NETCore.App.Ref/9.0.4/ref/net9.0/System.ComponentModel.dll /reference:/usr/share/dotnet/packs/Microsoft.NETCore.App.Ref/9.0.4/ref/net9.0/System.ComponentModel.EventBasedAsync.dll /reference:/usr/share/dotnet/packs/Microsoft.NETCore.App.Ref/9.0.4/ref/net9.0/System.ComponentModel.Primitives.dll /reference:/usr/share/dotnet/packs/Microsoft.NETCore.App.Ref/9.0.4/ref/net9.0/System.ComponentModel.TypeConverter.dll /reference:/home/quinngil/.nuget/packages/system.configuration.configurationmanager/6.0.0/lib/net6.0/System.Configuration.ConfigurationManager.dll /reference:/usr/share/dotnet/packs/Microsoft.NETCore.App.Ref/9.0.4/ref/net9.0/System.Configuration.dll /reference:/usr/share/dotnet/packs/Microsoft.NETCore.App.Ref/9.0.4/ref/net9.0/System.Console.dll /reference:/usr/share/dotnet/packs/Microsoft.NETCore.App.Ref/9.0.4/ref/net9.0/System.Core.dll /reference:/usr/share/dotnet/packs/Microsoft.NETCore.App.Ref/9.0.4/ref/net9.0/System.Data.Common.dll /reference:/usr/share/dotnet/packs/Microsoft.NETCore.App.Ref/9.0.4/ref/net9.0/System.Data.DataSetExtensions.dll /reference:/usr/share/dotnet/packs/Microsoft.NETCore.App.Ref/9.0.4/ref/net9.0/System.Data.dll /reference:/usr/share/dotnet/packs/Microsoft.NETCore.App.Ref/9.0.4/ref/net9.0/System.Diagnostics.Contracts.dll /reference:/usr/share/dotnet/packs/Microsoft.NETCore.App.Ref/9.0.4/ref/net9.0/System.Diagnostics.Debug.dll /reference:/usr/share/dotnet/packs/Microsoft.NETCore.App.Ref/9.0.4/ref/net9.0/System.Diagnostics.DiagnosticSource.dll /reference:/usr/share/dotnet/packs/Microsoft.NETCore.App.Ref/9.0.4/ref/net9.0/System.Diagnostics.FileVersionInfo.dll /reference:/usr/share/dotnet/packs/Microsoft.NETCore.App.Ref/9.0.4/ref/net9.0/System.Diagnostics.Process.dll /reference:/usr/share/dotnet/packs/Microsoft.NETCore.App.Ref/9.0.4/ref/net9.0/System.Diagnostics.StackTrace.dll /reference:/usr/share/dotnet/packs/Microsoft.NETCore.App.Ref/9.0.4/ref/net9.0/System.Diagnostics.TextWriterTraceListener.dll /reference:/usr/share/dotnet/packs/Microsoft.NETCore.App.Ref/9.0.4/ref/net9.0/System.Diagnostics.Tools.dll /reference:/usr/share/dotnet/packs/Microsoft.NETCore.App.Ref/9.0.4/ref/net9.0/System.Diagnostics.TraceSource.dll /reference:/usr/share/dotnet/packs/Microsoft.NETCore.App.Ref/9.0.4/ref/net9.0/System.Diagnostics.Tracing.dll /reference:/usr/share/dotnet/packs/Microsoft.NETCore.App.Ref/9.0.4/ref/net9.0/System.dll /reference:/home/quinngil/.nuget/packages/system.drawing.common/6.0.0/lib/net6.0/System.Drawing.Common.dll /reference:/usr/share/dotnet/packs/Microsoft.NETCore.App.Ref/9.0.4/ref/net9.0/System.Drawing.dll /reference:/usr/share/dotnet/packs/Microsoft.NETCore.App.Ref/9.0.4/ref/net9.0/System.Drawing.Primitives.dll /reference:/usr/share/dotnet/packs/Microsoft.NETCore.App.Ref/9.0.4/ref/net9.0/System.Dynamic.Runtime.dll /reference:/usr/share/dotnet/packs/Microsoft.NETCore.App.Ref/9.0.4/ref/net9.0/System.Formats.Asn1.dll /reference:/usr/share/dotnet/packs/Microsoft.NETCore.App.Ref/9.0.4/ref/net9.0/System.Formats.Tar.dll /reference:/usr/share/dotnet/packs/Microsoft.NETCore.App.Ref/9.0.4/ref/net9.0/System.Globalization.Calendars.dll /reference:/usr/share/dotnet/packs/Microsoft.NETCore.App.Ref/9.0.4/ref/net9.0/System.Globalization.dll /reference:/usr/share/dotnet/packs/Microsoft.NETCore.App.Ref/9.0.4/ref/net9.0/System.Globalization.Extensions.dll /reference:/home/quinngil/.nuget/packages/system.identitymodel.tokens.jwt/8.0.1/lib/net9.0/System.IdentityModel.Tokens.Jwt.dll /reference:/usr/share/dotnet/packs/Microsoft.NETCore.App.Ref/9.0.4/ref/net9.0/System.IO.Compression.Brotli.dll /reference:/usr/share/dotnet/packs/Microsoft.NETCore.App.Ref/9.0.4/ref/net9.0/System.IO.Compression.dll /reference:/usr/share/dotnet/packs/Microsoft.NETCore.App.Ref/9.0.4/ref/net9.0/System.IO.Compression.FileSystem.dll /reference:/usr/share/dotnet/packs/Microsoft.NETCore.App.Ref/9.0.4/ref/net9.0/System.IO.Compression.ZipFile.dll /reference:/usr/share/dotnet/packs/Microsoft.NETCore.App.Ref/9.0.4/ref/net9.0/System.IO.dll /reference:/usr/share/dotnet/packs/Microsoft.NETCore.App.Ref/9.0.4/ref/net9.0/System.IO.FileSystem.AccessControl.dll /reference:/usr/share/dotnet/packs/Microsoft.NETCore.App.Ref/9.0.4/ref/net9.0/System.IO.FileSystem.dll /reference:/usr/share/dotnet/packs/Microsoft.NETCore.App.Ref/9.0.4/ref/net9.0/System.IO.FileSystem.DriveInfo.dll /reference:/usr/share/dotnet/packs/Microsoft.NETCore.App.Ref/9.0.4/ref/net9.0/System.IO.FileSystem.Primitives.dll /reference:/usr/share/dotnet/packs/Microsoft.NETCore.App.Ref/9.0.4/ref/net9.0/System.IO.FileSystem.Watcher.dll /reference:/usr/share/dotnet/packs/Microsoft.NETCore.App.Ref/9.0.4/ref/net9.0/System.IO.IsolatedStorage.dll /reference:/usr/share/dotnet/packs/Microsoft.NETCore.App.Ref/9.0.4/ref/net9.0/System.IO.MemoryMappedFiles.dll /reference:/usr/share/dotnet/packs/Microsoft.NETCore.App.Ref/9.0.4/ref/net9.0/System.IO.Pipelines.dll /reference:/usr/share/dotnet/packs/Microsoft.NETCore.App.Ref/9.0.4/ref/net9.0/System.IO.Pipes.AccessControl.dll /reference:/usr/share/dotnet/packs/Microsoft.NETCore.App.Ref/9.0.4/ref/net9.0/System.IO.Pipes.dll /reference:/usr/share/dotnet/packs/Microsoft.NETCore.App.Ref/9.0.4/ref/net9.0/System.IO.UnmanagedMemoryStream.dll /reference:/usr/share/dotnet/packs/Microsoft.NETCore.App.Ref/9.0.4/ref/net9.0/System.Linq.dll /reference:/usr/share/dotnet/packs/Microsoft.NETCore.App.Ref/9.0.4/ref/net9.0/System.Linq.Expressions.dll /reference:/usr/share/dotnet/packs/Microsoft.NETCore.App.Ref/9.0.4/ref/net9.0/System.Linq.Parallel.dll /reference:/usr/share/dotnet/packs/Microsoft.NETCore.App.Ref/9.0.4/ref/net9.0/System.Linq.Queryable.dll /reference:/home/quinngil/.nuget/packages/system.memory.data/8.0.1/lib/net8.0/System.Memory.Data.dll /reference:/usr/share/dotnet/packs/Microsoft.NETCore.App.Ref/9.0.4/ref/net9.0/System.Memory.dll /reference:/usr/share/dotnet/packs/Microsoft.NETCore.App.Ref/9.0.4/ref/net9.0/System.Net.dll /reference:/usr/share/dotnet/packs/Microsoft.NETCore.App.Ref/9.0.4/ref/net9.0/System.Net.Http.dll /reference:/usr/share/dotnet/packs/Microsoft.NETCore.App.Ref/9.0.4/ref/net9.0/System.Net.Http.Json.dll /reference:/usr/share/dotnet/packs/Microsoft.NETCore.App.Ref/9.0.4/ref/net9.0/System.Net.HttpListener.dll /reference:/usr/share/dotnet/packs/Microsoft.NETCore.App.Ref/9.0.4/ref/net9.0/System.Net.Mail.dll /reference:/usr/share/dotnet/packs/Microsoft.NETCore.App.Ref/9.0.4/ref/net9.0/System.Net.NameResolution.dll /reference:/usr/share/dotnet/packs/Microsoft.NETCore.App.Ref/9.0.4/ref/net9.0/System.Net.NetworkInformation.dll /reference:/usr/share/dotnet/packs/Microsoft.NETCore.App.Ref/9.0.4/ref/net9.0/System.Net.Ping.dll /reference:/usr/share/dotnet/packs/Microsoft.NETCore.App.Ref/9.0.4/ref/net9.0/System.Net.Primitives.dll /reference:/usr/share/dotnet/packs/Microsoft.NETCore.App.Ref/9.0.4/ref/net9.0/System.Net.Quic.dll /reference:/usr/share/dotnet/packs/Microsoft.NETCore.App.Ref/9.0.4/ref/net9.0/System.Net.Requests.dll /reference:/usr/share/dotnet/packs/Microsoft.NETCore.App.Ref/9.0.4/ref/net9.0/System.Net.Security.dll /reference:/usr/share/dotnet/packs/Microsoft.NETCore.App.Ref/9.0.4/ref/net9.0/System.Net.ServicePoint.dll /reference:/usr/share/dotnet/packs/Microsoft.NETCore.App.Ref/9.0.4/ref/net9.0/System.Net.Sockets.dll /reference:/usr/share/dotnet/packs/Microsoft.NETCore.App.Ref/9.0.4/ref/net9.0/System.Net.WebClient.dll /reference:/usr/share/dotnet/packs/Microsoft.NETCore.App.Ref/9.0.4/ref/net9.0/System.Net.WebHeaderCollection.dll /reference:/usr/share/dotnet/packs/Microsoft.NETCore.App.Ref/9.0.4/ref/net9.0/System.Net.WebProxy.dll /reference:/usr/share/dotnet/packs/Microsoft.NETCore.App.Ref/9.0.4/ref/net9.0/System.Net.WebSockets.Client.dll /reference:/usr/share/dotnet/packs/Microsoft.NETCore.App.Ref/9.0.4/ref/net9.0/System.Net.WebSockets.dll /reference:/usr/share/dotnet/packs/Microsoft.NETCore.App.Ref/9.0.4/ref/net9.0/System.Numerics.dll /reference:/usr/share/dotnet/packs/Microsoft.NETCore.App.Ref/9.0.4/ref/net9.0/System.Numerics.Vectors.dll /reference:/usr/share/dotnet/packs/Microsoft.NETCore.App.Ref/9.0.4/ref/net9.0/System.ObjectModel.dll /reference:/usr/share/dotnet/packs/Microsoft.NETCore.App.Ref/9.0.4/ref/net9.0/System.Reflection.DispatchProxy.dll /reference:/usr/share/dotnet/packs/Microsoft.NETCore.App.Ref/9.0.4/ref/net9.0/System.Reflection.dll /reference:/usr/share/dotnet/packs/Microsoft.NETCore.App.Ref/9.0.4/ref/net9.0/System.Reflection.Emit.dll /reference:/usr/share/dotnet/packs/Microsoft.NETCore.App.Ref/9.0.4/ref/net9.0/System.Reflection.Emit.ILGeneration.dll /reference:/usr/share/dotnet/packs/Microsoft.NETCore.App.Ref/9.0.4/ref/net9.0/System.Reflection.Emit.Lightweight.dll /reference:/usr/share/dotnet/packs/Microsoft.NETCore.App.Ref/9.0.4/ref/net9.0/System.Reflection.Extensions.dll /reference:/usr/share/dotnet/packs/Microsoft.NETCore.App.Ref/9.0.4/ref/net9.0/System.Reflection.Metadata.dll /reference:/usr/share/dotnet/packs/Microsoft.NETCore.App.Ref/9.0.4/ref/net9.0/System.Reflection.Primitives.dll /reference:/usr/share/dotnet/packs/Microsoft.NETCore.App.Ref/9.0.4/ref/net9.0/System.Reflection.TypeExtensions.dll /reference:/usr/share/dotnet/packs/Microsoft.NETCore.App.Ref/9.0.4/ref/net9.0/System.Resources.Reader.dll /reference:/usr/share/dotnet/packs/Microsoft.NETCore.App.Ref/9.0.4/ref/net9.0/System.Resources.ResourceManager.dll /reference:/usr/share/dotnet/packs/Microsoft.NETCore.App.Ref/9.0.4/ref/net9.0/System.Resources.Writer.dll /reference:/usr/share/dotnet/packs/Microsoft.NETCore.App.Ref/9.0.4/ref/net9.0/System.Runtime.CompilerServices.Unsafe.dll /reference:/usr/share/dotnet/packs/Microsoft.NETCore.App.Ref/9.0.4/ref/net9.0/System.Runtime.CompilerServices.VisualC.dll /reference:/usr/share/dotnet/packs/Microsoft.NETCore.App.Ref/9.0.4/ref/net9.0/System.Runtime.dll /reference:/usr/share/dotnet/packs/Microsoft.NETCore.App.Ref/9.0.4/ref/net9.0/System.Runtime.Extensions.dll /reference:/usr/share/dotnet/packs/Microsoft.NETCore.App.Ref/9.0.4/ref/net9.0/System.Runtime.Handles.dll /reference:/usr/share/dotnet/packs/Microsoft.NETCore.App.Ref/9.0.4/ref/net9.0/System.Runtime.InteropServices.dll /reference:/usr/share/dotnet/packs/Microsoft.NETCore.App.Ref/9.0.4/ref/net9.0/System.Runtime.InteropServices.JavaScript.dll /reference:/usr/share/dotnet/packs/Microsoft.NETCore.App.Ref/9.0.4/ref/net9.0/System.Runtime.InteropServices.RuntimeInformation.dll /reference:/usr/share/dotnet/packs/Microsoft.NETCore.App.Ref/9.0.4/ref/net9.0/System.Runtime.Intrinsics.dll /reference:/usr/share/dotnet/packs/Microsoft.NETCore.App.Ref/9.0.4/ref/net9.0/System.Runtime.Loader.dll /reference:/usr/share/dotnet/packs/Microsoft.NETCore.App.Ref/9.0.4/ref/net9.0/System.Runtime.Numerics.dll /reference:/usr/share/dotnet/packs/Microsoft.NETCore.App.Ref/9.0.4/ref/net9.0/System.Runtime.Serialization.dll /reference:/usr/share/dotnet/packs/Microsoft.NETCore.App.Ref/9.0.4/ref/net9.0/System.Runtime.Serialization.Formatters.dll /reference:/usr/share/dotnet/packs/Microsoft.NETCore.App.Ref/9.0.4/ref/net9.0/System.Runtime.Serialization.Json.dll /reference:/usr/share/dotnet/packs/Microsoft.NETCore.App.Ref/9.0.4/ref/net9.0/System.Runtime.Serialization.Primitives.dll /reference:/usr/share/dotnet/packs/Microsoft.NETCore.App.Ref/9.0.4/ref/net9.0/System.Runtime.Serialization.Xml.dll /reference:/usr/share/dotnet/packs/Microsoft.NETCore.App.Ref/9.0.4/ref/net9.0/System.Security.AccessControl.dll /reference:/usr/share/dotnet/packs/Microsoft.NETCore.App.Ref/9.0.4/ref/net9.0/System.Security.Claims.dll /reference:/usr/share/dotnet/packs/Microsoft.NETCore.App.Ref/9.0.4/ref/net9.0/System.Security.Cryptography.Algorithms.dll /reference:/usr/share/dotnet/packs/Microsoft.NETCore.App.Ref/9.0.4/ref/net9.0/System.Security.Cryptography.Cng.dll /reference:/usr/share/dotnet/packs/Microsoft.NETCore.App.Ref/9.0.4/ref/net9.0/System.Security.Cryptography.Csp.dll /reference:/usr/share/dotnet/packs/Microsoft.NETCore.App.Ref/9.0.4/ref/net9.0/System.Security.Cryptography.dll /reference:/usr/share/dotnet/packs/Microsoft.NETCore.App.Ref/9.0.4/ref/net9.0/System.Security.Cryptography.Encoding.dll /reference:/usr/share/dotnet/packs/Microsoft.NETCore.App.Ref/9.0.4/ref/net9.0/System.Security.Cryptography.OpenSsl.dll /reference:/usr/share/dotnet/packs/Microsoft.NETCore.App.Ref/9.0.4/ref/net9.0/System.Security.Cryptography.Primitives.dll /reference:/home/quinngil/.nuget/packages/system.security.cryptography.protecteddata/6.0.0/lib/net6.0/System.Security.Cryptography.ProtectedData.dll /reference:/usr/share/dotnet/packs/Microsoft.NETCore.App.Ref/9.0.4/ref/net9.0/System.Security.Cryptography.X509Certificates.dll /reference:/usr/share/dotnet/packs/Microsoft.NETCore.App.Ref/9.0.4/ref/net9.0/System.Security.dll /reference:/home/quinngil/.nuget/packages/system.security.permissions/6.0.0/lib/net6.0/System.Security.Permissions.dll /reference:/usr/share/dotnet/packs/Microsoft.NETCore.App.Ref/9.0.4/ref/net9.0/System.Security.Principal.dll /reference:/usr/share/dotnet/packs/Microsoft.NETCore.App.Ref/9.0.4/ref/net9.0/System.Security.Principal.Windows.dll /reference:/usr/share/dotnet/packs/Microsoft.NETCore.App.Ref/9.0.4/ref/net9.0/System.Security.SecureString.dll /reference:/usr/share/dotnet/packs/Microsoft.NETCore.App.Ref/9.0.4/ref/net9.0/System.ServiceModel.Web.dll /reference:/usr/share/dotnet/packs/Microsoft.NETCore.App.Ref/9.0.4/ref/net9.0/System.ServiceProcess.dll /reference:/usr/share/dotnet/packs/Microsoft.NETCore.App.Ref/9.0.4/ref/net9.0/System.Text.Encoding.CodePages.dll /reference:/usr/share/dotnet/packs/Microsoft.NETCore.App.Ref/9.0.4/ref/net9.0/System.Text.Encoding.dll /reference:/usr/share/dotnet/packs/Microsoft.NETCore.App.Ref/9.0.4/ref/net9.0/System.Text.Encoding.Extensions.dll /reference:/usr/share/dotnet/packs/Microsoft.NETCore.App.Ref/9.0.4/ref/net9.0/System.Text.Encodings.Web.dll /reference:/home/quinngil/.nuget/packages/system.text.json/9.0.8/lib/net9.0/System.Text.Json.dll /reference:/usr/share/dotnet/packs/Microsoft.NETCore.App.Ref/9.0.4/ref/net9.0/System.Text.RegularExpressions.dll /reference:/usr/share/dotnet/packs/Microsoft.NETCore.App.Ref/9.0.4/ref/net9.0/System.Threading.Channels.dll /reference:/usr/share/dotnet/packs/Microsoft.NETCore.App.Ref/9.0.4/ref/net9.0/System.Threading.dll /reference:/usr/share/dotnet/packs/Microsoft.NETCore.App.Ref/9.0.4/ref/net9.0/System.Threading.Overlapped.dll /reference:/usr/share/dotnet/packs/Microsoft.NETCore.App.Ref/9.0.4/ref/net9.0/System.Threading.Tasks.Dataflow.dll /reference:/usr/share/dotnet/packs/Microsoft.NETCore.App.Ref/9.0.4/ref/net9.0/System.Threading.Tasks.dll /reference:/usr/share/dotnet/packs/Microsoft.NETCore.App.Ref/9.0.4/ref/net9.0/System.Threading.Tasks.Extensions.dll /reference:/usr/share/dotnet/packs/Microsoft.NETCore.App.Ref/9.0.4/ref/net9.0/System.Threading.Tasks.Parallel.dll /reference:/usr/share/dotnet/packs/Microsoft.NETCore.App.Ref/9.0.4/ref/net9.0/System.Threading.Thread.dll /reference:/usr/share/dotnet/packs/Microsoft.NETCore.App.Ref/9.0.4/ref/net9.0/System.Threading.ThreadPool.dll /reference:/usr/share/dotnet/packs/Microsoft.NETCore.App.Ref/9.0.4/ref/net9.0/System.Threading.Timer.dll /reference:/usr/share/dotnet/packs/Microsoft.NETCore.App.Ref/9.0.4/ref/net9.0/System.Transactions.dll /reference:/usr/share/dotnet/packs/Microsoft.NETCore.App.Ref/9.0.4/ref/net9.0/System.Transactions.Local.dll /reference:/usr/share/dotnet/packs/Microsoft.NETCore.App.Ref/9.0.4/ref/net9.0/System.ValueTuple.dll /reference:/usr/share/dotnet/packs/Microsoft.NETCore.App.Ref/9.0.4/ref/net9.0/System.Web.dll /reference:/usr/share/dotnet/packs/Microsoft.NETCore.App.Ref/9.0.4/ref/net9.0/System.Web.HttpUtility.dll /reference:/usr/share/dotnet/packs/Microsoft.NETCore.App.Ref/9.0.4/ref/net9.0/System.Windows.dll /reference:/home/quinngil/.nuget/packages/system.windows.extensions/6.0.0/lib/net6.0/System.Windows.Extensions.dll /reference:/usr/share/dotnet/packs/Microsoft.NETCore.App.Ref/9.0.4/ref/net9.0/System.Xml.dll /reference:/usr/share/dotnet/packs/Microsoft.NETCore.App.Ref/9.0.4/ref/net9.0/System.Xml.Linq.dll /reference:/usr/share/dotnet/packs/Microsoft.NETCore.App.Ref/9.0.4/ref/net9.0/System.Xml.ReaderWriter.dll /reference:/usr/share/dotnet/packs/Microsoft.NETCore.App.Ref/9.0.4/ref/net9.0/System.Xml.Serialization.dll /reference:/usr/share/dotnet/packs/Microsoft.NETCore.App.Ref/9.0.4/ref/net9.0/System.Xml.XDocument.dll /reference:/usr/share/dotnet/packs/Microsoft.NETCore.App.Ref/9.0.4/ref/net9.0/System.Xml.XmlDocument.dll /reference:/usr/share/dotnet/packs/Microsoft.NETCore.App.Ref/9.0.4/ref/net9.0/System.Xml.XmlSerializer.dll /reference:/usr/share/dotnet/packs/Microsoft.NETCore.App.Ref/9.0.4/ref/net9.0/System.Xml.XPath.dll /reference:/usr/share/dotnet/packs/Microsoft.NETCore.App.Ref/9.0.4/ref/net9.0/System.Xml.XPath.XDocument.dll /reference:/usr/share/dotnet/packs/Microsoft.NETCore.App.Ref/9.0.4/ref/net9.0/WindowsBase.dll /debug- /debug:portable /filealign:512 /optimize+ /out:obj/Release/net9.0/Lib.Cosmos.dll /refout:obj/Release/net9.0/refint/Lib.Cosmos.dll /reportanalyzer /target:library /warnaserror+ /utf8output /deterministic+ /sourcelink:obj/Release/net9.0/Lib.Cosmos.sourcelink.json /langversion:latest /features:strict /embed:"obj/Release/net9.0/.NETCoreApp,Version=v9.0.AssemblyAttributes.cs" /embed:obj/Release/net9.0/Lib.Cosmos.AssemblyInfo.cs /analyzerconfig:/mnt/d/src/MtgDiscoveryVibeWorkspace/IMPLS/src/.editorconfig /analyzerconfig:obj/Release/net9.0/Lib.Cosmos.GeneratedMSBuildEditorConfig.editorconfig /analyzerconfig:/usr/share/dotnet/sdk/9.0.203/Sdks/Microsoft.NET.Sdk/analyzers/build/config/analysislevel_9_all_warnaserror.globalconfig /analyzer:/usr/share/dotnet/sdk/9.0.203/Sdks/Microsoft.NET.Sdk/targets/../analyzers/Microsoft.CodeAnalysis.CSharp.NetAnalyzers.dll /analyzer:/usr/share/dotnet/sdk/9.0.203/Sdks/Microsoft.NET.Sdk/targets/../analyzers/Microsoft.CodeAnalysis.NetAnalyzers.dll /analyzer:/usr/share/dotnet/sdk/9.0.203/Sdks/Microsoft.NET.Sdk/targets/../codestyle/cs/Microsoft.CodeAnalysis.CodeStyle.dll /analyzer:/usr/share/dotnet/sdk/9.0.203/Sdks/Microsoft.NET.Sdk/targets/../codestyle/cs/Microsoft.CodeAnalysis.CodeStyle.Fixes.dll /analyzer:/usr/share/dotnet/sdk/9.0.203/Sdks/Microsoft.NET.Sdk/targets/../codestyle/cs/Microsoft.CodeAnalysis.CSharp.CodeStyle.dll /analyzer:/usr/share/dotnet/sdk/9.0.203/Sdks/Microsoft.NET.Sdk/targets/../codestyle/cs/Microsoft.CodeAnalysis.CSharp.CodeStyle.Fixes.dll /analyzer:/home/quinngil/.nuget/packages/microsoft.codeanalysis.bannedapianalyzers/4.14.0/analyzers/dotnet/cs/Microsoft.CodeAnalysis.BannedApiAnalyzers.dll /analyzer:/home/quinngil/.nuget/packages/microsoft.codeanalysis.bannedapianalyzers/4.14.0/analyzers/dotnet/cs/Microsoft.CodeAnalysis.CSharp.BannedApiAnalyzers.dll /analyzer:/home/quinngil/.nuget/packages/microsoft.extensions.logging.abstractions/9.0.0/analyzers/dotnet/roslyn4.4/cs/Microsoft.Extensions.Logging.Generators.dll /analyzer:/home/quinngil/.nuget/packages/microsoft.extensions.options/9.0.0/analyzers/dotnet/roslyn4.4/cs/Microsoft.Extensions.Options.SourceGeneration.dll /analyzer:/home/quinngil/.nuget/packages/system.clientmodel/1.5.1/analyzers/dotnet/cs/System.ClientModel.SourceGeneration.dll /analyzer:/home/quinngil/.nuget/packages/system.text.json/9.0.8/analyzers/dotnet/roslyn4.4/cs/System.Text.Json.SourceGeneration.dll /analyzer:/usr/share/dotnet/packs/Microsoft.NETCore.App.Ref/9.0.4/analyzers/dotnet/cs/Microsoft.Interop.ComInterfaceGenerator.dll /analyzer:/usr/share/dotnet/packs/Microsoft.NETCore.App.Ref/9.0.4/analyzers/dotnet/cs/Microsoft.Interop.JavaScript.JSImportGenerator.dll /analyzer:/usr/share/dotnet/packs/Microsoft.NETCore.App.Ref/9.0.4/analyzers/dotnet/cs/Microsoft.Interop.LibraryImportGenerator.dll /analyzer:/usr/share/dotnet/packs/Microsoft.NETCore.App.Ref/9.0.4/analyzers/dotnet/cs/Microsoft.Interop.SourceGeneration.dll /analyzer:/usr/share/dotnet/packs/Microsoft.NETCore.App.Ref/9.0.4/analyzers/dotnet/cs/System.Text.RegularExpressions.Generator.dll /additionalfile:/mnt/d/src/MtgDiscoveryVibeWorkspace/IMPLS/src/BannedSymbols.txt /additionalfile:/mnt/d/src/MtgDiscoveryVibeWorkspace/IMPLS/src/.editorconfig Adapters/AuthModeGenesisDevice.cs Adapters/CosmosArmClientAdapter.cs Adapters/CosmosEntraAuthGenesisDevice.cs Adapters/CosmosGenesisClientAdapter.cs Adapters/CosmosSasAuthGenesisDevice.cs Adapters/ICosmosArmClientAdapter.cs Adapters/ICosmosClientAdapter.cs Adapters/ICosmosGenesisClientAdapter.cs Adapters/IGenesisDevice.cs Adapters/MonoStateCosmosArmClientAdapter.cs Adapters/MonoStateCosmosClientAdapter.cs Apis/Adapters/ICosmosContainerAdapter.cs Apis/ConfigCosmosConfiguration.cs Apis/Configurations/CosmosAccountEndpoint.cs Apis/Configurations/CosmosAuthMode.cs Apis/Configurations/CosmosClientAuthMode.cs Apis/Configurations/CosmosConnectionMode.cs Apis/Configurations/CosmosConnectionString.cs Apis/Configurations/CosmosContainerAutoscaleMax.cs Apis/Configurations/CosmosContainerTimeToLive.cs Apis/Configurations/CosmosPreferredRegions.cs Apis/Configurations/ICosmosAccountConfig.cs Apis/Configurations/ICosmosConfiguration.cs Apis/Configurations/ICosmosConnectionConvenience.cs Apis/Configurations/ICosmosConnectionOptionsConfig.cs Apis/Configurations/ICosmosContainerConfig.cs Apis/Configurations/ICosmosContainerDefinition.cs Apis/Configurations/ICosmosDatabaseConfig.cs Apis/Configurations/ICosmosEntraConfig.cs Apis/Configurations/ICosmosEntraConnectionConfig.cs Apis/Configurations/ICosmosEntraGenesisConfig.cs Apis/Configurations/ICosmosGenesisConfig.cs Apis/Configurations/ICosmosSasConfig.cs Apis/Configurations/ICosmosSasConnectionConfig.cs Apis/Configurations/ICosmosSasGenesisConfig.cs Apis/CosmosContainerAdapter.cs Apis/CosmosItem.cs Apis/Extensions/CosmosStringExtensions.cs Apis/Ids/CosmosAccountName.cs Apis/Ids/CosmosContainerName.cs Apis/Ids/CosmosDatabaseName.cs Apis/Ids/CosmosItemId.cs Apis/Ids/CosmosPartitionKeyPath.cs Apis/Ids/PartitionCosmosPartitionKeyPath.cs Apis/Ids/PartitionKeyValue.cs Apis/Ids/ProvidedCosmosItemId.cs Apis/Ids/ProvidedPartitionKeyValue.cs Apis/Operators/CosmosGopher.cs Apis/Operators/CosmosInquisitor.cs Apis/Operators/CosmosInquisitorAsync.cs Apis/Operators/CosmosJanitor.cs Apis/Operators/CosmosScribe.cs Apis/Operators/DeletePointItem.cs Apis/Operators/ICosmosContainerDeleteOperator.cs Apis/Operators/ICosmosContainerQueryAsyncOperator.cs Apis/Operators/ICosmosContainerQueryOperator.cs Apis/Operators/ICosmosContainerReadOperator.cs Apis/Operators/ICosmosContainerUpsertOperator.cs Apis/Operators/ICosmosInquisition.cs Apis/Operators/InquiryDefinition.cs Apis/Operators/OpResponse.cs Apis/Operators/PointItem.cs Apis/Operators/ReadPointItem.cs Apis/ServiceLocatorAuthCosmosConnectionConfig.cs Configurations/ConfigCosmosAccountConfig.cs Configurations/ConfigCosmosAccountEndpoint.cs Configurations/ConfigCosmosAccountName.cs Configurations/ConfigCosmosClientAuthMode.cs Configurations/ConfigCosmosConnectionMode.cs Configurations/ConfigCosmosConnectionString.cs Configurations/ConfigCosmosContainerAutoscaleMax.cs Configurations/ConfigCosmosContainerConfig.cs Configurations/ConfigCosmosContainerTimeToLive.cs Configurations/ConfigCosmosDatabaseConfig.cs Configurations/ConfigCosmosEntraConfig.cs Configurations/ConfigCosmosEntraConnectionConfig.cs Configurations/ConfigCosmosEntraGenesisConfig.cs Configurations/ConfigCosmosPartitionKeyPath.cs Configurations/ConfigCosmosPreferredRegions.cs Configurations/ConfigCosmosSasConfig.cs Configurations/ConfigCosmosSasConnectionConfig.cs Configurations/CosmosConfigurationException.cs Operators/CosmosContainerDeleteOperator.cs Operators/CosmosContainerQueryAsyncOperator.cs Operators/CosmosContainerQueryOperator.cs Operators/CosmosContainerReadOperator.cs Operators/CosmosContainerUpsertOperator.cs Operators/ItemOpResponse.cs Operators/NoItemOpResponse.cs Operators/ProvidedOpResponse.cs "obj/Release/net9.0/.NETCoreApp,Version=v9.0.AssemblyAttributes.cs" obj/Release/net9.0/Lib.Cosmos.AssemblyInfo.cs /warnaserror+:NU1605,SYSLIB0011
     7>CopyFilesToOutputDirectory:
         Copying file from "/mnt/d/src/MtgDiscoveryVibeWorkspace/IMPLS/src/Lib.Universal.Tests/obj/Release/net9.0/Lib.Universal.Tests.dll" to "/mnt/d/src/MtgDiscoveryVibeWorkspace/IMPLS/src/Lib.Universal.Tests/bin/Release/net9.0/Lib.Universal.Tests.dll".
     9>CopyFilesToOutputDirectory:
         Copying file from "/mnt/d/src/MtgDiscoveryVibeWorkspace/IMPLS/src/TestConvenience.Core/obj/Release/net9.0/TestConvenience.Core.dll" to "/mnt/d/src/MtgDiscoveryVibeWorkspace/IMPLS/src/TestConvenience.Core/bin/Release/net9.0/TestConvenience.Core.dll".
     7>CopyFilesToOutputDirectory:
         Copying reference assembly from "obj/Release/net9.0/refint/Lib.Universal.Tests.dll" to "/mnt/d/src/MtgDiscoveryVibeWorkspace/IMPLS/src/Lib.Universal.Tests/obj/Release/net9.0/ref/Lib.Universal.Tests.dll".
         Lib.Universal.Tests -> /mnt/d/src/MtgDiscoveryVibeWorkspace/IMPLS/src/Lib.Universal.Tests/bin/Release/net9.0/Lib.Universal.Tests.dll
         Copying file from "/mnt/d/src/MtgDiscoveryVibeWorkspace/IMPLS/src/Lib.Universal.Tests/obj/Release/net9.0/Lib.Universal.Tests.pdb" to "/mnt/d/src/MtgDiscoveryVibeWorkspace/IMPLS/src/Lib.Universal.Tests/bin/Release/net9.0/Lib.Universal.Tests.pdb".
     9>CopyFilesToOutputDirectory:
         Copying reference assembly from "obj/Release/net9.0/refint/TestConvenience.Core.dll" to "/mnt/d/src/MtgDiscoveryVibeWorkspace/IMPLS/src/TestConvenience.Core/obj/Release/net9.0/ref/TestConvenience.Core.dll".
         TestConvenience.Core -> /mnt/d/src/MtgDiscoveryVibeWorkspace/IMPLS/src/TestConvenience.Core/bin/Release/net9.0/TestConvenience.Core.dll
         Copying file from "/mnt/d/src/MtgDiscoveryVibeWorkspace/IMPLS/src/TestConvenience.Core/obj/Release/net9.0/TestConvenience.Core.pdb" to "/mnt/d/src/MtgDiscoveryVibeWorkspace/IMPLS/src/TestConvenience.Core/bin/Release/net9.0/TestConvenience.Core.pdb".
     7>Done Building Project "/mnt/d/src/MtgDiscoveryVibeWorkspace/IMPLS/src/Lib.Universal.Tests/Lib.Universal.Tests.csproj" (default targets).
     9>Done Building Project "/mnt/d/src/MtgDiscoveryVibeWorkspace/IMPLS/src/TestConvenience.Core/TestConvenience.Core.csproj" (default targets).
    14>CoreCompile:
         CompilerServer: server - server processed compilation - Lib.Cosmos (net9.0)
       _CopyFilesMarkedCopyLocal:
         Copying file from "/mnt/d/src/MtgDiscoveryVibeWorkspace/IMPLS/src/Lib.Universal/bin/Release/net9.0/Lib.Universal.pdb" to "/mnt/d/src/MtgDiscoveryVibeWorkspace/IMPLS/src/Lib.Cosmos/bin/Release/net9.0/Lib.Universal.pdb".
         Copying file from "/mnt/d/src/MtgDiscoveryVibeWorkspace/IMPLS/src/Lib.Universal/bin/Release/net9.0/Lib.Universal.dll" to "/mnt/d/src/MtgDiscoveryVibeWorkspace/IMPLS/src/Lib.Cosmos/bin/Release/net9.0/Lib.Universal.dll".
         Touching "/mnt/d/src/MtgDiscoveryVibeWorkspace/IMPLS/src/Lib.Cosmos/obj/Release/net9.0/Lib.Cosmos.csproj.Up2Date".
       _CopyOutOfDateSourceItemsToOutputDirectory:
       Skipping target "_CopyOutOfDateSourceItemsToOutputDirectory" because all output files are up-to-date with respect to the input files.
       CopyFilesToOutputDirectory:
         Copying file from "/mnt/d/src/MtgDiscoveryVibeWorkspace/IMPLS/src/Lib.Cosmos/obj/Release/net9.0/Lib.Cosmos.dll" to "/mnt/d/src/MtgDiscoveryVibeWorkspace/IMPLS/src/Lib.Cosmos/bin/Release/net9.0/Lib.Cosmos.dll".
         Copying reference assembly from "obj/Release/net9.0/refint/Lib.Cosmos.dll" to "/mnt/d/src/MtgDiscoveryVibeWorkspace/IMPLS/src/Lib.Cosmos/obj/Release/net9.0/ref/Lib.Cosmos.dll".
         Lib.Cosmos -> /mnt/d/src/MtgDiscoveryVibeWorkspace/IMPLS/src/Lib.Cosmos/bin/Release/net9.0/Lib.Cosmos.dll
         Copying file from "/mnt/d/src/MtgDiscoveryVibeWorkspace/IMPLS/src/Lib.Cosmos/obj/Release/net9.0/Lib.Cosmos.pdb" to "/mnt/d/src/MtgDiscoveryVibeWorkspace/IMPLS/src/Lib.Cosmos/bin/Release/net9.0/Lib.Cosmos.pdb".
    14>Done Building Project "/mnt/d/src/MtgDiscoveryVibeWorkspace/IMPLS/src/Lib.Cosmos/Lib.Cosmos.csproj" (default targets).
   1:2>Project "/mnt/d/src/MtgDiscoveryVibeWorkspace/IMPLS/src/MtgDiscoveryVibe.sln" (1:2) is building "/mnt/d/src/MtgDiscoveryVibeWorkspace/IMPLS/src/Lib.Scryfall.Shared.Tests/Lib.Scryfall.Shared.Tests.csproj" (3:6) on node 15 (default targets).
     3>GenerateTargetFrameworkMonikerAttribute:
       Skipping target "GenerateTargetFrameworkMonikerAttribute" because all output files are up-to-date with respect to the input files.
       _GenerateSourceLinkFile:
         Updating Source Link file 'obj/Release/net9.0/Lib.Scryfall.Shared.Tests.sourcelink.json'.
       CoreCompile:
         /usr/share/dotnet/dotnet exec "/usr/share/dotnet/sdk/9.0.203/Roslyn/bincore/csc.dll" /noconfig /unsafe- /checked- /nowarn:IDE0290,IDE2001,IDE0005,IDE0046,CA1716,CA1040,CA1056,IDE0060,CA2000,CA1707,CA1515,1701,1702 /fullpaths /nostdlib+ /errorreport:prompt /warn:9 /define:TRACE;RELEASE;NET;NET9_0;NETCOREAPP;NET5_0_OR_GREATER;NET6_0_OR_GREATER;NET7_0_OR_GREATER;NET8_0_OR_GREATER;NET9_0_OR_GREATER;NETCOREAPP1_0_OR_GREATER;NETCOREAPP1_1_OR_GREATER;NETCOREAPP2_0_OR_GREATER;NETCOREAPP2_1_OR_GREATER;NETCOREAPP2_2_OR_GREATER;NETCOREAPP3_0_OR_GREATER;NETCOREAPP3_1_OR_GREATER /highentropyva+ /nullable:warnings /reference:/home/quinngil/.nuget/packages/awesomeassertions/9.1.0/lib/net8.0/AwesomeAssertions.dll /reference:/home/quinngil/.nuget/packages/jetbrains.annotations/2025.2.0/lib/netstandard2.0/JetBrains.Annotations.dll /reference:/mnt/d/src/MtgDiscoveryVibeWorkspace/IMPLS/src/Lib.Scryfall.Shared/obj/Release/net9.0/ref/Lib.Scryfall.Shared.dll /reference:/mnt/d/src/MtgDiscoveryVibeWorkspace/IMPLS/src/Lib.Universal/obj/Release/net9.0/ref/Lib.Universal.dll /reference:/home/quinngil/.nuget/packages/microsoft.applicationinsights/2.23.0/lib/netstandard2.0/Microsoft.ApplicationInsights.dll /reference:/usr/share/dotnet/packs/Microsoft.NETCore.App.Ref/9.0.4/ref/net9.0/Microsoft.CSharp.dll /reference:/home/quinngil/.nuget/packages/microsoft.extensions.caching.abstractions/9.0.0/lib/net9.0/Microsoft.Extensions.Caching.Abstractions.dll /reference:/home/quinngil/.nuget/packages/microsoft.extensions.caching.memory/9.0.0/lib/net9.0/Microsoft.Extensions.Caching.Memory.dll /reference:/home/quinngil/.nuget/packages/microsoft.extensions.configuration.abstractions/9.0.5/lib/net9.0/Microsoft.Extensions.Configuration.Abstractions.dll /reference:/home/quinngil/.nuget/packages/microsoft.extensions.configuration/9.0.5/lib/net9.0/Microsoft.Extensions.Configuration.dll /reference:/home/quinngil/.nuget/packages/microsoft.extensions.dependencyinjection.abstractions/9.0.0/lib/net9.0/Microsoft.Extensions.DependencyInjection.Abstractions.dll /reference:/home/quinngil/.nuget/packages/microsoft.extensions.logging.abstractions/9.0.0/lib/net9.0/Microsoft.Extensions.Logging.Abstractions.dll /reference:/home/quinngil/.nuget/packages/microsoft.extensions.options/9.0.0/lib/net9.0/Microsoft.Extensions.Options.dll /reference:/home/quinngil/.nuget/packages/microsoft.extensions.primitives/9.0.5/lib/net9.0/Microsoft.Extensions.Primitives.dll /reference:/home/quinngil/.nuget/packages/microsoft.identitymodel.abstractions/8.0.1/lib/net9.0/Microsoft.IdentityModel.Abstractions.dll /reference:/home/quinngil/.nuget/packages/microsoft.identitymodel.jsonwebtokens/8.0.1/lib/net9.0/Microsoft.IdentityModel.JsonWebTokens.dll /reference:/home/quinngil/.nuget/packages/microsoft.identitymodel.logging/8.0.1/lib/net9.0/Microsoft.IdentityModel.Logging.dll /reference:/home/quinngil/.nuget/packages/microsoft.identitymodel.tokens/8.0.1/lib/net9.0/Microsoft.IdentityModel.Tokens.dll /reference:/home/quinngil/.nuget/packages/microsoft.testing.platform.msbuild/1.8.1/lib/net9.0/Microsoft.Testing.Extensions.MSBuild.dll /reference:/home/quinngil/.nuget/packages/microsoft.testing.extensions.telemetry/1.8.1/lib/net9.0/Microsoft.Testing.Extensions.Telemetry.dll /reference:/home/quinngil/.nuget/packages/microsoft.testing.extensions.trxreport.abstractions/1.8.1/lib/net9.0/Microsoft.Testing.Extensions.TrxReport.Abstractions.dll /reference:/home/quinngil/.nuget/packages/microsoft.testing.extensions.vstestbridge/1.8.1/lib/net9.0/Microsoft.Testing.Extensions.VSTestBridge.dll /reference:/home/quinngil/.nuget/packages/microsoft.testing.platform/1.8.1/lib/net9.0/Microsoft.Testing.Platform.dll /reference:/home/quinngil/.nuget/packages/microsoft.testplatform.adapterutilities/17.13.0/lib/net9.0/Microsoft.TestPlatform.AdapterUtilities.dll /reference:/home/quinngil/.nuget/packages/microsoft.testplatform.testhost/17.14.1/lib/net8.0/Microsoft.TestPlatform.CommunicationUtilities.dll /reference:/home/quinngil/.nuget/packages/microsoft.testplatform.testhost/17.14.1/lib/net8.0/Microsoft.TestPlatform.CoreUtilities.dll /reference:/home/quinngil/.nuget/packages/microsoft.testplatform.testhost/17.14.1/lib/net8.0/Microsoft.TestPlatform.CrossPlatEngine.dll /reference:/home/quinngil/.nuget/packages/microsoft.testplatform.testhost/17.14.1/lib/net8.0/Microsoft.TestPlatform.PlatformAbstractions.dll /reference:/home/quinngil/.nuget/packages/microsoft.testplatform.testhost/17.14.1/lib/net8.0/Microsoft.TestPlatform.Utilities.dll /reference:/usr/share/dotnet/packs/Microsoft.NETCore.App.Ref/9.0.4/ref/net9.0/Microsoft.VisualBasic.Core.dll /reference:/usr/share/dotnet/packs/Microsoft.NETCore.App.Ref/9.0.4/ref/net9.0/Microsoft.VisualBasic.dll /reference:/home/quinngil/.nuget/packages/microsoft.codecoverage/17.14.1/lib/net8.0/Microsoft.VisualStudio.CodeCoverage.Shim.dll /reference:/home/quinngil/.nuget/packages/microsoft.testplatform.testhost/17.14.1/lib/net8.0/Microsoft.VisualStudio.TestPlatform.Common.dll /reference:/home/quinngil/.nuget/packages/microsoft.testplatform.testhost/17.14.1/lib/net8.0/Microsoft.VisualStudio.TestPlatform.ObjectModel.dll /reference:/home/quinngil/.nuget/packages/mstest.testframework/3.10.1/lib/net9.0/Microsoft.VisualStudio.TestPlatform.TestFramework.dll /reference:/home/quinngil/.nuget/packages/mstest.testframework/3.10.1/buildTransitive/net9.0/Microsoft.VisualStudio.TestPlatform.TestFramework.Extensions.dll /reference:/usr/share/dotnet/packs/Microsoft.NETCore.App.Ref/9.0.4/ref/net9.0/Microsoft.Win32.Primitives.dll /reference:/usr/share/dotnet/packs/Microsoft.NETCore.App.Ref/9.0.4/ref/net9.0/Microsoft.Win32.Registry.dll /reference:/usr/share/dotnet/packs/Microsoft.NETCore.App.Ref/9.0.4/ref/net9.0/mscorlib.dll /reference:/usr/share/dotnet/packs/Microsoft.NETCore.App.Ref/9.0.4/ref/net9.0/netstandard.dll /reference:/home/quinngil/.nuget/packages/newtonsoft.json/13.0.3/lib/net6.0/Newtonsoft.Json.dll /reference:/home/quinngil/.nuget/packages/polly.core/8.5.2/lib/net8.0/Polly.Core.dll /reference:/home/quinngil/.nuget/packages/polly/8.5.2/lib/net6.0/Polly.dll /reference:/home/quinngil/.nuget/packages/polly.ratelimiting/8.5.2/lib/net8.0/Polly.RateLimiting.dll /reference:/usr/share/dotnet/packs/Microsoft.NETCore.App.Ref/9.0.4/ref/net9.0/System.AppContext.dll /reference:/usr/share/dotnet/packs/Microsoft.NETCore.App.Ref/9.0.4/ref/net9.0/System.Buffers.dll /reference:/usr/share/dotnet/packs/Microsoft.NETCore.App.Ref/9.0.4/ref/net9.0/System.Collections.Concurrent.dll /reference:/usr/share/dotnet/packs/Microsoft.NETCore.App.Ref/9.0.4/ref/net9.0/System.Collections.dll /reference:/usr/share/dotnet/packs/Microsoft.NETCore.App.Ref/9.0.4/ref/net9.0/System.Collections.Immutable.dll /reference:/usr/share/dotnet/packs/Microsoft.NETCore.App.Ref/9.0.4/ref/net9.0/System.Collections.NonGeneric.dll /reference:/usr/share/dotnet/packs/Microsoft.NETCore.App.Ref/9.0.4/ref/net9.0/System.Collections.Specialized.dll /reference:/usr/share/dotnet/packs/Microsoft.NETCore.App.Ref/9.0.4/ref/net9.0/System.ComponentModel.Annotations.dll /reference:/usr/share/dotnet/packs/Microsoft.NETCore.App.Ref/9.0.4/ref/net9.0/System.ComponentModel.DataAnnotations.dll /reference:/usr/share/dotnet/packs/Microsoft.NETCore.App.Ref/9.0.4/ref/net9.0/System.ComponentModel.dll /reference:/usr/share/dotnet/packs/Microsoft.NETCore.App.Ref/9.0.4/ref/net9.0/System.ComponentModel.EventBasedAsync.dll /reference:/usr/share/dotnet/packs/Microsoft.NETCore.App.Ref/9.0.4/ref/net9.0/System.ComponentModel.Primitives.dll /reference:/usr/share/dotnet/packs/Microsoft.NETCore.App.Ref/9.0.4/ref/net9.0/System.ComponentModel.TypeConverter.dll /reference:/usr/share/dotnet/packs/Microsoft.NETCore.App.Ref/9.0.4/ref/net9.0/System.Configuration.dll /reference:/usr/share/dotnet/packs/Microsoft.NETCore.App.Ref/9.0.4/ref/net9.0/System.Console.dll /reference:/usr/share/dotnet/packs/Microsoft.NETCore.App.Ref/9.0.4/ref/net9.0/System.Core.dll /reference:/usr/share/dotnet/packs/Microsoft.NETCore.App.Ref/9.0.4/ref/net9.0/System.Data.Common.dll /reference:/usr/share/dotnet/packs/Microsoft.NETCore.App.Ref/9.0.4/ref/net9.0/System.Data.DataSetExtensions.dll /reference:/usr/share/dotnet/packs/Microsoft.NETCore.App.Ref/9.0.4/ref/net9.0/System.Data.dll /reference:/usr/share/dotnet/packs/Microsoft.NETCore.App.Ref/9.0.4/ref/net9.0/System.Diagnostics.Contracts.dll /reference:/usr/share/dotnet/packs/Microsoft.NETCore.App.Ref/9.0.4/ref/net9.0/System.Diagnostics.Debug.dll /reference:/usr/share/dotnet/packs/Microsoft.NETCore.App.Ref/9.0.4/ref/net9.0/System.Diagnostics.DiagnosticSource.dll /reference:/usr/share/dotnet/packs/Microsoft.NETCore.App.Ref/9.0.4/ref/net9.0/System.Diagnostics.FileVersionInfo.dll /reference:/usr/share/dotnet/packs/Microsoft.NETCore.App.Ref/9.0.4/ref/net9.0/System.Diagnostics.Process.dll /reference:/usr/share/dotnet/packs/Microsoft.NETCore.App.Ref/9.0.4/ref/net9.0/System.Diagnostics.StackTrace.dll /reference:/usr/share/dotnet/packs/Microsoft.NETCore.App.Ref/9.0.4/ref/net9.0/System.Diagnostics.TextWriterTraceListener.dll /reference:/usr/share/dotnet/packs/Microsoft.NETCore.App.Ref/9.0.4/ref/net9.0/System.Diagnostics.Tools.dll /reference:/usr/share/dotnet/packs/Microsoft.NETCore.App.Ref/9.0.4/ref/net9.0/System.Diagnostics.TraceSource.dll /reference:/usr/share/dotnet/packs/Microsoft.NETCore.App.Ref/9.0.4/ref/net9.0/System.Diagnostics.Tracing.dll /reference:/usr/share/dotnet/packs/Microsoft.NETCore.App.Ref/9.0.4/ref/net9.0/System.dll /reference:/usr/share/dotnet/packs/Microsoft.NETCore.App.Ref/9.0.4/ref/net9.0/System.Drawing.dll /reference:/usr/share/dotnet/packs/Microsoft.NETCore.App.Ref/9.0.4/ref/net9.0/System.Drawing.Primitives.dll /reference:/usr/share/dotnet/packs/Microsoft.NETCore.App.Ref/9.0.4/ref/net9.0/System.Dynamic.Runtime.dll /reference:/usr/share/dotnet/packs/Microsoft.NETCore.App.Ref/9.0.4/ref/net9.0/System.Formats.Asn1.dll /reference:/usr/share/dotnet/packs/Microsoft.NETCore.App.Ref/9.0.4/ref/net9.0/System.Formats.Tar.dll /reference:/usr/share/dotnet/packs/Microsoft.NETCore.App.Ref/9.0.4/ref/net9.0/System.Globalization.Calendars.dll /reference:/usr/share/dotnet/packs/Microsoft.NETCore.App.Ref/9.0.4/ref/net9.0/System.Globalization.dll /reference:/usr/share/dotnet/packs/Microsoft.NETCore.App.Ref/9.0.4/ref/net9.0/System.Globalization.Extensions.dll /reference:/home/quinngil/.nuget/packages/system.identitymodel.tokens.jwt/8.0.1/lib/net9.0/System.IdentityModel.Tokens.Jwt.dll /reference:/usr/share/dotnet/packs/Microsoft.NETCore.App.Ref/9.0.4/ref/net9.0/System.IO.Compression.Brotli.dll /reference:/usr/share/dotnet/packs/Microsoft.NETCore.App.Ref/9.0.4/ref/net9.0/System.IO.Compression.dll /reference:/usr/share/dotnet/packs/Microsoft.NETCore.App.Ref/9.0.4/ref/net9.0/System.IO.Compression.FileSystem.dll /reference:/usr/share/dotnet/packs/Microsoft.NETCore.App.Ref/9.0.4/ref/net9.0/System.IO.Compression.ZipFile.dll /reference:/usr/share/dotnet/packs/Microsoft.NETCore.App.Ref/9.0.4/ref/net9.0/System.IO.dll /reference:/usr/share/dotnet/packs/Microsoft.NETCore.App.Ref/9.0.4/ref/net9.0/System.IO.FileSystem.AccessControl.dll /reference:/usr/share/dotnet/packs/Microsoft.NETCore.App.Ref/9.0.4/ref/net9.0/System.IO.FileSystem.dll /reference:/usr/share/dotnet/packs/Microsoft.NETCore.App.Ref/9.0.4/ref/net9.0/System.IO.FileSystem.DriveInfo.dll /reference:/usr/share/dotnet/packs/Microsoft.NETCore.App.Ref/9.0.4/ref/net9.0/System.IO.FileSystem.Primitives.dll /reference:/usr/share/dotnet/packs/Microsoft.NETCore.App.Ref/9.0.4/ref/net9.0/System.IO.FileSystem.Watcher.dll /reference:/usr/share/dotnet/packs/Microsoft.NETCore.App.Ref/9.0.4/ref/net9.0/System.IO.IsolatedStorage.dll /reference:/usr/share/dotnet/packs/Microsoft.NETCore.App.Ref/9.0.4/ref/net9.0/System.IO.MemoryMappedFiles.dll /reference:/usr/share/dotnet/packs/Microsoft.NETCore.App.Ref/9.0.4/ref/net9.0/System.IO.Pipelines.dll /reference:/usr/share/dotnet/packs/Microsoft.NETCore.App.Ref/9.0.4/ref/net9.0/System.IO.Pipes.AccessControl.dll /reference:/usr/share/dotnet/packs/Microsoft.NETCore.App.Ref/9.0.4/ref/net9.0/System.IO.Pipes.dll /reference:/usr/share/dotnet/packs/Microsoft.NETCore.App.Ref/9.0.4/ref/net9.0/System.IO.UnmanagedMemoryStream.dll /reference:/usr/share/dotnet/packs/Microsoft.NETCore.App.Ref/9.0.4/ref/net9.0/System.Linq.dll /reference:/usr/share/dotnet/packs/Microsoft.NETCore.App.Ref/9.0.4/ref/net9.0/System.Linq.Expressions.dll /reference:/usr/share/dotnet/packs/Microsoft.NETCore.App.Ref/9.0.4/ref/net9.0/System.Linq.Parallel.dll /reference:/usr/share/dotnet/packs/Microsoft.NETCore.App.Ref/9.0.4/ref/net9.0/System.Linq.Queryable.dll /reference:/usr/share/dotnet/packs/Microsoft.NETCore.App.Ref/9.0.4/ref/net9.0/System.Memory.dll /reference:/usr/share/dotnet/packs/Microsoft.NETCore.App.Ref/9.0.4/ref/net9.0/System.Net.dll /reference:/usr/share/dotnet/packs/Microsoft.NETCore.App.Ref/9.0.4/ref/net9.0/System.Net.Http.dll /reference:/usr/share/dotnet/packs/Microsoft.NETCore.App.Ref/9.0.4/ref/net9.0/System.Net.Http.Json.dll /reference:/usr/share/dotnet/packs/Microsoft.NETCore.App.Ref/9.0.4/ref/net9.0/System.Net.HttpListener.dll /reference:/usr/share/dotnet/packs/Microsoft.NETCore.App.Ref/9.0.4/ref/net9.0/System.Net.Mail.dll /reference:/usr/share/dotnet/packs/Microsoft.NETCore.App.Ref/9.0.4/ref/net9.0/System.Net.NameResolution.dll /reference:/usr/share/dotnet/packs/Microsoft.NETCore.App.Ref/9.0.4/ref/net9.0/System.Net.NetworkInformation.dll /reference:/usr/share/dotnet/packs/Microsoft.NETCore.App.Ref/9.0.4/ref/net9.0/System.Net.Ping.dll /reference:/usr/share/dotnet/packs/Microsoft.NETCore.App.Ref/9.0.4/ref/net9.0/System.Net.Primitives.dll /reference:/usr/share/dotnet/packs/Microsoft.NETCore.App.Ref/9.0.4/ref/net9.0/System.Net.Quic.dll /reference:/usr/share/dotnet/packs/Microsoft.NETCore.App.Ref/9.0.4/ref/net9.0/System.Net.Requests.dll /reference:/usr/share/dotnet/packs/Microsoft.NETCore.App.Ref/9.0.4/ref/net9.0/System.Net.Security.dll /reference:/usr/share/dotnet/packs/Microsoft.NETCore.App.Ref/9.0.4/ref/net9.0/System.Net.ServicePoint.dll /reference:/usr/share/dotnet/packs/Microsoft.NETCore.App.Ref/9.0.4/ref/net9.0/System.Net.Sockets.dll /reference:/usr/share/dotnet/packs/Microsoft.NETCore.App.Ref/9.0.4/ref/net9.0/System.Net.WebClient.dll /reference:/usr/share/dotnet/packs/Microsoft.NETCore.App.Ref/9.0.4/ref/net9.0/System.Net.WebHeaderCollection.dll /reference:/usr/share/dotnet/packs/Microsoft.NETCore.App.Ref/9.0.4/ref/net9.0/System.Net.WebProxy.dll /reference:/usr/share/dotnet/packs/Microsoft.NETCore.App.Ref/9.0.4/ref/net9.0/System.Net.WebSockets.Client.dll /reference:/usr/share/dotnet/packs/Microsoft.NETCore.App.Ref/9.0.4/ref/net9.0/System.Net.WebSockets.dll /reference:/usr/share/dotnet/packs/Microsoft.NETCore.App.Ref/9.0.4/ref/net9.0/System.Numerics.dll /reference:/usr/share/dotnet/packs/Microsoft.NETCore.App.Ref/9.0.4/ref/net9.0/System.Numerics.Vectors.dll /reference:/usr/share/dotnet/packs/Microsoft.NETCore.App.Ref/9.0.4/ref/net9.0/System.ObjectModel.dll /reference:/usr/share/dotnet/packs/Microsoft.NETCore.App.Ref/9.0.4/ref/net9.0/System.Reflection.DispatchProxy.dll /reference:/usr/share/dotnet/packs/Microsoft.NETCore.App.Ref/9.0.4/ref/net9.0/System.Reflection.dll /reference:/usr/share/dotnet/packs/Microsoft.NETCore.App.Ref/9.0.4/ref/net9.0/System.Reflection.Emit.dll /reference:/usr/share/dotnet/packs/Microsoft.NETCore.App.Ref/9.0.4/ref/net9.0/System.Reflection.Emit.ILGeneration.dll /reference:/usr/share/dotnet/packs/Microsoft.NETCore.App.Ref/9.0.4/ref/net9.0/System.Reflection.Emit.Lightweight.dll /reference:/usr/share/dotnet/packs/Microsoft.NETCore.App.Ref/9.0.4/ref/net9.0/System.Reflection.Extensions.dll /reference:/usr/share/dotnet/packs/Microsoft.NETCore.App.Ref/9.0.4/ref/net9.0/System.Reflection.Metadata.dll /reference:/usr/share/dotnet/packs/Microsoft.NETCore.App.Ref/9.0.4/ref/net9.0/System.Reflection.Primitives.dll /reference:/usr/share/dotnet/packs/Microsoft.NETCore.App.Ref/9.0.4/ref/net9.0/System.Reflection.TypeExtensions.dll /reference:/usr/share/dotnet/packs/Microsoft.NETCore.App.Ref/9.0.4/ref/net9.0/System.Resources.Reader.dll /reference:/usr/share/dotnet/packs/Microsoft.NETCore.App.Ref/9.0.4/ref/net9.0/System.Resources.ResourceManager.dll /reference:/usr/share/dotnet/packs/Microsoft.NETCore.App.Ref/9.0.4/ref/net9.0/System.Resources.Writer.dll /reference:/usr/share/dotnet/packs/Microsoft.NETCore.App.Ref/9.0.4/ref/net9.0/System.Runtime.CompilerServices.Unsafe.dll /reference:/usr/share/dotnet/packs/Microsoft.NETCore.App.Ref/9.0.4/ref/net9.0/System.Runtime.CompilerServices.VisualC.dll /reference:/usr/share/dotnet/packs/Microsoft.NETCore.App.Ref/9.0.4/ref/net9.0/System.Runtime.dll /reference:/usr/share/dotnet/packs/Microsoft.NETCore.App.Ref/9.0.4/ref/net9.0/System.Runtime.Extensions.dll /reference:/usr/share/dotnet/packs/Microsoft.NETCore.App.Ref/9.0.4/ref/net9.0/System.Runtime.Handles.dll /reference:/usr/share/dotnet/packs/Microsoft.NETCore.App.Ref/9.0.4/ref/net9.0/System.Runtime.InteropServices.dll /reference:/usr/share/dotnet/packs/Microsoft.NETCore.App.Ref/9.0.4/ref/net9.0/System.Runtime.InteropServices.JavaScript.dll /reference:/usr/share/dotnet/packs/Microsoft.NETCore.App.Ref/9.0.4/ref/net9.0/System.Runtime.InteropServices.RuntimeInformation.dll /reference:/usr/share/dotnet/packs/Microsoft.NETCore.App.Ref/9.0.4/ref/net9.0/System.Runtime.Intrinsics.dll /reference:/usr/share/dotnet/packs/Microsoft.NETCore.App.Ref/9.0.4/ref/net9.0/System.Runtime.Loader.dll /reference:/usr/share/dotnet/packs/Microsoft.NETCore.App.Ref/9.0.4/ref/net9.0/System.Runtime.Numerics.dll /reference:/usr/share/dotnet/packs/Microsoft.NETCore.App.Ref/9.0.4/ref/net9.0/System.Runtime.Serialization.dll /reference:/usr/share/dotnet/packs/Microsoft.NETCore.App.Ref/9.0.4/ref/net9.0/System.Runtime.Serialization.Formatters.dll /reference:/usr/share/dotnet/packs/Microsoft.NETCore.App.Ref/9.0.4/ref/net9.0/System.Runtime.Serialization.Json.dll /reference:/usr/share/dotnet/packs/Microsoft.NETCore.App.Ref/9.0.4/ref/net9.0/System.Runtime.Serialization.Primitives.dll /reference:/usr/share/dotnet/packs/Microsoft.NETCore.App.Ref/9.0.4/ref/net9.0/System.Runtime.Serialization.Xml.dll /reference:/usr/share/dotnet/packs/Microsoft.NETCore.App.Ref/9.0.4/ref/net9.0/System.Security.AccessControl.dll /reference:/usr/share/dotnet/packs/Microsoft.NETCore.App.Ref/9.0.4/ref/net9.0/System.Security.Claims.dll /reference:/usr/share/dotnet/packs/Microsoft.NETCore.App.Ref/9.0.4/ref/net9.0/System.Security.Cryptography.Algorithms.dll /reference:/usr/share/dotnet/packs/Microsoft.NETCore.App.Ref/9.0.4/ref/net9.0/System.Security.Cryptography.Cng.dll /reference:/usr/share/dotnet/packs/Microsoft.NETCore.App.Ref/9.0.4/ref/net9.0/System.Security.Cryptography.Csp.dll /reference:/usr/share/dotnet/packs/Microsoft.NETCore.App.Ref/9.0.4/ref/net9.0/System.Security.Cryptography.dll /reference:/usr/share/dotnet/packs/Microsoft.NETCore.App.Ref/9.0.4/ref/net9.0/System.Security.Cryptography.Encoding.dll /reference:/usr/share/dotnet/packs/Microsoft.NETCore.App.Ref/9.0.4/ref/net9.0/System.Security.Cryptography.OpenSsl.dll /reference:/usr/share/dotnet/packs/Microsoft.NETCore.App.Ref/9.0.4/ref/net9.0/System.Security.Cryptography.Primitives.dll /reference:/usr/share/dotnet/packs/Microsoft.NETCore.App.Ref/9.0.4/ref/net9.0/System.Security.Cryptography.X509Certificates.dll /reference:/usr/share/dotnet/packs/Microsoft.NETCore.App.Ref/9.0.4/ref/net9.0/System.Security.dll /reference:/usr/share/dotnet/packs/Microsoft.NETCore.App.Ref/9.0.4/ref/net9.0/System.Security.Principal.dll /reference:/usr/share/dotnet/packs/Microsoft.NETCore.App.Ref/9.0.4/ref/net9.0/System.Security.Principal.Windows.dll /reference:/usr/share/dotnet/packs/Microsoft.NETCore.App.Ref/9.0.4/ref/net9.0/System.Security.SecureString.dll /reference:/usr/share/dotnet/packs/Microsoft.NETCore.App.Ref/9.0.4/ref/net9.0/System.ServiceModel.Web.dll /reference:/usr/share/dotnet/packs/Microsoft.NETCore.App.Ref/9.0.4/ref/net9.0/System.ServiceProcess.dll /reference:/usr/share/dotnet/packs/Microsoft.NETCore.App.Ref/9.0.4/ref/net9.0/System.Text.Encoding.CodePages.dll /reference:/usr/share/dotnet/packs/Microsoft.NETCore.App.Ref/9.0.4/ref/net9.0/System.Text.Encoding.dll /reference:/usr/share/dotnet/packs/Microsoft.NETCore.App.Ref/9.0.4/ref/net9.0/System.Text.Encoding.Extensions.dll /reference:/usr/share/dotnet/packs/Microsoft.NETCore.App.Ref/9.0.4/ref/net9.0/System.Text.Encodings.Web.dll /reference:/home/quinngil/.nuget/packages/system.text.json/9.0.8/lib/net9.0/System.Text.Json.dll /reference:/usr/share/dotnet/packs/Microsoft.NETCore.App.Ref/9.0.4/ref/net9.0/System.Text.RegularExpressions.dll /reference:/usr/share/dotnet/packs/Microsoft.NETCore.App.Ref/9.0.4/ref/net9.0/System.Threading.Channels.dll /reference:/usr/share/dotnet/packs/Microsoft.NETCore.App.Ref/9.0.4/ref/net9.0/System.Threading.dll /reference:/usr/share/dotnet/packs/Microsoft.NETCore.App.Ref/9.0.4/ref/net9.0/System.Threading.Overlapped.dll /reference:/home/quinngil/.nuget/packages/system.threading.ratelimiting/8.0.0/lib/net8.0/System.Threading.RateLimiting.dll /reference:/usr/share/dotnet/packs/Microsoft.NETCore.App.Ref/9.0.4/ref/net9.0/System.Threading.Tasks.Dataflow.dll /reference:/usr/share/dotnet/packs/Microsoft.NETCore.App.Ref/9.0.4/ref/net9.0/System.Threading.Tasks.dll /reference:/usr/share/dotnet/packs/Microsoft.NETCore.App.Ref/9.0.4/ref/net9.0/System.Threading.Tasks.Extensions.dll /reference:/usr/share/dotnet/packs/Microsoft.NETCore.App.Ref/9.0.4/ref/net9.0/System.Threading.Tasks.Parallel.dll /reference:/usr/share/dotnet/packs/Microsoft.NETCore.App.Ref/9.0.4/ref/net9.0/System.Threading.Thread.dll /reference:/usr/share/dotnet/packs/Microsoft.NETCore.App.Ref/9.0.4/ref/net9.0/System.Threading.ThreadPool.dll /reference:/usr/share/dotnet/packs/Microsoft.NETCore.App.Ref/9.0.4/ref/net9.0/System.Threading.Timer.dll /reference:/usr/share/dotnet/packs/Microsoft.NETCore.App.Ref/9.0.4/ref/net9.0/System.Transactions.dll /reference:/usr/share/dotnet/packs/Microsoft.NETCore.App.Ref/9.0.4/ref/net9.0/System.Transactions.Local.dll /reference:/usr/share/dotnet/packs/Microsoft.NETCore.App.Ref/9.0.4/ref/net9.0/System.ValueTuple.dll /reference:/usr/share/dotnet/packs/Microsoft.NETCore.App.Ref/9.0.4/ref/net9.0/System.Web.dll /reference:/usr/share/dotnet/packs/Microsoft.NETCore.App.Ref/9.0.4/ref/net9.0/System.Web.HttpUtility.dll /reference:/usr/share/dotnet/packs/Microsoft.NETCore.App.Ref/9.0.4/ref/net9.0/System.Windows.dll /reference:/usr/share/dotnet/packs/Microsoft.NETCore.App.Ref/9.0.4/ref/net9.0/System.Xml.dll /reference:/usr/share/dotnet/packs/Microsoft.NETCore.App.Ref/9.0.4/ref/net9.0/System.Xml.Linq.dll /reference:/usr/share/dotnet/packs/Microsoft.NETCore.App.Ref/9.0.4/ref/net9.0/System.Xml.ReaderWriter.dll /reference:/usr/share/dotnet/packs/Microsoft.NETCore.App.Ref/9.0.4/ref/net9.0/System.Xml.Serialization.dll /reference:/usr/share/dotnet/packs/Microsoft.NETCore.App.Ref/9.0.4/ref/net9.0/System.Xml.XDocument.dll /reference:/usr/share/dotnet/packs/Microsoft.NETCore.App.Ref/9.0.4/ref/net9.0/System.Xml.XmlDocument.dll /reference:/usr/share/dotnet/packs/Microsoft.NETCore.App.Ref/9.0.4/ref/net9.0/System.Xml.XmlSerializer.dll /reference:/usr/share/dotnet/packs/Microsoft.NETCore.App.Ref/9.0.4/ref/net9.0/System.Xml.XPath.dll /reference:/usr/share/dotnet/packs/Microsoft.NETCore.App.Ref/9.0.4/ref/net9.0/System.Xml.XPath.XDocument.dll /reference:/mnt/d/src/MtgDiscoveryVibeWorkspace/IMPLS/src/TestConvenience.Core/obj/Release/net9.0/ref/TestConvenience.Core.dll /reference:/home/quinngil/.nuget/packages/microsoft.testplatform.testhost/17.14.1/lib/net8.0/testhost.dll /reference:/usr/share/dotnet/packs/Microsoft.NETCore.App.Ref/9.0.4/ref/net9.0/WindowsBase.dll /debug- /debug:portable /filealign:512 /optimize+ /out:obj/Release/net9.0/Lib.Scryfall.Shared.Tests.dll /refout:obj/Release/net9.0/refint/Lib.Scryfall.Shared.Tests.dll /reportanalyzer /target:exe /warnaserror+ /utf8output /deterministic+ /sourcelink:obj/Release/net9.0/Lib.Scryfall.Shared.Tests.sourcelink.json /langversion:latest /features:strict /embed:/home/quinngil/.nuget/packages/microsoft.net.test.sdk/17.14.1/build/net8.0/Microsoft.NET.Test.Sdk.Program.cs /embed:obj/Release/net9.0/Lib.Scryfall.Shared.Tests.GlobalUsings.g.cs /embed:"obj/Release/net9.0/.NETCoreApp,Version=v9.0.AssemblyAttributes.cs" /embed:obj/Release/net9.0/Lib.Scryfall.Shared.Tests.AssemblyInfo.cs /analyzerconfig:/home/quinngil/.nuget/packages/mstest.analyzers/3.10.1/buildTransitive/../globalconfigs/mstest-default.globalconfig /analyzerconfig:obj/Release/net9.0/Lib.Scryfall.Shared.Tests.GeneratedMSBuildEditorConfig.editorconfig /analyzerconfig:/usr/share/dotnet/sdk/9.0.203/Sdks/Microsoft.NET.Sdk/analyzers/build/config/analysislevel_9_all_warnaserror.globalconfig /analyzer:/usr/share/dotnet/sdk/9.0.203/Sdks/Microsoft.NET.Sdk/targets/../analyzers/Microsoft.CodeAnalysis.CSharp.NetAnalyzers.dll /analyzer:/usr/share/dotnet/sdk/9.0.203/Sdks/Microsoft.NET.Sdk/targets/../analyzers/Microsoft.CodeAnalysis.NetAnalyzers.dll /analyzer:/usr/share/dotnet/sdk/9.0.203/Sdks/Microsoft.NET.Sdk/targets/../codestyle/cs/Microsoft.CodeAnalysis.CodeStyle.dll /analyzer:/usr/share/dotnet/sdk/9.0.203/Sdks/Microsoft.NET.Sdk/targets/../codestyle/cs/Microsoft.CodeAnalysis.CodeStyle.Fixes.dll /analyzer:/usr/share/dotnet/sdk/9.0.203/Sdks/Microsoft.NET.Sdk/targets/../codestyle/cs/Microsoft.CodeAnalysis.CSharp.CodeStyle.dll /analyzer:/usr/share/dotnet/sdk/9.0.203/Sdks/Microsoft.NET.Sdk/targets/../codestyle/cs/Microsoft.CodeAnalysis.CSharp.CodeStyle.Fixes.dll /analyzer:/home/quinngil/.nuget/packages/microsoft.codeanalysis.bannedapianalyzers/4.14.0/analyzers/dotnet/cs/Microsoft.CodeAnalysis.BannedApiAnalyzers.dll /analyzer:/home/quinngil/.nuget/packages/microsoft.codeanalysis.bannedapianalyzers/4.14.0/analyzers/dotnet/cs/Microsoft.CodeAnalysis.CSharp.BannedApiAnalyzers.dll /analyzer:/home/quinngil/.nuget/packages/microsoft.extensions.logging.abstractions/9.0.0/analyzers/dotnet/roslyn4.4/cs/Microsoft.Extensions.Logging.Generators.dll /analyzer:/home/quinngil/.nuget/packages/microsoft.extensions.options/9.0.0/analyzers/dotnet/roslyn4.4/cs/Microsoft.Extensions.Options.SourceGeneration.dll /analyzer:/home/quinngil/.nuget/packages/mstest.analyzers/3.10.1/analyzers/dotnet/cs/MSTest.Analyzers.CodeFixes.dll /analyzer:/home/quinngil/.nuget/packages/mstest.analyzers/3.10.1/analyzers/dotnet/cs/MSTest.Analyzers.dll /analyzer:/home/quinngil/.nuget/packages/system.text.json/9.0.8/analyzers/dotnet/roslyn4.4/cs/System.Text.Json.SourceGeneration.dll /analyzer:/usr/share/dotnet/packs/Microsoft.NETCore.App.Ref/9.0.4/analyzers/dotnet/cs/Microsoft.Interop.ComInterfaceGenerator.dll /analyzer:/usr/share/dotnet/packs/Microsoft.NETCore.App.Ref/9.0.4/analyzers/dotnet/cs/Microsoft.Interop.JavaScript.JSImportGenerator.dll /analyzer:/usr/share/dotnet/packs/Microsoft.NETCore.App.Ref/9.0.4/analyzers/dotnet/cs/Microsoft.Interop.LibraryImportGenerator.dll /analyzer:/usr/share/dotnet/packs/Microsoft.NETCore.App.Ref/9.0.4/analyzers/dotnet/cs/Microsoft.Interop.SourceGeneration.dll /analyzer:/usr/share/dotnet/packs/Microsoft.NETCore.App.Ref/9.0.4/analyzers/dotnet/cs/System.Text.RegularExpressions.Generator.dll /additionalfile:/mnt/d/src/MtgDiscoveryVibeWorkspace/IMPLS/src/BannedSymbols.txt /additionalfile:/mnt/d/src/MtgDiscoveryVibeWorkspace/IMPLS/src/.editorconfig /home/quinngil/.nuget/packages/microsoft.net.test.sdk/17.14.1/build/net8.0/Microsoft.NET.Test.Sdk.Program.cs obj/Release/net9.0/Lib.Scryfall.Shared.Tests.GlobalUsings.g.cs "obj/Release/net9.0/.NETCoreApp,Version=v9.0.AssemblyAttributes.cs" obj/Release/net9.0/Lib.Scryfall.Shared.Tests.AssemblyInfo.cs /warnaserror+:NU1605,SYSLIB0011
   1:2>Project "/mnt/d/src/MtgDiscoveryVibeWorkspace/IMPLS/src/MtgDiscoveryVibe.sln" (1:2) is building "/mnt/d/src/MtgDiscoveryVibeWorkspace/IMPLS/src/Example.LibCosmos/Example.LibCosmos.csproj" (5:6) on node 11 (default targets).
     5>GenerateTargetFrameworkMonikerAttribute:
       Skipping target "GenerateTargetFrameworkMonikerAttribute" because all output files are up-to-date with respect to the input files.
   1:2>Project "/mnt/d/src/MtgDiscoveryVibeWorkspace/IMPLS/src/MtgDiscoveryVibe.sln" (1:2) is building "/mnt/d/src/MtgDiscoveryVibeWorkspace/IMPLS/src/Lib.Adapter.Scryfall.Cosmos/Lib.Adapter.Scryfall.Cosmos.csproj" (25:18) on node 4 (default targets).
    25>GenerateTargetFrameworkMonikerAttribute:
       Skipping target "GenerateTargetFrameworkMonikerAttribute" because all output files are up-to-date with respect to the input files.
   1:2>Project "/mnt/d/src/MtgDiscoveryVibeWorkspace/IMPLS/src/MtgDiscoveryVibe.sln" (1:2) is building "/mnt/d/src/MtgDiscoveryVibeWorkspace/IMPLS/src/Lib.Shared.Invocation/Lib.Shared.Invocation.csproj" (17:23) on node 10 (default targets).
    17>GenerateTargetFrameworkMonikerAttribute:
       Skipping target "GenerateTargetFrameworkMonikerAttribute" because all output files are up-to-date with respect to the input files.
     5>CoreGenerateAssemblyInfo:
         Could not infer the type of parameter "#1" because the attribute type is unknown. The value will be treated as a string.
     3>CoreCompile:
         CompilerServer: server - server processed compilation - Lib.Scryfall.Shared.Tests (net9.0)
    17>CoreGenerateAssemblyInfo:
         Could not infer the type of parameter "#1" because the attribute type is unknown. The value will be treated as a string.
         Could not infer the type of parameter "#1" because the attribute type is unknown. The value will be treated as a string.
   1:2>Project "/mnt/d/src/MtgDiscoveryVibeWorkspace/IMPLS/src/MtgDiscoveryVibe.sln" (1:2) is building "/mnt/d/src/MtgDiscoveryVibeWorkspace/IMPLS/src/Lib.Cosmos.Tests/Lib.Cosmos.Tests.csproj" (12:6) on node 14 (default targets).
    12>GenerateTargetFrameworkMonikerAttribute:
       Skipping target "GenerateTargetFrameworkMonikerAttribute" because all output files are up-to-date with respect to the input files.
    25>CoreGenerateAssemblyInfo:
         Could not infer the type of parameter "#1" because the attribute type is unknown. The value will be treated as a string.
         Could not infer the type of parameter "#1" because the attribute type is unknown. The value will be treated as a string.
     5>_GenerateSourceLinkFile:
         Updating Source Link file 'obj/Release/net9.0/Example.LibCosmos.sourcelink.json'.
     3>_CopyFilesMarkedCopyLocal:
         Copying file from "/mnt/d/src/MtgDiscoveryVibeWorkspace/IMPLS/src/Lib.Scryfall.Shared/bin/Release/net9.0/Lib.Scryfall.Shared.pdb" to "/mnt/d/src/MtgDiscoveryVibeWorkspace/IMPLS/src/Lib.Scryfall.Shared.Tests/bin/Release/net9.0/Lib.Scryfall.Shared.pdb".
         Copying file from "/mnt/d/src/MtgDiscoveryVibeWorkspace/IMPLS/src/TestConvenience.Core/bin/Release/net9.0/TestConvenience.Core.dll" to "/mnt/d/src/MtgDiscoveryVibeWorkspace/IMPLS/src/Lib.Scryfall.Shared.Tests/bin/Release/net9.0/TestConvenience.Core.dll".
         Copying file from "/mnt/d/src/MtgDiscoveryVibeWorkspace/IMPLS/src/Lib.Universal/bin/Release/net9.0/Lib.Universal.pdb" to "/mnt/d/src/MtgDiscoveryVibeWorkspace/IMPLS/src/Lib.Scryfall.Shared.Tests/bin/Release/net9.0/Lib.Universal.pdb".
         Copying file from "/mnt/d/src/MtgDiscoveryVibeWorkspace/IMPLS/src/Lib.Scryfall.Shared/bin/Release/net9.0/Lib.Scryfall.Shared.dll" to "/mnt/d/src/MtgDiscoveryVibeWorkspace/IMPLS/src/Lib.Scryfall.Shared.Tests/bin/Release/net9.0/Lib.Scryfall.Shared.dll".
         Copying file from "/mnt/d/src/MtgDiscoveryVibeWorkspace/IMPLS/src/Lib.Universal/bin/Release/net9.0/Lib.Universal.dll" to "/mnt/d/src/MtgDiscoveryVibeWorkspace/IMPLS/src/Lib.Scryfall.Shared.Tests/bin/Release/net9.0/Lib.Universal.dll".
         Copying file from "/mnt/d/src/MtgDiscoveryVibeWorkspace/IMPLS/src/TestConvenience.Core/bin/Release/net9.0/TestConvenience.Core.pdb" to "/mnt/d/src/MtgDiscoveryVibeWorkspace/IMPLS/src/Lib.Scryfall.Shared.Tests/bin/Release/net9.0/TestConvenience.Core.pdb".
         Touching "/mnt/d/src/MtgDiscoveryVibeWorkspace/IMPLS/src/Lib.Scryfall.Shared.Tests/obj/Release/net9.0/Lib.Scry.F267A730.Up2Date".
    17>_GenerateSourceLinkFile:
         Updating Source Link file 'obj/Release/net9.0/Lib.Shared.Invocation.sourcelink.json'.
     5>CoreCompile:
         /usr/share/dotnet/dotnet exec "/usr/share/dotnet/sdk/9.0.203/Roslyn/bincore/csc.dll" /noconfig /unsafe- /checked- /nowarn:IDE0290,IDE2001,IDE0005,IDE0046,CA1716,CA1040,CA1056,CA1848,CA1515,IDE0058,1701,1702 /fullpaths /nostdlib+ /errorreport:prompt /warn:9 /define:TRACE;RELEASE;NET;NET9_0;NETCOREAPP;NET5_0_OR_GREATER;NET6_0_OR_GREATER;NET7_0_OR_GREATER;NET8_0_OR_GREATER;NET9_0_OR_GREATER;NETCOREAPP1_0_OR_GREATER;NETCOREAPP1_1_OR_GREATER;NETCOREAPP2_0_OR_GREATER;NETCOREAPP2_1_OR_GREATER;NETCOREAPP2_2_OR_GREATER;NETCOREAPP3_0_OR_GREATER;NETCOREAPP3_1_OR_GREATER /highentropyva+ /nullable:warnings /reference:/home/quinngil/.nuget/packages/azure.core/1.47.1/lib/net8.0/Azure.Core.dll /reference:/home/quinngil/.nuget/packages/azure.resourcemanager.authorization/1.1.5/lib/net8.0/Azure.ResourceManager.Authorization.dll /reference:/home/quinngil/.nuget/packages/azure.resourcemanager.cosmosdb/1.3.2/lib/netstandard2.0/Azure.ResourceManager.CosmosDB.dll /reference:/home/quinngil/.nuget/packages/azure.resourcemanager/1.13.2/lib/net8.0/Azure.ResourceManager.dll /reference:/mnt/d/src/MtgDiscoveryVibeWorkspace/IMPLS/src/Example.Core/obj/Release/net9.0/ref/Example.Core.dll /reference:/mnt/d/src/MtgDiscoveryVibeWorkspace/IMPLS/src/Lib.Cosmos/obj/Release/net9.0/ref/Lib.Cosmos.dll /reference:/mnt/d/src/MtgDiscoveryVibeWorkspace/IMPLS/src/Lib.Universal/obj/Release/net9.0/ref/Lib.Universal.dll /reference:/home/quinngil/.nuget/packages/microsoft.azure.cosmos/3.52.1/lib/netstandard2.0/Microsoft.Azure.Cosmos.Client.dll /reference:/home/quinngil/.nuget/packages/microsoft.azure.cosmos/3.52.1/lib/netstandard2.0/Microsoft.Azure.Cosmos.Core.dll /reference:/home/quinngil/.nuget/packages/microsoft.azure.cosmos/3.52.1/lib/netstandard2.0/Microsoft.Azure.Cosmos.Direct.dll /reference:/home/quinngil/.nuget/packages/microsoft.azure.cosmos/3.52.1/lib/netstandard2.0/Microsoft.Azure.Cosmos.Serialization.HybridRow.dll /reference:/home/quinngil/.nuget/packages/microsoft.bcl.asyncinterfaces/8.0.0/lib/netstandard2.1/Microsoft.Bcl.AsyncInterfaces.dll /reference:/home/quinngil/.nuget/packages/microsoft.bcl.hashcode/1.1.0/ref/netcoreapp2.1/Microsoft.Bcl.HashCode.dll /reference:/usr/share/dotnet/packs/Microsoft.NETCore.App.Ref/9.0.4/ref/net9.0/Microsoft.CSharp.dll /reference:/home/quinngil/.nuget/packages/microsoft.extensions.caching.abstractions/9.0.0/lib/net9.0/Microsoft.Extensions.Caching.Abstractions.dll /reference:/home/quinngil/.nuget/packages/microsoft.extensions.caching.memory/9.0.0/lib/net9.0/Microsoft.Extensions.Caching.Memory.dll /reference:/home/quinngil/.nuget/packages/microsoft.extensions.configuration.abstractions/9.0.5/lib/net9.0/Microsoft.Extensions.Configuration.Abstractions.dll /reference:/home/quinngil/.nuget/packages/microsoft.extensions.configuration.binder/9.0.0/lib/net9.0/Microsoft.Extensions.Configuration.Binder.dll /reference:/home/quinngil/.nuget/packages/microsoft.extensions.configuration.commandline/9.0.0/lib/net9.0/Microsoft.Extensions.Configuration.CommandLine.dll /reference:/home/quinngil/.nuget/packages/microsoft.extensions.configuration/9.0.0/lib/net9.0/Microsoft.Extensions.Configuration.dll /reference:/home/quinngil/.nuget/packages/microsoft.extensions.configuration.environmentvariables/9.0.0/lib/net9.0/Microsoft.Extensions.Configuration.EnvironmentVariables.dll /reference:/home/quinngil/.nuget/packages/microsoft.extensions.configuration.fileextensions/9.0.0/lib/net9.0/Microsoft.Extensions.Configuration.FileExtensions.dll /reference:/home/quinngil/.nuget/packages/microsoft.extensions.configuration.json/9.0.0/lib/net9.0/Microsoft.Extensions.Configuration.Json.dll /reference:/home/quinngil/.nuget/packages/microsoft.extensions.configuration.usersecrets/9.0.0/lib/net9.0/Microsoft.Extensions.Configuration.UserSecrets.dll /reference:/home/quinngil/.nuget/packages/microsoft.extensions.dependencyinjection.abstractions/9.0.0/lib/net9.0/Microsoft.Extensions.DependencyInjection.Abstractions.dll /reference:/home/quinngil/.nuget/packages/microsoft.extensions.dependencyinjection/9.0.0/lib/net9.0/Microsoft.Extensions.DependencyInjection.dll /reference:/home/quinngil/.nuget/packages/microsoft.extensions.diagnostics.abstractions/9.0.0/lib/net9.0/Microsoft.Extensions.Diagnostics.Abstractions.dll /reference:/home/quinngil/.nuget/packages/microsoft.extensions.diagnostics/9.0.0/lib/net9.0/Microsoft.Extensions.Diagnostics.dll /reference:/home/quinngil/.nuget/packages/microsoft.extensions.fileproviders.abstractions/9.0.0/lib/net9.0/Microsoft.Extensions.FileProviders.Abstractions.dll /reference:/home/quinngil/.nuget/packages/microsoft.extensions.fileproviders.physical/9.0.0/lib/net9.0/Microsoft.Extensions.FileProviders.Physical.dll /reference:/home/quinngil/.nuget/packages/microsoft.extensions.filesystemglobbing/9.0.0/lib/net9.0/Microsoft.Extensions.FileSystemGlobbing.dll /reference:/home/quinngil/.nuget/packages/microsoft.extensions.hosting.abstractions/9.0.0/lib/net9.0/Microsoft.Extensions.Hosting.Abstractions.dll /reference:/home/quinngil/.nuget/packages/microsoft.extensions.hosting/9.0.0/lib/net9.0/Microsoft.Extensions.Hosting.dll /reference:/home/quinngil/.nuget/packages/microsoft.extensions.logging.abstractions/9.0.0/lib/net9.0/Microsoft.Extensions.Logging.Abstractions.dll /reference:/home/quinngil/.nuget/packages/microsoft.extensions.logging.configuration/9.0.0/lib/net9.0/Microsoft.Extensions.Logging.Configuration.dll /reference:/home/quinngil/.nuget/packages/microsoft.extensions.logging.console/9.0.0/lib/net9.0/Microsoft.Extensions.Logging.Console.dll /reference:/home/quinngil/.nuget/packages/microsoft.extensions.logging.debug/9.0.0/lib/net9.0/Microsoft.Extensions.Logging.Debug.dll /reference:/home/quinngil/.nuget/packages/microsoft.extensions.logging/9.0.0/lib/net9.0/Microsoft.Extensions.Logging.dll /reference:/home/quinngil/.nuget/packages/microsoft.extensions.logging.eventlog/9.0.0/lib/net9.0/Microsoft.Extensions.Logging.EventLog.dll /reference:/home/quinngil/.nuget/packages/microsoft.extensions.logging.eventsource/9.0.0/lib/net9.0/Microsoft.Extensions.Logging.EventSource.dll /reference:/home/quinngil/.nuget/packages/microsoft.extensions.options.configurationextensions/9.0.0/lib/net9.0/Microsoft.Extensions.Options.ConfigurationExtensions.dll /reference:/home/quinngil/.nuget/packages/microsoft.extensions.options/9.0.0/lib/net9.0/Microsoft.Extensions.Options.dll /reference:/home/quinngil/.nuget/packages/microsoft.extensions.primitives/9.0.5/lib/net9.0/Microsoft.Extensions.Primitives.dll /reference:/home/quinngil/.nuget/packages/microsoft.identitymodel.abstractions/8.0.1/lib/net9.0/Microsoft.IdentityModel.Abstractions.dll /reference:/home/quinngil/.nuget/packages/microsoft.identitymodel.jsonwebtokens/8.0.1/lib/net9.0/Microsoft.IdentityModel.JsonWebTokens.dll /reference:/home/quinngil/.nuget/packages/microsoft.identitymodel.logging/8.0.1/lib/net9.0/Microsoft.IdentityModel.Logging.dll /reference:/home/quinngil/.nuget/packages/microsoft.identitymodel.tokens/8.0.1/lib/net9.0/Microsoft.IdentityModel.Tokens.dll /reference:/usr/share/dotnet/packs/Microsoft.NETCore.App.Ref/9.0.4/ref/net9.0/Microsoft.VisualBasic.Core.dll /reference:/usr/share/dotnet/packs/Microsoft.NETCore.App.Ref/9.0.4/ref/net9.0/Microsoft.VisualBasic.dll /reference:/usr/share/dotnet/packs/Microsoft.NETCore.App.Ref/9.0.4/ref/net9.0/Microsoft.Win32.Primitives.dll /reference:/usr/share/dotnet/packs/Microsoft.NETCore.App.Ref/9.0.4/ref/net9.0/Microsoft.Win32.Registry.dll /reference:/home/quinngil/.nuget/packages/microsoft.win32.systemevents/6.0.0/lib/net6.0/Microsoft.Win32.SystemEvents.dll /reference:/usr/share/dotnet/packs/Microsoft.NETCore.App.Ref/9.0.4/ref/net9.0/mscorlib.dll /reference:/usr/share/dotnet/packs/Microsoft.NETCore.App.Ref/9.0.4/ref/net9.0/netstandard.dll /reference:/home/quinngil/.nuget/packages/newtonsoft.json/13.0.3/lib/net6.0/Newtonsoft.Json.dll /reference:/usr/share/dotnet/packs/Microsoft.NETCore.App.Ref/9.0.4/ref/net9.0/System.AppContext.dll /reference:/usr/share/dotnet/packs/Microsoft.NETCore.App.Ref/9.0.4/ref/net9.0/System.Buffers.dll /reference:/home/quinngil/.nuget/packages/system.clientmodel/1.5.1/lib/net8.0/System.ClientModel.dll /reference:/usr/share/dotnet/packs/Microsoft.NETCore.App.Ref/9.0.4/ref/net9.0/System.Collections.Concurrent.dll /reference:/usr/share/dotnet/packs/Microsoft.NETCore.App.Ref/9.0.4/ref/net9.0/System.Collections.dll /reference:/usr/share/dotnet/packs/Microsoft.NETCore.App.Ref/9.0.4/ref/net9.0/System.Collections.Immutable.dll /reference:/usr/share/dotnet/packs/Microsoft.NETCore.App.Ref/9.0.4/ref/net9.0/System.Collections.NonGeneric.dll /reference:/usr/share/dotnet/packs/Microsoft.NETCore.App.Ref/9.0.4/ref/net9.0/System.Collections.Specialized.dll /reference:/usr/share/dotnet/packs/Microsoft.NETCore.App.Ref/9.0.4/ref/net9.0/System.ComponentModel.Annotations.dll /reference:/usr/share/dotnet/packs/Microsoft.NETCore.App.Ref/9.0.4/ref/net9.0/System.ComponentModel.DataAnnotations.dll /reference:/usr/share/dotnet/packs/Microsoft.NETCore.App.Ref/9.0.4/ref/net9.0/System.ComponentModel.dll /reference:/usr/share/dotnet/packs/Microsoft.NETCore.App.Ref/9.0.4/ref/net9.0/System.ComponentModel.EventBasedAsync.dll /reference:/usr/share/dotnet/packs/Microsoft.NETCore.App.Ref/9.0.4/ref/net9.0/System.ComponentModel.Primitives.dll /reference:/usr/share/dotnet/packs/Microsoft.NETCore.App.Ref/9.0.4/ref/net9.0/System.ComponentModel.TypeConverter.dll /reference:/home/quinngil/.nuget/packages/system.configuration.configurationmanager/6.0.0/lib/net6.0/System.Configuration.ConfigurationManager.dll /reference:/usr/share/dotnet/packs/Microsoft.NETCore.App.Ref/9.0.4/ref/net9.0/System.Configuration.dll /reference:/usr/share/dotnet/packs/Microsoft.NETCore.App.Ref/9.0.4/ref/net9.0/System.Console.dll /reference:/usr/share/dotnet/packs/Microsoft.NETCore.App.Ref/9.0.4/ref/net9.0/System.Core.dll /reference:/usr/share/dotnet/packs/Microsoft.NETCore.App.Ref/9.0.4/ref/net9.0/System.Data.Common.dll /reference:/usr/share/dotnet/packs/Microsoft.NETCore.App.Ref/9.0.4/ref/net9.0/System.Data.DataSetExtensions.dll /reference:/usr/share/dotnet/packs/Microsoft.NETCore.App.Ref/9.0.4/ref/net9.0/System.Data.dll /reference:/usr/share/dotnet/packs/Microsoft.NETCore.App.Ref/9.0.4/ref/net9.0/System.Diagnostics.Contracts.dll /reference:/usr/share/dotnet/packs/Microsoft.NETCore.App.Ref/9.0.4/ref/net9.0/System.Diagnostics.Debug.dll /reference:/usr/share/dotnet/packs/Microsoft.NETCore.App.Ref/9.0.4/ref/net9.0/System.Diagnostics.DiagnosticSource.dll /reference:/home/quinngil/.nuget/packages/system.diagnostics.eventlog/9.0.0/lib/net9.0/System.Diagnostics.EventLog.dll /reference:/usr/share/dotnet/packs/Microsoft.NETCore.App.Ref/9.0.4/ref/net9.0/System.Diagnostics.FileVersionInfo.dll /reference:/usr/share/dotnet/packs/Microsoft.NETCore.App.Ref/9.0.4/ref/net9.0/System.Diagnostics.Process.dll /reference:/usr/share/dotnet/packs/Microsoft.NETCore.App.Ref/9.0.4/ref/net9.0/System.Diagnostics.StackTrace.dll /reference:/usr/share/dotnet/packs/Microsoft.NETCore.App.Ref/9.0.4/ref/net9.0/System.Diagnostics.TextWriterTraceListener.dll /reference:/usr/share/dotnet/packs/Microsoft.NETCore.App.Ref/9.0.4/ref/net9.0/System.Diagnostics.Tools.dll /reference:/usr/share/dotnet/packs/Microsoft.NETCore.App.Ref/9.0.4/ref/net9.0/System.Diagnostics.TraceSource.dll /reference:/usr/share/dotnet/packs/Microsoft.NETCore.App.Ref/9.0.4/ref/net9.0/System.Diagnostics.Tracing.dll /reference:/usr/share/dotnet/packs/Microsoft.NETCore.App.Ref/9.0.4/ref/net9.0/System.dll /reference:/home/quinngil/.nuget/packages/system.drawing.common/6.0.0/lib/net6.0/System.Drawing.Common.dll /reference:/usr/share/dotnet/packs/Microsoft.NETCore.App.Ref/9.0.4/ref/net9.0/System.Drawing.dll /reference:/usr/share/dotnet/packs/Microsoft.NETCore.App.Ref/9.0.4/ref/net9.0/System.Drawing.Primitives.dll /reference:/usr/share/dotnet/packs/Microsoft.NETCore.App.Ref/9.0.4/ref/net9.0/System.Dynamic.Runtime.dll /reference:/usr/share/dotnet/packs/Microsoft.NETCore.App.Ref/9.0.4/ref/net9.0/System.Formats.Asn1.dll /reference:/usr/share/dotnet/packs/Microsoft.NETCore.App.Ref/9.0.4/ref/net9.0/System.Formats.Tar.dll /reference:/usr/share/dotnet/packs/Microsoft.NETCore.App.Ref/9.0.4/ref/net9.0/System.Globalization.Calendars.dll /reference:/usr/share/dotnet/packs/Microsoft.NETCore.App.Ref/9.0.4/ref/net9.0/System.Globalization.dll /reference:/usr/share/dotnet/packs/Microsoft.NETCore.App.Ref/9.0.4/ref/net9.0/System.Globalization.Extensions.dll /reference:/home/quinngil/.nuget/packages/system.identitymodel.tokens.jwt/8.0.1/lib/net9.0/System.IdentityModel.Tokens.Jwt.dll /reference:/usr/share/dotnet/packs/Microsoft.NETCore.App.Ref/9.0.4/ref/net9.0/System.IO.Compression.Brotli.dll /reference:/usr/share/dotnet/packs/Microsoft.NETCore.App.Ref/9.0.4/ref/net9.0/System.IO.Compression.dll /reference:/usr/share/dotnet/packs/Microsoft.NETCore.App.Ref/9.0.4/ref/net9.0/System.IO.Compression.FileSystem.dll /reference:/usr/share/dotnet/packs/Microsoft.NETCore.App.Ref/9.0.4/ref/net9.0/System.IO.Compression.ZipFile.dll /reference:/usr/share/dotnet/packs/Microsoft.NETCore.App.Ref/9.0.4/ref/net9.0/System.IO.dll /reference:/usr/share/dotnet/packs/Microsoft.NETCore.App.Ref/9.0.4/ref/net9.0/System.IO.FileSystem.AccessControl.dll /reference:/usr/share/dotnet/packs/Microsoft.NETCore.App.Ref/9.0.4/ref/net9.0/System.IO.FileSystem.dll /reference:/usr/share/dotnet/packs/Microsoft.NETCore.App.Ref/9.0.4/ref/net9.0/System.IO.FileSystem.DriveInfo.dll /reference:/usr/share/dotnet/packs/Microsoft.NETCore.App.Ref/9.0.4/ref/net9.0/System.IO.FileSystem.Primitives.dll /reference:/usr/share/dotnet/packs/Microsoft.NETCore.App.Ref/9.0.4/ref/net9.0/System.IO.FileSystem.Watcher.dll /reference:/usr/share/dotnet/packs/Microsoft.NETCore.App.Ref/9.0.4/ref/net9.0/System.IO.IsolatedStorage.dll /reference:/usr/share/dotnet/packs/Microsoft.NETCore.App.Ref/9.0.4/ref/net9.0/System.IO.MemoryMappedFiles.dll /reference:/usr/share/dotnet/packs/Microsoft.NETCore.App.Ref/9.0.4/ref/net9.0/System.IO.Pipelines.dll /reference:/usr/share/dotnet/packs/Microsoft.NETCore.App.Ref/9.0.4/ref/net9.0/System.IO.Pipes.AccessControl.dll /reference:/usr/share/dotnet/packs/Microsoft.NETCore.App.Ref/9.0.4/ref/net9.0/System.IO.Pipes.dll /reference:/usr/share/dotnet/packs/Microsoft.NETCore.App.Ref/9.0.4/ref/net9.0/System.IO.UnmanagedMemoryStream.dll /reference:/usr/share/dotnet/packs/Microsoft.NETCore.App.Ref/9.0.4/ref/net9.0/System.Linq.dll /reference:/usr/share/dotnet/packs/Microsoft.NETCore.App.Ref/9.0.4/ref/net9.0/System.Linq.Expressions.dll /reference:/usr/share/dotnet/packs/Microsoft.NETCore.App.Ref/9.0.4/ref/net9.0/System.Linq.Parallel.dll /reference:/usr/share/dotnet/packs/Microsoft.NETCore.App.Ref/9.0.4/ref/net9.0/System.Linq.Queryable.dll /reference:/home/quinngil/.nuget/packages/system.memory.data/8.0.1/lib/net8.0/System.Memory.Data.dll /reference:/usr/share/dotnet/packs/Microsoft.NETCore.App.Ref/9.0.4/ref/net9.0/System.Memory.dll /reference:/usr/share/dotnet/packs/Microsoft.NETCore.App.Ref/9.0.4/ref/net9.0/System.Net.dll /reference:/usr/share/dotnet/packs/Microsoft.NETCore.App.Ref/9.0.4/ref/net9.0/System.Net.Http.dll /reference:/usr/share/dotnet/packs/Microsoft.NETCore.App.Ref/9.0.4/ref/net9.0/System.Net.Http.Json.dll /reference:/usr/share/dotnet/packs/Microsoft.NETCore.App.Ref/9.0.4/ref/net9.0/System.Net.HttpListener.dll /reference:/usr/share/dotnet/packs/Microsoft.NETCore.App.Ref/9.0.4/ref/net9.0/System.Net.Mail.dll /reference:/usr/share/dotnet/packs/Microsoft.NETCore.App.Ref/9.0.4/ref/net9.0/System.Net.NameResolution.dll /reference:/usr/share/dotnet/packs/Microsoft.NETCore.App.Ref/9.0.4/ref/net9.0/System.Net.NetworkInformation.dll /reference:/usr/share/dotnet/packs/Microsoft.NETCore.App.Ref/9.0.4/ref/net9.0/System.Net.Ping.dll /reference:/usr/share/dotnet/packs/Microsoft.NETCore.App.Ref/9.0.4/ref/net9.0/System.Net.Primitives.dll /reference:/usr/share/dotnet/packs/Microsoft.NETCore.App.Ref/9.0.4/ref/net9.0/System.Net.Quic.dll /reference:/usr/share/dotnet/packs/Microsoft.NETCore.App.Ref/9.0.4/ref/net9.0/System.Net.Requests.dll /reference:/usr/share/dotnet/packs/Microsoft.NETCore.App.Ref/9.0.4/ref/net9.0/System.Net.Security.dll /reference:/usr/share/dotnet/packs/Microsoft.NETCore.App.Ref/9.0.4/ref/net9.0/System.Net.ServicePoint.dll /reference:/usr/share/dotnet/packs/Microsoft.NETCore.App.Ref/9.0.4/ref/net9.0/System.Net.Sockets.dll /reference:/usr/share/dotnet/packs/Microsoft.NETCore.App.Ref/9.0.4/ref/net9.0/System.Net.WebClient.dll /reference:/usr/share/dotnet/packs/Microsoft.NETCore.App.Ref/9.0.4/ref/net9.0/System.Net.WebHeaderCollection.dll /reference:/usr/share/dotnet/packs/Microsoft.NETCore.App.Ref/9.0.4/ref/net9.0/System.Net.WebProxy.dll /reference:/usr/share/dotnet/packs/Microsoft.NETCore.App.Ref/9.0.4/ref/net9.0/System.Net.WebSockets.Client.dll /reference:/usr/share/dotnet/packs/Microsoft.NETCore.App.Ref/9.0.4/ref/net9.0/System.Net.WebSockets.dll /reference:/usr/share/dotnet/packs/Microsoft.NETCore.App.Ref/9.0.4/ref/net9.0/System.Numerics.dll /reference:/usr/share/dotnet/packs/Microsoft.NETCore.App.Ref/9.0.4/ref/net9.0/System.Numerics.Vectors.dll /reference:/usr/share/dotnet/packs/Microsoft.NETCore.App.Ref/9.0.4/ref/net9.0/System.ObjectModel.dll /reference:/usr/share/dotnet/packs/Microsoft.NETCore.App.Ref/9.0.4/ref/net9.0/System.Reflection.DispatchProxy.dll /reference:/usr/share/dotnet/packs/Microsoft.NETCore.App.Ref/9.0.4/ref/net9.0/System.Reflection.dll /reference:/usr/share/dotnet/packs/Microsoft.NETCore.App.Ref/9.0.4/ref/net9.0/System.Reflection.Emit.dll /reference:/usr/share/dotnet/packs/Microsoft.NETCore.App.Ref/9.0.4/ref/net9.0/System.Reflection.Emit.ILGeneration.dll /reference:/usr/share/dotnet/packs/Microsoft.NETCore.App.Ref/9.0.4/ref/net9.0/System.Reflection.Emit.Lightweight.dll /reference:/usr/share/dotnet/packs/Microsoft.NETCore.App.Ref/9.0.4/ref/net9.0/System.Reflection.Extensions.dll /reference:/usr/share/dotnet/packs/Microsoft.NETCore.App.Ref/9.0.4/ref/net9.0/System.Reflection.Metadata.dll /reference:/usr/share/dotnet/packs/Microsoft.NETCore.App.Ref/9.0.4/ref/net9.0/System.Reflection.Primitives.dll /reference:/usr/share/dotnet/packs/Microsoft.NETCore.App.Ref/9.0.4/ref/net9.0/System.Reflection.TypeExtensions.dll /reference:/usr/share/dotnet/packs/Microsoft.NETCore.App.Ref/9.0.4/ref/net9.0/System.Resources.Reader.dll /reference:/usr/share/dotnet/packs/Microsoft.NETCore.App.Ref/9.0.4/ref/net9.0/System.Resources.ResourceManager.dll /reference:/usr/share/dotnet/packs/Microsoft.NETCore.App.Ref/9.0.4/ref/net9.0/System.Resources.Writer.dll /reference:/usr/share/dotnet/packs/Microsoft.NETCore.App.Ref/9.0.4/ref/net9.0/System.Runtime.CompilerServices.Unsafe.dll /reference:/usr/share/dotnet/packs/Microsoft.NETCore.App.Ref/9.0.4/ref/net9.0/System.Runtime.CompilerServices.VisualC.dll /reference:/usr/share/dotnet/packs/Microsoft.NETCore.App.Ref/9.0.4/ref/net9.0/System.Runtime.dll /reference:/usr/share/dotnet/packs/Microsoft.NETCore.App.Ref/9.0.4/ref/net9.0/System.Runtime.Extensions.dll /reference:/usr/share/dotnet/packs/Microsoft.NETCore.App.Ref/9.0.4/ref/net9.0/System.Runtime.Handles.dll /reference:/usr/share/dotnet/packs/Microsoft.NETCore.App.Ref/9.0.4/ref/net9.0/System.Runtime.InteropServices.dll /reference:/usr/share/dotnet/packs/Microsoft.NETCore.App.Ref/9.0.4/ref/net9.0/System.Runtime.InteropServices.JavaScript.dll /reference:/usr/share/dotnet/packs/Microsoft.NETCore.App.Ref/9.0.4/ref/net9.0/System.Runtime.InteropServices.RuntimeInformation.dll /reference:/usr/share/dotnet/packs/Microsoft.NETCore.App.Ref/9.0.4/ref/net9.0/System.Runtime.Intrinsics.dll /reference:/usr/share/dotnet/packs/Microsoft.NETCore.App.Ref/9.0.4/ref/net9.0/System.Runtime.Loader.dll /reference:/usr/share/dotnet/packs/Microsoft.NETCore.App.Ref/9.0.4/ref/net9.0/System.Runtime.Numerics.dll /reference:/usr/share/dotnet/packs/Microsoft.NETCore.App.Ref/9.0.4/ref/net9.0/System.Runtime.Serialization.dll /reference:/usr/share/dotnet/packs/Microsoft.NETCore.App.Ref/9.0.4/ref/net9.0/System.Runtime.Serialization.Formatters.dll /reference:/usr/share/dotnet/packs/Microsoft.NETCore.App.Ref/9.0.4/ref/net9.0/System.Runtime.Serialization.Json.dll /reference:/usr/share/dotnet/packs/Microsoft.NETCore.App.Ref/9.0.4/ref/net9.0/System.Runtime.Serialization.Primitives.dll /reference:/usr/share/dotnet/packs/Microsoft.NETCore.App.Ref/9.0.4/ref/net9.0/System.Runtime.Serialization.Xml.dll /reference:/usr/share/dotnet/packs/Microsoft.NETCore.App.Ref/9.0.4/ref/net9.0/System.Security.AccessControl.dll /reference:/usr/share/dotnet/packs/Microsoft.NETCore.App.Ref/9.0.4/ref/net9.0/System.Security.Claims.dll /reference:/usr/share/dotnet/packs/Microsoft.NETCore.App.Ref/9.0.4/ref/net9.0/System.Security.Cryptography.Algorithms.dll /reference:/usr/share/dotnet/packs/Microsoft.NETCore.App.Ref/9.0.4/ref/net9.0/System.Security.Cryptography.Cng.dll /reference:/usr/share/dotnet/packs/Microsoft.NETCore.App.Ref/9.0.4/ref/net9.0/System.Security.Cryptography.Csp.dll /reference:/usr/share/dotnet/packs/Microsoft.NETCore.App.Ref/9.0.4/ref/net9.0/System.Security.Cryptography.dll /reference:/usr/share/dotnet/packs/Microsoft.NETCore.App.Ref/9.0.4/ref/net9.0/System.Security.Cryptography.Encoding.dll /reference:/usr/share/dotnet/packs/Microsoft.NETCore.App.Ref/9.0.4/ref/net9.0/System.Security.Cryptography.OpenSsl.dll /reference:/usr/share/dotnet/packs/Microsoft.NETCore.App.Ref/9.0.4/ref/net9.0/System.Security.Cryptography.Primitives.dll /reference:/home/quinngil/.nuget/packages/system.security.cryptography.protecteddata/6.0.0/lib/net6.0/System.Security.Cryptography.ProtectedData.dll /reference:/usr/share/dotnet/packs/Microsoft.NETCore.App.Ref/9.0.4/ref/net9.0/System.Security.Cryptography.X509Certificates.dll /reference:/usr/share/dotnet/packs/Microsoft.NETCore.App.Ref/9.0.4/ref/net9.0/System.Security.dll /reference:/home/quinngil/.nuget/packages/system.security.permissions/6.0.0/lib/net6.0/System.Security.Permissions.dll /reference:/usr/share/dotnet/packs/Microsoft.NETCore.App.Ref/9.0.4/ref/net9.0/System.Security.Principal.dll /reference:/usr/share/dotnet/packs/Microsoft.NETCore.App.Ref/9.0.4/ref/net9.0/System.Security.Principal.Windows.dll /reference:/usr/share/dotnet/packs/Microsoft.NETCore.App.Ref/9.0.4/ref/net9.0/System.Security.SecureString.dll /reference:/usr/share/dotnet/packs/Microsoft.NETCore.App.Ref/9.0.4/ref/net9.0/System.ServiceModel.Web.dll /reference:/usr/share/dotnet/packs/Microsoft.NETCore.App.Ref/9.0.4/ref/net9.0/System.ServiceProcess.dll /reference:/usr/share/dotnet/packs/Microsoft.NETCore.App.Ref/9.0.4/ref/net9.0/System.Text.Encoding.CodePages.dll /reference:/usr/share/dotnet/packs/Microsoft.NETCore.App.Ref/9.0.4/ref/net9.0/System.Text.Encoding.dll /reference:/usr/share/dotnet/packs/Microsoft.NETCore.App.Ref/9.0.4/ref/net9.0/System.Text.Encoding.Extensions.dll /reference:/usr/share/dotnet/packs/Microsoft.NETCore.App.Ref/9.0.4/ref/net9.0/System.Text.Encodings.Web.dll /reference:/home/quinngil/.nuget/packages/system.text.json/9.0.8/lib/net9.0/System.Text.Json.dll /reference:/usr/share/dotnet/packs/Microsoft.NETCore.App.Ref/9.0.4/ref/net9.0/System.Text.RegularExpressions.dll /reference:/usr/share/dotnet/packs/Microsoft.NETCore.App.Ref/9.0.4/ref/net9.0/System.Threading.Channels.dll /reference:/usr/share/dotnet/packs/Microsoft.NETCore.App.Ref/9.0.4/ref/net9.0/System.Threading.dll /reference:/usr/share/dotnet/packs/Microsoft.NETCore.App.Ref/9.0.4/ref/net9.0/System.Threading.Overlapped.dll /reference:/usr/share/dotnet/packs/Microsoft.NETCore.App.Ref/9.0.4/ref/net9.0/System.Threading.Tasks.Dataflow.dll /reference:/usr/share/dotnet/packs/Microsoft.NETCore.App.Ref/9.0.4/ref/net9.0/System.Threading.Tasks.dll /reference:/usr/share/dotnet/packs/Microsoft.NETCore.App.Ref/9.0.4/ref/net9.0/System.Threading.Tasks.Extensions.dll /reference:/usr/share/dotnet/packs/Microsoft.NETCore.App.Ref/9.0.4/ref/net9.0/System.Threading.Tasks.Parallel.dll /reference:/usr/share/dotnet/packs/Microsoft.NETCore.App.Ref/9.0.4/ref/net9.0/System.Threading.Thread.dll /reference:/usr/share/dotnet/packs/Microsoft.NETCore.App.Ref/9.0.4/ref/net9.0/System.Threading.ThreadPool.dll /reference:/usr/share/dotnet/packs/Microsoft.NETCore.App.Ref/9.0.4/ref/net9.0/System.Threading.Timer.dll /reference:/usr/share/dotnet/packs/Microsoft.NETCore.App.Ref/9.0.4/ref/net9.0/System.Transactions.dll /reference:/usr/share/dotnet/packs/Microsoft.NETCore.App.Ref/9.0.4/ref/net9.0/System.Transactions.Local.dll /reference:/usr/share/dotnet/packs/Microsoft.NETCore.App.Ref/9.0.4/ref/net9.0/System.ValueTuple.dll /reference:/usr/share/dotnet/packs/Microsoft.NETCore.App.Ref/9.0.4/ref/net9.0/System.Web.dll /reference:/usr/share/dotnet/packs/Microsoft.NETCore.App.Ref/9.0.4/ref/net9.0/System.Web.HttpUtility.dll /reference:/usr/share/dotnet/packs/Microsoft.NETCore.App.Ref/9.0.4/ref/net9.0/System.Windows.dll /reference:/home/quinngil/.nuget/packages/system.windows.extensions/6.0.0/lib/net6.0/System.Windows.Extensions.dll /reference:/usr/share/dotnet/packs/Microsoft.NETCore.App.Ref/9.0.4/ref/net9.0/System.Xml.dll /reference:/usr/share/dotnet/packs/Microsoft.NETCore.App.Ref/9.0.4/ref/net9.0/System.Xml.Linq.dll /reference:/usr/share/dotnet/packs/Microsoft.NETCore.App.Ref/9.0.4/ref/net9.0/System.Xml.ReaderWriter.dll /reference:/usr/share/dotnet/packs/Microsoft.NETCore.App.Ref/9.0.4/ref/net9.0/System.Xml.Serialization.dll /reference:/usr/share/dotnet/packs/Microsoft.NETCore.App.Ref/9.0.4/ref/net9.0/System.Xml.XDocument.dll /reference:/usr/share/dotnet/packs/Microsoft.NETCore.App.Ref/9.0.4/ref/net9.0/System.Xml.XmlDocument.dll /reference:/usr/share/dotnet/packs/Microsoft.NETCore.App.Ref/9.0.4/ref/net9.0/System.Xml.XmlSerializer.dll /reference:/usr/share/dotnet/packs/Microsoft.NETCore.App.Ref/9.0.4/ref/net9.0/System.Xml.XPath.dll /reference:/usr/share/dotnet/packs/Microsoft.NETCore.App.Ref/9.0.4/ref/net9.0/System.Xml.XPath.XDocument.dll /reference:/usr/share/dotnet/packs/Microsoft.NETCore.App.Ref/9.0.4/ref/net9.0/WindowsBase.dll /debug- /debug:portable /filealign:512 /optimize+ /out:obj/Release/net9.0/Example.LibCosmos.dll /refout:obj/Release/net9.0/refint/Example.LibCosmos.dll /reportanalyzer /target:exe /warnaserror+ /utf8output /deterministic+ /sourcelink:obj/Release/net9.0/Example.LibCosmos.sourcelink.json /langversion:latest /features:strict /embed:"obj/Release/net9.0/.NETCoreApp,Version=v9.0.AssemblyAttributes.cs" /embed:obj/Release/net9.0/Example.LibCosmos.AssemblyInfo.cs /analyzerconfig:/mnt/d/src/MtgDiscoveryVibeWorkspace/IMPLS/src/.editorconfig /analyzerconfig:obj/Release/net9.0/Example.LibCosmos.GeneratedMSBuildEditorConfig.editorconfig /analyzerconfig:/usr/share/dotnet/sdk/9.0.203/Sdks/Microsoft.NET.Sdk/analyzers/build/config/analysislevel_9_all_warnaserror.globalconfig /analyzer:/usr/share/dotnet/sdk/9.0.203/Sdks/Microsoft.NET.Sdk/targets/../analyzers/Microsoft.CodeAnalysis.CSharp.NetAnalyzers.dll /analyzer:/usr/share/dotnet/sdk/9.0.203/Sdks/Microsoft.NET.Sdk/targets/../analyzers/Microsoft.CodeAnalysis.NetAnalyzers.dll /analyzer:/usr/share/dotnet/sdk/9.0.203/Sdks/Microsoft.NET.Sdk/targets/../codestyle/cs/Microsoft.CodeAnalysis.CodeStyle.dll /analyzer:/usr/share/dotnet/sdk/9.0.203/Sdks/Microsoft.NET.Sdk/targets/../codestyle/cs/Microsoft.CodeAnalysis.CodeStyle.Fixes.dll /analyzer:/usr/share/dotnet/sdk/9.0.203/Sdks/Microsoft.NET.Sdk/targets/../codestyle/cs/Microsoft.CodeAnalysis.CSharp.CodeStyle.dll /analyzer:/usr/share/dotnet/sdk/9.0.203/Sdks/Microsoft.NET.Sdk/targets/../codestyle/cs/Microsoft.CodeAnalysis.CSharp.CodeStyle.Fixes.dll /analyzer:/home/quinngil/.nuget/packages/microsoft.codeanalysis.bannedapianalyzers/4.14.0/analyzers/dotnet/cs/Microsoft.CodeAnalysis.BannedApiAnalyzers.dll /analyzer:/home/quinngil/.nuget/packages/microsoft.codeanalysis.bannedapianalyzers/4.14.0/analyzers/dotnet/cs/Microsoft.CodeAnalysis.CSharp.BannedApiAnalyzers.dll /analyzer:/home/quinngil/.nuget/packages/microsoft.extensions.logging.abstractions/9.0.0/analyzers/dotnet/roslyn4.4/cs/Microsoft.Extensions.Logging.Generators.dll /analyzer:/home/quinngil/.nuget/packages/microsoft.extensions.options/9.0.0/analyzers/dotnet/roslyn4.4/cs/Microsoft.Extensions.Options.SourceGeneration.dll /analyzer:/home/quinngil/.nuget/packages/system.clientmodel/1.5.1/analyzers/dotnet/cs/System.ClientModel.SourceGeneration.dll /analyzer:/home/quinngil/.nuget/packages/system.text.json/9.0.8/analyzers/dotnet/roslyn4.4/cs/System.Text.Json.SourceGeneration.dll /analyzer:/usr/share/dotnet/packs/Microsoft.NETCore.App.Ref/9.0.4/analyzers/dotnet/cs/Microsoft.Interop.ComInterfaceGenerator.dll /analyzer:/usr/share/dotnet/packs/Microsoft.NETCore.App.Ref/9.0.4/analyzers/dotnet/cs/Microsoft.Interop.JavaScript.JSImportGenerator.dll /analyzer:/usr/share/dotnet/packs/Microsoft.NETCore.App.Ref/9.0.4/analyzers/dotnet/cs/Microsoft.Interop.LibraryImportGenerator.dll /analyzer:/usr/share/dotnet/packs/Microsoft.NETCore.App.Ref/9.0.4/analyzers/dotnet/cs/Microsoft.Interop.SourceGeneration.dll /analyzer:/usr/share/dotnet/packs/Microsoft.NETCore.App.Ref/9.0.4/analyzers/dotnet/cs/System.Text.RegularExpressions.Generator.dll /additionalfile:/mnt/d/src/MtgDiscoveryVibeWorkspace/IMPLS/src/BannedSymbols.txt /additionalfile:/mnt/d/src/MtgDiscoveryVibeWorkspace/IMPLS/src/.editorconfig Program.cs "obj/Release/net9.0/.NETCoreApp,Version=v9.0.AssemblyAttributes.cs" obj/Release/net9.0/Example.LibCosmos.AssemblyInfo.cs /warnaserror+:NU1605,SYSLIB0011
     3>_CopyOutOfDateSourceItemsToOutputDirectory:
       Building target "_CopyOutOfDateSourceItemsToOutputDirectory" partially, because some output files are out of date with respect to their input files.
         Copying file from "/mnt/d/src/MtgDiscoveryVibeWorkspace/IMPLS/src/TestConvenience.Core/bin/Release/net9.0/TestConvenience.Core.deps.json" to "/mnt/d/src/MtgDiscoveryVibeWorkspace/IMPLS/src/Lib.Scryfall.Shared.Tests/bin/Release/net9.0/TestConvenience.Core.deps.json".
         Copying file from "/mnt/d/src/MtgDiscoveryVibeWorkspace/IMPLS/src/TestConvenience.Core/bin/Release/net9.0/TestConvenience.Core.runtimeconfig.json" to "/mnt/d/src/MtgDiscoveryVibeWorkspace/IMPLS/src/Lib.Scryfall.Shared.Tests/bin/Release/net9.0/TestConvenience.Core.runtimeconfig.json".
    25>_GenerateSourceLinkFile:
         Updating Source Link file 'obj/Release/net9.0/Lib.Adapter.Scryfall.Cosmos.sourcelink.json'.
    17>CoreCompile:
         /usr/share/dotnet/dotnet exec "/usr/share/dotnet/sdk/9.0.203/Roslyn/bincore/csc.dll" /noconfig /unsafe- /checked- /nowarn:IDE0290,IDE2001,IDE0005,IDE0046,CA1716,CA1040,CA1056,1701,1702 /fullpaths /nostdlib+ /errorreport:prompt /warn:9 /define:TRACE;RELEASE;NET;NET9_0;NETCOREAPP;NET5_0_OR_GREATER;NET6_0_OR_GREATER;NET7_0_OR_GREATER;NET8_0_OR_GREATER;NET9_0_OR_GREATER;NETCOREAPP1_0_OR_GREATER;NETCOREAPP1_1_OR_GREATER;NETCOREAPP2_0_OR_GREATER;NETCOREAPP2_1_OR_GREATER;NETCOREAPP2_2_OR_GREATER;NETCOREAPP3_0_OR_GREATER;NETCOREAPP3_1_OR_GREATER /highentropyva+ /nullable:warnings /reference:/home/quinngil/.nuget/packages/azure.core/1.47.1/lib/net8.0/Azure.Core.dll /reference:/home/quinngil/.nuget/packages/azure.resourcemanager.authorization/1.1.5/lib/net8.0/Azure.ResourceManager.Authorization.dll /reference:/home/quinngil/.nuget/packages/azure.resourcemanager.cosmosdb/1.3.2/lib/netstandard2.0/Azure.ResourceManager.CosmosDB.dll /reference:/home/quinngil/.nuget/packages/azure.resourcemanager/1.13.2/lib/net8.0/Azure.ResourceManager.dll /reference:/mnt/d/src/MtgDiscoveryVibeWorkspace/IMPLS/src/Lib.Cosmos/obj/Release/net9.0/ref/Lib.Cosmos.dll /reference:/mnt/d/src/MtgDiscoveryVibeWorkspace/IMPLS/src/Lib.Shared.Abstractions/obj/Release/net9.0/ref/Lib.Shared.Abstractions.dll /reference:/mnt/d/src/MtgDiscoveryVibeWorkspace/IMPLS/src/Lib.Universal/obj/Release/net9.0/ref/Lib.Universal.dll /reference:/home/quinngil/.nuget/packages/microsoft.azure.cosmos/3.52.1/lib/netstandard2.0/Microsoft.Azure.Cosmos.Client.dll /reference:/home/quinngil/.nuget/packages/microsoft.azure.cosmos/3.52.1/lib/netstandard2.0/Microsoft.Azure.Cosmos.Core.dll /reference:/home/quinngil/.nuget/packages/microsoft.azure.cosmos/3.52.1/lib/netstandard2.0/Microsoft.Azure.Cosmos.Direct.dll /reference:/home/quinngil/.nuget/packages/microsoft.azure.cosmos/3.52.1/lib/netstandard2.0/Microsoft.Azure.Cosmos.Serialization.HybridRow.dll /reference:/home/quinngil/.nuget/packages/microsoft.bcl.asyncinterfaces/8.0.0/lib/netstandard2.1/Microsoft.Bcl.AsyncInterfaces.dll /reference:/home/quinngil/.nuget/packages/microsoft.bcl.hashcode/1.1.0/ref/netcoreapp2.1/Microsoft.Bcl.HashCode.dll /reference:/usr/share/dotnet/packs/Microsoft.NETCore.App.Ref/9.0.4/ref/net9.0/Microsoft.CSharp.dll /reference:/home/quinngil/.nuget/packages/microsoft.extensions.caching.abstractions/9.0.0/lib/net9.0/Microsoft.Extensions.Caching.Abstractions.dll /reference:/home/quinngil/.nuget/packages/microsoft.extensions.caching.memory/9.0.0/lib/net9.0/Microsoft.Extensions.Caching.Memory.dll /reference:/home/quinngil/.nuget/packages/microsoft.extensions.configuration.abstractions/9.0.5/lib/net9.0/Microsoft.Extensions.Configuration.Abstractions.dll /reference:/home/quinngil/.nuget/packages/microsoft.extensions.dependencyinjection.abstractions/9.0.0/lib/net9.0/Microsoft.Extensions.DependencyInjection.Abstractions.dll /reference:/home/quinngil/.nuget/packages/microsoft.extensions.logging.abstractions/9.0.0/lib/net9.0/Microsoft.Extensions.Logging.Abstractions.dll /reference:/home/quinngil/.nuget/packages/microsoft.extensions.options/9.0.0/lib/net9.0/Microsoft.Extensions.Options.dll /reference:/home/quinngil/.nuget/packages/microsoft.extensions.primitives/9.0.5/lib/net9.0/Microsoft.Extensions.Primitives.dll /reference:/home/quinngil/.nuget/packages/microsoft.identitymodel.abstractions/8.0.1/lib/net9.0/Microsoft.IdentityModel.Abstractions.dll /reference:/home/quinngil/.nuget/packages/microsoft.identitymodel.jsonwebtokens/8.0.1/lib/net9.0/Microsoft.IdentityModel.JsonWebTokens.dll /reference:/home/quinngil/.nuget/packages/microsoft.identitymodel.logging/8.0.1/lib/net9.0/Microsoft.IdentityModel.Logging.dll /reference:/home/quinngil/.nuget/packages/microsoft.identitymodel.tokens/8.0.1/lib/net9.0/Microsoft.IdentityModel.Tokens.dll /reference:/usr/share/dotnet/packs/Microsoft.NETCore.App.Ref/9.0.4/ref/net9.0/Microsoft.VisualBasic.Core.dll /reference:/usr/share/dotnet/packs/Microsoft.NETCore.App.Ref/9.0.4/ref/net9.0/Microsoft.VisualBasic.dll /reference:/usr/share/dotnet/packs/Microsoft.NETCore.App.Ref/9.0.4/ref/net9.0/Microsoft.Win32.Primitives.dll /reference:/usr/share/dotnet/packs/Microsoft.NETCore.App.Ref/9.0.4/ref/net9.0/Microsoft.Win32.Registry.dll /reference:/home/quinngil/.nuget/packages/microsoft.win32.systemevents/6.0.0/lib/net6.0/Microsoft.Win32.SystemEvents.dll /reference:/usr/share/dotnet/packs/Microsoft.NETCore.App.Ref/9.0.4/ref/net9.0/mscorlib.dll /reference:/usr/share/dotnet/packs/Microsoft.NETCore.App.Ref/9.0.4/ref/net9.0/netstandard.dll /reference:/home/quinngil/.nuget/packages/newtonsoft.json/13.0.3/lib/net6.0/Newtonsoft.Json.dll /reference:/usr/share/dotnet/packs/Microsoft.NETCore.App.Ref/9.0.4/ref/net9.0/System.AppContext.dll /reference:/usr/share/dotnet/packs/Microsoft.NETCore.App.Ref/9.0.4/ref/net9.0/System.Buffers.dll /reference:/home/quinngil/.nuget/packages/system.clientmodel/1.5.1/lib/net8.0/System.ClientModel.dll /reference:/usr/share/dotnet/packs/Microsoft.NETCore.App.Ref/9.0.4/ref/net9.0/System.Collections.Concurrent.dll /reference:/usr/share/dotnet/packs/Microsoft.NETCore.App.Ref/9.0.4/ref/net9.0/System.Collections.dll /reference:/usr/share/dotnet/packs/Microsoft.NETCore.App.Ref/9.0.4/ref/net9.0/System.Collections.Immutable.dll /reference:/usr/share/dotnet/packs/Microsoft.NETCore.App.Ref/9.0.4/ref/net9.0/System.Collections.NonGeneric.dll /reference:/usr/share/dotnet/packs/Microsoft.NETCore.App.Ref/9.0.4/ref/net9.0/System.Collections.Specialized.dll /reference:/usr/share/dotnet/packs/Microsoft.NETCore.App.Ref/9.0.4/ref/net9.0/System.ComponentModel.Annotations.dll /reference:/usr/share/dotnet/packs/Microsoft.NETCore.App.Ref/9.0.4/ref/net9.0/System.ComponentModel.DataAnnotations.dll /reference:/usr/share/dotnet/packs/Microsoft.NETCore.App.Ref/9.0.4/ref/net9.0/System.ComponentModel.dll /reference:/usr/share/dotnet/packs/Microsoft.NETCore.App.Ref/9.0.4/ref/net9.0/System.ComponentModel.EventBasedAsync.dll /reference:/usr/share/dotnet/packs/Microsoft.NETCore.App.Ref/9.0.4/ref/net9.0/System.ComponentModel.Primitives.dll /reference:/usr/share/dotnet/packs/Microsoft.NETCore.App.Ref/9.0.4/ref/net9.0/System.ComponentModel.TypeConverter.dll /reference:/home/quinngil/.nuget/packages/system.configuration.configurationmanager/6.0.0/lib/net6.0/System.Configuration.ConfigurationManager.dll /reference:/usr/share/dotnet/packs/Microsoft.NETCore.App.Ref/9.0.4/ref/net9.0/System.Configuration.dll /reference:/usr/share/dotnet/packs/Microsoft.NETCore.App.Ref/9.0.4/ref/net9.0/System.Console.dll /reference:/usr/share/dotnet/packs/Microsoft.NETCore.App.Ref/9.0.4/ref/net9.0/System.Core.dll /reference:/usr/share/dotnet/packs/Microsoft.NETCore.App.Ref/9.0.4/ref/net9.0/System.Data.Common.dll /reference:/usr/share/dotnet/packs/Microsoft.NETCore.App.Ref/9.0.4/ref/net9.0/System.Data.DataSetExtensions.dll /reference:/usr/share/dotnet/packs/Microsoft.NETCore.App.Ref/9.0.4/ref/net9.0/System.Data.dll /reference:/usr/share/dotnet/packs/Microsoft.NETCore.App.Ref/9.0.4/ref/net9.0/System.Diagnostics.Contracts.dll /reference:/usr/share/dotnet/packs/Microsoft.NETCore.App.Ref/9.0.4/ref/net9.0/System.Diagnostics.Debug.dll /reference:/usr/share/dotnet/packs/Microsoft.NETCore.App.Ref/9.0.4/ref/net9.0/System.Diagnostics.DiagnosticSource.dll /reference:/usr/share/dotnet/packs/Microsoft.NETCore.App.Ref/9.0.4/ref/net9.0/System.Diagnostics.FileVersionInfo.dll /reference:/usr/share/dotnet/packs/Microsoft.NETCore.App.Ref/9.0.4/ref/net9.0/System.Diagnostics.Process.dll /reference:/usr/share/dotnet/packs/Microsoft.NETCore.App.Ref/9.0.4/ref/net9.0/System.Diagnostics.StackTrace.dll /reference:/usr/share/dotnet/packs/Microsoft.NETCore.App.Ref/9.0.4/ref/net9.0/System.Diagnostics.TextWriterTraceListener.dll /reference:/usr/share/dotnet/packs/Microsoft.NETCore.App.Ref/9.0.4/ref/net9.0/System.Diagnostics.Tools.dll /reference:/usr/share/dotnet/packs/Microsoft.NETCore.App.Ref/9.0.4/ref/net9.0/System.Diagnostics.TraceSource.dll /reference:/usr/share/dotnet/packs/Microsoft.NETCore.App.Ref/9.0.4/ref/net9.0/System.Diagnostics.Tracing.dll /reference:/usr/share/dotnet/packs/Microsoft.NETCore.App.Ref/9.0.4/ref/net9.0/System.dll /reference:/home/quinngil/.nuget/packages/system.drawing.common/6.0.0/lib/net6.0/System.Drawing.Common.dll /reference:/usr/share/dotnet/packs/Microsoft.NETCore.App.Ref/9.0.4/ref/net9.0/System.Drawing.dll /reference:/usr/share/dotnet/packs/Microsoft.NETCore.App.Ref/9.0.4/ref/net9.0/System.Drawing.Primitives.dll /reference:/usr/share/dotnet/packs/Microsoft.NETCore.App.Ref/9.0.4/ref/net9.0/System.Dynamic.Runtime.dll /reference:/usr/share/dotnet/packs/Microsoft.NETCore.App.Ref/9.0.4/ref/net9.0/System.Formats.Asn1.dll /reference:/usr/share/dotnet/packs/Microsoft.NETCore.App.Ref/9.0.4/ref/net9.0/System.Formats.Tar.dll /reference:/usr/share/dotnet/packs/Microsoft.NETCore.App.Ref/9.0.4/ref/net9.0/System.Globalization.Calendars.dll /reference:/usr/share/dotnet/packs/Microsoft.NETCore.App.Ref/9.0.4/ref/net9.0/System.Globalization.dll /reference:/usr/share/dotnet/packs/Microsoft.NETCore.App.Ref/9.0.4/ref/net9.0/System.Globalization.Extensions.dll /reference:/home/quinngil/.nuget/packages/system.identitymodel.tokens.jwt/8.0.1/lib/net9.0/System.IdentityModel.Tokens.Jwt.dll /reference:/usr/share/dotnet/packs/Microsoft.NETCore.App.Ref/9.0.4/ref/net9.0/System.IO.Compression.Brotli.dll /reference:/usr/share/dotnet/packs/Microsoft.NETCore.App.Ref/9.0.4/ref/net9.0/System.IO.Compression.dll /reference:/usr/share/dotnet/packs/Microsoft.NETCore.App.Ref/9.0.4/ref/net9.0/System.IO.Compression.FileSystem.dll /reference:/usr/share/dotnet/packs/Microsoft.NETCore.App.Ref/9.0.4/ref/net9.0/System.IO.Compression.ZipFile.dll /reference:/usr/share/dotnet/packs/Microsoft.NETCore.App.Ref/9.0.4/ref/net9.0/System.IO.dll /reference:/usr/share/dotnet/packs/Microsoft.NETCore.App.Ref/9.0.4/ref/net9.0/System.IO.FileSystem.AccessControl.dll /reference:/usr/share/dotnet/packs/Microsoft.NETCore.App.Ref/9.0.4/ref/net9.0/System.IO.FileSystem.dll /reference:/usr/share/dotnet/packs/Microsoft.NETCore.App.Ref/9.0.4/ref/net9.0/System.IO.FileSystem.DriveInfo.dll /reference:/usr/share/dotnet/packs/Microsoft.NETCore.App.Ref/9.0.4/ref/net9.0/System.IO.FileSystem.Primitives.dll /reference:/usr/share/dotnet/packs/Microsoft.NETCore.App.Ref/9.0.4/ref/net9.0/System.IO.FileSystem.Watcher.dll /reference:/usr/share/dotnet/packs/Microsoft.NETCore.App.Ref/9.0.4/ref/net9.0/System.IO.IsolatedStorage.dll /reference:/usr/share/dotnet/packs/Microsoft.NETCore.App.Ref/9.0.4/ref/net9.0/System.IO.MemoryMappedFiles.dll /reference:/usr/share/dotnet/packs/Microsoft.NETCore.App.Ref/9.0.4/ref/net9.0/System.IO.Pipelines.dll /reference:/usr/share/dotnet/packs/Microsoft.NETCore.App.Ref/9.0.4/ref/net9.0/System.IO.Pipes.AccessControl.dll /reference:/usr/share/dotnet/packs/Microsoft.NETCore.App.Ref/9.0.4/ref/net9.0/System.IO.Pipes.dll /reference:/usr/share/dotnet/packs/Microsoft.NETCore.App.Ref/9.0.4/ref/net9.0/System.IO.UnmanagedMemoryStream.dll /reference:/usr/share/dotnet/packs/Microsoft.NETCore.App.Ref/9.0.4/ref/net9.0/System.Linq.dll /reference:/usr/share/dotnet/packs/Microsoft.NETCore.App.Ref/9.0.4/ref/net9.0/System.Linq.Expressions.dll /reference:/usr/share/dotnet/packs/Microsoft.NETCore.App.Ref/9.0.4/ref/net9.0/System.Linq.Parallel.dll /reference:/usr/share/dotnet/packs/Microsoft.NETCore.App.Ref/9.0.4/ref/net9.0/System.Linq.Queryable.dll /reference:/home/quinngil/.nuget/packages/system.memory.data/8.0.1/lib/net8.0/System.Memory.Data.dll /reference:/usr/share/dotnet/packs/Microsoft.NETCore.App.Ref/9.0.4/ref/net9.0/System.Memory.dll /reference:/usr/share/dotnet/packs/Microsoft.NETCore.App.Ref/9.0.4/ref/net9.0/System.Net.dll /reference:/usr/share/dotnet/packs/Microsoft.NETCore.App.Ref/9.0.4/ref/net9.0/System.Net.Http.dll /reference:/usr/share/dotnet/packs/Microsoft.NETCore.App.Ref/9.0.4/ref/net9.0/System.Net.Http.Json.dll /reference:/usr/share/dotnet/packs/Microsoft.NETCore.App.Ref/9.0.4/ref/net9.0/System.Net.HttpListener.dll /reference:/usr/share/dotnet/packs/Microsoft.NETCore.App.Ref/9.0.4/ref/net9.0/System.Net.Mail.dll /reference:/usr/share/dotnet/packs/Microsoft.NETCore.App.Ref/9.0.4/ref/net9.0/System.Net.NameResolution.dll /reference:/usr/share/dotnet/packs/Microsoft.NETCore.App.Ref/9.0.4/ref/net9.0/System.Net.NetworkInformation.dll /reference:/usr/share/dotnet/packs/Microsoft.NETCore.App.Ref/9.0.4/ref/net9.0/System.Net.Ping.dll /reference:/usr/share/dotnet/packs/Microsoft.NETCore.App.Ref/9.0.4/ref/net9.0/System.Net.Primitives.dll /reference:/usr/share/dotnet/packs/Microsoft.NETCore.App.Ref/9.0.4/ref/net9.0/System.Net.Quic.dll /reference:/usr/share/dotnet/packs/Microsoft.NETCore.App.Ref/9.0.4/ref/net9.0/System.Net.Requests.dll /reference:/usr/share/dotnet/packs/Microsoft.NETCore.App.Ref/9.0.4/ref/net9.0/System.Net.Security.dll /reference:/usr/share/dotnet/packs/Microsoft.NETCore.App.Ref/9.0.4/ref/net9.0/System.Net.ServicePoint.dll /reference:/usr/share/dotnet/packs/Microsoft.NETCore.App.Ref/9.0.4/ref/net9.0/System.Net.Sockets.dll /reference:/usr/share/dotnet/packs/Microsoft.NETCore.App.Ref/9.0.4/ref/net9.0/System.Net.WebClient.dll /reference:/usr/share/dotnet/packs/Microsoft.NETCore.App.Ref/9.0.4/ref/net9.0/System.Net.WebHeaderCollection.dll /reference:/usr/share/dotnet/packs/Microsoft.NETCore.App.Ref/9.0.4/ref/net9.0/System.Net.WebProxy.dll /reference:/usr/share/dotnet/packs/Microsoft.NETCore.App.Ref/9.0.4/ref/net9.0/System.Net.WebSockets.Client.dll /reference:/usr/share/dotnet/packs/Microsoft.NETCore.App.Ref/9.0.4/ref/net9.0/System.Net.WebSockets.dll /reference:/usr/share/dotnet/packs/Microsoft.NETCore.App.Ref/9.0.4/ref/net9.0/System.Numerics.dll /reference:/usr/share/dotnet/packs/Microsoft.NETCore.App.Ref/9.0.4/ref/net9.0/System.Numerics.Vectors.dll /reference:/usr/share/dotnet/packs/Microsoft.NETCore.App.Ref/9.0.4/ref/net9.0/System.ObjectModel.dll /reference:/usr/share/dotnet/packs/Microsoft.NETCore.App.Ref/9.0.4/ref/net9.0/System.Reflection.DispatchProxy.dll /reference:/usr/share/dotnet/packs/Microsoft.NETCore.App.Ref/9.0.4/ref/net9.0/System.Reflection.dll /reference:/usr/share/dotnet/packs/Microsoft.NETCore.App.Ref/9.0.4/ref/net9.0/System.Reflection.Emit.dll /reference:/usr/share/dotnet/packs/Microsoft.NETCore.App.Ref/9.0.4/ref/net9.0/System.Reflection.Emit.ILGeneration.dll /reference:/usr/share/dotnet/packs/Microsoft.NETCore.App.Ref/9.0.4/ref/net9.0/System.Reflection.Emit.Lightweight.dll /reference:/usr/share/dotnet/packs/Microsoft.NETCore.App.Ref/9.0.4/ref/net9.0/System.Reflection.Extensions.dll /reference:/usr/share/dotnet/packs/Microsoft.NETCore.App.Ref/9.0.4/ref/net9.0/System.Reflection.Metadata.dll /reference:/usr/share/dotnet/packs/Microsoft.NETCore.App.Ref/9.0.4/ref/net9.0/System.Reflection.Primitives.dll /reference:/usr/share/dotnet/packs/Microsoft.NETCore.App.Ref/9.0.4/ref/net9.0/System.Reflection.TypeExtensions.dll /reference:/usr/share/dotnet/packs/Microsoft.NETCore.App.Ref/9.0.4/ref/net9.0/System.Resources.Reader.dll /reference:/usr/share/dotnet/packs/Microsoft.NETCore.App.Ref/9.0.4/ref/net9.0/System.Resources.ResourceManager.dll /reference:/usr/share/dotnet/packs/Microsoft.NETCore.App.Ref/9.0.4/ref/net9.0/System.Resources.Writer.dll /reference:/usr/share/dotnet/packs/Microsoft.NETCore.App.Ref/9.0.4/ref/net9.0/System.Runtime.CompilerServices.Unsafe.dll /reference:/usr/share/dotnet/packs/Microsoft.NETCore.App.Ref/9.0.4/ref/net9.0/System.Runtime.CompilerServices.VisualC.dll /reference:/usr/share/dotnet/packs/Microsoft.NETCore.App.Ref/9.0.4/ref/net9.0/System.Runtime.dll /reference:/usr/share/dotnet/packs/Microsoft.NETCore.App.Ref/9.0.4/ref/net9.0/System.Runtime.Extensions.dll /reference:/usr/share/dotnet/packs/Microsoft.NETCore.App.Ref/9.0.4/ref/net9.0/System.Runtime.Handles.dll /reference:/usr/share/dotnet/packs/Microsoft.NETCore.App.Ref/9.0.4/ref/net9.0/System.Runtime.InteropServices.dll /reference:/usr/share/dotnet/packs/Microsoft.NETCore.App.Ref/9.0.4/ref/net9.0/System.Runtime.InteropServices.JavaScript.dll /reference:/usr/share/dotnet/packs/Microsoft.NETCore.App.Ref/9.0.4/ref/net9.0/System.Runtime.InteropServices.RuntimeInformation.dll /reference:/usr/share/dotnet/packs/Microsoft.NETCore.App.Ref/9.0.4/ref/net9.0/System.Runtime.Intrinsics.dll /reference:/usr/share/dotnet/packs/Microsoft.NETCore.App.Ref/9.0.4/ref/net9.0/System.Runtime.Loader.dll /reference:/usr/share/dotnet/packs/Microsoft.NETCore.App.Ref/9.0.4/ref/net9.0/System.Runtime.Numerics.dll /reference:/usr/share/dotnet/packs/Microsoft.NETCore.App.Ref/9.0.4/ref/net9.0/System.Runtime.Serialization.dll /reference:/usr/share/dotnet/packs/Microsoft.NETCore.App.Ref/9.0.4/ref/net9.0/System.Runtime.Serialization.Formatters.dll /reference:/usr/share/dotnet/packs/Microsoft.NETCore.App.Ref/9.0.4/ref/net9.0/System.Runtime.Serialization.Json.dll /reference:/usr/share/dotnet/packs/Microsoft.NETCore.App.Ref/9.0.4/ref/net9.0/System.Runtime.Serialization.Primitives.dll /reference:/usr/share/dotnet/packs/Microsoft.NETCore.App.Ref/9.0.4/ref/net9.0/System.Runtime.Serialization.Xml.dll /reference:/usr/share/dotnet/packs/Microsoft.NETCore.App.Ref/9.0.4/ref/net9.0/System.Security.AccessControl.dll /reference:/usr/share/dotnet/packs/Microsoft.NETCore.App.Ref/9.0.4/ref/net9.0/System.Security.Claims.dll /reference:/usr/share/dotnet/packs/Microsoft.NETCore.App.Ref/9.0.4/ref/net9.0/System.Security.Cryptography.Algorithms.dll /reference:/usr/share/dotnet/packs/Microsoft.NETCore.App.Ref/9.0.4/ref/net9.0/System.Security.Cryptography.Cng.dll /reference:/usr/share/dotnet/packs/Microsoft.NETCore.App.Ref/9.0.4/ref/net9.0/System.Security.Cryptography.Csp.dll /reference:/usr/share/dotnet/packs/Microsoft.NETCore.App.Ref/9.0.4/ref/net9.0/System.Security.Cryptography.dll /reference:/usr/share/dotnet/packs/Microsoft.NETCore.App.Ref/9.0.4/ref/net9.0/System.Security.Cryptography.Encoding.dll /reference:/usr/share/dotnet/packs/Microsoft.NETCore.App.Ref/9.0.4/ref/net9.0/System.Security.Cryptography.OpenSsl.dll /reference:/usr/share/dotnet/packs/Microsoft.NETCore.App.Ref/9.0.4/ref/net9.0/System.Security.Cryptography.Primitives.dll /reference:/home/quinngil/.nuget/packages/system.security.cryptography.protecteddata/6.0.0/lib/net6.0/System.Security.Cryptography.ProtectedData.dll /reference:/usr/share/dotnet/packs/Microsoft.NETCore.App.Ref/9.0.4/ref/net9.0/System.Security.Cryptography.X509Certificates.dll /reference:/usr/share/dotnet/packs/Microsoft.NETCore.App.Ref/9.0.4/ref/net9.0/System.Security.dll /reference:/home/quinngil/.nuget/packages/system.security.permissions/6.0.0/lib/net6.0/System.Security.Permissions.dll /reference:/usr/share/dotnet/packs/Microsoft.NETCore.App.Ref/9.0.4/ref/net9.0/System.Security.Principal.dll /reference:/usr/share/dotnet/packs/Microsoft.NETCore.App.Ref/9.0.4/ref/net9.0/System.Security.Principal.Windows.dll /reference:/usr/share/dotnet/packs/Microsoft.NETCore.App.Ref/9.0.4/ref/net9.0/System.Security.SecureString.dll /reference:/usr/share/dotnet/packs/Microsoft.NETCore.App.Ref/9.0.4/ref/net9.0/System.ServiceModel.Web.dll /reference:/usr/share/dotnet/packs/Microsoft.NETCore.App.Ref/9.0.4/ref/net9.0/System.ServiceProcess.dll /reference:/usr/share/dotnet/packs/Microsoft.NETCore.App.Ref/9.0.4/ref/net9.0/System.Text.Encoding.CodePages.dll /reference:/usr/share/dotnet/packs/Microsoft.NETCore.App.Ref/9.0.4/ref/net9.0/System.Text.Encoding.dll /reference:/usr/share/dotnet/packs/Microsoft.NETCore.App.Ref/9.0.4/ref/net9.0/System.Text.Encoding.Extensions.dll /reference:/usr/share/dotnet/packs/Microsoft.NETCore.App.Ref/9.0.4/ref/net9.0/System.Text.Encodings.Web.dll /reference:/home/quinngil/.nuget/packages/system.text.json/9.0.8/lib/net9.0/System.Text.Json.dll /reference:/usr/share/dotnet/packs/Microsoft.NETCore.App.Ref/9.0.4/ref/net9.0/System.Text.RegularExpressions.dll /reference:/usr/share/dotnet/packs/Microsoft.NETCore.App.Ref/9.0.4/ref/net9.0/System.Threading.Channels.dll /reference:/usr/share/dotnet/packs/Microsoft.NETCore.App.Ref/9.0.4/ref/net9.0/System.Threading.dll /reference:/usr/share/dotnet/packs/Microsoft.NETCore.App.Ref/9.0.4/ref/net9.0/System.Threading.Overlapped.dll /reference:/usr/share/dotnet/packs/Microsoft.NETCore.App.Ref/9.0.4/ref/net9.0/System.Threading.Tasks.Dataflow.dll /reference:/usr/share/dotnet/packs/Microsoft.NETCore.App.Ref/9.0.4/ref/net9.0/System.Threading.Tasks.dll /reference:/usr/share/dotnet/packs/Microsoft.NETCore.App.Ref/9.0.4/ref/net9.0/System.Threading.Tasks.Extensions.dll /reference:/usr/share/dotnet/packs/Microsoft.NETCore.App.Ref/9.0.4/ref/net9.0/System.Threading.Tasks.Parallel.dll /reference:/usr/share/dotnet/packs/Microsoft.NETCore.App.Ref/9.0.4/ref/net9.0/System.Threading.Thread.dll /reference:/usr/share/dotnet/packs/Microsoft.NETCore.App.Ref/9.0.4/ref/net9.0/System.Threading.ThreadPool.dll /reference:/usr/share/dotnet/packs/Microsoft.NETCore.App.Ref/9.0.4/ref/net9.0/System.Threading.Timer.dll /reference:/usr/share/dotnet/packs/Microsoft.NETCore.App.Ref/9.0.4/ref/net9.0/System.Transactions.dll /reference:/usr/share/dotnet/packs/Microsoft.NETCore.App.Ref/9.0.4/ref/net9.0/System.Transactions.Local.dll /reference:/usr/share/dotnet/packs/Microsoft.NETCore.App.Ref/9.0.4/ref/net9.0/System.ValueTuple.dll /reference:/usr/share/dotnet/packs/Microsoft.NETCore.App.Ref/9.0.4/ref/net9.0/System.Web.dll /reference:/usr/share/dotnet/packs/Microsoft.NETCore.App.Ref/9.0.4/ref/net9.0/System.Web.HttpUtility.dll /reference:/usr/share/dotnet/packs/Microsoft.NETCore.App.Ref/9.0.4/ref/net9.0/System.Windows.dll /reference:/home/quinngil/.nuget/packages/system.windows.extensions/6.0.0/lib/net6.0/System.Windows.Extensions.dll /reference:/usr/share/dotnet/packs/Microsoft.NETCore.App.Ref/9.0.4/ref/net9.0/System.Xml.dll /reference:/usr/share/dotnet/packs/Microsoft.NETCore.App.Ref/9.0.4/ref/net9.0/System.Xml.Linq.dll /reference:/usr/share/dotnet/packs/Microsoft.NETCore.App.Ref/9.0.4/ref/net9.0/System.Xml.ReaderWriter.dll /reference:/usr/share/dotnet/packs/Microsoft.NETCore.App.Ref/9.0.4/ref/net9.0/System.Xml.Serialization.dll /reference:/usr/share/dotnet/packs/Microsoft.NETCore.App.Ref/9.0.4/ref/net9.0/System.Xml.XDocument.dll /reference:/usr/share/dotnet/packs/Microsoft.NETCore.App.Ref/9.0.4/ref/net9.0/System.Xml.XmlDocument.dll /reference:/usr/share/dotnet/packs/Microsoft.NETCore.App.Ref/9.0.4/ref/net9.0/System.Xml.XmlSerializer.dll /reference:/usr/share/dotnet/packs/Microsoft.NETCore.App.Ref/9.0.4/ref/net9.0/System.Xml.XPath.dll /reference:/usr/share/dotnet/packs/Microsoft.NETCore.App.Ref/9.0.4/ref/net9.0/System.Xml.XPath.XDocument.dll /reference:/usr/share/dotnet/packs/Microsoft.NETCore.App.Ref/9.0.4/ref/net9.0/WindowsBase.dll /debug- /debug:portable /filealign:512 /optimize+ /out:obj/Release/net9.0/Lib.Shared.Invocation.dll /refout:obj/Release/net9.0/refint/Lib.Shared.Invocation.dll /reportanalyzer /target:library /warnaserror+ /utf8output /deterministic+ /sourcelink:obj/Release/net9.0/Lib.Shared.Invocation.sourcelink.json /langversion:latest /features:strict /embed:"obj/Release/net9.0/.NETCoreApp,Version=v9.0.AssemblyAttributes.cs" /embed:obj/Release/net9.0/Lib.Shared.Invocation.AssemblyInfo.cs /analyzerconfig:/mnt/d/src/MtgDiscoveryVibeWorkspace/IMPLS/src/.editorconfig /analyzerconfig:obj/Release/net9.0/Lib.Shared.Invocation.GeneratedMSBuildEditorConfig.editorconfig /analyzerconfig:/usr/share/dotnet/sdk/9.0.203/Sdks/Microsoft.NET.Sdk/analyzers/build/config/analysislevel_9_all_warnaserror.globalconfig /analyzer:/usr/share/dotnet/sdk/9.0.203/Sdks/Microsoft.NET.Sdk/targets/../analyzers/Microsoft.CodeAnalysis.CSharp.NetAnalyzers.dll /analyzer:/usr/share/dotnet/sdk/9.0.203/Sdks/Microsoft.NET.Sdk/targets/../analyzers/Microsoft.CodeAnalysis.NetAnalyzers.dll /analyzer:/usr/share/dotnet/sdk/9.0.203/Sdks/Microsoft.NET.Sdk/targets/../codestyle/cs/Microsoft.CodeAnalysis.CodeStyle.dll /analyzer:/usr/share/dotnet/sdk/9.0.203/Sdks/Microsoft.NET.Sdk/targets/../codestyle/cs/Microsoft.CodeAnalysis.CodeStyle.Fixes.dll /analyzer:/usr/share/dotnet/sdk/9.0.203/Sdks/Microsoft.NET.Sdk/targets/../codestyle/cs/Microsoft.CodeAnalysis.CSharp.CodeStyle.dll /analyzer:/usr/share/dotnet/sdk/9.0.203/Sdks/Microsoft.NET.Sdk/targets/../codestyle/cs/Microsoft.CodeAnalysis.CSharp.CodeStyle.Fixes.dll /analyzer:/home/quinngil/.nuget/packages/microsoft.codeanalysis.bannedapianalyzers/4.14.0/analyzers/dotnet/cs/Microsoft.CodeAnalysis.BannedApiAnalyzers.dll /analyzer:/home/quinngil/.nuget/packages/microsoft.codeanalysis.bannedapianalyzers/4.14.0/analyzers/dotnet/cs/Microsoft.CodeAnalysis.CSharp.BannedApiAnalyzers.dll /analyzer:/home/quinngil/.nuget/packages/microsoft.extensions.logging.abstractions/9.0.0/analyzers/dotnet/roslyn4.4/cs/Microsoft.Extensions.Logging.Generators.dll /analyzer:/home/quinngil/.nuget/packages/microsoft.extensions.options/9.0.0/analyzers/dotnet/roslyn4.4/cs/Microsoft.Extensions.Options.SourceGeneration.dll /analyzer:/home/quinngil/.nuget/packages/system.clientmodel/1.5.1/analyzers/dotnet/cs/System.ClientModel.SourceGeneration.dll /analyzer:/home/quinngil/.nuget/packages/system.text.json/9.0.8/analyzers/dotnet/roslyn4.4/cs/System.Text.Json.SourceGeneration.dll /analyzer:/usr/share/dotnet/packs/Microsoft.NETCore.App.Ref/9.0.4/analyzers/dotnet/cs/Microsoft.Interop.ComInterfaceGenerator.dll /analyzer:/usr/share/dotnet/packs/Microsoft.NETCore.App.Ref/9.0.4/analyzers/dotnet/cs/Microsoft.Interop.JavaScript.JSImportGenerator.dll /analyzer:/usr/share/dotnet/packs/Microsoft.NETCore.App.Ref/9.0.4/analyzers/dotnet/cs/Microsoft.Interop.LibraryImportGenerator.dll /analyzer:/usr/share/dotnet/packs/Microsoft.NETCore.App.Ref/9.0.4/analyzers/dotnet/cs/Microsoft.Interop.SourceGeneration.dll /analyzer:/usr/share/dotnet/packs/Microsoft.NETCore.App.Ref/9.0.4/analyzers/dotnet/cs/System.Text.RegularExpressions.Generator.dll /additionalfile:/mnt/d/src/MtgDiscoveryVibeWorkspace/IMPLS/src/BannedSymbols.txt /additionalfile:/mnt/d/src/MtgDiscoveryVibeWorkspace/IMPLS/src/.editorconfig Commands/CommandFilterActionContainer.cs Commands/CommandOperationResponse.cs Commands/CommandOperationStatusMessage.cs Commands/CommandOperationStatusResponseFilter.cs Commands/CommandOperationStatusResponseValidator.cs Commands/CommandValidatorActionContainer.cs Commands/ContinueSuccessResponse.cs Commands/DefaultTrueCommandValidatorAction.cs Commands/ICommandArgs.cs Commands/ICommandOperationStatusContent.cs Commands/ICommandOperationStatusFilter.cs Commands/ICommandOperationStatusValidator.cs Commands/ICommandValidatorAction.cs Commands/ProvidedCommandOperationStatusMessage.cs Commands/ValidatorFailedCommandOperationResponse.cs Exceptions/OperationException.cs IAuthNExecutionContext.cs ICaller.cs IExecutionContext.cs Operations/OperationResponse.cs Operations/OperationResponseValidator.cs Primitives/PrincipalId.cs Requests/IRequestValidatorAction.cs Requests/OperationStatusResponseValidator.cs Requests/ValidatorFailedOperationResponse.cs Requests/ValidatorOperationException.cs Response/CommandResponseModelFactory.cs Response/ICommandResponseModelFactory.cs Response/IRequestResponseModelFactory.cs Response/Models/ResponseModel.cs Response/RequestResponseModelFactory.cs "obj/Release/net9.0/.NETCoreApp,Version=v9.0.AssemblyAttributes.cs" obj/Release/net9.0/Lib.Shared.Invocation.AssemblyInfo.cs /warnaserror+:NU1605,SYSLIB0011
     5>CoreCompile:
         CompilerServer: server - server processed compilation - Example.LibCosmos (net9.0)
    25>CoreCompile:
         /usr/share/dotnet/dotnet exec "/usr/share/dotnet/sdk/9.0.203/Roslyn/bincore/csc.dll" /noconfig /unsafe- /checked- /nowarn:IDE0290,IDE2001,IDE0005,IDE0046,CA1716,CA1040,CA1056,1701,1702 /fullpaths /nostdlib+ /errorreport:prompt /warn:9 /define:TRACE;RELEASE;NET;NET9_0;NETCOREAPP;NET5_0_OR_GREATER;NET6_0_OR_GREATER;NET7_0_OR_GREATER;NET8_0_OR_GREATER;NET9_0_OR_GREATER;NETCOREAPP1_0_OR_GREATER;NETCOREAPP1_1_OR_GREATER;NETCOREAPP2_0_OR_GREATER;NETCOREAPP2_1_OR_GREATER;NETCOREAPP2_2_OR_GREATER;NETCOREAPP3_0_OR_GREATER;NETCOREAPP3_1_OR_GREATER /highentropyva+ /nullable:warnings /reference:/home/quinngil/.nuget/packages/azure.core/1.47.1/lib/net8.0/Azure.Core.dll /reference:/home/quinngil/.nuget/packages/azure.resourcemanager.authorization/1.1.5/lib/net8.0/Azure.ResourceManager.Authorization.dll /reference:/home/quinngil/.nuget/packages/azure.resourcemanager.cosmosdb/1.3.2/lib/netstandard2.0/Azure.ResourceManager.CosmosDB.dll /reference:/home/quinngil/.nuget/packages/azure.resourcemanager/1.13.2/lib/net8.0/Azure.ResourceManager.dll /reference:/mnt/d/src/MtgDiscoveryVibeWorkspace/IMPLS/src/Lib.Cosmos/obj/Release/net9.0/ref/Lib.Cosmos.dll /reference:/mnt/d/src/MtgDiscoveryVibeWorkspace/IMPLS/src/Lib.Scryfall.Shared/obj/Release/net9.0/ref/Lib.Scryfall.Shared.dll /reference:/mnt/d/src/MtgDiscoveryVibeWorkspace/IMPLS/src/Lib.Universal/obj/Release/net9.0/ref/Lib.Universal.dll /reference:/home/quinngil/.nuget/packages/microsoft.azure.cosmos/3.52.1/lib/netstandard2.0/Microsoft.Azure.Cosmos.Client.dll /reference:/home/quinngil/.nuget/packages/microsoft.azure.cosmos/3.52.1/lib/netstandard2.0/Microsoft.Azure.Cosmos.Core.dll /reference:/home/quinngil/.nuget/packages/microsoft.azure.cosmos/3.52.1/lib/netstandard2.0/Microsoft.Azure.Cosmos.Direct.dll /reference:/home/quinngil/.nuget/packages/microsoft.azure.cosmos/3.52.1/lib/netstandard2.0/Microsoft.Azure.Cosmos.Serialization.HybridRow.dll /reference:/home/quinngil/.nuget/packages/microsoft.bcl.asyncinterfaces/8.0.0/lib/netstandard2.1/Microsoft.Bcl.AsyncInterfaces.dll /reference:/home/quinngil/.nuget/packages/microsoft.bcl.hashcode/1.1.0/ref/netcoreapp2.1/Microsoft.Bcl.HashCode.dll /reference:/usr/share/dotnet/packs/Microsoft.NETCore.App.Ref/9.0.4/ref/net9.0/Microsoft.CSharp.dll /reference:/home/quinngil/.nuget/packages/microsoft.extensions.caching.abstractions/9.0.0/lib/net9.0/Microsoft.Extensions.Caching.Abstractions.dll /reference:/home/quinngil/.nuget/packages/microsoft.extensions.caching.memory/9.0.0/lib/net9.0/Microsoft.Extensions.Caching.Memory.dll /reference:/home/quinngil/.nuget/packages/microsoft.extensions.configuration.abstractions/9.0.5/lib/net9.0/Microsoft.Extensions.Configuration.Abstractions.dll /reference:/home/quinngil/.nuget/packages/microsoft.extensions.dependencyinjection.abstractions/9.0.0/lib/net9.0/Microsoft.Extensions.DependencyInjection.Abstractions.dll /reference:/home/quinngil/.nuget/packages/microsoft.extensions.logging.abstractions/9.0.0/lib/net9.0/Microsoft.Extensions.Logging.Abstractions.dll /reference:/home/quinngil/.nuget/packages/microsoft.extensions.options/9.0.0/lib/net9.0/Microsoft.Extensions.Options.dll /reference:/home/quinngil/.nuget/packages/microsoft.extensions.primitives/9.0.5/lib/net9.0/Microsoft.Extensions.Primitives.dll /reference:/home/quinngil/.nuget/packages/microsoft.identitymodel.abstractions/8.0.1/lib/net9.0/Microsoft.IdentityModel.Abstractions.dll /reference:/home/quinngil/.nuget/packages/microsoft.identitymodel.jsonwebtokens/8.0.1/lib/net9.0/Microsoft.IdentityModel.JsonWebTokens.dll /reference:/home/quinngil/.nuget/packages/microsoft.identitymodel.logging/8.0.1/lib/net9.0/Microsoft.IdentityModel.Logging.dll /reference:/home/quinngil/.nuget/packages/microsoft.identitymodel.tokens/8.0.1/lib/net9.0/Microsoft.IdentityModel.Tokens.dll /reference:/usr/share/dotnet/packs/Microsoft.NETCore.App.Ref/9.0.4/ref/net9.0/Microsoft.VisualBasic.Core.dll /reference:/usr/share/dotnet/packs/Microsoft.NETCore.App.Ref/9.0.4/ref/net9.0/Microsoft.VisualBasic.dll /reference:/usr/share/dotnet/packs/Microsoft.NETCore.App.Ref/9.0.4/ref/net9.0/Microsoft.Win32.Primitives.dll /reference:/usr/share/dotnet/packs/Microsoft.NETCore.App.Ref/9.0.4/ref/net9.0/Microsoft.Win32.Registry.dll /reference:/home/quinngil/.nuget/packages/microsoft.win32.systemevents/6.0.0/lib/net6.0/Microsoft.Win32.SystemEvents.dll /reference:/usr/share/dotnet/packs/Microsoft.NETCore.App.Ref/9.0.4/ref/net9.0/mscorlib.dll /reference:/usr/share/dotnet/packs/Microsoft.NETCore.App.Ref/9.0.4/ref/net9.0/netstandard.dll /reference:/home/quinngil/.nuget/packages/newtonsoft.json/13.0.3/lib/net6.0/Newtonsoft.Json.dll /reference:/usr/share/dotnet/packs/Microsoft.NETCore.App.Ref/9.0.4/ref/net9.0/System.AppContext.dll /reference:/usr/share/dotnet/packs/Microsoft.NETCore.App.Ref/9.0.4/ref/net9.0/System.Buffers.dll /reference:/home/quinngil/.nuget/packages/system.clientmodel/1.5.1/lib/net8.0/System.ClientModel.dll /reference:/usr/share/dotnet/packs/Microsoft.NETCore.App.Ref/9.0.4/ref/net9.0/System.Collections.Concurrent.dll /reference:/usr/share/dotnet/packs/Microsoft.NETCore.App.Ref/9.0.4/ref/net9.0/System.Collections.dll /reference:/usr/share/dotnet/packs/Microsoft.NETCore.App.Ref/9.0.4/ref/net9.0/System.Collections.Immutable.dll /reference:/usr/share/dotnet/packs/Microsoft.NETCore.App.Ref/9.0.4/ref/net9.0/System.Collections.NonGeneric.dll /reference:/usr/share/dotnet/packs/Microsoft.NETCore.App.Ref/9.0.4/ref/net9.0/System.Collections.Specialized.dll /reference:/usr/share/dotnet/packs/Microsoft.NETCore.App.Ref/9.0.4/ref/net9.0/System.ComponentModel.Annotations.dll /reference:/usr/share/dotnet/packs/Microsoft.NETCore.App.Ref/9.0.4/ref/net9.0/System.ComponentModel.DataAnnotations.dll /reference:/usr/share/dotnet/packs/Microsoft.NETCore.App.Ref/9.0.4/ref/net9.0/System.ComponentModel.dll /reference:/usr/share/dotnet/packs/Microsoft.NETCore.App.Ref/9.0.4/ref/net9.0/System.ComponentModel.EventBasedAsync.dll /reference:/usr/share/dotnet/packs/Microsoft.NETCore.App.Ref/9.0.4/ref/net9.0/System.ComponentModel.Primitives.dll /reference:/usr/share/dotnet/packs/Microsoft.NETCore.App.Ref/9.0.4/ref/net9.0/System.ComponentModel.TypeConverter.dll /reference:/home/quinngil/.nuget/packages/system.configuration.configurationmanager/6.0.0/lib/net6.0/System.Configuration.ConfigurationManager.dll /reference:/usr/share/dotnet/packs/Microsoft.NETCore.App.Ref/9.0.4/ref/net9.0/System.Configuration.dll /reference:/usr/share/dotnet/packs/Microsoft.NETCore.App.Ref/9.0.4/ref/net9.0/System.Console.dll /reference:/usr/share/dotnet/packs/Microsoft.NETCore.App.Ref/9.0.4/ref/net9.0/System.Core.dll /reference:/usr/share/dotnet/packs/Microsoft.NETCore.App.Ref/9.0.4/ref/net9.0/System.Data.Common.dll /reference:/usr/share/dotnet/packs/Microsoft.NETCore.App.Ref/9.0.4/ref/net9.0/System.Data.DataSetExtensions.dll /reference:/usr/share/dotnet/packs/Microsoft.NETCore.App.Ref/9.0.4/ref/net9.0/System.Data.dll /reference:/usr/share/dotnet/packs/Microsoft.NETCore.App.Ref/9.0.4/ref/net9.0/System.Diagnostics.Contracts.dll /reference:/usr/share/dotnet/packs/Microsoft.NETCore.App.Ref/9.0.4/ref/net9.0/System.Diagnostics.Debug.dll /reference:/usr/share/dotnet/packs/Microsoft.NETCore.App.Ref/9.0.4/ref/net9.0/System.Diagnostics.DiagnosticSource.dll /reference:/usr/share/dotnet/packs/Microsoft.NETCore.App.Ref/9.0.4/ref/net9.0/System.Diagnostics.FileVersionInfo.dll /reference:/usr/share/dotnet/packs/Microsoft.NETCore.App.Ref/9.0.4/ref/net9.0/System.Diagnostics.Process.dll /reference:/usr/share/dotnet/packs/Microsoft.NETCore.App.Ref/9.0.4/ref/net9.0/System.Diagnostics.StackTrace.dll /reference:/usr/share/dotnet/packs/Microsoft.NETCore.App.Ref/9.0.4/ref/net9.0/System.Diagnostics.TextWriterTraceListener.dll /reference:/usr/share/dotnet/packs/Microsoft.NETCore.App.Ref/9.0.4/ref/net9.0/System.Diagnostics.Tools.dll /reference:/usr/share/dotnet/packs/Microsoft.NETCore.App.Ref/9.0.4/ref/net9.0/System.Diagnostics.TraceSource.dll /reference:/usr/share/dotnet/packs/Microsoft.NETCore.App.Ref/9.0.4/ref/net9.0/System.Diagnostics.Tracing.dll /reference:/usr/share/dotnet/packs/Microsoft.NETCore.App.Ref/9.0.4/ref/net9.0/System.dll /reference:/home/quinngil/.nuget/packages/system.drawing.common/6.0.0/lib/net6.0/System.Drawing.Common.dll /reference:/usr/share/dotnet/packs/Microsoft.NETCore.App.Ref/9.0.4/ref/net9.0/System.Drawing.dll /reference:/usr/share/dotnet/packs/Microsoft.NETCore.App.Ref/9.0.4/ref/net9.0/System.Drawing.Primitives.dll /reference:/usr/share/dotnet/packs/Microsoft.NETCore.App.Ref/9.0.4/ref/net9.0/System.Dynamic.Runtime.dll /reference:/usr/share/dotnet/packs/Microsoft.NETCore.App.Ref/9.0.4/ref/net9.0/System.Formats.Asn1.dll /reference:/usr/share/dotnet/packs/Microsoft.NETCore.App.Ref/9.0.4/ref/net9.0/System.Formats.Tar.dll /reference:/usr/share/dotnet/packs/Microsoft.NETCore.App.Ref/9.0.4/ref/net9.0/System.Globalization.Calendars.dll /reference:/usr/share/dotnet/packs/Microsoft.NETCore.App.Ref/9.0.4/ref/net9.0/System.Globalization.dll /reference:/usr/share/dotnet/packs/Microsoft.NETCore.App.Ref/9.0.4/ref/net9.0/System.Globalization.Extensions.dll /reference:/home/quinngil/.nuget/packages/system.identitymodel.tokens.jwt/8.0.1/lib/net9.0/System.IdentityModel.Tokens.Jwt.dll /reference:/usr/share/dotnet/packs/Microsoft.NETCore.App.Ref/9.0.4/ref/net9.0/System.IO.Compression.Brotli.dll /reference:/usr/share/dotnet/packs/Microsoft.NETCore.App.Ref/9.0.4/ref/net9.0/System.IO.Compression.dll /reference:/usr/share/dotnet/packs/Microsoft.NETCore.App.Ref/9.0.4/ref/net9.0/System.IO.Compression.FileSystem.dll /reference:/usr/share/dotnet/packs/Microsoft.NETCore.App.Ref/9.0.4/ref/net9.0/System.IO.Compression.ZipFile.dll /reference:/usr/share/dotnet/packs/Microsoft.NETCore.App.Ref/9.0.4/ref/net9.0/System.IO.dll /reference:/usr/share/dotnet/packs/Microsoft.NETCore.App.Ref/9.0.4/ref/net9.0/System.IO.FileSystem.AccessControl.dll /reference:/usr/share/dotnet/packs/Microsoft.NETCore.App.Ref/9.0.4/ref/net9.0/System.IO.FileSystem.dll /reference:/usr/share/dotnet/packs/Microsoft.NETCore.App.Ref/9.0.4/ref/net9.0/System.IO.FileSystem.DriveInfo.dll /reference:/usr/share/dotnet/packs/Microsoft.NETCore.App.Ref/9.0.4/ref/net9.0/System.IO.FileSystem.Primitives.dll /reference:/usr/share/dotnet/packs/Microsoft.NETCore.App.Ref/9.0.4/ref/net9.0/System.IO.FileSystem.Watcher.dll /reference:/usr/share/dotnet/packs/Microsoft.NETCore.App.Ref/9.0.4/ref/net9.0/System.IO.IsolatedStorage.dll /reference:/usr/share/dotnet/packs/Microsoft.NETCore.App.Ref/9.0.4/ref/net9.0/System.IO.MemoryMappedFiles.dll /reference:/usr/share/dotnet/packs/Microsoft.NETCore.App.Ref/9.0.4/ref/net9.0/System.IO.Pipelines.dll /reference:/usr/share/dotnet/packs/Microsoft.NETCore.App.Ref/9.0.4/ref/net9.0/System.IO.Pipes.AccessControl.dll /reference:/usr/share/dotnet/packs/Microsoft.NETCore.App.Ref/9.0.4/ref/net9.0/System.IO.Pipes.dll /reference:/usr/share/dotnet/packs/Microsoft.NETCore.App.Ref/9.0.4/ref/net9.0/System.IO.UnmanagedMemoryStream.dll /reference:/usr/share/dotnet/packs/Microsoft.NETCore.App.Ref/9.0.4/ref/net9.0/System.Linq.dll /reference:/usr/share/dotnet/packs/Microsoft.NETCore.App.Ref/9.0.4/ref/net9.0/System.Linq.Expressions.dll /reference:/usr/share/dotnet/packs/Microsoft.NETCore.App.Ref/9.0.4/ref/net9.0/System.Linq.Parallel.dll /reference:/usr/share/dotnet/packs/Microsoft.NETCore.App.Ref/9.0.4/ref/net9.0/System.Linq.Queryable.dll /reference:/home/quinngil/.nuget/packages/system.memory.data/8.0.1/lib/net8.0/System.Memory.Data.dll /reference:/usr/share/dotnet/packs/Microsoft.NETCore.App.Ref/9.0.4/ref/net9.0/System.Memory.dll /reference:/usr/share/dotnet/packs/Microsoft.NETCore.App.Ref/9.0.4/ref/net9.0/System.Net.dll /reference:/usr/share/dotnet/packs/Microsoft.NETCore.App.Ref/9.0.4/ref/net9.0/System.Net.Http.dll /reference:/usr/share/dotnet/packs/Microsoft.NETCore.App.Ref/9.0.4/ref/net9.0/System.Net.Http.Json.dll /reference:/usr/share/dotnet/packs/Microsoft.NETCore.App.Ref/9.0.4/ref/net9.0/System.Net.HttpListener.dll /reference:/usr/share/dotnet/packs/Microsoft.NETCore.App.Ref/9.0.4/ref/net9.0/System.Net.Mail.dll /reference:/usr/share/dotnet/packs/Microsoft.NETCore.App.Ref/9.0.4/ref/net9.0/System.Net.NameResolution.dll /reference:/usr/share/dotnet/packs/Microsoft.NETCore.App.Ref/9.0.4/ref/net9.0/System.Net.NetworkInformation.dll /reference:/usr/share/dotnet/packs/Microsoft.NETCore.App.Ref/9.0.4/ref/net9.0/System.Net.Ping.dll /reference:/usr/share/dotnet/packs/Microsoft.NETCore.App.Ref/9.0.4/ref/net9.0/System.Net.Primitives.dll /reference:/usr/share/dotnet/packs/Microsoft.NETCore.App.Ref/9.0.4/ref/net9.0/System.Net.Quic.dll /reference:/usr/share/dotnet/packs/Microsoft.NETCore.App.Ref/9.0.4/ref/net9.0/System.Net.Requests.dll /reference:/usr/share/dotnet/packs/Microsoft.NETCore.App.Ref/9.0.4/ref/net9.0/System.Net.Security.dll /reference:/usr/share/dotnet/packs/Microsoft.NETCore.App.Ref/9.0.4/ref/net9.0/System.Net.ServicePoint.dll /reference:/usr/share/dotnet/packs/Microsoft.NETCore.App.Ref/9.0.4/ref/net9.0/System.Net.Sockets.dll /reference:/usr/share/dotnet/packs/Microsoft.NETCore.App.Ref/9.0.4/ref/net9.0/System.Net.WebClient.dll /reference:/usr/share/dotnet/packs/Microsoft.NETCore.App.Ref/9.0.4/ref/net9.0/System.Net.WebHeaderCollection.dll /reference:/usr/share/dotnet/packs/Microsoft.NETCore.App.Ref/9.0.4/ref/net9.0/System.Net.WebProxy.dll /reference:/usr/share/dotnet/packs/Microsoft.NETCore.App.Ref/9.0.4/ref/net9.0/System.Net.WebSockets.Client.dll /reference:/usr/share/dotnet/packs/Microsoft.NETCore.App.Ref/9.0.4/ref/net9.0/System.Net.WebSockets.dll /reference:/usr/share/dotnet/packs/Microsoft.NETCore.App.Ref/9.0.4/ref/net9.0/System.Numerics.dll /reference:/usr/share/dotnet/packs/Microsoft.NETCore.App.Ref/9.0.4/ref/net9.0/System.Numerics.Vectors.dll /reference:/usr/share/dotnet/packs/Microsoft.NETCore.App.Ref/9.0.4/ref/net9.0/System.ObjectModel.dll /reference:/usr/share/dotnet/packs/Microsoft.NETCore.App.Ref/9.0.4/ref/net9.0/System.Reflection.DispatchProxy.dll /reference:/usr/share/dotnet/packs/Microsoft.NETCore.App.Ref/9.0.4/ref/net9.0/System.Reflection.dll /reference:/usr/share/dotnet/packs/Microsoft.NETCore.App.Ref/9.0.4/ref/net9.0/System.Reflection.Emit.dll /reference:/usr/share/dotnet/packs/Microsoft.NETCore.App.Ref/9.0.4/ref/net9.0/System.Reflection.Emit.ILGeneration.dll /reference:/usr/share/dotnet/packs/Microsoft.NETCore.App.Ref/9.0.4/ref/net9.0/System.Reflection.Emit.Lightweight.dll /reference:/usr/share/dotnet/packs/Microsoft.NETCore.App.Ref/9.0.4/ref/net9.0/System.Reflection.Extensions.dll /reference:/usr/share/dotnet/packs/Microsoft.NETCore.App.Ref/9.0.4/ref/net9.0/System.Reflection.Metadata.dll /reference:/usr/share/dotnet/packs/Microsoft.NETCore.App.Ref/9.0.4/ref/net9.0/System.Reflection.Primitives.dll /reference:/usr/share/dotnet/packs/Microsoft.NETCore.App.Ref/9.0.4/ref/net9.0/System.Reflection.TypeExtensions.dll /reference:/usr/share/dotnet/packs/Microsoft.NETCore.App.Ref/9.0.4/ref/net9.0/System.Resources.Reader.dll /reference:/usr/share/dotnet/packs/Microsoft.NETCore.App.Ref/9.0.4/ref/net9.0/System.Resources.ResourceManager.dll /reference:/usr/share/dotnet/packs/Microsoft.NETCore.App.Ref/9.0.4/ref/net9.0/System.Resources.Writer.dll /reference:/usr/share/dotnet/packs/Microsoft.NETCore.App.Ref/9.0.4/ref/net9.0/System.Runtime.CompilerServices.Unsafe.dll /reference:/usr/share/dotnet/packs/Microsoft.NETCore.App.Ref/9.0.4/ref/net9.0/System.Runtime.CompilerServices.VisualC.dll /reference:/usr/share/dotnet/packs/Microsoft.NETCore.App.Ref/9.0.4/ref/net9.0/System.Runtime.dll /reference:/usr/share/dotnet/packs/Microsoft.NETCore.App.Ref/9.0.4/ref/net9.0/System.Runtime.Extensions.dll /reference:/usr/share/dotnet/packs/Microsoft.NETCore.App.Ref/9.0.4/ref/net9.0/System.Runtime.Handles.dll /reference:/usr/share/dotnet/packs/Microsoft.NETCore.App.Ref/9.0.4/ref/net9.0/System.Runtime.InteropServices.dll /reference:/usr/share/dotnet/packs/Microsoft.NETCore.App.Ref/9.0.4/ref/net9.0/System.Runtime.InteropServices.JavaScript.dll /reference:/usr/share/dotnet/packs/Microsoft.NETCore.App.Ref/9.0.4/ref/net9.0/System.Runtime.InteropServices.RuntimeInformation.dll /reference:/usr/share/dotnet/packs/Microsoft.NETCore.App.Ref/9.0.4/ref/net9.0/System.Runtime.Intrinsics.dll /reference:/usr/share/dotnet/packs/Microsoft.NETCore.App.Ref/9.0.4/ref/net9.0/System.Runtime.Loader.dll /reference:/usr/share/dotnet/packs/Microsoft.NETCore.App.Ref/9.0.4/ref/net9.0/System.Runtime.Numerics.dll /reference:/usr/share/dotnet/packs/Microsoft.NETCore.App.Ref/9.0.4/ref/net9.0/System.Runtime.Serialization.dll /reference:/usr/share/dotnet/packs/Microsoft.NETCore.App.Ref/9.0.4/ref/net9.0/System.Runtime.Serialization.Formatters.dll /reference:/usr/share/dotnet/packs/Microsoft.NETCore.App.Ref/9.0.4/ref/net9.0/System.Runtime.Serialization.Json.dll /reference:/usr/share/dotnet/packs/Microsoft.NETCore.App.Ref/9.0.4/ref/net9.0/System.Runtime.Serialization.Primitives.dll /reference:/usr/share/dotnet/packs/Microsoft.NETCore.App.Ref/9.0.4/ref/net9.0/System.Runtime.Serialization.Xml.dll /reference:/usr/share/dotnet/packs/Microsoft.NETCore.App.Ref/9.0.4/ref/net9.0/System.Security.AccessControl.dll /reference:/usr/share/dotnet/packs/Microsoft.NETCore.App.Ref/9.0.4/ref/net9.0/System.Security.Claims.dll /reference:/usr/share/dotnet/packs/Microsoft.NETCore.App.Ref/9.0.4/ref/net9.0/System.Security.Cryptography.Algorithms.dll /reference:/usr/share/dotnet/packs/Microsoft.NETCore.App.Ref/9.0.4/ref/net9.0/System.Security.Cryptography.Cng.dll /reference:/usr/share/dotnet/packs/Microsoft.NETCore.App.Ref/9.0.4/ref/net9.0/System.Security.Cryptography.Csp.dll /reference:/usr/share/dotnet/packs/Microsoft.NETCore.App.Ref/9.0.4/ref/net9.0/System.Security.Cryptography.dll /reference:/usr/share/dotnet/packs/Microsoft.NETCore.App.Ref/9.0.4/ref/net9.0/System.Security.Cryptography.Encoding.dll /reference:/usr/share/dotnet/packs/Microsoft.NETCore.App.Ref/9.0.4/ref/net9.0/System.Security.Cryptography.OpenSsl.dll /reference:/usr/share/dotnet/packs/Microsoft.NETCore.App.Ref/9.0.4/ref/net9.0/System.Security.Cryptography.Primitives.dll /reference:/home/quinngil/.nuget/packages/system.security.cryptography.protecteddata/6.0.0/lib/net6.0/System.Security.Cryptography.ProtectedData.dll /reference:/usr/share/dotnet/packs/Microsoft.NETCore.App.Ref/9.0.4/ref/net9.0/System.Security.Cryptography.X509Certificates.dll /reference:/usr/share/dotnet/packs/Microsoft.NETCore.App.Ref/9.0.4/ref/net9.0/System.Security.dll /reference:/home/quinngil/.nuget/packages/system.security.permissions/6.0.0/lib/net6.0/System.Security.Permissions.dll /reference:/usr/share/dotnet/packs/Microsoft.NETCore.App.Ref/9.0.4/ref/net9.0/System.Security.Principal.dll /reference:/usr/share/dotnet/packs/Microsoft.NETCore.App.Ref/9.0.4/ref/net9.0/System.Security.Principal.Windows.dll /reference:/usr/share/dotnet/packs/Microsoft.NETCore.App.Ref/9.0.4/ref/net9.0/System.Security.SecureString.dll /reference:/usr/share/dotnet/packs/Microsoft.NETCore.App.Ref/9.0.4/ref/net9.0/System.ServiceModel.Web.dll /reference:/usr/share/dotnet/packs/Microsoft.NETCore.App.Ref/9.0.4/ref/net9.0/System.ServiceProcess.dll /reference:/usr/share/dotnet/packs/Microsoft.NETCore.App.Ref/9.0.4/ref/net9.0/System.Text.Encoding.CodePages.dll /reference:/usr/share/dotnet/packs/Microsoft.NETCore.App.Ref/9.0.4/ref/net9.0/System.Text.Encoding.dll /reference:/usr/share/dotnet/packs/Microsoft.NETCore.App.Ref/9.0.4/ref/net9.0/System.Text.Encoding.Extensions.dll /reference:/usr/share/dotnet/packs/Microsoft.NETCore.App.Ref/9.0.4/ref/net9.0/System.Text.Encodings.Web.dll /reference:/home/quinngil/.nuget/packages/system.text.json/9.0.8/lib/net9.0/System.Text.Json.dll /reference:/usr/share/dotnet/packs/Microsoft.NETCore.App.Ref/9.0.4/ref/net9.0/System.Text.RegularExpressions.dll /reference:/usr/share/dotnet/packs/Microsoft.NETCore.App.Ref/9.0.4/ref/net9.0/System.Threading.Channels.dll /reference:/usr/share/dotnet/packs/Microsoft.NETCore.App.Ref/9.0.4/ref/net9.0/System.Threading.dll /reference:/usr/share/dotnet/packs/Microsoft.NETCore.App.Ref/9.0.4/ref/net9.0/System.Threading.Overlapped.dll /reference:/usr/share/dotnet/packs/Microsoft.NETCore.App.Ref/9.0.4/ref/net9.0/System.Threading.Tasks.Dataflow.dll /reference:/usr/share/dotnet/packs/Microsoft.NETCore.App.Ref/9.0.4/ref/net9.0/System.Threading.Tasks.dll /reference:/usr/share/dotnet/packs/Microsoft.NETCore.App.Ref/9.0.4/ref/net9.0/System.Threading.Tasks.Extensions.dll /reference:/usr/share/dotnet/packs/Microsoft.NETCore.App.Ref/9.0.4/ref/net9.0/System.Threading.Tasks.Parallel.dll /reference:/usr/share/dotnet/packs/Microsoft.NETCore.App.Ref/9.0.4/ref/net9.0/System.Threading.Thread.dll /reference:/usr/share/dotnet/packs/Microsoft.NETCore.App.Ref/9.0.4/ref/net9.0/System.Threading.ThreadPool.dll /reference:/usr/share/dotnet/packs/Microsoft.NETCore.App.Ref/9.0.4/ref/net9.0/System.Threading.Timer.dll /reference:/usr/share/dotnet/packs/Microsoft.NETCore.App.Ref/9.0.4/ref/net9.0/System.Transactions.dll /reference:/usr/share/dotnet/packs/Microsoft.NETCore.App.Ref/9.0.4/ref/net9.0/System.Transactions.Local.dll /reference:/usr/share/dotnet/packs/Microsoft.NETCore.App.Ref/9.0.4/ref/net9.0/System.ValueTuple.dll /reference:/usr/share/dotnet/packs/Microsoft.NETCore.App.Ref/9.0.4/ref/net9.0/System.Web.dll /reference:/usr/share/dotnet/packs/Microsoft.NETCore.App.Ref/9.0.4/ref/net9.0/System.Web.HttpUtility.dll /reference:/usr/share/dotnet/packs/Microsoft.NETCore.App.Ref/9.0.4/ref/net9.0/System.Windows.dll /reference:/home/quinngil/.nuget/packages/system.windows.extensions/6.0.0/lib/net6.0/System.Windows.Extensions.dll /reference:/usr/share/dotnet/packs/Microsoft.NETCore.App.Ref/9.0.4/ref/net9.0/System.Xml.dll /reference:/usr/share/dotnet/packs/Microsoft.NETCore.App.Ref/9.0.4/ref/net9.0/System.Xml.Linq.dll /reference:/usr/share/dotnet/packs/Microsoft.NETCore.App.Ref/9.0.4/ref/net9.0/System.Xml.ReaderWriter.dll /reference:/usr/share/dotnet/packs/Microsoft.NETCore.App.Ref/9.0.4/ref/net9.0/System.Xml.Serialization.dll /reference:/usr/share/dotnet/packs/Microsoft.NETCore.App.Ref/9.0.4/ref/net9.0/System.Xml.XDocument.dll /reference:/usr/share/dotnet/packs/Microsoft.NETCore.App.Ref/9.0.4/ref/net9.0/System.Xml.XmlDocument.dll /reference:/usr/share/dotnet/packs/Microsoft.NETCore.App.Ref/9.0.4/ref/net9.0/System.Xml.XmlSerializer.dll /reference:/usr/share/dotnet/packs/Microsoft.NETCore.App.Ref/9.0.4/ref/net9.0/System.Xml.XPath.dll /reference:/usr/share/dotnet/packs/Microsoft.NETCore.App.Ref/9.0.4/ref/net9.0/System.Xml.XPath.XDocument.dll /reference:/usr/share/dotnet/packs/Microsoft.NETCore.App.Ref/9.0.4/ref/net9.0/WindowsBase.dll /debug- /debug:portable /filealign:512 /optimize+ /out:obj/Release/net9.0/Lib.Adapter.Scryfall.Cosmos.dll /refout:obj/Release/net9.0/refint/Lib.Adapter.Scryfall.Cosmos.dll /reportanalyzer /target:library /warnaserror+ /utf8output /deterministic+ /sourcelink:obj/Release/net9.0/Lib.Adapter.Scryfall.Cosmos.sourcelink.json /langversion:latest /features:strict /embed:"obj/Release/net9.0/.NETCoreApp,Version=v9.0.AssemblyAttributes.cs" /embed:obj/Release/net9.0/Lib.Adapter.Scryfall.Cosmos.AssemblyInfo.cs /analyzerconfig:/mnt/d/src/MtgDiscoveryVibeWorkspace/IMPLS/src/.editorconfig /analyzerconfig:obj/Release/net9.0/Lib.Adapter.Scryfall.Cosmos.GeneratedMSBuildEditorConfig.editorconfig /analyzerconfig:/usr/share/dotnet/sdk/9.0.203/Sdks/Microsoft.NET.Sdk/analyzers/build/config/analysislevel_9_all_warnaserror.globalconfig /analyzer:/usr/share/dotnet/sdk/9.0.203/Sdks/Microsoft.NET.Sdk/targets/../analyzers/Microsoft.CodeAnalysis.CSharp.NetAnalyzers.dll /analyzer:/usr/share/dotnet/sdk/9.0.203/Sdks/Microsoft.NET.Sdk/targets/../analyzers/Microsoft.CodeAnalysis.NetAnalyzers.dll /analyzer:/usr/share/dotnet/sdk/9.0.203/Sdks/Microsoft.NET.Sdk/targets/../codestyle/cs/Microsoft.CodeAnalysis.CodeStyle.dll /analyzer:/usr/share/dotnet/sdk/9.0.203/Sdks/Microsoft.NET.Sdk/targets/../codestyle/cs/Microsoft.CodeAnalysis.CodeStyle.Fixes.dll /analyzer:/usr/share/dotnet/sdk/9.0.203/Sdks/Microsoft.NET.Sdk/targets/../codestyle/cs/Microsoft.CodeAnalysis.CSharp.CodeStyle.dll /analyzer:/usr/share/dotnet/sdk/9.0.203/Sdks/Microsoft.NET.Sdk/targets/../codestyle/cs/Microsoft.CodeAnalysis.CSharp.CodeStyle.Fixes.dll /analyzer:/home/quinngil/.nuget/packages/microsoft.codeanalysis.bannedapianalyzers/4.14.0/analyzers/dotnet/cs/Microsoft.CodeAnalysis.BannedApiAnalyzers.dll /analyzer:/home/quinngil/.nuget/packages/microsoft.codeanalysis.bannedapianalyzers/4.14.0/analyzers/dotnet/cs/Microsoft.CodeAnalysis.CSharp.BannedApiAnalyzers.dll /analyzer:/home/quinngil/.nuget/packages/microsoft.extensions.logging.abstractions/9.0.0/analyzers/dotnet/roslyn4.4/cs/Microsoft.Extensions.Logging.Generators.dll /analyzer:/home/quinngil/.nuget/packages/microsoft.extensions.options/9.0.0/analyzers/dotnet/roslyn4.4/cs/Microsoft.Extensions.Options.SourceGeneration.dll /analyzer:/home/quinngil/.nuget/packages/system.clientmodel/1.5.1/analyzers/dotnet/cs/System.ClientModel.SourceGeneration.dll /analyzer:/home/quinngil/.nuget/packages/system.text.json/9.0.8/analyzers/dotnet/roslyn4.4/cs/System.Text.Json.SourceGeneration.dll /analyzer:/usr/share/dotnet/packs/Microsoft.NETCore.App.Ref/9.0.4/analyzers/dotnet/cs/Microsoft.Interop.ComInterfaceGenerator.dll /analyzer:/usr/share/dotnet/packs/Microsoft.NETCore.App.Ref/9.0.4/analyzers/dotnet/cs/Microsoft.Interop.JavaScript.JSImportGenerator.dll /analyzer:/usr/share/dotnet/packs/Microsoft.NETCore.App.Ref/9.0.4/analyzers/dotnet/cs/Microsoft.Interop.LibraryImportGenerator.dll /analyzer:/usr/share/dotnet/packs/Microsoft.NETCore.App.Ref/9.0.4/analyzers/dotnet/cs/Microsoft.Interop.SourceGeneration.dll /analyzer:/usr/share/dotnet/packs/Microsoft.NETCore.App.Ref/9.0.4/analyzers/dotnet/cs/System.Text.RegularExpressions.Generator.dll /additionalfile:/mnt/d/src/MtgDiscoveryVibeWorkspace/IMPLS/src/BannedSymbols.txt /additionalfile:/mnt/d/src/MtgDiscoveryVibeWorkspace/IMPLS/src/.editorconfig Apis/CosmosItems/ArtistNameTrigramItem.cs Apis/CosmosItems/CardNameTrigramItem.cs Apis/CosmosItems/IScryfallPayload.cs Apis/CosmosItems/Nesteds/ArtistAggregateItem.cs Apis/CosmosItems/Nesteds/ArtistNameTrigramDataItem.cs Apis/CosmosItems/Nesteds/CardNameTrigramDataItem.cs Apis/CosmosItems/Nesteds/CollectedItem.cs Apis/CosmosItems/Nesteds/RulingAggregateItem.cs Apis/CosmosItems/Nesteds/RulingEntryItem.cs Apis/CosmosItems/ScryfallArtistCardItem.cs Apis/CosmosItems/ScryfallArtistItem.cs Apis/CosmosItems/ScryfallArtistSetItem.cs Apis/CosmosItems/ScryfallCardByNameItem.cs Apis/CosmosItems/ScryfallCardItem.cs Apis/CosmosItems/ScryfallRulingItem.cs Apis/CosmosItems/ScryfallSetArtistItem.cs Apis/CosmosItems/ScryfallSetCardItem.cs Apis/CosmosItems/ScryfallSetCodeIndexItem.cs Apis/CosmosItems/ScryfallSetItem.cs Apis/CosmosItems/ScryfallSetParentAssociationItem.cs Apis/CosmosItems/UserCardItem.cs Apis/CosmosItems/UserInfoItem.cs Apis/Operators/Gophers/ScryfallArtistItemsGopher.cs Apis/Operators/Gophers/ScryfallCardItemsGopher.cs Apis/Operators/Gophers/ScryfallCardsByNameGopher.cs Apis/Operators/Gophers/ScryfallSetCodeIndexGopher.cs Apis/Operators/Gophers/ScryfallSetItemsGopher.cs Apis/Operators/Inquisitions/SelectAllSetItemsInquisition.cs Apis/Operators/Inquisitions/SelectAllSetItemsQueryDefinition.cs Apis/Operators/Inquisitors/ArtistNameTrigramsInquisitor.cs Apis/Operators/Inquisitors/CardNameTrigramsInquisitor.cs Apis/Operators/Inquisitors/ScryfallArtistCardsInquisitor.cs Apis/Operators/Inquisitors/ScryfallCardsByNameInquisitor.cs Apis/Operators/Inquisitors/ScryfallSetCardsInquisitor.cs Apis/Operators/Inquisitors/ScryfallSetItemsInquisitor.cs Apis/Operators/IUserCardsScribe.cs Apis/Operators/Scribes/ArtistNameTrigramsScribe.cs Apis/Operators/Scribes/CardNameTrigramsScribe.cs Apis/Operators/Scribes/ScryfallArtistCardsScribe.cs Apis/Operators/Scribes/ScryfallArtistItemsScribe.cs Apis/Operators/Scribes/ScryfallArtistSetsScribe.cs Apis/Operators/Scribes/ScryfallCardItemsScribe.cs Apis/Operators/Scribes/ScryfallCardsByNameScribe.cs Apis/Operators/Scribes/ScryfallRulingItemsScribe.cs Apis/Operators/Scribes/ScryfallSetArtistsScribe.cs Apis/Operators/Scribes/ScryfallSetAssociationsScribe.cs Apis/Operators/Scribes/ScryfallSetCardsScribe.cs Apis/Operators/Scribes/ScryfallSetCodeIndexScribe.cs Apis/Operators/Scribes/ScryfallSetItemsScribe.cs Apis/Operators/Scribes/UserCardsScribe.cs Apis/Operators/Scribes/UserInfoScribe.cs Cosmos/Containers/ArtistCardsCosmosContainer.cs Cosmos/Containers/ArtistItemsCosmosContainer.cs Cosmos/Containers/ArtistNameTrigramsCosmosContainer.cs Cosmos/Containers/ArtistSetsCosmosContainer.cs Cosmos/Containers/CardItemsCosmosContainer.cs Cosmos/Containers/CardNameTrigramsCosmosContainer.cs Cosmos/Containers/CardsByNameCosmosContainer.cs Cosmos/Containers/Definitions/ArtistCardsCosmosContainerDefinition.cs Cosmos/Containers/Definitions/ArtistItemsCosmosContainerDefinition.cs Cosmos/Containers/Definitions/ArtistNameTrigramsCosmosContainerDefinition.cs Cosmos/Containers/Definitions/ArtistSetsCosmosContainerDefinition.cs Cosmos/Containers/Definitions/CardItemsCosmosContainerDefinition.cs Cosmos/Containers/Definitions/CardNameTrigramsCosmosContainerDefinition.cs Cosmos/Containers/Definitions/CardsByNameCosmosContainerDefinition.cs Cosmos/Containers/Definitions/RulingItemsCosmosContainerDefinition.cs Cosmos/Containers/Definitions/SetArtistsCosmosContainerDefinition.cs Cosmos/Containers/Definitions/SetCardsCosmosContainerDefinition.cs Cosmos/Containers/Definitions/SetCodeIndexCosmosContainerDefinition.cs Cosmos/Containers/Definitions/SetItemsCosmosContainerDefinition.cs Cosmos/Containers/Definitions/SetParentAssociationsCosmosContainerDefinition.cs Cosmos/Containers/Definitions/UserCardsCosmosContainerDefinition.cs Cosmos/Containers/Definitions/UserInfoCosmosContainerDefinition.cs Cosmos/Containers/RulingItemsCosmosContainer.cs Cosmos/Containers/SetArtistsCosmosContainer.cs Cosmos/Containers/SetCardsCosmosContainer.cs Cosmos/Containers/SetCodeIndexCosmosContainer.cs Cosmos/Containers/SetItemsCosmosContainer.cs Cosmos/Containers/SetParentAssociationsCosmosContainer.cs Cosmos/Containers/UserCardsCosmosContainer.cs Cosmos/Containers/UserInfoCosmosContainer.cs Cosmos/Primitives/ArtistCardsCosmosContainerName.cs Cosmos/Primitives/ArtistItemsCosmosContainerName.cs Cosmos/Primitives/ArtistNameTrigramsCosmosContainerName.cs Cosmos/Primitives/ArtistSetsCosmosContainerName.cs Cosmos/Primitives/CardItemsCosmosContainerName.cs Cosmos/Primitives/CardNameTrigramsCosmosContainerName.cs Cosmos/Primitives/CardsByNameCosmosContainerName.cs Cosmos/Primitives/MtgDiscoveryCosmosAccountName.cs Cosmos/Primitives/MtgDiscoveryCosmosDatabaseName.cs Cosmos/Primitives/RulingItemsCosmosContainerName.cs Cosmos/Primitives/SetArtistsCosmosContainerName.cs Cosmos/Primitives/SetCardsCosmosContainerName.cs Cosmos/Primitives/SetCodeToIdAssociationsCosmosContainerName.cs Cosmos/Primitives/SetItemsCosmosContainerName.cs Cosmos/Primitives/SetParentAssociationsCosmosContainerName.cs Cosmos/Primitives/UserCardsCosmosContainerName.cs Cosmos/Primitives/UserInfoCosmosContainerName.cs "obj/Release/net9.0/.NETCoreApp,Version=v9.0.AssemblyAttributes.cs" obj/Release/net9.0/Lib.Adapter.Scryfall.Cosmos.AssemblyInfo.cs /warnaserror+:NU1605,SYSLIB0011
     5>_CopyFilesMarkedCopyLocal:
         Copying file from "/mnt/d/src/MtgDiscoveryVibeWorkspace/IMPLS/src/Lib.Cosmos/bin/Release/net9.0/Lib.Cosmos.pdb" to "/mnt/d/src/MtgDiscoveryVibeWorkspace/IMPLS/src/Example.LibCosmos/bin/Release/net9.0/Lib.Cosmos.pdb".
         Copying file from "/mnt/d/src/MtgDiscoveryVibeWorkspace/IMPLS/src/Example.Core/bin/Release/net9.0/Example.Core.dll" to "/mnt/d/src/MtgDiscoveryVibeWorkspace/IMPLS/src/Example.LibCosmos/bin/Release/net9.0/Example.Core.dll".
         Copying file from "/mnt/d/src/MtgDiscoveryVibeWorkspace/IMPLS/src/Lib.Cosmos/bin/Release/net9.0/Lib.Cosmos.dll" to "/mnt/d/src/MtgDiscoveryVibeWorkspace/IMPLS/src/Example.LibCosmos/bin/Release/net9.0/Lib.Cosmos.dll".
         Copying file from "/mnt/d/src/MtgDiscoveryVibeWorkspace/IMPLS/src/Example.Core/bin/Release/net9.0/Example.Core.pdb" to "/mnt/d/src/MtgDiscoveryVibeWorkspace/IMPLS/src/Example.LibCosmos/bin/Release/net9.0/Example.Core.pdb".
         Copying file from "/mnt/d/src/MtgDiscoveryVibeWorkspace/IMPLS/src/Lib.Universal/bin/Release/net9.0/Lib.Universal.dll" to "/mnt/d/src/MtgDiscoveryVibeWorkspace/IMPLS/src/Example.LibCosmos/bin/Release/net9.0/Lib.Universal.dll".
         Copying file from "/mnt/d/src/MtgDiscoveryVibeWorkspace/IMPLS/src/Lib.Universal/bin/Release/net9.0/Lib.Universal.pdb" to "/mnt/d/src/MtgDiscoveryVibeWorkspace/IMPLS/src/Example.LibCosmos/bin/Release/net9.0/Lib.Universal.pdb".
         Touching "/mnt/d/src/MtgDiscoveryVibeWorkspace/IMPLS/src/Example.LibCosmos/obj/Release/net9.0/Example..E7546367.Up2Date".
     3>CopyFilesToOutputDirectory:
         Copying file from "/mnt/d/src/MtgDiscoveryVibeWorkspace/IMPLS/src/Lib.Scryfall.Shared.Tests/obj/Release/net9.0/Lib.Scryfall.Shared.Tests.dll" to "/mnt/d/src/MtgDiscoveryVibeWorkspace/IMPLS/src/Lib.Scryfall.Shared.Tests/bin/Release/net9.0/Lib.Scryfall.Shared.Tests.dll".
    17>CoreCompile:
         CompilerServer: server - server processed compilation - Lib.Shared.Invocation (net9.0)
       _CopyFilesMarkedCopyLocal:
         Copying file from "/mnt/d/src/MtgDiscoveryVibeWorkspace/IMPLS/src/Lib.Cosmos/bin/Release/net9.0/Lib.Cosmos.dll" to "/mnt/d/src/MtgDiscoveryVibeWorkspace/IMPLS/src/Lib.Shared.Invocation/bin/Release/net9.0/Lib.Cosmos.dll".
         Copying file from "/mnt/d/src/MtgDiscoveryVibeWorkspace/IMPLS/src/Lib.Shared.Abstractions/bin/Release/net9.0/Lib.Shared.Abstractions.dll" to "/mnt/d/src/MtgDiscoveryVibeWorkspace/IMPLS/src/Lib.Shared.Invocation/bin/Release/net9.0/Lib.Shared.Abstractions.dll".
     3>CopyFilesToOutputDirectory:
         Copying reference assembly from "obj/Release/net9.0/refint/Lib.Scryfall.Shared.Tests.dll" to "/mnt/d/src/MtgDiscoveryVibeWorkspace/IMPLS/src/Lib.Scryfall.Shared.Tests/obj/Release/net9.0/ref/Lib.Scryfall.Shared.Tests.dll".
    17>_CopyFilesMarkedCopyLocal:
         Copying file from "/mnt/d/src/MtgDiscoveryVibeWorkspace/IMPLS/src/Lib.Shared.Abstractions/bin/Release/net9.0/Lib.Shared.Abstractions.pdb" to "/mnt/d/src/MtgDiscoveryVibeWorkspace/IMPLS/src/Lib.Shared.Invocation/bin/Release/net9.0/Lib.Shared.Abstractions.pdb".
         Copying file from "/mnt/d/src/MtgDiscoveryVibeWorkspace/IMPLS/src/Lib.Universal/bin/Release/net9.0/Lib.Universal.dll" to "/mnt/d/src/MtgDiscoveryVibeWorkspace/IMPLS/src/Lib.Shared.Invocation/bin/Release/net9.0/Lib.Universal.dll".
         Copying file from "/mnt/d/src/MtgDiscoveryVibeWorkspace/IMPLS/src/Lib.Universal/bin/Release/net9.0/Lib.Universal.pdb" to "/mnt/d/src/MtgDiscoveryVibeWorkspace/IMPLS/src/Lib.Shared.Invocation/bin/Release/net9.0/Lib.Universal.pdb".
         Copying file from "/mnt/d/src/MtgDiscoveryVibeWorkspace/IMPLS/src/Lib.Cosmos/bin/Release/net9.0/Lib.Cosmos.pdb" to "/mnt/d/src/MtgDiscoveryVibeWorkspace/IMPLS/src/Lib.Shared.Invocation/bin/Release/net9.0/Lib.Cosmos.pdb".
     3>CopyFilesToOutputDirectory:
         Lib.Scryfall.Shared.Tests -> /mnt/d/src/MtgDiscoveryVibeWorkspace/IMPLS/src/Lib.Scryfall.Shared.Tests/bin/Release/net9.0/Lib.Scryfall.Shared.Tests.dll
    17>_CopyFilesMarkedCopyLocal:
         Touching "/mnt/d/src/MtgDiscoveryVibeWorkspace/IMPLS/src/Lib.Shared.Invocation/obj/Release/net9.0/Lib.Shar.0DFB8BA2.Up2Date".
     3>CopyFilesToOutputDirectory:
         Copying file from "/mnt/d/src/MtgDiscoveryVibeWorkspace/IMPLS/src/Lib.Scryfall.Shared.Tests/obj/Release/net9.0/Lib.Scryfall.Shared.Tests.pdb" to "/mnt/d/src/MtgDiscoveryVibeWorkspace/IMPLS/src/Lib.Scryfall.Shared.Tests/bin/Release/net9.0/Lib.Scryfall.Shared.Tests.pdb".
    25>CoreCompile:
         CompilerServer: server - server processed compilation - Lib.Adapter.Scryfall.Cosmos (net9.0)
       _CopyFilesMarkedCopyLocal:
         Copying file from "/mnt/d/src/MtgDiscoveryVibeWorkspace/IMPLS/src/Lib.Universal/bin/Release/net9.0/Lib.Universal.pdb" to "/mnt/d/src/MtgDiscoveryVibeWorkspace/IMPLS/src/Lib.Adapter.Scryfall.Cosmos/bin/Release/net9.0/Lib.Universal.pdb".
         Copying file from "/mnt/d/src/MtgDiscoveryVibeWorkspace/IMPLS/src/Lib.Scryfall.Shared/bin/Release/net9.0/Lib.Scryfall.Shared.pdb" to "/mnt/d/src/MtgDiscoveryVibeWorkspace/IMPLS/src/Lib.Adapter.Scryfall.Cosmos/bin/Release/net9.0/Lib.Scryfall.Shared.pdb".
         Copying file from "/mnt/d/src/MtgDiscoveryVibeWorkspace/IMPLS/src/Lib.Universal/bin/Release/net9.0/Lib.Universal.dll" to "/mnt/d/src/MtgDiscoveryVibeWorkspace/IMPLS/src/Lib.Adapter.Scryfall.Cosmos/bin/Release/net9.0/Lib.Universal.dll".
         Copying file from "/mnt/d/src/MtgDiscoveryVibeWorkspace/IMPLS/src/Lib.Scryfall.Shared/bin/Release/net9.0/Lib.Scryfall.Shared.dll" to "/mnt/d/src/MtgDiscoveryVibeWorkspace/IMPLS/src/Lib.Adapter.Scryfall.Cosmos/bin/Release/net9.0/Lib.Scryfall.Shared.dll".
         Copying file from "/mnt/d/src/MtgDiscoveryVibeWorkspace/IMPLS/src/Lib.Cosmos/bin/Release/net9.0/Lib.Cosmos.dll" to "/mnt/d/src/MtgDiscoveryVibeWorkspace/IMPLS/src/Lib.Adapter.Scryfall.Cosmos/bin/Release/net9.0/Lib.Cosmos.dll".
         Copying file from "/mnt/d/src/MtgDiscoveryVibeWorkspace/IMPLS/src/Lib.Cosmos/bin/Release/net9.0/Lib.Cosmos.pdb" to "/mnt/d/src/MtgDiscoveryVibeWorkspace/IMPLS/src/Lib.Adapter.Scryfall.Cosmos/bin/Release/net9.0/Lib.Cosmos.pdb".
     3>Done Building Project "/mnt/d/src/MtgDiscoveryVibeWorkspace/IMPLS/src/Lib.Scryfall.Shared.Tests/Lib.Scryfall.Shared.Tests.csproj" (default targets).
    17>_CopyOutOfDateSourceItemsToOutputDirectory:
       Skipping target "_CopyOutOfDateSourceItemsToOutputDirectory" because all output files are up-to-date with respect to the input files.
    25>_CopyFilesMarkedCopyLocal:
         Touching "/mnt/d/src/MtgDiscoveryVibeWorkspace/IMPLS/src/Lib.Adapter.Scryfall.Cosmos/obj/Release/net9.0/Lib.Adap.F39D2290.Up2Date".
     5>_CopyOutOfDateSourceItemsToOutputDirectory:
       Building target "_CopyOutOfDateSourceItemsToOutputDirectory" partially, because some output files are out of date with respect to their input files.
         Copying file from "/mnt/d/src/MtgDiscoveryVibeWorkspace/IMPLS/src/Example.LibCosmos/obj/Release/net9.0/apphost" to "/mnt/d/src/MtgDiscoveryVibeWorkspace/IMPLS/src/Example.LibCosmos/bin/Release/net9.0/Example.LibCosmos".
       _CopyOutOfDateSourceItemsToOutputDirectoryAlways:
         Copying file from "/mnt/d/src/MtgDiscoveryVibeWorkspace/IMPLS/src/Example.LibCosmos/appsettings.json" to "/mnt/d/src/MtgDiscoveryVibeWorkspace/IMPLS/src/Example.LibCosmos/bin/Release/net9.0/appsettings.json".
    25>_CopyOutOfDateSourceItemsToOutputDirectory:
       Skipping target "_CopyOutOfDateSourceItemsToOutputDirectory" because all output files are up-to-date with respect to the input files.
    17>CopyFilesToOutputDirectory:
         Copying file from "/mnt/d/src/MtgDiscoveryVibeWorkspace/IMPLS/src/Lib.Shared.Invocation/obj/Release/net9.0/Lib.Shared.Invocation.dll" to "/mnt/d/src/MtgDiscoveryVibeWorkspace/IMPLS/src/Lib.Shared.Invocation/bin/Release/net9.0/Lib.Shared.Invocation.dll".
    12>_GenerateSourceLinkFile:
         Updating Source Link file 'obj/Release/net9.0/Lib.Cosmos.Tests.sourcelink.json'.
    25>CopyFilesToOutputDirectory:
         Copying file from "/mnt/d/src/MtgDiscoveryVibeWorkspace/IMPLS/src/Lib.Adapter.Scryfall.Cosmos/obj/Release/net9.0/Lib.Adapter.Scryfall.Cosmos.dll" to "/mnt/d/src/MtgDiscoveryVibeWorkspace/IMPLS/src/Lib.Adapter.Scryfall.Cosmos/bin/Release/net9.0/Lib.Adapter.Scryfall.Cosmos.dll".
    17>CopyFilesToOutputDirectory:
         Copying reference assembly from "obj/Release/net9.0/refint/Lib.Shared.Invocation.dll" to "/mnt/d/src/MtgDiscoveryVibeWorkspace/IMPLS/src/Lib.Shared.Invocation/obj/Release/net9.0/ref/Lib.Shared.Invocation.dll".
         Lib.Shared.Invocation -> /mnt/d/src/MtgDiscoveryVibeWorkspace/IMPLS/src/Lib.Shared.Invocation/bin/Release/net9.0/Lib.Shared.Invocation.dll
         Copying file from "/mnt/d/src/MtgDiscoveryVibeWorkspace/IMPLS/src/Lib.Shared.Invocation/obj/Release/net9.0/Lib.Shared.Invocation.pdb" to "/mnt/d/src/MtgDiscoveryVibeWorkspace/IMPLS/src/Lib.Shared.Invocation/bin/Release/net9.0/Lib.Shared.Invocation.pdb".
    25>CopyFilesToOutputDirectory:
         Copying reference assembly from "obj/Release/net9.0/refint/Lib.Adapter.Scryfall.Cosmos.dll" to "/mnt/d/src/MtgDiscoveryVibeWorkspace/IMPLS/src/Lib.Adapter.Scryfall.Cosmos/obj/Release/net9.0/ref/Lib.Adapter.Scryfall.Cosmos.dll".
     5>CopyFilesToOutputDirectory:
         Copying file from "/mnt/d/src/MtgDiscoveryVibeWorkspace/IMPLS/src/Example.LibCosmos/obj/Release/net9.0/Example.LibCosmos.dll" to "/mnt/d/src/MtgDiscoveryVibeWorkspace/IMPLS/src/Example.LibCosmos/bin/Release/net9.0/Example.LibCosmos.dll".
    25>CopyFilesToOutputDirectory:
         Lib.Adapter.Scryfall.Cosmos -> /mnt/d/src/MtgDiscoveryVibeWorkspace/IMPLS/src/Lib.Adapter.Scryfall.Cosmos/bin/Release/net9.0/Lib.Adapter.Scryfall.Cosmos.dll
    17>Done Building Project "/mnt/d/src/MtgDiscoveryVibeWorkspace/IMPLS/src/Lib.Shared.Invocation/Lib.Shared.Invocation.csproj" (default targets).
    25>CopyFilesToOutputDirectory:
         Copying file from "/mnt/d/src/MtgDiscoveryVibeWorkspace/IMPLS/src/Lib.Adapter.Scryfall.Cosmos/obj/Release/net9.0/Lib.Adapter.Scryfall.Cosmos.pdb" to "/mnt/d/src/MtgDiscoveryVibeWorkspace/IMPLS/src/Lib.Adapter.Scryfall.Cosmos/bin/Release/net9.0/Lib.Adapter.Scryfall.Cosmos.pdb".
     5>CopyFilesToOutputDirectory:
         Copying reference assembly from "obj/Release/net9.0/refint/Example.LibCosmos.dll" to "/mnt/d/src/MtgDiscoveryVibeWorkspace/IMPLS/src/Example.LibCosmos/obj/Release/net9.0/ref/Example.LibCosmos.dll".
    25>Done Building Project "/mnt/d/src/MtgDiscoveryVibeWorkspace/IMPLS/src/Lib.Adapter.Scryfall.Cosmos/Lib.Adapter.Scryfall.Cosmos.csproj" (default targets).
     5>CopyFilesToOutputDirectory:
         Example.LibCosmos -> /mnt/d/src/MtgDiscoveryVibeWorkspace/IMPLS/src/Example.LibCosmos/bin/Release/net9.0/Example.LibCosmos.dll
         Copying file from "/mnt/d/src/MtgDiscoveryVibeWorkspace/IMPLS/src/Example.LibCosmos/obj/Release/net9.0/Example.LibCosmos.pdb" to "/mnt/d/src/MtgDiscoveryVibeWorkspace/IMPLS/src/Example.LibCosmos/bin/Release/net9.0/Example.LibCosmos.pdb".
     5>Done Building Project "/mnt/d/src/MtgDiscoveryVibeWorkspace/IMPLS/src/Example.LibCosmos/Example.LibCosmos.csproj" (default targets).
    12>CoreCompile:
         /usr/share/dotnet/dotnet exec "/usr/share/dotnet/sdk/9.0.203/Roslyn/bincore/csc.dll" /noconfig /unsafe- /checked- /nowarn:IDE0290,IDE2001,IDE0005,IDE0046,CA1716,CA1040,CA1056,IDE0060,CA2000,CA1707,CA1515,1701,1702 /fullpaths /nostdlib+ /errorreport:prompt /warn:9 /define:TRACE;RELEASE;NET;NET9_0;NETCOREAPP;NET5_0_OR_GREATER;NET6_0_OR_GREATER;NET7_0_OR_GREATER;NET8_0_OR_GREATER;NET9_0_OR_GREATER;NETCOREAPP1_0_OR_GREATER;NETCOREAPP1_1_OR_GREATER;NETCOREAPP2_0_OR_GREATER;NETCOREAPP2_1_OR_GREATER;NETCOREAPP2_2_OR_GREATER;NETCOREAPP3_0_OR_GREATER;NETCOREAPP3_1_OR_GREATER /highentropyva+ /nullable:warnings /reference:/home/quinngil/.nuget/packages/awesomeassertions/9.1.0/lib/net8.0/AwesomeAssertions.dll /reference:/home/quinngil/.nuget/packages/azure.core/1.47.1/lib/net8.0/Azure.Core.dll /reference:/home/quinngil/.nuget/packages/azure.resourcemanager.authorization/1.1.5/lib/net8.0/Azure.ResourceManager.Authorization.dll /reference:/home/quinngil/.nuget/packages/azure.resourcemanager.cosmosdb/1.3.2/lib/netstandard2.0/Azure.ResourceManager.CosmosDB.dll /reference:/home/quinngil/.nuget/packages/azure.resourcemanager/1.13.2/lib/net8.0/Azure.ResourceManager.dll /reference:/mnt/d/src/MtgDiscoveryVibeWorkspace/IMPLS/src/Lib.Cosmos/obj/Release/net9.0/ref/Lib.Cosmos.dll /reference:/mnt/d/src/MtgDiscoveryVibeWorkspace/IMPLS/src/Lib.Universal/obj/Release/net9.0/ref/Lib.Universal.dll /reference:/mnt/d/src/MtgDiscoveryVibeWorkspace/IMPLS/src/Lib.Universal.Tests/obj/Release/net9.0/ref/Lib.Universal.Tests.dll /reference:/home/quinngil/.nuget/packages/microsoft.applicationinsights/2.23.0/lib/netstandard2.0/Microsoft.ApplicationInsights.dll /reference:/home/quinngil/.nuget/packages/microsoft.azure.cosmos/3.52.1/lib/netstandard2.0/Microsoft.Azure.Cosmos.Client.dll /reference:/home/quinngil/.nuget/packages/microsoft.azure.cosmos/3.52.1/lib/netstandard2.0/Microsoft.Azure.Cosmos.Core.dll /reference:/home/quinngil/.nuget/packages/microsoft.azure.cosmos/3.52.1/lib/netstandard2.0/Microsoft.Azure.Cosmos.Direct.dll /reference:/home/quinngil/.nuget/packages/microsoft.azure.cosmos/3.52.1/lib/netstandard2.0/Microsoft.Azure.Cosmos.Serialization.HybridRow.dll /reference:/home/quinngil/.nuget/packages/microsoft.bcl.asyncinterfaces/8.0.0/lib/netstandard2.1/Microsoft.Bcl.AsyncInterfaces.dll /reference:/home/quinngil/.nuget/packages/microsoft.bcl.hashcode/1.1.0/ref/netcoreapp2.1/Microsoft.Bcl.HashCode.dll /reference:/usr/share/dotnet/packs/Microsoft.NETCore.App.Ref/9.0.4/ref/net9.0/Microsoft.CSharp.dll /reference:/home/quinngil/.nuget/packages/microsoft.extensions.caching.abstractions/9.0.0/lib/net9.0/Microsoft.Extensions.Caching.Abstractions.dll /reference:/home/quinngil/.nuget/packages/microsoft.extensions.caching.memory/9.0.0/lib/net9.0/Microsoft.Extensions.Caching.Memory.dll /reference:/home/quinngil/.nuget/packages/microsoft.extensions.configuration.abstractions/9.0.5/lib/net9.0/Microsoft.Extensions.Configuration.Abstractions.dll /reference:/home/quinngil/.nuget/packages/microsoft.extensions.configuration/9.0.5/lib/net9.0/Microsoft.Extensions.Configuration.dll /reference:/home/quinngil/.nuget/packages/microsoft.extensions.dependencyinjection.abstractions/9.0.0/lib/net9.0/Microsoft.Extensions.DependencyInjection.Abstractions.dll /reference:/home/quinngil/.nuget/packages/microsoft.extensions.logging.abstractions/9.0.0/lib/net9.0/Microsoft.Extensions.Logging.Abstractions.dll /reference:/home/quinngil/.nuget/packages/microsoft.extensions.options/9.0.0/lib/net9.0/Microsoft.Extensions.Options.dll /reference:/home/quinngil/.nuget/packages/microsoft.extensions.primitives/9.0.5/lib/net9.0/Microsoft.Extensions.Primitives.dll /reference:/home/quinngil/.nuget/packages/microsoft.identitymodel.abstractions/8.0.1/lib/net9.0/Microsoft.IdentityModel.Abstractions.dll /reference:/home/quinngil/.nuget/packages/microsoft.identitymodel.jsonwebtokens/8.0.1/lib/net9.0/Microsoft.IdentityModel.JsonWebTokens.dll /reference:/home/quinngil/.nuget/packages/microsoft.identitymodel.logging/8.0.1/lib/net9.0/Microsoft.IdentityModel.Logging.dll /reference:/home/quinngil/.nuget/packages/microsoft.identitymodel.tokens/8.0.1/lib/net9.0/Microsoft.IdentityModel.Tokens.dll /reference:/home/quinngil/.nuget/packages/microsoft.testing.platform.msbuild/1.8.1/lib/net9.0/Microsoft.Testing.Extensions.MSBuild.dll /reference:/home/quinngil/.nuget/packages/microsoft.testing.extensions.telemetry/1.8.1/lib/net9.0/Microsoft.Testing.Extensions.Telemetry.dll /reference:/home/quinngil/.nuget/packages/microsoft.testing.extensions.trxreport.abstractions/1.8.1/lib/net9.0/Microsoft.Testing.Extensions.TrxReport.Abstractions.dll /reference:/home/quinngil/.nuget/packages/microsoft.testing.extensions.vstestbridge/1.8.1/lib/net9.0/Microsoft.Testing.Extensions.VSTestBridge.dll /reference:/home/quinngil/.nuget/packages/microsoft.testing.platform/1.8.1/lib/net9.0/Microsoft.Testing.Platform.dll /reference:/home/quinngil/.nuget/packages/microsoft.testplatform.adapterutilities/17.13.0/lib/net9.0/Microsoft.TestPlatform.AdapterUtilities.dll /reference:/home/quinngil/.nuget/packages/microsoft.testplatform.testhost/17.14.1/lib/net8.0/Microsoft.TestPlatform.CommunicationUtilities.dll /reference:/home/quinngil/.nuget/packages/microsoft.testplatform.testhost/17.14.1/lib/net8.0/Microsoft.TestPlatform.CoreUtilities.dll /reference:/home/quinngil/.nuget/packages/microsoft.testplatform.testhost/17.14.1/lib/net8.0/Microsoft.TestPlatform.CrossPlatEngine.dll /reference:/home/quinngil/.nuget/packages/microsoft.testplatform.testhost/17.14.1/lib/net8.0/Microsoft.TestPlatform.PlatformAbstractions.dll /reference:/home/quinngil/.nuget/packages/microsoft.testplatform.testhost/17.14.1/lib/net8.0/Microsoft.TestPlatform.Utilities.dll /reference:/usr/share/dotnet/packs/Microsoft.NETCore.App.Ref/9.0.4/ref/net9.0/Microsoft.VisualBasic.Core.dll /reference:/usr/share/dotnet/packs/Microsoft.NETCore.App.Ref/9.0.4/ref/net9.0/Microsoft.VisualBasic.dll /reference:/home/quinngil/.nuget/packages/microsoft.codecoverage/17.14.1/lib/net8.0/Microsoft.VisualStudio.CodeCoverage.Shim.dll /reference:/home/quinngil/.nuget/packages/microsoft.testplatform.testhost/17.14.1/lib/net8.0/Microsoft.VisualStudio.TestPlatform.Common.dll /reference:/home/quinngil/.nuget/packages/microsoft.testplatform.testhost/17.14.1/lib/net8.0/Microsoft.VisualStudio.TestPlatform.ObjectModel.dll /reference:/home/quinngil/.nuget/packages/mstest.testframework/3.10.1/lib/net9.0/Microsoft.VisualStudio.TestPlatform.TestFramework.dll /reference:/home/quinngil/.nuget/packages/mstest.testframework/3.10.1/buildTransitive/net9.0/Microsoft.VisualStudio.TestPlatform.TestFramework.Extensions.dll /reference:/usr/share/dotnet/packs/Microsoft.NETCore.App.Ref/9.0.4/ref/net9.0/Microsoft.Win32.Primitives.dll /reference:/usr/share/dotnet/packs/Microsoft.NETCore.App.Ref/9.0.4/ref/net9.0/Microsoft.Win32.Registry.dll /reference:/home/quinngil/.nuget/packages/microsoft.win32.systemevents/6.0.0/lib/net6.0/Microsoft.Win32.SystemEvents.dll /reference:/usr/share/dotnet/packs/Microsoft.NETCore.App.Ref/9.0.4/ref/net9.0/mscorlib.dll /reference:/usr/share/dotnet/packs/Microsoft.NETCore.App.Ref/9.0.4/ref/net9.0/netstandard.dll /reference:/home/quinngil/.nuget/packages/newtonsoft.json/13.0.3/lib/net6.0/Newtonsoft.Json.dll /reference:/usr/share/dotnet/packs/Microsoft.NETCore.App.Ref/9.0.4/ref/net9.0/System.AppContext.dll /reference:/usr/share/dotnet/packs/Microsoft.NETCore.App.Ref/9.0.4/ref/net9.0/System.Buffers.dll /reference:/home/quinngil/.nuget/packages/system.clientmodel/1.5.1/lib/net8.0/System.ClientModel.dll /reference:/usr/share/dotnet/packs/Microsoft.NETCore.App.Ref/9.0.4/ref/net9.0/System.Collections.Concurrent.dll /reference:/usr/share/dotnet/packs/Microsoft.NETCore.App.Ref/9.0.4/ref/net9.0/System.Collections.dll /reference:/usr/share/dotnet/packs/Microsoft.NETCore.App.Ref/9.0.4/ref/net9.0/System.Collections.Immutable.dll /reference:/usr/share/dotnet/packs/Microsoft.NETCore.App.Ref/9.0.4/ref/net9.0/System.Collections.NonGeneric.dll /reference:/usr/share/dotnet/packs/Microsoft.NETCore.App.Ref/9.0.4/ref/net9.0/System.Collections.Specialized.dll /reference:/usr/share/dotnet/packs/Microsoft.NETCore.App.Ref/9.0.4/ref/net9.0/System.ComponentModel.Annotations.dll /reference:/usr/share/dotnet/packs/Microsoft.NETCore.App.Ref/9.0.4/ref/net9.0/System.ComponentModel.DataAnnotations.dll /reference:/usr/share/dotnet/packs/Microsoft.NETCore.App.Ref/9.0.4/ref/net9.0/System.ComponentModel.dll /reference:/usr/share/dotnet/packs/Microsoft.NETCore.App.Ref/9.0.4/ref/net9.0/System.ComponentModel.EventBasedAsync.dll /reference:/usr/share/dotnet/packs/Microsoft.NETCore.App.Ref/9.0.4/ref/net9.0/System.ComponentModel.Primitives.dll /reference:/usr/share/dotnet/packs/Microsoft.NETCore.App.Ref/9.0.4/ref/net9.0/System.ComponentModel.TypeConverter.dll /reference:/home/quinngil/.nuget/packages/system.configuration.configurationmanager/6.0.0/lib/net6.0/System.Configuration.ConfigurationManager.dll /reference:/usr/share/dotnet/packs/Microsoft.NETCore.App.Ref/9.0.4/ref/net9.0/System.Configuration.dll /reference:/usr/share/dotnet/packs/Microsoft.NETCore.App.Ref/9.0.4/ref/net9.0/System.Console.dll /reference:/usr/share/dotnet/packs/Microsoft.NETCore.App.Ref/9.0.4/ref/net9.0/System.Core.dll /reference:/usr/share/dotnet/packs/Microsoft.NETCore.App.Ref/9.0.4/ref/net9.0/System.Data.Common.dll /reference:/usr/share/dotnet/packs/Microsoft.NETCore.App.Ref/9.0.4/ref/net9.0/System.Data.DataSetExtensions.dll /reference:/usr/share/dotnet/packs/Microsoft.NETCore.App.Ref/9.0.4/ref/net9.0/System.Data.dll /reference:/usr/share/dotnet/packs/Microsoft.NETCore.App.Ref/9.0.4/ref/net9.0/System.Diagnostics.Contracts.dll /reference:/usr/share/dotnet/packs/Microsoft.NETCore.App.Ref/9.0.4/ref/net9.0/System.Diagnostics.Debug.dll /reference:/usr/share/dotnet/packs/Microsoft.NETCore.App.Ref/9.0.4/ref/net9.0/System.Diagnostics.DiagnosticSource.dll /reference:/usr/share/dotnet/packs/Microsoft.NETCore.App.Ref/9.0.4/ref/net9.0/System.Diagnostics.FileVersionInfo.dll /reference:/usr/share/dotnet/packs/Microsoft.NETCore.App.Ref/9.0.4/ref/net9.0/System.Diagnostics.Process.dll /reference:/usr/share/dotnet/packs/Microsoft.NETCore.App.Ref/9.0.4/ref/net9.0/System.Diagnostics.StackTrace.dll /reference:/usr/share/dotnet/packs/Microsoft.NETCore.App.Ref/9.0.4/ref/net9.0/System.Diagnostics.TextWriterTraceListener.dll /reference:/usr/share/dotnet/packs/Microsoft.NETCore.App.Ref/9.0.4/ref/net9.0/System.Diagnostics.Tools.dll /reference:/usr/share/dotnet/packs/Microsoft.NETCore.App.Ref/9.0.4/ref/net9.0/System.Diagnostics.TraceSource.dll /reference:/usr/share/dotnet/packs/Microsoft.NETCore.App.Ref/9.0.4/ref/net9.0/System.Diagnostics.Tracing.dll /reference:/usr/share/dotnet/packs/Microsoft.NETCore.App.Ref/9.0.4/ref/net9.0/System.dll /reference:/home/quinngil/.nuget/packages/system.drawing.common/6.0.0/lib/net6.0/System.Drawing.Common.dll /reference:/usr/share/dotnet/packs/Microsoft.NETCore.App.Ref/9.0.4/ref/net9.0/System.Drawing.dll /reference:/usr/share/dotnet/packs/Microsoft.NETCore.App.Ref/9.0.4/ref/net9.0/System.Drawing.Primitives.dll /reference:/usr/share/dotnet/packs/Microsoft.NETCore.App.Ref/9.0.4/ref/net9.0/System.Dynamic.Runtime.dll /reference:/usr/share/dotnet/packs/Microsoft.NETCore.App.Ref/9.0.4/ref/net9.0/System.Formats.Asn1.dll /reference:/usr/share/dotnet/packs/Microsoft.NETCore.App.Ref/9.0.4/ref/net9.0/System.Formats.Tar.dll /reference:/usr/share/dotnet/packs/Microsoft.NETCore.App.Ref/9.0.4/ref/net9.0/System.Globalization.Calendars.dll /reference:/usr/share/dotnet/packs/Microsoft.NETCore.App.Ref/9.0.4/ref/net9.0/System.Globalization.dll /reference:/usr/share/dotnet/packs/Microsoft.NETCore.App.Ref/9.0.4/ref/net9.0/System.Globalization.Extensions.dll /reference:/home/quinngil/.nuget/packages/system.identitymodel.tokens.jwt/8.0.1/lib/net9.0/System.IdentityModel.Tokens.Jwt.dll /reference:/usr/share/dotnet/packs/Microsoft.NETCore.App.Ref/9.0.4/ref/net9.0/System.IO.Compression.Brotli.dll /reference:/usr/share/dotnet/packs/Microsoft.NETCore.App.Ref/9.0.4/ref/net9.0/System.IO.Compression.dll /reference:/usr/share/dotnet/packs/Microsoft.NETCore.App.Ref/9.0.4/ref/net9.0/System.IO.Compression.FileSystem.dll /reference:/usr/share/dotnet/packs/Microsoft.NETCore.App.Ref/9.0.4/ref/net9.0/System.IO.Compression.ZipFile.dll /reference:/usr/share/dotnet/packs/Microsoft.NETCore.App.Ref/9.0.4/ref/net9.0/System.IO.dll /reference:/usr/share/dotnet/packs/Microsoft.NETCore.App.Ref/9.0.4/ref/net9.0/System.IO.FileSystem.AccessControl.dll /reference:/usr/share/dotnet/packs/Microsoft.NETCore.App.Ref/9.0.4/ref/net9.0/System.IO.FileSystem.dll /reference:/usr/share/dotnet/packs/Microsoft.NETCore.App.Ref/9.0.4/ref/net9.0/System.IO.FileSystem.DriveInfo.dll /reference:/usr/share/dotnet/packs/Microsoft.NETCore.App.Ref/9.0.4/ref/net9.0/System.IO.FileSystem.Primitives.dll /reference:/usr/share/dotnet/packs/Microsoft.NETCore.App.Ref/9.0.4/ref/net9.0/System.IO.FileSystem.Watcher.dll /reference:/usr/share/dotnet/packs/Microsoft.NETCore.App.Ref/9.0.4/ref/net9.0/System.IO.IsolatedStorage.dll /reference:/usr/share/dotnet/packs/Microsoft.NETCore.App.Ref/9.0.4/ref/net9.0/System.IO.MemoryMappedFiles.dll /reference:/usr/share/dotnet/packs/Microsoft.NETCore.App.Ref/9.0.4/ref/net9.0/System.IO.Pipelines.dll /reference:/usr/share/dotnet/packs/Microsoft.NETCore.App.Ref/9.0.4/ref/net9.0/System.IO.Pipes.AccessControl.dll /reference:/usr/share/dotnet/packs/Microsoft.NETCore.App.Ref/9.0.4/ref/net9.0/System.IO.Pipes.dll /reference:/usr/share/dotnet/packs/Microsoft.NETCore.App.Ref/9.0.4/ref/net9.0/System.IO.UnmanagedMemoryStream.dll /reference:/usr/share/dotnet/packs/Microsoft.NETCore.App.Ref/9.0.4/ref/net9.0/System.Linq.dll /reference:/usr/share/dotnet/packs/Microsoft.NETCore.App.Ref/9.0.4/ref/net9.0/System.Linq.Expressions.dll /reference:/usr/share/dotnet/packs/Microsoft.NETCore.App.Ref/9.0.4/ref/net9.0/System.Linq.Parallel.dll /reference:/usr/share/dotnet/packs/Microsoft.NETCore.App.Ref/9.0.4/ref/net9.0/System.Linq.Queryable.dll /reference:/home/quinngil/.nuget/packages/system.memory.data/8.0.1/lib/net8.0/System.Memory.Data.dll /reference:/usr/share/dotnet/packs/Microsoft.NETCore.App.Ref/9.0.4/ref/net9.0/System.Memory.dll /reference:/usr/share/dotnet/packs/Microsoft.NETCore.App.Ref/9.0.4/ref/net9.0/System.Net.dll /reference:/usr/share/dotnet/packs/Microsoft.NETCore.App.Ref/9.0.4/ref/net9.0/System.Net.Http.dll /reference:/usr/share/dotnet/packs/Microsoft.NETCore.App.Ref/9.0.4/ref/net9.0/System.Net.Http.Json.dll /reference:/usr/share/dotnet/packs/Microsoft.NETCore.App.Ref/9.0.4/ref/net9.0/System.Net.HttpListener.dll /reference:/usr/share/dotnet/packs/Microsoft.NETCore.App.Ref/9.0.4/ref/net9.0/System.Net.Mail.dll /reference:/usr/share/dotnet/packs/Microsoft.NETCore.App.Ref/9.0.4/ref/net9.0/System.Net.NameResolution.dll /reference:/usr/share/dotnet/packs/Microsoft.NETCore.App.Ref/9.0.4/ref/net9.0/System.Net.NetworkInformation.dll /reference:/usr/share/dotnet/packs/Microsoft.NETCore.App.Ref/9.0.4/ref/net9.0/System.Net.Ping.dll /reference:/usr/share/dotnet/packs/Microsoft.NETCore.App.Ref/9.0.4/ref/net9.0/System.Net.Primitives.dll /reference:/usr/share/dotnet/packs/Microsoft.NETCore.App.Ref/9.0.4/ref/net9.0/System.Net.Quic.dll /reference:/usr/share/dotnet/packs/Microsoft.NETCore.App.Ref/9.0.4/ref/net9.0/System.Net.Requests.dll /reference:/usr/share/dotnet/packs/Microsoft.NETCore.App.Ref/9.0.4/ref/net9.0/System.Net.Security.dll /reference:/usr/share/dotnet/packs/Microsoft.NETCore.App.Ref/9.0.4/ref/net9.0/System.Net.ServicePoint.dll /reference:/usr/share/dotnet/packs/Microsoft.NETCore.App.Ref/9.0.4/ref/net9.0/System.Net.Sockets.dll /reference:/usr/share/dotnet/packs/Microsoft.NETCore.App.Ref/9.0.4/ref/net9.0/System.Net.WebClient.dll /reference:/usr/share/dotnet/packs/Microsoft.NETCore.App.Ref/9.0.4/ref/net9.0/System.Net.WebHeaderCollection.dll /reference:/usr/share/dotnet/packs/Microsoft.NETCore.App.Ref/9.0.4/ref/net9.0/System.Net.WebProxy.dll /reference:/usr/share/dotnet/packs/Microsoft.NETCore.App.Ref/9.0.4/ref/net9.0/System.Net.WebSockets.Client.dll /reference:/usr/share/dotnet/packs/Microsoft.NETCore.App.Ref/9.0.4/ref/net9.0/System.Net.WebSockets.dll /reference:/usr/share/dotnet/packs/Microsoft.NETCore.App.Ref/9.0.4/ref/net9.0/System.Numerics.dll /reference:/usr/share/dotnet/packs/Microsoft.NETCore.App.Ref/9.0.4/ref/net9.0/System.Numerics.Vectors.dll /reference:/usr/share/dotnet/packs/Microsoft.NETCore.App.Ref/9.0.4/ref/net9.0/System.ObjectModel.dll /reference:/usr/share/dotnet/packs/Microsoft.NETCore.App.Ref/9.0.4/ref/net9.0/System.Reflection.DispatchProxy.dll /reference:/usr/share/dotnet/packs/Microsoft.NETCore.App.Ref/9.0.4/ref/net9.0/System.Reflection.dll /reference:/usr/share/dotnet/packs/Microsoft.NETCore.App.Ref/9.0.4/ref/net9.0/System.Reflection.Emit.dll /reference:/usr/share/dotnet/packs/Microsoft.NETCore.App.Ref/9.0.4/ref/net9.0/System.Reflection.Emit.ILGeneration.dll /reference:/usr/share/dotnet/packs/Microsoft.NETCore.App.Ref/9.0.4/ref/net9.0/System.Reflection.Emit.Lightweight.dll /reference:/usr/share/dotnet/packs/Microsoft.NETCore.App.Ref/9.0.4/ref/net9.0/System.Reflection.Extensions.dll /reference:/usr/share/dotnet/packs/Microsoft.NETCore.App.Ref/9.0.4/ref/net9.0/System.Reflection.Metadata.dll /reference:/usr/share/dotnet/packs/Microsoft.NETCore.App.Ref/9.0.4/ref/net9.0/System.Reflection.Primitives.dll /reference:/usr/share/dotnet/packs/Microsoft.NETCore.App.Ref/9.0.4/ref/net9.0/System.Reflection.TypeExtensions.dll /reference:/usr/share/dotnet/packs/Microsoft.NETCore.App.Ref/9.0.4/ref/net9.0/System.Resources.Reader.dll /reference:/usr/share/dotnet/packs/Microsoft.NETCore.App.Ref/9.0.4/ref/net9.0/System.Resources.ResourceManager.dll /reference:/usr/share/dotnet/packs/Microsoft.NETCore.App.Ref/9.0.4/ref/net9.0/System.Resources.Writer.dll /reference:/usr/share/dotnet/packs/Microsoft.NETCore.App.Ref/9.0.4/ref/net9.0/System.Runtime.CompilerServices.Unsafe.dll /reference:/usr/share/dotnet/packs/Microsoft.NETCore.App.Ref/9.0.4/ref/net9.0/System.Runtime.CompilerServices.VisualC.dll /reference:/usr/share/dotnet/packs/Microsoft.NETCore.App.Ref/9.0.4/ref/net9.0/System.Runtime.dll /reference:/usr/share/dotnet/packs/Microsoft.NETCore.App.Ref/9.0.4/ref/net9.0/System.Runtime.Extensions.dll /reference:/usr/share/dotnet/packs/Microsoft.NETCore.App.Ref/9.0.4/ref/net9.0/System.Runtime.Handles.dll /reference:/usr/share/dotnet/packs/Microsoft.NETCore.App.Ref/9.0.4/ref/net9.0/System.Runtime.InteropServices.dll /reference:/usr/share/dotnet/packs/Microsoft.NETCore.App.Ref/9.0.4/ref/net9.0/System.Runtime.InteropServices.JavaScript.dll /reference:/usr/share/dotnet/packs/Microsoft.NETCore.App.Ref/9.0.4/ref/net9.0/System.Runtime.InteropServices.RuntimeInformation.dll /reference:/usr/share/dotnet/packs/Microsoft.NETCore.App.Ref/9.0.4/ref/net9.0/System.Runtime.Intrinsics.dll /reference:/usr/share/dotnet/packs/Microsoft.NETCore.App.Ref/9.0.4/ref/net9.0/System.Runtime.Loader.dll /reference:/usr/share/dotnet/packs/Microsoft.NETCore.App.Ref/9.0.4/ref/net9.0/System.Runtime.Numerics.dll /reference:/usr/share/dotnet/packs/Microsoft.NETCore.App.Ref/9.0.4/ref/net9.0/System.Runtime.Serialization.dll /reference:/usr/share/dotnet/packs/Microsoft.NETCore.App.Ref/9.0.4/ref/net9.0/System.Runtime.Serialization.Formatters.dll /reference:/usr/share/dotnet/packs/Microsoft.NETCore.App.Ref/9.0.4/ref/net9.0/System.Runtime.Serialization.Json.dll /reference:/usr/share/dotnet/packs/Microsoft.NETCore.App.Ref/9.0.4/ref/net9.0/System.Runtime.Serialization.Primitives.dll /reference:/usr/share/dotnet/packs/Microsoft.NETCore.App.Ref/9.0.4/ref/net9.0/System.Runtime.Serialization.Xml.dll /reference:/usr/share/dotnet/packs/Microsoft.NETCore.App.Ref/9.0.4/ref/net9.0/System.Security.AccessControl.dll /reference:/usr/share/dotnet/packs/Microsoft.NETCore.App.Ref/9.0.4/ref/net9.0/System.Security.Claims.dll /reference:/usr/share/dotnet/packs/Microsoft.NETCore.App.Ref/9.0.4/ref/net9.0/System.Security.Cryptography.Algorithms.dll /reference:/usr/share/dotnet/packs/Microsoft.NETCore.App.Ref/9.0.4/ref/net9.0/System.Security.Cryptography.Cng.dll /reference:/usr/share/dotnet/packs/Microsoft.NETCore.App.Ref/9.0.4/ref/net9.0/System.Security.Cryptography.Csp.dll /reference:/usr/share/dotnet/packs/Microsoft.NETCore.App.Ref/9.0.4/ref/net9.0/System.Security.Cryptography.dll /reference:/usr/share/dotnet/packs/Microsoft.NETCore.App.Ref/9.0.4/ref/net9.0/System.Security.Cryptography.Encoding.dll /reference:/usr/share/dotnet/packs/Microsoft.NETCore.App.Ref/9.0.4/ref/net9.0/System.Security.Cryptography.OpenSsl.dll /reference:/usr/share/dotnet/packs/Microsoft.NETCore.App.Ref/9.0.4/ref/net9.0/System.Security.Cryptography.Primitives.dll /reference:/home/quinngil/.nuget/packages/system.security.cryptography.protecteddata/6.0.0/lib/net6.0/System.Security.Cryptography.ProtectedData.dll /reference:/usr/share/dotnet/packs/Microsoft.NETCore.App.Ref/9.0.4/ref/net9.0/System.Security.Cryptography.X509Certificates.dll /reference:/usr/share/dotnet/packs/Microsoft.NETCore.App.Ref/9.0.4/ref/net9.0/System.Security.dll /reference:/home/quinngil/.nuget/packages/system.security.permissions/6.0.0/lib/net6.0/System.Security.Permissions.dll /reference:/usr/share/dotnet/packs/Microsoft.NETCore.App.Ref/9.0.4/ref/net9.0/System.Security.Principal.dll /reference:/usr/share/dotnet/packs/Microsoft.NETCore.App.Ref/9.0.4/ref/net9.0/System.Security.Principal.Windows.dll /reference:/usr/share/dotnet/packs/Microsoft.NETCore.App.Ref/9.0.4/ref/net9.0/System.Security.SecureString.dll /reference:/usr/share/dotnet/packs/Microsoft.NETCore.App.Ref/9.0.4/ref/net9.0/System.ServiceModel.Web.dll /reference:/usr/share/dotnet/packs/Microsoft.NETCore.App.Ref/9.0.4/ref/net9.0/System.ServiceProcess.dll /reference:/usr/share/dotnet/packs/Microsoft.NETCore.App.Ref/9.0.4/ref/net9.0/System.Text.Encoding.CodePages.dll /reference:/usr/share/dotnet/packs/Microsoft.NETCore.App.Ref/9.0.4/ref/net9.0/System.Text.Encoding.dll /reference:/usr/share/dotnet/packs/Microsoft.NETCore.App.Ref/9.0.4/ref/net9.0/System.Text.Encoding.Extensions.dll /reference:/usr/share/dotnet/packs/Microsoft.NETCore.App.Ref/9.0.4/ref/net9.0/System.Text.Encodings.Web.dll /reference:/home/quinngil/.nuget/packages/system.text.json/9.0.8/lib/net9.0/System.Text.Json.dll /reference:/usr/share/dotnet/packs/Microsoft.NETCore.App.Ref/9.0.4/ref/net9.0/System.Text.RegularExpressions.dll /reference:/usr/share/dotnet/packs/Microsoft.NETCore.App.Ref/9.0.4/ref/net9.0/System.Threading.Channels.dll /reference:/usr/share/dotnet/packs/Microsoft.NETCore.App.Ref/9.0.4/ref/net9.0/System.Threading.dll /reference:/usr/share/dotnet/packs/Microsoft.NETCore.App.Ref/9.0.4/ref/net9.0/System.Threading.Overlapped.dll /reference:/usr/share/dotnet/packs/Microsoft.NETCore.App.Ref/9.0.4/ref/net9.0/System.Threading.Tasks.Dataflow.dll /reference:/usr/share/dotnet/packs/Microsoft.NETCore.App.Ref/9.0.4/ref/net9.0/System.Threading.Tasks.dll /reference:/usr/share/dotnet/packs/Microsoft.NETCore.App.Ref/9.0.4/ref/net9.0/System.Threading.Tasks.Extensions.dll /reference:/usr/share/dotnet/packs/Microsoft.NETCore.App.Ref/9.0.4/ref/net9.0/System.Threading.Tasks.Parallel.dll /reference:/usr/share/dotnet/packs/Microsoft.NETCore.App.Ref/9.0.4/ref/net9.0/System.Threading.Thread.dll /reference:/usr/share/dotnet/packs/Microsoft.NETCore.App.Ref/9.0.4/ref/net9.0/System.Threading.ThreadPool.dll /reference:/usr/share/dotnet/packs/Microsoft.NETCore.App.Ref/9.0.4/ref/net9.0/System.Threading.Timer.dll /reference:/usr/share/dotnet/packs/Microsoft.NETCore.App.Ref/9.0.4/ref/net9.0/System.Transactions.dll /reference:/usr/share/dotnet/packs/Microsoft.NETCore.App.Ref/9.0.4/ref/net9.0/System.Transactions.Local.dll /reference:/usr/share/dotnet/packs/Microsoft.NETCore.App.Ref/9.0.4/ref/net9.0/System.ValueTuple.dll /reference:/usr/share/dotnet/packs/Microsoft.NETCore.App.Ref/9.0.4/ref/net9.0/System.Web.dll /reference:/usr/share/dotnet/packs/Microsoft.NETCore.App.Ref/9.0.4/ref/net9.0/System.Web.HttpUtility.dll /reference:/usr/share/dotnet/packs/Microsoft.NETCore.App.Ref/9.0.4/ref/net9.0/System.Windows.dll /reference:/home/quinngil/.nuget/packages/system.windows.extensions/6.0.0/lib/net6.0/System.Windows.Extensions.dll /reference:/usr/share/dotnet/packs/Microsoft.NETCore.App.Ref/9.0.4/ref/net9.0/System.Xml.dll /reference:/usr/share/dotnet/packs/Microsoft.NETCore.App.Ref/9.0.4/ref/net9.0/System.Xml.Linq.dll /reference:/usr/share/dotnet/packs/Microsoft.NETCore.App.Ref/9.0.4/ref/net9.0/System.Xml.ReaderWriter.dll /reference:/usr/share/dotnet/packs/Microsoft.NETCore.App.Ref/9.0.4/ref/net9.0/System.Xml.Serialization.dll /reference:/usr/share/dotnet/packs/Microsoft.NETCore.App.Ref/9.0.4/ref/net9.0/System.Xml.XDocument.dll /reference:/usr/share/dotnet/packs/Microsoft.NETCore.App.Ref/9.0.4/ref/net9.0/System.Xml.XmlDocument.dll /reference:/usr/share/dotnet/packs/Microsoft.NETCore.App.Ref/9.0.4/ref/net9.0/System.Xml.XmlSerializer.dll /reference:/usr/share/dotnet/packs/Microsoft.NETCore.App.Ref/9.0.4/ref/net9.0/System.Xml.XPath.dll /reference:/usr/share/dotnet/packs/Microsoft.NETCore.App.Ref/9.0.4/ref/net9.0/System.Xml.XPath.XDocument.dll /reference:/mnt/d/src/MtgDiscoveryVibeWorkspace/IMPLS/src/TestConvenience.Core/obj/Release/net9.0/ref/TestConvenience.Core.dll /reference:/home/quinngil/.nuget/packages/microsoft.testplatform.testhost/17.14.1/lib/net8.0/testhost.dll /reference:/usr/share/dotnet/packs/Microsoft.NETCore.App.Ref/9.0.4/ref/net9.0/WindowsBase.dll /debug- /debug:portable /filealign:512 /optimize+ /out:obj/Release/net9.0/Lib.Cosmos.Tests.dll /refout:obj/Release/net9.0/refint/Lib.Cosmos.Tests.dll /reportanalyzer /target:exe /warnaserror+ /utf8output /deterministic+ /sourcelink:obj/Release/net9.0/Lib.Cosmos.Tests.sourcelink.json /langversion:latest /features:strict /embed:/home/quinngil/.nuget/packages/microsoft.net.test.sdk/17.14.1/build/net8.0/Microsoft.NET.Test.Sdk.Program.cs /embed:obj/Release/net9.0/Lib.Cosmos.Tests.GlobalUsings.g.cs /embed:"obj/Release/net9.0/.NETCoreApp,Version=v9.0.AssemblyAttributes.cs" /embed:obj/Release/net9.0/Lib.Cosmos.Tests.AssemblyInfo.cs /analyzerconfig:/mnt/d/src/MtgDiscoveryVibeWorkspace/IMPLS/src/.editorconfig /analyzerconfig:/home/quinngil/.nuget/packages/mstest.analyzers/3.10.1/buildTransitive/../globalconfigs/mstest-default.globalconfig /analyzerconfig:obj/Release/net9.0/Lib.Cosmos.Tests.GeneratedMSBuildEditorConfig.editorconfig /analyzerconfig:/usr/share/dotnet/sdk/9.0.203/Sdks/Microsoft.NET.Sdk/analyzers/build/config/analysislevel_9_all_warnaserror.globalconfig /analyzer:/usr/share/dotnet/sdk/9.0.203/Sdks/Microsoft.NET.Sdk/targets/../analyzers/Microsoft.CodeAnalysis.CSharp.NetAnalyzers.dll /analyzer:/usr/share/dotnet/sdk/9.0.203/Sdks/Microsoft.NET.Sdk/targets/../analyzers/Microsoft.CodeAnalysis.NetAnalyzers.dll /analyzer:/usr/share/dotnet/sdk/9.0.203/Sdks/Microsoft.NET.Sdk/targets/../codestyle/cs/Microsoft.CodeAnalysis.CodeStyle.dll /analyzer:/usr/share/dotnet/sdk/9.0.203/Sdks/Microsoft.NET.Sdk/targets/../codestyle/cs/Microsoft.CodeAnalysis.CodeStyle.Fixes.dll /analyzer:/usr/share/dotnet/sdk/9.0.203/Sdks/Microsoft.NET.Sdk/targets/../codestyle/cs/Microsoft.CodeAnalysis.CSharp.CodeStyle.dll /analyzer:/usr/share/dotnet/sdk/9.0.203/Sdks/Microsoft.NET.Sdk/targets/../codestyle/cs/Microsoft.CodeAnalysis.CSharp.CodeStyle.Fixes.dll /analyzer:/home/quinngil/.nuget/packages/microsoft.codeanalysis.bannedapianalyzers/4.14.0/analyzers/dotnet/cs/Microsoft.CodeAnalysis.BannedApiAnalyzers.dll /analyzer:/home/quinngil/.nuget/packages/microsoft.codeanalysis.bannedapianalyzers/4.14.0/analyzers/dotnet/cs/Microsoft.CodeAnalysis.CSharp.BannedApiAnalyzers.dll /analyzer:/home/quinngil/.nuget/packages/microsoft.extensions.logging.abstractions/9.0.0/analyzers/dotnet/roslyn4.4/cs/Microsoft.Extensions.Logging.Generators.dll /analyzer:/home/quinngil/.nuget/packages/microsoft.extensions.options/9.0.0/analyzers/dotnet/roslyn4.4/cs/Microsoft.Extensions.Options.SourceGeneration.dll /analyzer:/home/quinngil/.nuget/packages/mstest.analyzers/3.10.1/analyzers/dotnet/cs/MSTest.Analyzers.CodeFixes.dll /analyzer:/home/quinngil/.nuget/packages/mstest.analyzers/3.10.1/analyzers/dotnet/cs/MSTest.Analyzers.dll /analyzer:/home/quinngil/.nuget/packages/system.clientmodel/1.5.1/analyzers/dotnet/cs/System.ClientModel.SourceGeneration.dll /analyzer:/home/quinngil/.nuget/packages/system.text.json/9.0.8/analyzers/dotnet/roslyn4.4/cs/System.Text.Json.SourceGeneration.dll /analyzer:/usr/share/dotnet/packs/Microsoft.NETCore.App.Ref/9.0.4/analyzers/dotnet/cs/Microsoft.Interop.ComInterfaceGenerator.dll /analyzer:/usr/share/dotnet/packs/Microsoft.NETCore.App.Ref/9.0.4/analyzers/dotnet/cs/Microsoft.Interop.JavaScript.JSImportGenerator.dll /analyzer:/usr/share/dotnet/packs/Microsoft.NETCore.App.Ref/9.0.4/analyzers/dotnet/cs/Microsoft.Interop.LibraryImportGenerator.dll /analyzer:/usr/share/dotnet/packs/Microsoft.NETCore.App.Ref/9.0.4/analyzers/dotnet/cs/Microsoft.Interop.SourceGeneration.dll /analyzer:/usr/share/dotnet/packs/Microsoft.NETCore.App.Ref/9.0.4/analyzers/dotnet/cs/System.Text.RegularExpressions.Generator.dll /additionalfile:/mnt/d/src/MtgDiscoveryVibeWorkspace/IMPLS/src/BannedSymbols.txt /additionalfile:/mnt/d/src/MtgDiscoveryVibeWorkspace/IMPLS/src/.editorconfig Adapters/CosmosArmClientAdapterTests.cs Adapters/CosmosGenesisClientAdapterTests.cs Apis/Configurations/CosmosAccountEndpointTests.cs Apis/Configurations/CosmosClientAuthModeTests.cs Apis/Configurations/CosmosConnectionModeTests.cs Apis/Configurations/CosmosConnectionStringTests.cs Apis/Configurations/CosmosContainerAutoscaleMaxTests.cs Apis/Configurations/CosmosContainerTimeToLiveTests.cs Apis/Configurations/CosmosPreferredRegionsTests.cs Apis/Ids/CosmosAccountNameTests.cs Apis/Ids/CosmosContainerNameTests.cs Apis/Ids/CosmosDatabaseNameTests.cs Apis/Ids/CosmosItemIdTests.cs Apis/Ids/CosmosPartitionKeyPathTests.cs Apis/Ids/PartitionCosmosPartitionKeyPathTests.cs Apis/Ids/PartitionKeyValueTests.cs Apis/Ids/ProvidedCosmosItemIdTests.cs Apis/Ids/ProvidedPartitionKeyValueTests.cs Apis/Operators/DeletePointItemTests.cs Apis/Operators/OpResponseTests.cs Apis/Operators/PointItemTests.cs Apis/Operators/ReadPointItemTests.cs Configurations/ConfigCosmosAccountConfigTests.cs Configurations/ConfigCosmosAccountEndpointTests.cs Configurations/ConfigCosmosClientAuthModeTests.cs Configurations/ConfigCosmosConfigurationTests.cs Configurations/ConfigCosmosConnectionModeTests.cs Configurations/ConfigCosmosConnectionStringTests.cs Configurations/ConfigCosmosContainerAutoscaleMaxTests.cs Configurations/ConfigCosmosContainerConfigTests.cs Configurations/ConfigCosmosContainerTimeToLiveTests.cs Configurations/ConfigCosmosDatabaseConfigTests.cs Configurations/ConfigCosmosEntraConfigTests.cs Configurations/ConfigCosmosEntraConnectionConfigTests.cs Configurations/ConfigCosmosEntraGenesisConfigTests.cs Configurations/ConfigCosmosPartitionKeyPathTests.cs Configurations/ConfigCosmosPreferredRegionsTests.cs Configurations/ConfigCosmosSasConfigTests.cs Configurations/ConfigCosmosSasConnectionConfigTests.cs Fakes/ArmClientFake.cs Fakes/ContainerFake.cs Fakes/CosmosAccountNameFake.cs Fakes/CosmosClientAdapterFake.cs Fakes/CosmosClientFake.cs Fakes/CosmosConnectionConvenienceFake.cs Fakes/CosmosConnectionModeFake.cs Fakes/CosmosConnectionOptionsConfigFake.cs Fakes/CosmosContainerDefinitionFake.cs Fakes/CosmosContainerNameFake.cs Fakes/CosmosDatabaseNameFake.cs Fakes/CosmosDiagnosticsFake.cs Fakes/CosmosFriendlyAccountNameFake.cs Fakes/CosmosPartitionKeyPathFake.cs Fakes/CosmosPreferredRegionsFake.cs Fakes/DatabaseResponseFake.cs Fakes/SubscriptionResourceFake.cs Fakes/TokenCredentialFake.cs Operators/CosmosContainerDeleteOperatorTests.cs Operators/CosmosContainerQueryAsyncOperatorTests.cs Operators/CosmosContainerQueryOperatorTests.cs Operators/CosmosContainerReadOperatorTests.cs Operators/CosmosContainerUpsertOperatorTests.cs Operators/ItemOpResponseTests.cs Operators/ProvidedOpResponseTests.cs /home/quinngil/.nuget/packages/microsoft.net.test.sdk/17.14.1/build/net8.0/Microsoft.NET.Test.Sdk.Program.cs obj/Release/net9.0/Lib.Cosmos.Tests.GlobalUsings.g.cs "obj/Release/net9.0/.NETCoreApp,Version=v9.0.AssemblyAttributes.cs" obj/Release/net9.0/Lib.Cosmos.Tests.AssemblyInfo.cs /warnaserror+:NU1605,SYSLIB0011
         CompilerServer: server - server processed compilation - Lib.Cosmos.Tests (net9.0)
       _CopyFilesMarkedCopyLocal:
         Copying file from "/mnt/d/src/MtgDiscoveryVibeWorkspace/IMPLS/src/Lib.Cosmos/bin/Release/net9.0/Lib.Cosmos.dll" to "/mnt/d/src/MtgDiscoveryVibeWorkspace/IMPLS/src/Lib.Cosmos.Tests/bin/Release/net9.0/Lib.Cosmos.dll".
         Copying file from "/mnt/d/src/MtgDiscoveryVibeWorkspace/IMPLS/src/Lib.Cosmos/bin/Release/net9.0/Lib.Cosmos.pdb" to "/mnt/d/src/MtgDiscoveryVibeWorkspace/IMPLS/src/Lib.Cosmos.Tests/bin/Release/net9.0/Lib.Cosmos.pdb".
         Copying file from "/mnt/d/src/MtgDiscoveryVibeWorkspace/IMPLS/src/Lib.Universal.Tests/bin/Release/net9.0/Lib.Universal.Tests.dll" to "/mnt/d/src/MtgDiscoveryVibeWorkspace/IMPLS/src/Lib.Cosmos.Tests/bin/Release/net9.0/Lib.Universal.Tests.dll".
         Copying file from "/mnt/d/src/MtgDiscoveryVibeWorkspace/IMPLS/src/Lib.Universal/bin/Release/net9.0/Lib.Universal.dll" to "/mnt/d/src/MtgDiscoveryVibeWorkspace/IMPLS/src/Lib.Cosmos.Tests/bin/Release/net9.0/Lib.Universal.dll".
         Copying file from "/mnt/d/src/MtgDiscoveryVibeWorkspace/IMPLS/src/TestConvenience.Core/bin/Release/net9.0/TestConvenience.Core.dll" to "/mnt/d/src/MtgDiscoveryVibeWorkspace/IMPLS/src/Lib.Cosmos.Tests/bin/Release/net9.0/TestConvenience.Core.dll".
         Copying file from "/mnt/d/src/MtgDiscoveryVibeWorkspace/IMPLS/src/Lib.Universal.Tests/bin/Release/net9.0/Lib.Universal.Tests.pdb" to "/mnt/d/src/MtgDiscoveryVibeWorkspace/IMPLS/src/Lib.Cosmos.Tests/bin/Release/net9.0/Lib.Universal.Tests.pdb".
         Copying file from "/mnt/d/src/MtgDiscoveryVibeWorkspace/IMPLS/src/TestConvenience.Core/bin/Release/net9.0/TestConvenience.Core.pdb" to "/mnt/d/src/MtgDiscoveryVibeWorkspace/IMPLS/src/Lib.Cosmos.Tests/bin/Release/net9.0/TestConvenience.Core.pdb".
         Copying file from "/mnt/d/src/MtgDiscoveryVibeWorkspace/IMPLS/src/Lib.Universal/bin/Release/net9.0/Lib.Universal.pdb" to "/mnt/d/src/MtgDiscoveryVibeWorkspace/IMPLS/src/Lib.Cosmos.Tests/bin/Release/net9.0/Lib.Universal.pdb".
   1:2>Project "/mnt/d/src/MtgDiscoveryVibeWorkspace/IMPLS/src/MtgDiscoveryVibe.sln" (1:2) is building "/mnt/d/src/MtgDiscoveryVibeWorkspace/IMPLS/src/Lib.Shared.Invocation.Tests/Lib.Shared.Invocation.Tests.csproj" (23:6) on node 12 (default targets).
    23>GenerateTargetFrameworkMonikerAttribute:
       Skipping target "GenerateTargetFrameworkMonikerAttribute" because all output files are up-to-date with respect to the input files.
    12>_CopyFilesMarkedCopyLocal:
         Touching "/mnt/d/src/MtgDiscoveryVibeWorkspace/IMPLS/src/Lib.Cosmos.Tests/obj/Release/net9.0/Lib.Cosm.17E44A51.Up2Date".
   1:2>Project "/mnt/d/src/MtgDiscoveryVibeWorkspace/IMPLS/src/MtgDiscoveryVibe.sln" (1:2) is building "/mnt/d/src/MtgDiscoveryVibeWorkspace/IMPLS/src/Lib.Aggregator.Scryfall.Shared/Lib.Aggregator.Scryfall.Shared.csproj" (30:12) on node 11 (default targets).
    30>GenerateTargetFrameworkMonikerAttribute:
       Skipping target "GenerateTargetFrameworkMonikerAttribute" because all output files are up-to-date with respect to the input files.
       CoreGenerateAssemblyInfo:
         Could not infer the type of parameter "#1" because the attribute type is unknown. The value will be treated as a string.
         Could not infer the type of parameter "#1" because the attribute type is unknown. The value will be treated as a string.
    12>_CopyOutOfDateSourceItemsToOutputDirectory:
       Building target "_CopyOutOfDateSourceItemsToOutputDirectory" partially, because some output files are out of date with respect to their input files.
   1:2>Project "/mnt/d/src/MtgDiscoveryVibeWorkspace/IMPLS/src/MtgDiscoveryVibe.sln" (1:2) is building "/mnt/d/src/MtgDiscoveryVibeWorkspace/IMPLS/src/Lib.Adapter.Scryfall.Cosmos.Tests/Lib.Adapter.Scryfall.Cosmos.Tests.csproj" (13:6) on node 13 (default targets).
    13>GenerateTargetFrameworkMonikerAttribute:
       Skipping target "GenerateTargetFrameworkMonikerAttribute" because all output files are up-to-date with respect to the input files.
    12>_CopyOutOfDateSourceItemsToOutputDirectory:
         Copying file from "/mnt/d/src/MtgDiscoveryVibeWorkspace/IMPLS/src/Lib.Universal.Tests/bin/Release/net9.0/Lib.Universal.Tests.runtimeconfig.json" to "/mnt/d/src/MtgDiscoveryVibeWorkspace/IMPLS/src/Lib.Cosmos.Tests/bin/Release/net9.0/Lib.Universal.Tests.runtimeconfig.json".
         Copying file from "/mnt/d/src/MtgDiscoveryVibeWorkspace/IMPLS/src/TestConvenience.Core/bin/Release/net9.0/TestConvenience.Core.deps.json" to "/mnt/d/src/MtgDiscoveryVibeWorkspace/IMPLS/src/Lib.Cosmos.Tests/bin/Release/net9.0/TestConvenience.Core.deps.json".
         Copying file from "/mnt/d/src/MtgDiscoveryVibeWorkspace/IMPLS/src/Lib.Universal.Tests/bin/Release/net9.0/Lib.Universal.Tests.deps.json" to "/mnt/d/src/MtgDiscoveryVibeWorkspace/IMPLS/src/Lib.Cosmos.Tests/bin/Release/net9.0/Lib.Universal.Tests.deps.json".
         Copying file from "/mnt/d/src/MtgDiscoveryVibeWorkspace/IMPLS/src/TestConvenience.Core/bin/Release/net9.0/TestConvenience.Core.runtimeconfig.json" to "/mnt/d/src/MtgDiscoveryVibeWorkspace/IMPLS/src/Lib.Cosmos.Tests/bin/Release/net9.0/TestConvenience.Core.runtimeconfig.json".
   1:2>Project "/mnt/d/src/MtgDiscoveryVibeWorkspace/IMPLS/src/MtgDiscoveryVibe.sln" (1:2) is building "/mnt/d/src/MtgDiscoveryVibeWorkspace/IMPLS/src/Lib.Scryfall.Ingestion/Lib.Scryfall.Ingestion.csproj" (27:10) on node 1 (default targets).
    27>GenerateTargetFrameworkMonikerAttribute:
       Skipping target "GenerateTargetFrameworkMonikerAttribute" because all output files are up-to-date with respect to the input files.
    30>_GenerateSourceLinkFile:
         Updating Source Link file 'obj/Release/net9.0/Lib.Aggregator.Scryfall.Shared.sourcelink.json'.
    38>CoreGenerateAssemblyInfo:
         Could not infer the type of parameter "#1" because the attribute type is unknown. The value will be treated as a string.
         Could not infer the type of parameter "#1" because the attribute type is unknown. The value will be treated as a string.
    30>CoreCompile:
         /usr/share/dotnet/dotnet exec "/usr/share/dotnet/sdk/9.0.203/Roslyn/bincore/csc.dll" /noconfig /unsafe- /checked- /nowarn:IDE0290,IDE2001,IDE0005,IDE0046,CA1716,CA1040,CA1056,1701,1702 /fullpaths /nostdlib+ /errorreport:prompt /warn:9 /define:TRACE;RELEASE;NET;NET9_0;NETCOREAPP;NET5_0_OR_GREATER;NET6_0_OR_GREATER;NET7_0_OR_GREATER;NET8_0_OR_GREATER;NET9_0_OR_GREATER;NETCOREAPP1_0_OR_GREATER;NETCOREAPP1_1_OR_GREATER;NETCOREAPP2_0_OR_GREATER;NETCOREAPP2_1_OR_GREATER;NETCOREAPP2_2_OR_GREATER;NETCOREAPP3_0_OR_GREATER;NETCOREAPP3_1_OR_GREATER /highentropyva+ /nullable:warnings /reference:/home/quinngil/.nuget/packages/azure.core/1.47.1/lib/net8.0/Azure.Core.dll /reference:/home/quinngil/.nuget/packages/azure.resourcemanager.authorization/1.1.5/lib/net8.0/Azure.ResourceManager.Authorization.dll /reference:/home/quinngil/.nuget/packages/azure.resourcemanager.cosmosdb/1.3.2/lib/netstandard2.0/Azure.ResourceManager.CosmosDB.dll /reference:/home/quinngil/.nuget/packages/azure.resourcemanager/1.13.2/lib/net8.0/Azure.ResourceManager.dll /reference:/mnt/d/src/MtgDiscoveryVibeWorkspace/IMPLS/src/Lib.Adapter.Scryfall.Cosmos/obj/Release/net9.0/ref/Lib.Adapter.Scryfall.Cosmos.dll /reference:/mnt/d/src/MtgDiscoveryVibeWorkspace/IMPLS/src/Lib.Cosmos/obj/Release/net9.0/ref/Lib.Cosmos.dll /reference:/mnt/d/src/MtgDiscoveryVibeWorkspace/IMPLS/src/Lib.Scryfall.Shared/obj/Release/net9.0/ref/Lib.Scryfall.Shared.dll /reference:/mnt/d/src/MtgDiscoveryVibeWorkspace/IMPLS/src/Lib.Shared.DataModels/obj/Release/net9.0/ref/Lib.Shared.DataModels.dll /reference:/mnt/d/src/MtgDiscoveryVibeWorkspace/IMPLS/src/Lib.Universal/obj/Release/net9.0/ref/Lib.Universal.dll /reference:/home/quinngil/.nuget/packages/microsoft.azure.cosmos/3.52.1/lib/netstandard2.0/Microsoft.Azure.Cosmos.Client.dll /reference:/home/quinngil/.nuget/packages/microsoft.azure.cosmos/3.52.1/lib/netstandard2.0/Microsoft.Azure.Cosmos.Core.dll /reference:/home/quinngil/.nuget/packages/microsoft.azure.cosmos/3.52.1/lib/netstandard2.0/Microsoft.Azure.Cosmos.Direct.dll /reference:/home/quinngil/.nuget/packages/microsoft.azure.cosmos/3.52.1/lib/netstandard2.0/Microsoft.Azure.Cosmos.Serialization.HybridRow.dll /reference:/home/quinngil/.nuget/packages/microsoft.bcl.asyncinterfaces/8.0.0/lib/netstandard2.1/Microsoft.Bcl.AsyncInterfaces.dll /reference:/home/quinngil/.nuget/packages/microsoft.bcl.hashcode/1.1.0/ref/netcoreapp2.1/Microsoft.Bcl.HashCode.dll /reference:/usr/share/dotnet/packs/Microsoft.NETCore.App.Ref/9.0.4/ref/net9.0/Microsoft.CSharp.dll /reference:/home/quinngil/.nuget/packages/microsoft.extensions.caching.abstractions/9.0.0/lib/net9.0/Microsoft.Extensions.Caching.Abstractions.dll /reference:/home/quinngil/.nuget/packages/microsoft.extensions.caching.memory/9.0.0/lib/net9.0/Microsoft.Extensions.Caching.Memory.dll /reference:/home/quinngil/.nuget/packages/microsoft.extensions.configuration.abstractions/9.0.5/lib/net9.0/Microsoft.Extensions.Configuration.Abstractions.dll /reference:/home/quinngil/.nuget/packages/microsoft.extensions.dependencyinjection.abstractions/9.0.0/lib/net9.0/Microsoft.Extensions.DependencyInjection.Abstractions.dll /reference:/home/quinngil/.nuget/packages/microsoft.extensions.logging.abstractions/9.0.0/lib/net9.0/Microsoft.Extensions.Logging.Abstractions.dll /reference:/home/quinngil/.nuget/packages/microsoft.extensions.options/9.0.0/lib/net9.0/Microsoft.Extensions.Options.dll /reference:/home/quinngil/.nuget/packages/microsoft.extensions.primitives/9.0.5/lib/net9.0/Microsoft.Extensions.Primitives.dll /reference:/home/quinngil/.nuget/packages/microsoft.identitymodel.abstractions/8.0.1/lib/net9.0/Microsoft.IdentityModel.Abstractions.dll /reference:/home/quinngil/.nuget/packages/microsoft.identitymodel.jsonwebtokens/8.0.1/lib/net9.0/Microsoft.IdentityModel.JsonWebTokens.dll /reference:/home/quinngil/.nuget/packages/microsoft.identitymodel.logging/8.0.1/lib/net9.0/Microsoft.IdentityModel.Logging.dll /reference:/home/quinngil/.nuget/packages/microsoft.identitymodel.tokens/8.0.1/lib/net9.0/Microsoft.IdentityModel.Tokens.dll /reference:/usr/share/dotnet/packs/Microsoft.NETCore.App.Ref/9.0.4/ref/net9.0/Microsoft.VisualBasic.Core.dll /reference:/usr/share/dotnet/packs/Microsoft.NETCore.App.Ref/9.0.4/ref/net9.0/Microsoft.VisualBasic.dll /reference:/usr/share/dotnet/packs/Microsoft.NETCore.App.Ref/9.0.4/ref/net9.0/Microsoft.Win32.Primitives.dll /reference:/usr/share/dotnet/packs/Microsoft.NETCore.App.Ref/9.0.4/ref/net9.0/Microsoft.Win32.Registry.dll /reference:/home/quinngil/.nuget/packages/microsoft.win32.systemevents/6.0.0/lib/net6.0/Microsoft.Win32.SystemEvents.dll /reference:/usr/share/dotnet/packs/Microsoft.NETCore.App.Ref/9.0.4/ref/net9.0/mscorlib.dll /reference:/usr/share/dotnet/packs/Microsoft.NETCore.App.Ref/9.0.4/ref/net9.0/netstandard.dll /reference:/home/quinngil/.nuget/packages/newtonsoft.json/13.0.3/lib/net6.0/Newtonsoft.Json.dll /reference:/usr/share/dotnet/packs/Microsoft.NETCore.App.Ref/9.0.4/ref/net9.0/System.AppContext.dll /reference:/usr/share/dotnet/packs/Microsoft.NETCore.App.Ref/9.0.4/ref/net9.0/System.Buffers.dll /reference:/home/quinngil/.nuget/packages/system.clientmodel/1.5.1/lib/net8.0/System.ClientModel.dll /reference:/usr/share/dotnet/packs/Microsoft.NETCore.App.Ref/9.0.4/ref/net9.0/System.Collections.Concurrent.dll /reference:/usr/share/dotnet/packs/Microsoft.NETCore.App.Ref/9.0.4/ref/net9.0/System.Collections.dll /reference:/usr/share/dotnet/packs/Microsoft.NETCore.App.Ref/9.0.4/ref/net9.0/System.Collections.Immutable.dll /reference:/usr/share/dotnet/packs/Microsoft.NETCore.App.Ref/9.0.4/ref/net9.0/System.Collections.NonGeneric.dll /reference:/usr/share/dotnet/packs/Microsoft.NETCore.App.Ref/9.0.4/ref/net9.0/System.Collections.Specialized.dll /reference:/usr/share/dotnet/packs/Microsoft.NETCore.App.Ref/9.0.4/ref/net9.0/System.ComponentModel.Annotations.dll /reference:/usr/share/dotnet/packs/Microsoft.NETCore.App.Ref/9.0.4/ref/net9.0/System.ComponentModel.DataAnnotations.dll /reference:/usr/share/dotnet/packs/Microsoft.NETCore.App.Ref/9.0.4/ref/net9.0/System.ComponentModel.dll /reference:/usr/share/dotnet/packs/Microsoft.NETCore.App.Ref/9.0.4/ref/net9.0/System.ComponentModel.EventBasedAsync.dll /reference:/usr/share/dotnet/packs/Microsoft.NETCore.App.Ref/9.0.4/ref/net9.0/System.ComponentModel.Primitives.dll /reference:/usr/share/dotnet/packs/Microsoft.NETCore.App.Ref/9.0.4/ref/net9.0/System.ComponentModel.TypeConverter.dll /reference:/home/quinngil/.nuget/packages/system.configuration.configurationmanager/6.0.0/lib/net6.0/System.Configuration.ConfigurationManager.dll /reference:/usr/share/dotnet/packs/Microsoft.NETCore.App.Ref/9.0.4/ref/net9.0/System.Configuration.dll /reference:/usr/share/dotnet/packs/Microsoft.NETCore.App.Ref/9.0.4/ref/net9.0/System.Console.dll /reference:/usr/share/dotnet/packs/Microsoft.NETCore.App.Ref/9.0.4/ref/net9.0/System.Core.dll /reference:/usr/share/dotnet/packs/Microsoft.NETCore.App.Ref/9.0.4/ref/net9.0/System.Data.Common.dll /reference:/usr/share/dotnet/packs/Microsoft.NETCore.App.Ref/9.0.4/ref/net9.0/System.Data.DataSetExtensions.dll /reference:/usr/share/dotnet/packs/Microsoft.NETCore.App.Ref/9.0.4/ref/net9.0/System.Data.dll /reference:/usr/share/dotnet/packs/Microsoft.NETCore.App.Ref/9.0.4/ref/net9.0/System.Diagnostics.Contracts.dll /reference:/usr/share/dotnet/packs/Microsoft.NETCore.App.Ref/9.0.4/ref/net9.0/System.Diagnostics.Debug.dll /reference:/usr/share/dotnet/packs/Microsoft.NETCore.App.Ref/9.0.4/ref/net9.0/System.Diagnostics.DiagnosticSource.dll /reference:/usr/share/dotnet/packs/Microsoft.NETCore.App.Ref/9.0.4/ref/net9.0/System.Diagnostics.FileVersionInfo.dll /reference:/usr/share/dotnet/packs/Microsoft.NETCore.App.Ref/9.0.4/ref/net9.0/System.Diagnostics.Process.dll /reference:/usr/share/dotnet/packs/Microsoft.NETCore.App.Ref/9.0.4/ref/net9.0/System.Diagnostics.StackTrace.dll /reference:/usr/share/dotnet/packs/Microsoft.NETCore.App.Ref/9.0.4/ref/net9.0/System.Diagnostics.TextWriterTraceListener.dll /reference:/usr/share/dotnet/packs/Microsoft.NETCore.App.Ref/9.0.4/ref/net9.0/System.Diagnostics.Tools.dll /reference:/usr/share/dotnet/packs/Microsoft.NETCore.App.Ref/9.0.4/ref/net9.0/System.Diagnostics.TraceSource.dll /reference:/usr/share/dotnet/packs/Microsoft.NETCore.App.Ref/9.0.4/ref/net9.0/System.Diagnostics.Tracing.dll /reference:/usr/share/dotnet/packs/Microsoft.NETCore.App.Ref/9.0.4/ref/net9.0/System.dll /reference:/home/quinngil/.nuget/packages/system.drawing.common/6.0.0/lib/net6.0/System.Drawing.Common.dll /reference:/usr/share/dotnet/packs/Microsoft.NETCore.App.Ref/9.0.4/ref/net9.0/System.Drawing.dll /reference:/usr/share/dotnet/packs/Microsoft.NETCore.App.Ref/9.0.4/ref/net9.0/System.Drawing.Primitives.dll /reference:/usr/share/dotnet/packs/Microsoft.NETCore.App.Ref/9.0.4/ref/net9.0/System.Dynamic.Runtime.dll /reference:/usr/share/dotnet/packs/Microsoft.NETCore.App.Ref/9.0.4/ref/net9.0/System.Formats.Asn1.dll /reference:/usr/share/dotnet/packs/Microsoft.NETCore.App.Ref/9.0.4/ref/net9.0/System.Formats.Tar.dll /reference:/usr/share/dotnet/packs/Microsoft.NETCore.App.Ref/9.0.4/ref/net9.0/System.Globalization.Calendars.dll /reference:/usr/share/dotnet/packs/Microsoft.NETCore.App.Ref/9.0.4/ref/net9.0/System.Globalization.dll /reference:/usr/share/dotnet/packs/Microsoft.NETCore.App.Ref/9.0.4/ref/net9.0/System.Globalization.Extensions.dll /reference:/home/quinngil/.nuget/packages/system.identitymodel.tokens.jwt/8.0.1/lib/net9.0/System.IdentityModel.Tokens.Jwt.dll /reference:/usr/share/dotnet/packs/Microsoft.NETCore.App.Ref/9.0.4/ref/net9.0/System.IO.Compression.Brotli.dll /reference:/usr/share/dotnet/packs/Microsoft.NETCore.App.Ref/9.0.4/ref/net9.0/System.IO.Compression.dll /reference:/usr/share/dotnet/packs/Microsoft.NETCore.App.Ref/9.0.4/ref/net9.0/System.IO.Compression.FileSystem.dll /reference:/usr/share/dotnet/packs/Microsoft.NETCore.App.Ref/9.0.4/ref/net9.0/System.IO.Compression.ZipFile.dll /reference:/usr/share/dotnet/packs/Microsoft.NETCore.App.Ref/9.0.4/ref/net9.0/System.IO.dll /reference:/usr/share/dotnet/packs/Microsoft.NETCore.App.Ref/9.0.4/ref/net9.0/System.IO.FileSystem.AccessControl.dll /reference:/usr/share/dotnet/packs/Microsoft.NETCore.App.Ref/9.0.4/ref/net9.0/System.IO.FileSystem.dll /reference:/usr/share/dotnet/packs/Microsoft.NETCore.App.Ref/9.0.4/ref/net9.0/System.IO.FileSystem.DriveInfo.dll /reference:/usr/share/dotnet/packs/Microsoft.NETCore.App.Ref/9.0.4/ref/net9.0/System.IO.FileSystem.Primitives.dll /reference:/usr/share/dotnet/packs/Microsoft.NETCore.App.Ref/9.0.4/ref/net9.0/System.IO.FileSystem.Watcher.dll /reference:/usr/share/dotnet/packs/Microsoft.NETCore.App.Ref/9.0.4/ref/net9.0/System.IO.IsolatedStorage.dll /reference:/usr/share/dotnet/packs/Microsoft.NETCore.App.Ref/9.0.4/ref/net9.0/System.IO.MemoryMappedFiles.dll /reference:/usr/share/dotnet/packs/Microsoft.NETCore.App.Ref/9.0.4/ref/net9.0/System.IO.Pipelines.dll /reference:/usr/share/dotnet/packs/Microsoft.NETCore.App.Ref/9.0.4/ref/net9.0/System.IO.Pipes.AccessControl.dll /reference:/usr/share/dotnet/packs/Microsoft.NETCore.App.Ref/9.0.4/ref/net9.0/System.IO.Pipes.dll /reference:/usr/share/dotnet/packs/Microsoft.NETCore.App.Ref/9.0.4/ref/net9.0/System.IO.UnmanagedMemoryStream.dll /reference:/usr/share/dotnet/packs/Microsoft.NETCore.App.Ref/9.0.4/ref/net9.0/System.Linq.dll /reference:/usr/share/dotnet/packs/Microsoft.NETCore.App.Ref/9.0.4/ref/net9.0/System.Linq.Expressions.dll /reference:/usr/share/dotnet/packs/Microsoft.NETCore.App.Ref/9.0.4/ref/net9.0/System.Linq.Parallel.dll /reference:/usr/share/dotnet/packs/Microsoft.NETCore.App.Ref/9.0.4/ref/net9.0/System.Linq.Queryable.dll /reference:/home/quinngil/.nuget/packages/system.memory.data/8.0.1/lib/net8.0/System.Memory.Data.dll /reference:/usr/share/dotnet/packs/Microsoft.NETCore.App.Ref/9.0.4/ref/net9.0/System.Memory.dll /reference:/usr/share/dotnet/packs/Microsoft.NETCore.App.Ref/9.0.4/ref/net9.0/System.Net.dll /reference:/usr/share/dotnet/packs/Microsoft.NETCore.App.Ref/9.0.4/ref/net9.0/System.Net.Http.dll /reference:/usr/share/dotnet/packs/Microsoft.NETCore.App.Ref/9.0.4/ref/net9.0/System.Net.Http.Json.dll /reference:/usr/share/dotnet/packs/Microsoft.NETCore.App.Ref/9.0.4/ref/net9.0/System.Net.HttpListener.dll /reference:/usr/share/dotnet/packs/Microsoft.NETCore.App.Ref/9.0.4/ref/net9.0/System.Net.Mail.dll /reference:/usr/share/dotnet/packs/Microsoft.NETCore.App.Ref/9.0.4/ref/net9.0/System.Net.NameResolution.dll /reference:/usr/share/dotnet/packs/Microsoft.NETCore.App.Ref/9.0.4/ref/net9.0/System.Net.NetworkInformation.dll /reference:/usr/share/dotnet/packs/Microsoft.NETCore.App.Ref/9.0.4/ref/net9.0/System.Net.Ping.dll /reference:/usr/share/dotnet/packs/Microsoft.NETCore.App.Ref/9.0.4/ref/net9.0/System.Net.Primitives.dll /reference:/usr/share/dotnet/packs/Microsoft.NETCore.App.Ref/9.0.4/ref/net9.0/System.Net.Quic.dll /reference:/usr/share/dotnet/packs/Microsoft.NETCore.App.Ref/9.0.4/ref/net9.0/System.Net.Requests.dll /reference:/usr/share/dotnet/packs/Microsoft.NETCore.App.Ref/9.0.4/ref/net9.0/System.Net.Security.dll /reference:/usr/share/dotnet/packs/Microsoft.NETCore.App.Ref/9.0.4/ref/net9.0/System.Net.ServicePoint.dll /reference:/usr/share/dotnet/packs/Microsoft.NETCore.App.Ref/9.0.4/ref/net9.0/System.Net.Sockets.dll /reference:/usr/share/dotnet/packs/Microsoft.NETCore.App.Ref/9.0.4/ref/net9.0/System.Net.WebClient.dll /reference:/usr/share/dotnet/packs/Microsoft.NETCore.App.Ref/9.0.4/ref/net9.0/System.Net.WebHeaderCollection.dll /reference:/usr/share/dotnet/packs/Microsoft.NETCore.App.Ref/9.0.4/ref/net9.0/System.Net.WebProxy.dll /reference:/usr/share/dotnet/packs/Microsoft.NETCore.App.Ref/9.0.4/ref/net9.0/System.Net.WebSockets.Client.dll /reference:/usr/share/dotnet/packs/Microsoft.NETCore.App.Ref/9.0.4/ref/net9.0/System.Net.WebSockets.dll /reference:/usr/share/dotnet/packs/Microsoft.NETCore.App.Ref/9.0.4/ref/net9.0/System.Numerics.dll /reference:/usr/share/dotnet/packs/Microsoft.NETCore.App.Ref/9.0.4/ref/net9.0/System.Numerics.Vectors.dll /reference:/usr/share/dotnet/packs/Microsoft.NETCore.App.Ref/9.0.4/ref/net9.0/System.ObjectModel.dll /reference:/usr/share/dotnet/packs/Microsoft.NETCore.App.Ref/9.0.4/ref/net9.0/System.Reflection.DispatchProxy.dll /reference:/usr/share/dotnet/packs/Microsoft.NETCore.App.Ref/9.0.4/ref/net9.0/System.Reflection.dll /reference:/usr/share/dotnet/packs/Microsoft.NETCore.App.Ref/9.0.4/ref/net9.0/System.Reflection.Emit.dll /reference:/usr/share/dotnet/packs/Microsoft.NETCore.App.Ref/9.0.4/ref/net9.0/System.Reflection.Emit.ILGeneration.dll /reference:/usr/share/dotnet/packs/Microsoft.NETCore.App.Ref/9.0.4/ref/net9.0/System.Reflection.Emit.Lightweight.dll /reference:/usr/share/dotnet/packs/Microsoft.NETCore.App.Ref/9.0.4/ref/net9.0/System.Reflection.Extensions.dll /reference:/usr/share/dotnet/packs/Microsoft.NETCore.App.Ref/9.0.4/ref/net9.0/System.Reflection.Metadata.dll /reference:/usr/share/dotnet/packs/Microsoft.NETCore.App.Ref/9.0.4/ref/net9.0/System.Reflection.Primitives.dll /reference:/usr/share/dotnet/packs/Microsoft.NETCore.App.Ref/9.0.4/ref/net9.0/System.Reflection.TypeExtensions.dll /reference:/usr/share/dotnet/packs/Microsoft.NETCore.App.Ref/9.0.4/ref/net9.0/System.Resources.Reader.dll /reference:/usr/share/dotnet/packs/Microsoft.NETCore.App.Ref/9.0.4/ref/net9.0/System.Resources.ResourceManager.dll /reference:/usr/share/dotnet/packs/Microsoft.NETCore.App.Ref/9.0.4/ref/net9.0/System.Resources.Writer.dll /reference:/usr/share/dotnet/packs/Microsoft.NETCore.App.Ref/9.0.4/ref/net9.0/System.Runtime.CompilerServices.Unsafe.dll /reference:/usr/share/dotnet/packs/Microsoft.NETCore.App.Ref/9.0.4/ref/net9.0/System.Runtime.CompilerServices.VisualC.dll /reference:/usr/share/dotnet/packs/Microsoft.NETCore.App.Ref/9.0.4/ref/net9.0/System.Runtime.dll /reference:/usr/share/dotnet/packs/Microsoft.NETCore.App.Ref/9.0.4/ref/net9.0/System.Runtime.Extensions.dll /reference:/usr/share/dotnet/packs/Microsoft.NETCore.App.Ref/9.0.4/ref/net9.0/System.Runtime.Handles.dll /reference:/usr/share/dotnet/packs/Microsoft.NETCore.App.Ref/9.0.4/ref/net9.0/System.Runtime.InteropServices.dll /reference:/usr/share/dotnet/packs/Microsoft.NETCore.App.Ref/9.0.4/ref/net9.0/System.Runtime.InteropServices.JavaScript.dll /reference:/usr/share/dotnet/packs/Microsoft.NETCore.App.Ref/9.0.4/ref/net9.0/System.Runtime.InteropServices.RuntimeInformation.dll /reference:/usr/share/dotnet/packs/Microsoft.NETCore.App.Ref/9.0.4/ref/net9.0/System.Runtime.Intrinsics.dll /reference:/usr/share/dotnet/packs/Microsoft.NETCore.App.Ref/9.0.4/ref/net9.0/System.Runtime.Loader.dll /reference:/usr/share/dotnet/packs/Microsoft.NETCore.App.Ref/9.0.4/ref/net9.0/System.Runtime.Numerics.dll /reference:/usr/share/dotnet/packs/Microsoft.NETCore.App.Ref/9.0.4/ref/net9.0/System.Runtime.Serialization.dll /reference:/usr/share/dotnet/packs/Microsoft.NETCore.App.Ref/9.0.4/ref/net9.0/System.Runtime.Serialization.Formatters.dll /reference:/usr/share/dotnet/packs/Microsoft.NETCore.App.Ref/9.0.4/ref/net9.0/System.Runtime.Serialization.Json.dll /reference:/usr/share/dotnet/packs/Microsoft.NETCore.App.Ref/9.0.4/ref/net9.0/System.Runtime.Serialization.Primitives.dll /reference:/usr/share/dotnet/packs/Microsoft.NETCore.App.Ref/9.0.4/ref/net9.0/System.Runtime.Serialization.Xml.dll /reference:/usr/share/dotnet/packs/Microsoft.NETCore.App.Ref/9.0.4/ref/net9.0/System.Security.AccessControl.dll /reference:/usr/share/dotnet/packs/Microsoft.NETCore.App.Ref/9.0.4/ref/net9.0/System.Security.Claims.dll /reference:/usr/share/dotnet/packs/Microsoft.NETCore.App.Ref/9.0.4/ref/net9.0/System.Security.Cryptography.Algorithms.dll /reference:/usr/share/dotnet/packs/Microsoft.NETCore.App.Ref/9.0.4/ref/net9.0/System.Security.Cryptography.Cng.dll /reference:/usr/share/dotnet/packs/Microsoft.NETCore.App.Ref/9.0.4/ref/net9.0/System.Security.Cryptography.Csp.dll /reference:/usr/share/dotnet/packs/Microsoft.NETCore.App.Ref/9.0.4/ref/net9.0/System.Security.Cryptography.dll /reference:/usr/share/dotnet/packs/Microsoft.NETCore.App.Ref/9.0.4/ref/net9.0/System.Security.Cryptography.Encoding.dll /reference:/usr/share/dotnet/packs/Microsoft.NETCore.App.Ref/9.0.4/ref/net9.0/System.Security.Cryptography.OpenSsl.dll /reference:/usr/share/dotnet/packs/Microsoft.NETCore.App.Ref/9.0.4/ref/net9.0/System.Security.Cryptography.Primitives.dll /reference:/home/quinngil/.nuget/packages/system.security.cryptography.protecteddata/6.0.0/lib/net6.0/System.Security.Cryptography.ProtectedData.dll /reference:/usr/share/dotnet/packs/Microsoft.NETCore.App.Ref/9.0.4/ref/net9.0/System.Security.Cryptography.X509Certificates.dll /reference:/usr/share/dotnet/packs/Microsoft.NETCore.App.Ref/9.0.4/ref/net9.0/System.Security.dll /reference:/home/quinngil/.nuget/packages/system.security.permissions/6.0.0/lib/net6.0/System.Security.Permissions.dll /reference:/usr/share/dotnet/packs/Microsoft.NETCore.App.Ref/9.0.4/ref/net9.0/System.Security.Principal.dll /reference:/usr/share/dotnet/packs/Microsoft.NETCore.App.Ref/9.0.4/ref/net9.0/System.Security.Principal.Windows.dll /reference:/usr/share/dotnet/packs/Microsoft.NETCore.App.Ref/9.0.4/ref/net9.0/System.Security.SecureString.dll /reference:/usr/share/dotnet/packs/Microsoft.NETCore.App.Ref/9.0.4/ref/net9.0/System.ServiceModel.Web.dll /reference:/usr/share/dotnet/packs/Microsoft.NETCore.App.Ref/9.0.4/ref/net9.0/System.ServiceProcess.dll /reference:/usr/share/dotnet/packs/Microsoft.NETCore.App.Ref/9.0.4/ref/net9.0/System.Text.Encoding.CodePages.dll /reference:/usr/share/dotnet/packs/Microsoft.NETCore.App.Ref/9.0.4/ref/net9.0/System.Text.Encoding.dll /reference:/usr/share/dotnet/packs/Microsoft.NETCore.App.Ref/9.0.4/ref/net9.0/System.Text.Encoding.Extensions.dll /reference:/usr/share/dotnet/packs/Microsoft.NETCore.App.Ref/9.0.4/ref/net9.0/System.Text.Encodings.Web.dll /reference:/home/quinngil/.nuget/packages/system.text.json/9.0.8/lib/net9.0/System.Text.Json.dll /reference:/usr/share/dotnet/packs/Microsoft.NETCore.App.Ref/9.0.4/ref/net9.0/System.Text.RegularExpressions.dll /reference:/usr/share/dotnet/packs/Microsoft.NETCore.App.Ref/9.0.4/ref/net9.0/System.Threading.Channels.dll /reference:/usr/share/dotnet/packs/Microsoft.NETCore.App.Ref/9.0.4/ref/net9.0/System.Threading.dll /reference:/usr/share/dotnet/packs/Microsoft.NETCore.App.Ref/9.0.4/ref/net9.0/System.Threading.Overlapped.dll /reference:/usr/share/dotnet/packs/Microsoft.NETCore.App.Ref/9.0.4/ref/net9.0/System.Threading.Tasks.Dataflow.dll /reference:/usr/share/dotnet/packs/Microsoft.NETCore.App.Ref/9.0.4/ref/net9.0/System.Threading.Tasks.dll /reference:/usr/share/dotnet/packs/Microsoft.NETCore.App.Ref/9.0.4/ref/net9.0/System.Threading.Tasks.Extensions.dll /reference:/usr/share/dotnet/packs/Microsoft.NETCore.App.Ref/9.0.4/ref/net9.0/System.Threading.Tasks.Parallel.dll /reference:/usr/share/dotnet/packs/Microsoft.NETCore.App.Ref/9.0.4/ref/net9.0/System.Threading.Thread.dll /reference:/usr/share/dotnet/packs/Microsoft.NETCore.App.Ref/9.0.4/ref/net9.0/System.Threading.ThreadPool.dll /reference:/usr/share/dotnet/packs/Microsoft.NETCore.App.Ref/9.0.4/ref/net9.0/System.Threading.Timer.dll /reference:/usr/share/dotnet/packs/Microsoft.NETCore.App.Ref/9.0.4/ref/net9.0/System.Transactions.dll /reference:/usr/share/dotnet/packs/Microsoft.NETCore.App.Ref/9.0.4/ref/net9.0/System.Transactions.Local.dll /reference:/usr/share/dotnet/packs/Microsoft.NETCore.App.Ref/9.0.4/ref/net9.0/System.ValueTuple.dll /reference:/usr/share/dotnet/packs/Microsoft.NETCore.App.Ref/9.0.4/ref/net9.0/System.Web.dll /reference:/usr/share/dotnet/packs/Microsoft.NETCore.App.Ref/9.0.4/ref/net9.0/System.Web.HttpUtility.dll /reference:/usr/share/dotnet/packs/Microsoft.NETCore.App.Ref/9.0.4/ref/net9.0/System.Windows.dll /reference:/home/quinngil/.nuget/packages/system.windows.extensions/6.0.0/lib/net6.0/System.Windows.Extensions.dll /reference:/usr/share/dotnet/packs/Microsoft.NETCore.App.Ref/9.0.4/ref/net9.0/System.Xml.dll /reference:/usr/share/dotnet/packs/Microsoft.NETCore.App.Ref/9.0.4/ref/net9.0/System.Xml.Linq.dll /reference:/usr/share/dotnet/packs/Microsoft.NETCore.App.Ref/9.0.4/ref/net9.0/System.Xml.ReaderWriter.dll /reference:/usr/share/dotnet/packs/Microsoft.NETCore.App.Ref/9.0.4/ref/net9.0/System.Xml.Serialization.dll /reference:/usr/share/dotnet/packs/Microsoft.NETCore.App.Ref/9.0.4/ref/net9.0/System.Xml.XDocument.dll /reference:/usr/share/dotnet/packs/Microsoft.NETCore.App.Ref/9.0.4/ref/net9.0/System.Xml.XmlDocument.dll /reference:/usr/share/dotnet/packs/Microsoft.NETCore.App.Ref/9.0.4/ref/net9.0/System.Xml.XmlSerializer.dll /reference:/usr/share/dotnet/packs/Microsoft.NETCore.App.Ref/9.0.4/ref/net9.0/System.Xml.XPath.dll /reference:/usr/share/dotnet/packs/Microsoft.NETCore.App.Ref/9.0.4/ref/net9.0/System.Xml.XPath.XDocument.dll /reference:/usr/share/dotnet/packs/Microsoft.NETCore.App.Ref/9.0.4/ref/net9.0/WindowsBase.dll /debug- /debug:portable /filealign:512 /optimize+ /out:obj/Release/net9.0/Lib.Aggregator.Scryfall.Shared.dll /refout:obj/Release/net9.0/refint/Lib.Aggregator.Scryfall.Shared.dll /reportanalyzer /target:library /warnaserror+ /utf8output /deterministic+ /sourcelink:obj/Release/net9.0/Lib.Aggregator.Scryfall.Shared.sourcelink.json /langversion:latest /features:strict /embed:"obj/Release/net9.0/.NETCoreApp,Version=v9.0.AssemblyAttributes.cs" /embed:obj/Release/net9.0/Lib.Aggregator.Scryfall.Shared.AssemblyInfo.cs /analyzerconfig:/mnt/d/src/MtgDiscoveryVibeWorkspace/IMPLS/src/.editorconfig /analyzerconfig:obj/Release/net9.0/Lib.Aggregator.Scryfall.Shared.GeneratedMSBuildEditorConfig.editorconfig /analyzerconfig:/usr/share/dotnet/sdk/9.0.203/Sdks/Microsoft.NET.Sdk/analyzers/build/config/analysislevel_9_all_warnaserror.globalconfig /analyzer:/usr/share/dotnet/sdk/9.0.203/Sdks/Microsoft.NET.Sdk/targets/../analyzers/Microsoft.CodeAnalysis.CSharp.NetAnalyzers.dll /analyzer:/usr/share/dotnet/sdk/9.0.203/Sdks/Microsoft.NET.Sdk/targets/../analyzers/Microsoft.CodeAnalysis.NetAnalyzers.dll /analyzer:/usr/share/dotnet/sdk/9.0.203/Sdks/Microsoft.NET.Sdk/targets/../codestyle/cs/Microsoft.CodeAnalysis.CodeStyle.dll /analyzer:/usr/share/dotnet/sdk/9.0.203/Sdks/Microsoft.NET.Sdk/targets/../codestyle/cs/Microsoft.CodeAnalysis.CodeStyle.Fixes.dll /analyzer:/usr/share/dotnet/sdk/9.0.203/Sdks/Microsoft.NET.Sdk/targets/../codestyle/cs/Microsoft.CodeAnalysis.CSharp.CodeStyle.dll /analyzer:/usr/share/dotnet/sdk/9.0.203/Sdks/Microsoft.NET.Sdk/targets/../codestyle/cs/Microsoft.CodeAnalysis.CSharp.CodeStyle.Fixes.dll /analyzer:/home/quinngil/.nuget/packages/microsoft.codeanalysis.bannedapianalyzers/4.14.0/analyzers/dotnet/cs/Microsoft.CodeAnalysis.BannedApiAnalyzers.dll /analyzer:/home/quinngil/.nuget/packages/microsoft.codeanalysis.bannedapianalyzers/4.14.0/analyzers/dotnet/cs/Microsoft.CodeAnalysis.CSharp.BannedApiAnalyzers.dll /analyzer:/home/quinngil/.nuget/packages/microsoft.extensions.logging.abstractions/9.0.0/analyzers/dotnet/roslyn4.4/cs/Microsoft.Extensions.Logging.Generators.dll /analyzer:/home/quinngil/.nuget/packages/microsoft.extensions.options/9.0.0/analyzers/dotnet/roslyn4.4/cs/Microsoft.Extensions.Options.SourceGeneration.dll /analyzer:/home/quinngil/.nuget/packages/system.clientmodel/1.5.1/analyzers/dotnet/cs/System.ClientModel.SourceGeneration.dll /analyzer:/home/quinngil/.nuget/packages/system.text.json/9.0.8/analyzers/dotnet/roslyn4.4/cs/System.Text.Json.SourceGeneration.dll /analyzer:/usr/share/dotnet/packs/Microsoft.NETCore.App.Ref/9.0.4/analyzers/dotnet/cs/Microsoft.Interop.ComInterfaceGenerator.dll /analyzer:/usr/share/dotnet/packs/Microsoft.NETCore.App.Ref/9.0.4/analyzers/dotnet/cs/Microsoft.Interop.JavaScript.JSImportGenerator.dll /analyzer:/usr/share/dotnet/packs/Microsoft.NETCore.App.Ref/9.0.4/analyzers/dotnet/cs/Microsoft.Interop.LibraryImportGenerator.dll /analyzer:/usr/share/dotnet/packs/Microsoft.NETCore.App.Ref/9.0.4/analyzers/dotnet/cs/Microsoft.Interop.SourceGeneration.dll /analyzer:/usr/share/dotnet/packs/Microsoft.NETCore.App.Ref/9.0.4/analyzers/dotnet/cs/System.Text.RegularExpressions.Generator.dll /additionalfile:/mnt/d/src/MtgDiscoveryVibeWorkspace/IMPLS/src/BannedSymbols.txt /additionalfile:/mnt/d/src/MtgDiscoveryVibeWorkspace/IMPLS/src/.editorconfig Entities/CardItemCollectionItrEntity.cs Entities/CardItemItrEntity.cs Internals/AllPartsItrEntity.cs Internals/CardFaceItrEntity.cs Internals/ImageUrisItrEntity.cs Internals/LegalitiesItrEntity.cs Internals/PreviewItrEntity.cs Internals/PricesItrEntity.cs Internals/PurchaseUrisItrEntity.cs Internals/RelatedUrisItrEntity.cs Mappers/ScryfallCardItemToCardItemItrEntityMapper.cs "obj/Release/net9.0/.NETCoreApp,Version=v9.0.AssemblyAttributes.cs" obj/Release/net9.0/Lib.Aggregator.Scryfall.Shared.AssemblyInfo.cs /warnaserror+:NU1605,SYSLIB0011
    27>CoreGenerateAssemblyInfo:
         Could not infer the type of parameter "#1" because the attribute type is unknown. The value will be treated as a string.
         Could not infer the type of parameter "#1" because the attribute type is unknown. The value will be treated as a string.
         Could not infer the type of parameter "#1" because the attribute type is unknown. The value will be treated as a string.
         Could not infer the type of parameter "#1" because the attribute type is unknown. The value will be treated as a string.
         Could not infer the type of parameter "#1" because the attribute type is unknown. The value will be treated as a string.
    38>_GenerateSourceLinkFile:
         Updating Source Link file 'obj/Release/net9.0/Lib.Adapter.UserCards.sourcelink.json'.
       CoreCompile:
         /usr/share/dotnet/dotnet exec "/usr/share/dotnet/sdk/9.0.203/Roslyn/bincore/csc.dll" /noconfig /unsafe- /checked- /nowarn:IDE0290,IDE2001,IDE0005,IDE0046,CA1716,CA1040,CA1056,1701,1702 /fullpaths /nostdlib+ /errorreport:prompt /warn:9 /define:TRACE;RELEASE;NET;NET9_0;NETCOREAPP;NET5_0_OR_GREATER;NET6_0_OR_GREATER;NET7_0_OR_GREATER;NET8_0_OR_GREATER;NET9_0_OR_GREATER;NETCOREAPP1_0_OR_GREATER;NETCOREAPP1_1_OR_GREATER;NETCOREAPP2_0_OR_GREATER;NETCOREAPP2_1_OR_GREATER;NETCOREAPP2_2_OR_GREATER;NETCOREAPP3_0_OR_GREATER;NETCOREAPP3_1_OR_GREATER /highentropyva+ /nullable:warnings /reference:/home/quinngil/.nuget/packages/azure.core/1.47.1/lib/net8.0/Azure.Core.dll /reference:/home/quinngil/.nuget/packages/azure.resourcemanager.authorization/1.1.5/lib/net8.0/Azure.ResourceManager.Authorization.dll /reference:/home/quinngil/.nuget/packages/azure.resourcemanager.cosmosdb/1.3.2/lib/netstandard2.0/Azure.ResourceManager.CosmosDB.dll /reference:/home/quinngil/.nuget/packages/azure.resourcemanager/1.13.2/lib/net8.0/Azure.ResourceManager.dll /reference:/mnt/d/src/MtgDiscoveryVibeWorkspace/IMPLS/src/Lib.Adapter.Scryfall.Cosmos/obj/Release/net9.0/ref/Lib.Adapter.Scryfall.Cosmos.dll /reference:/mnt/d/src/MtgDiscoveryVibeWorkspace/IMPLS/src/Lib.Cosmos/obj/Release/net9.0/ref/Lib.Cosmos.dll /reference:/mnt/d/src/MtgDiscoveryVibeWorkspace/IMPLS/src/Lib.Scryfall.Shared/obj/Release/net9.0/ref/Lib.Scryfall.Shared.dll /reference:/mnt/d/src/MtgDiscoveryVibeWorkspace/IMPLS/src/Lib.Shared.Abstractions/obj/Release/net9.0/ref/Lib.Shared.Abstractions.dll /reference:/mnt/d/src/MtgDiscoveryVibeWorkspace/IMPLS/src/Lib.Shared.DataModels/obj/Release/net9.0/ref/Lib.Shared.DataModels.dll /reference:/mnt/d/src/MtgDiscoveryVibeWorkspace/IMPLS/src/Lib.Shared.Invocation/obj/Release/net9.0/ref/Lib.Shared.Invocation.dll /reference:/mnt/d/src/MtgDiscoveryVibeWorkspace/IMPLS/src/Lib.Universal/obj/Release/net9.0/ref/Lib.Universal.dll /reference:/home/quinngil/.nuget/packages/microsoft.azure.cosmos/3.52.1/lib/netstandard2.0/Microsoft.Azure.Cosmos.Client.dll /reference:/home/quinngil/.nuget/packages/microsoft.azure.cosmos/3.52.1/lib/netstandard2.0/Microsoft.Azure.Cosmos.Core.dll /reference:/home/quinngil/.nuget/packages/microsoft.azure.cosmos/3.52.1/lib/netstandard2.0/Microsoft.Azure.Cosmos.Direct.dll /reference:/home/quinngil/.nuget/packages/microsoft.azure.cosmos/3.52.1/lib/netstandard2.0/Microsoft.Azure.Cosmos.Serialization.HybridRow.dll /reference:/home/quinngil/.nuget/packages/microsoft.bcl.asyncinterfaces/8.0.0/lib/netstandard2.1/Microsoft.Bcl.AsyncInterfaces.dll /reference:/home/quinngil/.nuget/packages/microsoft.bcl.hashcode/1.1.0/ref/netcoreapp2.1/Microsoft.Bcl.HashCode.dll /reference:/usr/share/dotnet/packs/Microsoft.NETCore.App.Ref/9.0.4/ref/net9.0/Microsoft.CSharp.dll /reference:/home/quinngil/.nuget/packages/microsoft.extensions.caching.abstractions/9.0.0/lib/net9.0/Microsoft.Extensions.Caching.Abstractions.dll /reference:/home/quinngil/.nuget/packages/microsoft.extensions.caching.memory/9.0.0/lib/net9.0/Microsoft.Extensions.Caching.Memory.dll /reference:/home/quinngil/.nuget/packages/microsoft.extensions.configuration.abstractions/9.0.5/lib/net9.0/Microsoft.Extensions.Configuration.Abstractions.dll /reference:/home/quinngil/.nuget/packages/microsoft.extensions.dependencyinjection.abstractions/9.0.0/lib/net9.0/Microsoft.Extensions.DependencyInjection.Abstractions.dll /reference:/home/quinngil/.nuget/packages/microsoft.extensions.logging.abstractions/9.0.0/lib/net9.0/Microsoft.Extensions.Logging.Abstractions.dll /reference:/home/quinngil/.nuget/packages/microsoft.extensions.options/9.0.0/lib/net9.0/Microsoft.Extensions.Options.dll /reference:/home/quinngil/.nuget/packages/microsoft.extensions.primitives/9.0.5/lib/net9.0/Microsoft.Extensions.Primitives.dll /reference:/home/quinngil/.nuget/packages/microsoft.identitymodel.abstractions/8.0.1/lib/net9.0/Microsoft.IdentityModel.Abstractions.dll /reference:/home/quinngil/.nuget/packages/microsoft.identitymodel.jsonwebtokens/8.0.1/lib/net9.0/Microsoft.IdentityModel.JsonWebTokens.dll /reference:/home/quinngil/.nuget/packages/microsoft.identitymodel.logging/8.0.1/lib/net9.0/Microsoft.IdentityModel.Logging.dll /reference:/home/quinngil/.nuget/packages/microsoft.identitymodel.tokens/8.0.1/lib/net9.0/Microsoft.IdentityModel.Tokens.dll /reference:/usr/share/dotnet/packs/Microsoft.NETCore.App.Ref/9.0.4/ref/net9.0/Microsoft.VisualBasic.Core.dll /reference:/usr/share/dotnet/packs/Microsoft.NETCore.App.Ref/9.0.4/ref/net9.0/Microsoft.VisualBasic.dll /reference:/usr/share/dotnet/packs/Microsoft.NETCore.App.Ref/9.0.4/ref/net9.0/Microsoft.Win32.Primitives.dll /reference:/usr/share/dotnet/packs/Microsoft.NETCore.App.Ref/9.0.4/ref/net9.0/Microsoft.Win32.Registry.dll /reference:/home/quinngil/.nuget/packages/microsoft.win32.systemevents/6.0.0/lib/net6.0/Microsoft.Win32.SystemEvents.dll /reference:/usr/share/dotnet/packs/Microsoft.NETCore.App.Ref/9.0.4/ref/net9.0/mscorlib.dll /reference:/usr/share/dotnet/packs/Microsoft.NETCore.App.Ref/9.0.4/ref/net9.0/netstandard.dll /reference:/home/quinngil/.nuget/packages/newtonsoft.json/13.0.3/lib/net6.0/Newtonsoft.Json.dll /reference:/usr/share/dotnet/packs/Microsoft.NETCore.App.Ref/9.0.4/ref/net9.0/System.AppContext.dll /reference:/usr/share/dotnet/packs/Microsoft.NETCore.App.Ref/9.0.4/ref/net9.0/System.Buffers.dll /reference:/home/quinngil/.nuget/packages/system.clientmodel/1.5.1/lib/net8.0/System.ClientModel.dll /reference:/usr/share/dotnet/packs/Microsoft.NETCore.App.Ref/9.0.4/ref/net9.0/System.Collections.Concurrent.dll /reference:/usr/share/dotnet/packs/Microsoft.NETCore.App.Ref/9.0.4/ref/net9.0/System.Collections.dll /reference:/usr/share/dotnet/packs/Microsoft.NETCore.App.Ref/9.0.4/ref/net9.0/System.Collections.Immutable.dll /reference:/usr/share/dotnet/packs/Microsoft.NETCore.App.Ref/9.0.4/ref/net9.0/System.Collections.NonGeneric.dll /reference:/usr/share/dotnet/packs/Microsoft.NETCore.App.Ref/9.0.4/ref/net9.0/System.Collections.Specialized.dll /reference:/usr/share/dotnet/packs/Microsoft.NETCore.App.Ref/9.0.4/ref/net9.0/System.ComponentModel.Annotations.dll /reference:/usr/share/dotnet/packs/Microsoft.NETCore.App.Ref/9.0.4/ref/net9.0/System.ComponentModel.DataAnnotations.dll /reference:/usr/share/dotnet/packs/Microsoft.NETCore.App.Ref/9.0.4/ref/net9.0/System.ComponentModel.dll /reference:/usr/share/dotnet/packs/Microsoft.NETCore.App.Ref/9.0.4/ref/net9.0/System.ComponentModel.EventBasedAsync.dll /reference:/usr/share/dotnet/packs/Microsoft.NETCore.App.Ref/9.0.4/ref/net9.0/System.ComponentModel.Primitives.dll /reference:/usr/share/dotnet/packs/Microsoft.NETCore.App.Ref/9.0.4/ref/net9.0/System.ComponentModel.TypeConverter.dll /reference:/home/quinngil/.nuget/packages/system.configuration.configurationmanager/6.0.0/lib/net6.0/System.Configuration.ConfigurationManager.dll /reference:/usr/share/dotnet/packs/Microsoft.NETCore.App.Ref/9.0.4/ref/net9.0/System.Configuration.dll /reference:/usr/share/dotnet/packs/Microsoft.NETCore.App.Ref/9.0.4/ref/net9.0/System.Console.dll /reference:/usr/share/dotnet/packs/Microsoft.NETCore.App.Ref/9.0.4/ref/net9.0/System.Core.dll /reference:/usr/share/dotnet/packs/Microsoft.NETCore.App.Ref/9.0.4/ref/net9.0/System.Data.Common.dll /reference:/usr/share/dotnet/packs/Microsoft.NETCore.App.Ref/9.0.4/ref/net9.0/System.Data.DataSetExtensions.dll /reference:/usr/share/dotnet/packs/Microsoft.NETCore.App.Ref/9.0.4/ref/net9.0/System.Data.dll /reference:/usr/share/dotnet/packs/Microsoft.NETCore.App.Ref/9.0.4/ref/net9.0/System.Diagnostics.Contracts.dll /reference:/usr/share/dotnet/packs/Microsoft.NETCore.App.Ref/9.0.4/ref/net9.0/System.Diagnostics.Debug.dll /reference:/usr/share/dotnet/packs/Microsoft.NETCore.App.Ref/9.0.4/ref/net9.0/System.Diagnostics.DiagnosticSource.dll /reference:/usr/share/dotnet/packs/Microsoft.NETCore.App.Ref/9.0.4/ref/net9.0/System.Diagnostics.FileVersionInfo.dll /reference:/usr/share/dotnet/packs/Microsoft.NETCore.App.Ref/9.0.4/ref/net9.0/System.Diagnostics.Process.dll /reference:/usr/share/dotnet/packs/Microsoft.NETCore.App.Ref/9.0.4/ref/net9.0/System.Diagnostics.StackTrace.dll /reference:/usr/share/dotnet/packs/Microsoft.NETCore.App.Ref/9.0.4/ref/net9.0/System.Diagnostics.TextWriterTraceListener.dll /reference:/usr/share/dotnet/packs/Microsoft.NETCore.App.Ref/9.0.4/ref/net9.0/System.Diagnostics.Tools.dll /reference:/usr/share/dotnet/packs/Microsoft.NETCore.App.Ref/9.0.4/ref/net9.0/System.Diagnostics.TraceSource.dll /reference:/usr/share/dotnet/packs/Microsoft.NETCore.App.Ref/9.0.4/ref/net9.0/System.Diagnostics.Tracing.dll /reference:/usr/share/dotnet/packs/Microsoft.NETCore.App.Ref/9.0.4/ref/net9.0/System.dll /reference:/home/quinngil/.nuget/packages/system.drawing.common/6.0.0/lib/net6.0/System.Drawing.Common.dll /reference:/usr/share/dotnet/packs/Microsoft.NETCore.App.Ref/9.0.4/ref/net9.0/System.Drawing.dll /reference:/usr/share/dotnet/packs/Microsoft.NETCore.App.Ref/9.0.4/ref/net9.0/System.Drawing.Primitives.dll /reference:/usr/share/dotnet/packs/Microsoft.NETCore.App.Ref/9.0.4/ref/net9.0/System.Dynamic.Runtime.dll /reference:/usr/share/dotnet/packs/Microsoft.NETCore.App.Ref/9.0.4/ref/net9.0/System.Formats.Asn1.dll /reference:/usr/share/dotnet/packs/Microsoft.NETCore.App.Ref/9.0.4/ref/net9.0/System.Formats.Tar.dll /reference:/usr/share/dotnet/packs/Microsoft.NETCore.App.Ref/9.0.4/ref/net9.0/System.Globalization.Calendars.dll /reference:/usr/share/dotnet/packs/Microsoft.NETCore.App.Ref/9.0.4/ref/net9.0/System.Globalization.dll /reference:/usr/share/dotnet/packs/Microsoft.NETCore.App.Ref/9.0.4/ref/net9.0/System.Globalization.Extensions.dll /reference:/home/quinngil/.nuget/packages/system.identitymodel.tokens.jwt/8.0.1/lib/net9.0/System.IdentityModel.Tokens.Jwt.dll /reference:/usr/share/dotnet/packs/Microsoft.NETCore.App.Ref/9.0.4/ref/net9.0/System.IO.Compression.Brotli.dll /reference:/usr/share/dotnet/packs/Microsoft.NETCore.App.Ref/9.0.4/ref/net9.0/System.IO.Compression.dll /reference:/usr/share/dotnet/packs/Microsoft.NETCore.App.Ref/9.0.4/ref/net9.0/System.IO.Compression.FileSystem.dll /reference:/usr/share/dotnet/packs/Microsoft.NETCore.App.Ref/9.0.4/ref/net9.0/System.IO.Compression.ZipFile.dll /reference:/usr/share/dotnet/packs/Microsoft.NETCore.App.Ref/9.0.4/ref/net9.0/System.IO.dll /reference:/usr/share/dotnet/packs/Microsoft.NETCore.App.Ref/9.0.4/ref/net9.0/System.IO.FileSystem.AccessControl.dll /reference:/usr/share/dotnet/packs/Microsoft.NETCore.App.Ref/9.0.4/ref/net9.0/System.IO.FileSystem.dll /reference:/usr/share/dotnet/packs/Microsoft.NETCore.App.Ref/9.0.4/ref/net9.0/System.IO.FileSystem.DriveInfo.dll /reference:/usr/share/dotnet/packs/Microsoft.NETCore.App.Ref/9.0.4/ref/net9.0/System.IO.FileSystem.Primitives.dll /reference:/usr/share/dotnet/packs/Microsoft.NETCore.App.Ref/9.0.4/ref/net9.0/System.IO.FileSystem.Watcher.dll /reference:/usr/share/dotnet/packs/Microsoft.NETCore.App.Ref/9.0.4/ref/net9.0/System.IO.IsolatedStorage.dll /reference:/usr/share/dotnet/packs/Microsoft.NETCore.App.Ref/9.0.4/ref/net9.0/System.IO.MemoryMappedFiles.dll /reference:/usr/share/dotnet/packs/Microsoft.NETCore.App.Ref/9.0.4/ref/net9.0/System.IO.Pipelines.dll /reference:/usr/share/dotnet/packs/Microsoft.NETCore.App.Ref/9.0.4/ref/net9.0/System.IO.Pipes.AccessControl.dll /reference:/usr/share/dotnet/packs/Microsoft.NETCore.App.Ref/9.0.4/ref/net9.0/System.IO.Pipes.dll /reference:/usr/share/dotnet/packs/Microsoft.NETCore.App.Ref/9.0.4/ref/net9.0/System.IO.UnmanagedMemoryStream.dll /reference:/usr/share/dotnet/packs/Microsoft.NETCore.App.Ref/9.0.4/ref/net9.0/System.Linq.dll /reference:/usr/share/dotnet/packs/Microsoft.NETCore.App.Ref/9.0.4/ref/net9.0/System.Linq.Expressions.dll /reference:/usr/share/dotnet/packs/Microsoft.NETCore.App.Ref/9.0.4/ref/net9.0/System.Linq.Parallel.dll /reference:/usr/share/dotnet/packs/Microsoft.NETCore.App.Ref/9.0.4/ref/net9.0/System.Linq.Queryable.dll /reference:/home/quinngil/.nuget/packages/system.memory.data/8.0.1/lib/net8.0/System.Memory.Data.dll /reference:/usr/share/dotnet/packs/Microsoft.NETCore.App.Ref/9.0.4/ref/net9.0/System.Memory.dll /reference:/usr/share/dotnet/packs/Microsoft.NETCore.App.Ref/9.0.4/ref/net9.0/System.Net.dll /reference:/usr/share/dotnet/packs/Microsoft.NETCore.App.Ref/9.0.4/ref/net9.0/System.Net.Http.dll /reference:/usr/share/dotnet/packs/Microsoft.NETCore.App.Ref/9.0.4/ref/net9.0/System.Net.Http.Json.dll /reference:/usr/share/dotnet/packs/Microsoft.NETCore.App.Ref/9.0.4/ref/net9.0/System.Net.HttpListener.dll /reference:/usr/share/dotnet/packs/Microsoft.NETCore.App.Ref/9.0.4/ref/net9.0/System.Net.Mail.dll /reference:/usr/share/dotnet/packs/Microsoft.NETCore.App.Ref/9.0.4/ref/net9.0/System.Net.NameResolution.dll /reference:/usr/share/dotnet/packs/Microsoft.NETCore.App.Ref/9.0.4/ref/net9.0/System.Net.NetworkInformation.dll /reference:/usr/share/dotnet/packs/Microsoft.NETCore.App.Ref/9.0.4/ref/net9.0/System.Net.Ping.dll /reference:/usr/share/dotnet/packs/Microsoft.NETCore.App.Ref/9.0.4/ref/net9.0/System.Net.Primitives.dll /reference:/usr/share/dotnet/packs/Microsoft.NETCore.App.Ref/9.0.4/ref/net9.0/System.Net.Quic.dll /reference:/usr/share/dotnet/packs/Microsoft.NETCore.App.Ref/9.0.4/ref/net9.0/System.Net.Requests.dll /reference:/usr/share/dotnet/packs/Microsoft.NETCore.App.Ref/9.0.4/ref/net9.0/System.Net.Security.dll /reference:/usr/share/dotnet/packs/Microsoft.NETCore.App.Ref/9.0.4/ref/net9.0/System.Net.ServicePoint.dll /reference:/usr/share/dotnet/packs/Microsoft.NETCore.App.Ref/9.0.4/ref/net9.0/System.Net.Sockets.dll /reference:/usr/share/dotnet/packs/Microsoft.NETCore.App.Ref/9.0.4/ref/net9.0/System.Net.WebClient.dll /reference:/usr/share/dotnet/packs/Microsoft.NETCore.App.Ref/9.0.4/ref/net9.0/System.Net.WebHeaderCollection.dll /reference:/usr/share/dotnet/packs/Microsoft.NETCore.App.Ref/9.0.4/ref/net9.0/System.Net.WebProxy.dll /reference:/usr/share/dotnet/packs/Microsoft.NETCore.App.Ref/9.0.4/ref/net9.0/System.Net.WebSockets.Client.dll /reference:/usr/share/dotnet/packs/Microsoft.NETCore.App.Ref/9.0.4/ref/net9.0/System.Net.WebSockets.dll /reference:/usr/share/dotnet/packs/Microsoft.NETCore.App.Ref/9.0.4/ref/net9.0/System.Numerics.dll /reference:/usr/share/dotnet/packs/Microsoft.NETCore.App.Ref/9.0.4/ref/net9.0/System.Numerics.Vectors.dll /reference:/usr/share/dotnet/packs/Microsoft.NETCore.App.Ref/9.0.4/ref/net9.0/System.ObjectModel.dll /reference:/usr/share/dotnet/packs/Microsoft.NETCore.App.Ref/9.0.4/ref/net9.0/System.Reflection.DispatchProxy.dll /reference:/usr/share/dotnet/packs/Microsoft.NETCore.App.Ref/9.0.4/ref/net9.0/System.Reflection.dll /reference:/usr/share/dotnet/packs/Microsoft.NETCore.App.Ref/9.0.4/ref/net9.0/System.Reflection.Emit.dll /reference:/usr/share/dotnet/packs/Microsoft.NETCore.App.Ref/9.0.4/ref/net9.0/System.Reflection.Emit.ILGeneration.dll /reference:/usr/share/dotnet/packs/Microsoft.NETCore.App.Ref/9.0.4/ref/net9.0/System.Reflection.Emit.Lightweight.dll /reference:/usr/share/dotnet/packs/Microsoft.NETCore.App.Ref/9.0.4/ref/net9.0/System.Reflection.Extensions.dll /reference:/usr/share/dotnet/packs/Microsoft.NETCore.App.Ref/9.0.4/ref/net9.0/System.Reflection.Metadata.dll /reference:/usr/share/dotnet/packs/Microsoft.NETCore.App.Ref/9.0.4/ref/net9.0/System.Reflection.Primitives.dll /reference:/usr/share/dotnet/packs/Microsoft.NETCore.App.Ref/9.0.4/ref/net9.0/System.Reflection.TypeExtensions.dll /reference:/usr/share/dotnet/packs/Microsoft.NETCore.App.Ref/9.0.4/ref/net9.0/System.Resources.Reader.dll /reference:/usr/share/dotnet/packs/Microsoft.NETCore.App.Ref/9.0.4/ref/net9.0/System.Resources.ResourceManager.dll /reference:/usr/share/dotnet/packs/Microsoft.NETCore.App.Ref/9.0.4/ref/net9.0/System.Resources.Writer.dll /reference:/usr/share/dotnet/packs/Microsoft.NETCore.App.Ref/9.0.4/ref/net9.0/System.Runtime.CompilerServices.Unsafe.dll /reference:/usr/share/dotnet/packs/Microsoft.NETCore.App.Ref/9.0.4/ref/net9.0/System.Runtime.CompilerServices.VisualC.dll /reference:/usr/share/dotnet/packs/Microsoft.NETCore.App.Ref/9.0.4/ref/net9.0/System.Runtime.dll /reference:/usr/share/dotnet/packs/Microsoft.NETCore.App.Ref/9.0.4/ref/net9.0/System.Runtime.Extensions.dll /reference:/usr/share/dotnet/packs/Microsoft.NETCore.App.Ref/9.0.4/ref/net9.0/System.Runtime.Handles.dll /reference:/usr/share/dotnet/packs/Microsoft.NETCore.App.Ref/9.0.4/ref/net9.0/System.Runtime.InteropServices.dll /reference:/usr/share/dotnet/packs/Microsoft.NETCore.App.Ref/9.0.4/ref/net9.0/System.Runtime.InteropServices.JavaScript.dll /reference:/usr/share/dotnet/packs/Microsoft.NETCore.App.Ref/9.0.4/ref/net9.0/System.Runtime.InteropServices.RuntimeInformation.dll /reference:/usr/share/dotnet/packs/Microsoft.NETCore.App.Ref/9.0.4/ref/net9.0/System.Runtime.Intrinsics.dll /reference:/usr/share/dotnet/packs/Microsoft.NETCore.App.Ref/9.0.4/ref/net9.0/System.Runtime.Loader.dll /reference:/usr/share/dotnet/packs/Microsoft.NETCore.App.Ref/9.0.4/ref/net9.0/System.Runtime.Numerics.dll /reference:/usr/share/dotnet/packs/Microsoft.NETCore.App.Ref/9.0.4/ref/net9.0/System.Runtime.Serialization.dll /reference:/usr/share/dotnet/packs/Microsoft.NETCore.App.Ref/9.0.4/ref/net9.0/System.Runtime.Serialization.Formatters.dll /reference:/usr/share/dotnet/packs/Microsoft.NETCore.App.Ref/9.0.4/ref/net9.0/System.Runtime.Serialization.Json.dll /reference:/usr/share/dotnet/packs/Microsoft.NETCore.App.Ref/9.0.4/ref/net9.0/System.Runtime.Serialization.Primitives.dll /reference:/usr/share/dotnet/packs/Microsoft.NETCore.App.Ref/9.0.4/ref/net9.0/System.Runtime.Serialization.Xml.dll /reference:/usr/share/dotnet/packs/Microsoft.NETCore.App.Ref/9.0.4/ref/net9.0/System.Security.AccessControl.dll /reference:/usr/share/dotnet/packs/Microsoft.NETCore.App.Ref/9.0.4/ref/net9.0/System.Security.Claims.dll /reference:/usr/share/dotnet/packs/Microsoft.NETCore.App.Ref/9.0.4/ref/net9.0/System.Security.Cryptography.Algorithms.dll /reference:/usr/share/dotnet/packs/Microsoft.NETCore.App.Ref/9.0.4/ref/net9.0/System.Security.Cryptography.Cng.dll /reference:/usr/share/dotnet/packs/Microsoft.NETCore.App.Ref/9.0.4/ref/net9.0/System.Security.Cryptography.Csp.dll /reference:/usr/share/dotnet/packs/Microsoft.NETCore.App.Ref/9.0.4/ref/net9.0/System.Security.Cryptography.dll /reference:/usr/share/dotnet/packs/Microsoft.NETCore.App.Ref/9.0.4/ref/net9.0/System.Security.Cryptography.Encoding.dll /reference:/usr/share/dotnet/packs/Microsoft.NETCore.App.Ref/9.0.4/ref/net9.0/System.Security.Cryptography.OpenSsl.dll /reference:/usr/share/dotnet/packs/Microsoft.NETCore.App.Ref/9.0.4/ref/net9.0/System.Security.Cryptography.Primitives.dll /reference:/home/quinngil/.nuget/packages/system.security.cryptography.protecteddata/6.0.0/lib/net6.0/System.Security.Cryptography.ProtectedData.dll /reference:/usr/share/dotnet/packs/Microsoft.NETCore.App.Ref/9.0.4/ref/net9.0/System.Security.Cryptography.X509Certificates.dll /reference:/usr/share/dotnet/packs/Microsoft.NETCore.App.Ref/9.0.4/ref/net9.0/System.Security.dll /reference:/home/quinngil/.nuget/packages/system.security.permissions/6.0.0/lib/net6.0/System.Security.Permissions.dll /reference:/usr/share/dotnet/packs/Microsoft.NETCore.App.Ref/9.0.4/ref/net9.0/System.Security.Principal.dll /reference:/usr/share/dotnet/packs/Microsoft.NETCore.App.Ref/9.0.4/ref/net9.0/System.Security.Principal.Windows.dll /reference:/usr/share/dotnet/packs/Microsoft.NETCore.App.Ref/9.0.4/ref/net9.0/System.Security.SecureString.dll /reference:/usr/share/dotnet/packs/Microsoft.NETCore.App.Ref/9.0.4/ref/net9.0/System.ServiceModel.Web.dll /reference:/usr/share/dotnet/packs/Microsoft.NETCore.App.Ref/9.0.4/ref/net9.0/System.ServiceProcess.dll /reference:/usr/share/dotnet/packs/Microsoft.NETCore.App.Ref/9.0.4/ref/net9.0/System.Text.Encoding.CodePages.dll /reference:/usr/share/dotnet/packs/Microsoft.NETCore.App.Ref/9.0.4/ref/net9.0/System.Text.Encoding.dll /reference:/usr/share/dotnet/packs/Microsoft.NETCore.App.Ref/9.0.4/ref/net9.0/System.Text.Encoding.Extensions.dll /reference:/usr/share/dotnet/packs/Microsoft.NETCore.App.Ref/9.0.4/ref/net9.0/System.Text.Encodings.Web.dll /reference:/home/quinngil/.nuget/packages/system.text.json/9.0.8/lib/net9.0/System.Text.Json.dll /reference:/usr/share/dotnet/packs/Microsoft.NETCore.App.Ref/9.0.4/ref/net9.0/System.Text.RegularExpressions.dll /reference:/usr/share/dotnet/packs/Microsoft.NETCore.App.Ref/9.0.4/ref/net9.0/System.Threading.Channels.dll /reference:/usr/share/dotnet/packs/Microsoft.NETCore.App.Ref/9.0.4/ref/net9.0/System.Threading.dll /reference:/usr/share/dotnet/packs/Microsoft.NETCore.App.Ref/9.0.4/ref/net9.0/System.Threading.Overlapped.dll /reference:/usr/share/dotnet/packs/Microsoft.NETCore.App.Ref/9.0.4/ref/net9.0/System.Threading.Tasks.Dataflow.dll /reference:/usr/share/dotnet/packs/Microsoft.NETCore.App.Ref/9.0.4/ref/net9.0/System.Threading.Tasks.dll /reference:/usr/share/dotnet/packs/Microsoft.NETCore.App.Ref/9.0.4/ref/net9.0/System.Threading.Tasks.Extensions.dll /reference:/usr/share/dotnet/packs/Microsoft.NETCore.App.Ref/9.0.4/ref/net9.0/System.Threading.Tasks.Parallel.dll /reference:/usr/share/dotnet/packs/Microsoft.NETCore.App.Ref/9.0.4/ref/net9.0/System.Threading.Thread.dll /reference:/usr/share/dotnet/packs/Microsoft.NETCore.App.Ref/9.0.4/ref/net9.0/System.Threading.ThreadPool.dll /reference:/usr/share/dotnet/packs/Microsoft.NETCore.App.Ref/9.0.4/ref/net9.0/System.Threading.Timer.dll /reference:/usr/share/dotnet/packs/Microsoft.NETCore.App.Ref/9.0.4/ref/net9.0/System.Transactions.dll /reference:/usr/share/dotnet/packs/Microsoft.NETCore.App.Ref/9.0.4/ref/net9.0/System.Transactions.Local.dll /reference:/usr/share/dotnet/packs/Microsoft.NETCore.App.Ref/9.0.4/ref/net9.0/System.ValueTuple.dll /reference:/usr/share/dotnet/packs/Microsoft.NETCore.App.Ref/9.0.4/ref/net9.0/System.Web.dll /reference:/usr/share/dotnet/packs/Microsoft.NETCore.App.Ref/9.0.4/ref/net9.0/System.Web.HttpUtility.dll /reference:/usr/share/dotnet/packs/Microsoft.NETCore.App.Ref/9.0.4/ref/net9.0/System.Windows.dll /reference:/home/quinngil/.nuget/packages/system.windows.extensions/6.0.0/lib/net6.0/System.Windows.Extensions.dll /reference:/usr/share/dotnet/packs/Microsoft.NETCore.App.Ref/9.0.4/ref/net9.0/System.Xml.dll /reference:/usr/share/dotnet/packs/Microsoft.NETCore.App.Ref/9.0.4/ref/net9.0/System.Xml.Linq.dll /reference:/usr/share/dotnet/packs/Microsoft.NETCore.App.Ref/9.0.4/ref/net9.0/System.Xml.ReaderWriter.dll /reference:/usr/share/dotnet/packs/Microsoft.NETCore.App.Ref/9.0.4/ref/net9.0/System.Xml.Serialization.dll /reference:/usr/share/dotnet/packs/Microsoft.NETCore.App.Ref/9.0.4/ref/net9.0/System.Xml.XDocument.dll /reference:/usr/share/dotnet/packs/Microsoft.NETCore.App.Ref/9.0.4/ref/net9.0/System.Xml.XmlDocument.dll /reference:/usr/share/dotnet/packs/Microsoft.NETCore.App.Ref/9.0.4/ref/net9.0/System.Xml.XmlSerializer.dll /reference:/usr/share/dotnet/packs/Microsoft.NETCore.App.Ref/9.0.4/ref/net9.0/System.Xml.XPath.dll /reference:/usr/share/dotnet/packs/Microsoft.NETCore.App.Ref/9.0.4/ref/net9.0/System.Xml.XPath.XDocument.dll /reference:/usr/share/dotnet/packs/Microsoft.NETCore.App.Ref/9.0.4/ref/net9.0/WindowsBase.dll /debug- /debug:portable /filealign:512 /optimize+ /out:obj/Release/net9.0/Lib.Adapter.UserCards.dll /refout:obj/Release/net9.0/refint/Lib.Adapter.UserCards.dll /reportanalyzer /target:library /warnaserror+ /utf8output /deterministic+ /sourcelink:obj/Release/net9.0/Lib.Adapter.UserCards.sourcelink.json /langversion:latest /features:strict /embed:"obj/Release/net9.0/.NETCoreApp,Version=v9.0.AssemblyAttributes.cs" /embed:obj/Release/net9.0/Lib.Adapter.UserCards.AssemblyInfo.cs /analyzerconfig:/mnt/d/src/MtgDiscoveryVibeWorkspace/IMPLS/src/.editorconfig /analyzerconfig:obj/Release/net9.0/Lib.Adapter.UserCards.GeneratedMSBuildEditorConfig.editorconfig /analyzerconfig:/usr/share/dotnet/sdk/9.0.203/Sdks/Microsoft.NET.Sdk/analyzers/build/config/analysislevel_9_all_warnaserror.globalconfig /analyzer:/usr/share/dotnet/sdk/9.0.203/Sdks/Microsoft.NET.Sdk/targets/../analyzers/Microsoft.CodeAnalysis.CSharp.NetAnalyzers.dll /analyzer:/usr/share/dotnet/sdk/9.0.203/Sdks/Microsoft.NET.Sdk/targets/../analyzers/Microsoft.CodeAnalysis.NetAnalyzers.dll /analyzer:/usr/share/dotnet/sdk/9.0.203/Sdks/Microsoft.NET.Sdk/targets/../codestyle/cs/Microsoft.CodeAnalysis.CodeStyle.dll /analyzer:/usr/share/dotnet/sdk/9.0.203/Sdks/Microsoft.NET.Sdk/targets/../codestyle/cs/Microsoft.CodeAnalysis.CodeStyle.Fixes.dll /analyzer:/usr/share/dotnet/sdk/9.0.203/Sdks/Microsoft.NET.Sdk/targets/../codestyle/cs/Microsoft.CodeAnalysis.CSharp.CodeStyle.dll /analyzer:/usr/share/dotnet/sdk/9.0.203/Sdks/Microsoft.NET.Sdk/targets/../codestyle/cs/Microsoft.CodeAnalysis.CSharp.CodeStyle.Fixes.dll /analyzer:/home/quinngil/.nuget/packages/microsoft.codeanalysis.bannedapianalyzers/4.14.0/analyzers/dotnet/cs/Microsoft.CodeAnalysis.BannedApiAnalyzers.dll /analyzer:/home/quinngil/.nuget/packages/microsoft.codeanalysis.bannedapianalyzers/4.14.0/analyzers/dotnet/cs/Microsoft.CodeAnalysis.CSharp.BannedApiAnalyzers.dll /analyzer:/home/quinngil/.nuget/packages/microsoft.extensions.logging.abstractions/9.0.0/analyzers/dotnet/roslyn4.4/cs/Microsoft.Extensions.Logging.Generators.dll /analyzer:/home/quinngil/.nuget/packages/microsoft.extensions.options/9.0.0/analyzers/dotnet/roslyn4.4/cs/Microsoft.Extensions.Options.SourceGeneration.dll /analyzer:/home/quinngil/.nuget/packages/system.clientmodel/1.5.1/analyzers/dotnet/cs/System.ClientModel.SourceGeneration.dll /analyzer:/home/quinngil/.nuget/packages/system.text.json/9.0.8/analyzers/dotnet/roslyn4.4/cs/System.Text.Json.SourceGeneration.dll /analyzer:/usr/share/dotnet/packs/Microsoft.NETCore.App.Ref/9.0.4/analyzers/dotnet/cs/Microsoft.Interop.ComInterfaceGenerator.dll /analyzer:/usr/share/dotnet/packs/Microsoft.NETCore.App.Ref/9.0.4/analyzers/dotnet/cs/Microsoft.Interop.JavaScript.JSImportGenerator.dll /analyzer:/usr/share/dotnet/packs/Microsoft.NETCore.App.Ref/9.0.4/analyzers/dotnet/cs/Microsoft.Interop.LibraryImportGenerator.dll /analyzer:/usr/share/dotnet/packs/Microsoft.NETCore.App.Ref/9.0.4/analyzers/dotnet/cs/Microsoft.Interop.SourceGeneration.dll /analyzer:/usr/share/dotnet/packs/Microsoft.NETCore.App.Ref/9.0.4/analyzers/dotnet/cs/System.Text.RegularExpressions.Generator.dll /additionalfile:/mnt/d/src/MtgDiscoveryVibeWorkspace/IMPLS/src/BannedSymbols.txt /additionalfile:/mnt/d/src/MtgDiscoveryVibeWorkspace/IMPLS/src/.editorconfig Apis/IUserCardsAdapterService.cs Apis/IUserCardsCommandAdapter.cs Apis/UserCardsAdapterService.cs Commands/UserCardsCommandAdapter.cs Exceptions/UserCardsAdapterException.cs "obj/Release/net9.0/.NETCoreApp,Version=v9.0.AssemblyAttributes.cs" obj/Release/net9.0/Lib.Adapter.UserCards.AssemblyInfo.cs /warnaserror+:NU1605,SYSLIB0011
    12>CopyFilesToOutputDirectory:
         Copying file from "/mnt/d/src/MtgDiscoveryVibeWorkspace/IMPLS/src/Lib.Cosmos.Tests/obj/Release/net9.0/Lib.Cosmos.Tests.dll" to "/mnt/d/src/MtgDiscoveryVibeWorkspace/IMPLS/src/Lib.Cosmos.Tests/bin/Release/net9.0/Lib.Cosmos.Tests.dll".
    27>_GenerateSourceLinkFile:
         Updating Source Link file 'obj/Release/net9.0/Lib.Scryfall.Ingestion.sourcelink.json'.
    12>CopyFilesToOutputDirectory:
         Copying reference assembly from "obj/Release/net9.0/refint/Lib.Cosmos.Tests.dll" to "/mnt/d/src/MtgDiscoveryVibeWorkspace/IMPLS/src/Lib.Cosmos.Tests/obj/Release/net9.0/ref/Lib.Cosmos.Tests.dll".
         Lib.Cosmos.Tests -> /mnt/d/src/MtgDiscoveryVibeWorkspace/IMPLS/src/Lib.Cosmos.Tests/bin/Release/net9.0/Lib.Cosmos.Tests.dll
         Copying file from "/mnt/d/src/MtgDiscoveryVibeWorkspace/IMPLS/src/Lib.Cosmos.Tests/obj/Release/net9.0/Lib.Cosmos.Tests.pdb" to "/mnt/d/src/MtgDiscoveryVibeWorkspace/IMPLS/src/Lib.Cosmos.Tests/bin/Release/net9.0/Lib.Cosmos.Tests.pdb".
    38>CoreCompile:
         CompilerServer: server - server processed compilation - Lib.Adapter.UserCards (net9.0)
       _CopyFilesMarkedCopyLocal:
         Copying file from "/mnt/d/src/MtgDiscoveryVibeWorkspace/IMPLS/src/Lib.Adapter.Scryfall.Cosmos/bin/Release/net9.0/Lib.Adapter.Scryfall.Cosmos.dll" to "/mnt/d/src/MtgDiscoveryVibeWorkspace/IMPLS/src/Lib.Adapter.UserCards/bin/Release/net9.0/Lib.Adapter.Scryfall.Cosmos.dll".
         Copying file from "/mnt/d/src/MtgDiscoveryVibeWorkspace/IMPLS/src/Lib.Cosmos/bin/Release/net9.0/Lib.Cosmos.dll" to "/mnt/d/src/MtgDiscoveryVibeWorkspace/IMPLS/src/Lib.Adapter.UserCards/bin/Release/net9.0/Lib.Cosmos.dll".
         Copying file from "/mnt/d/src/MtgDiscoveryVibeWorkspace/IMPLS/src/Lib.Shared.Abstractions/bin/Release/net9.0/Lib.Shared.Abstractions.dll" to "/mnt/d/src/MtgDiscoveryVibeWorkspace/IMPLS/src/Lib.Adapter.UserCards/bin/Release/net9.0/Lib.Shared.Abstractions.dll".
         Copying file from "/mnt/d/src/MtgDiscoveryVibeWorkspace/IMPLS/src/Lib.Shared.Invocation/bin/Release/net9.0/Lib.Shared.Invocation.dll" to "/mnt/d/src/MtgDiscoveryVibeWorkspace/IMPLS/src/Lib.Adapter.UserCards/bin/Release/net9.0/Lib.Shared.Invocation.dll".
         Copying file from "/mnt/d/src/MtgDiscoveryVibeWorkspace/IMPLS/src/Lib.Shared.DataModels/bin/Release/net9.0/Lib.Shared.DataModels.dll" to "/mnt/d/src/MtgDiscoveryVibeWorkspace/IMPLS/src/Lib.Adapter.UserCards/bin/Release/net9.0/Lib.Shared.DataModels.dll".
         Copying file from "/mnt/d/src/MtgDiscoveryVibeWorkspace/IMPLS/src/Lib.Scryfall.Shared/bin/Release/net9.0/Lib.Scryfall.Shared.dll" to "/mnt/d/src/MtgDiscoveryVibeWorkspace/IMPLS/src/Lib.Adapter.UserCards/bin/Release/net9.0/Lib.Scryfall.Shared.dll".
    12>Done Building Project "/mnt/d/src/MtgDiscoveryVibeWorkspace/IMPLS/src/Lib.Cosmos.Tests/Lib.Cosmos.Tests.csproj" (default targets).
    30>CoreCompile:
         CompilerServer: server - server processed compilation - Lib.Aggregator.Scryfall.Shared (net9.0)
    38>_CopyFilesMarkedCopyLocal:
         Copying file from "/mnt/d/src/MtgDiscoveryVibeWorkspace/IMPLS/src/Lib.Shared.Invocation/bin/Release/net9.0/Lib.Shared.Invocation.pdb" to "/mnt/d/src/MtgDiscoveryVibeWorkspace/IMPLS/src/Lib.Adapter.UserCards/bin/Release/net9.0/Lib.Shared.Invocation.pdb".
         Copying file from "/mnt/d/src/MtgDiscoveryVibeWorkspace/IMPLS/src/Lib.Shared.DataModels/bin/Release/net9.0/Lib.Shared.DataModels.pdb" to "/mnt/d/src/MtgDiscoveryVibeWorkspace/IMPLS/src/Lib.Adapter.UserCards/bin/Release/net9.0/Lib.Shared.DataModels.pdb".
         Copying file from "/mnt/d/src/MtgDiscoveryVibeWorkspace/IMPLS/src/Lib.Universal/bin/Release/net9.0/Lib.Universal.dll" to "/mnt/d/src/MtgDiscoveryVibeWorkspace/IMPLS/src/Lib.Adapter.UserCards/bin/Release/net9.0/Lib.Universal.dll".
         Copying file from "/mnt/d/src/MtgDiscoveryVibeWorkspace/IMPLS/src/Lib.Adapter.Scryfall.Cosmos/bin/Release/net9.0/Lib.Adapter.Scryfall.Cosmos.pdb" to "/mnt/d/src/MtgDiscoveryVibeWorkspace/IMPLS/src/Lib.Adapter.UserCards/bin/Release/net9.0/Lib.Adapter.Scryfall.Cosmos.pdb".
         Copying file from "/mnt/d/src/MtgDiscoveryVibeWorkspace/IMPLS/src/Lib.Cosmos/bin/Release/net9.0/Lib.Cosmos.pdb" to "/mnt/d/src/MtgDiscoveryVibeWorkspace/IMPLS/src/Lib.Adapter.UserCards/bin/Release/net9.0/Lib.Cosmos.pdb".
         Copying file from "/mnt/d/src/MtgDiscoveryVibeWorkspace/IMPLS/src/Lib.Scryfall.Shared/bin/Release/net9.0/Lib.Scryfall.Shared.pdb" to "/mnt/d/src/MtgDiscoveryVibeWorkspace/IMPLS/src/Lib.Adapter.UserCards/bin/Release/net9.0/Lib.Scryfall.Shared.pdb".
    30>_CopyFilesMarkedCopyLocal:
         Copying file from "/mnt/d/src/MtgDiscoveryVibeWorkspace/IMPLS/src/Lib.Adapter.Scryfall.Cosmos/bin/Release/net9.0/Lib.Adapter.Scryfall.Cosmos.dll" to "/mnt/d/src/MtgDiscoveryVibeWorkspace/IMPLS/src/Lib.Aggregator.Scryfall.Shared/bin/Release/net9.0/Lib.Adapter.Scryfall.Cosmos.dll".
         Copying file from "/mnt/d/src/MtgDiscoveryVibeWorkspace/IMPLS/src/Lib.Cosmos/bin/Release/net9.0/Lib.Cosmos.dll" to "/mnt/d/src/MtgDiscoveryVibeWorkspace/IMPLS/src/Lib.Aggregator.Scryfall.Shared/bin/Release/net9.0/Lib.Cosmos.dll".
         Copying file from "/mnt/d/src/MtgDiscoveryVibeWorkspace/IMPLS/src/Lib.Shared.DataModels/bin/Release/net9.0/Lib.Shared.DataModels.pdb" to "/mnt/d/src/MtgDiscoveryVibeWorkspace/IMPLS/src/Lib.Aggregator.Scryfall.Shared/bin/Release/net9.0/Lib.Shared.DataModels.pdb".
         Copying file from "/mnt/d/src/MtgDiscoveryVibeWorkspace/IMPLS/src/Lib.Universal/bin/Release/net9.0/Lib.Universal.dll" to "/mnt/d/src/MtgDiscoveryVibeWorkspace/IMPLS/src/Lib.Aggregator.Scryfall.Shared/bin/Release/net9.0/Lib.Universal.dll".
         Copying file from "/mnt/d/src/MtgDiscoveryVibeWorkspace/IMPLS/src/Lib.Shared.DataModels/bin/Release/net9.0/Lib.Shared.DataModels.dll" to "/mnt/d/src/MtgDiscoveryVibeWorkspace/IMPLS/src/Lib.Aggregator.Scryfall.Shared/bin/Release/net9.0/Lib.Shared.DataModels.dll".
         Copying file from "/mnt/d/src/MtgDiscoveryVibeWorkspace/IMPLS/src/Lib.Scryfall.Shared/bin/Release/net9.0/Lib.Scryfall.Shared.dll" to "/mnt/d/src/MtgDiscoveryVibeWorkspace/IMPLS/src/Lib.Aggregator.Scryfall.Shared/bin/Release/net9.0/Lib.Scryfall.Shared.dll".
    38>_CopyFilesMarkedCopyLocal:
         Copying file from "/mnt/d/src/MtgDiscoveryVibeWorkspace/IMPLS/src/Lib.Universal/bin/Release/net9.0/Lib.Universal.pdb" to "/mnt/d/src/MtgDiscoveryVibeWorkspace/IMPLS/src/Lib.Adapter.UserCards/bin/Release/net9.0/Lib.Universal.pdb".
         Copying file from "/mnt/d/src/MtgDiscoveryVibeWorkspace/IMPLS/src/Lib.Shared.Abstractions/bin/Release/net9.0/Lib.Shared.Abstractions.pdb" to "/mnt/d/src/MtgDiscoveryVibeWorkspace/IMPLS/src/Lib.Adapter.UserCards/bin/Release/net9.0/Lib.Shared.Abstractions.pdb".
    30>_CopyFilesMarkedCopyLocal:
         Copying file from "/mnt/d/src/MtgDiscoveryVibeWorkspace/IMPLS/src/Lib.Scryfall.Shared/bin/Release/net9.0/Lib.Scryfall.Shared.pdb" to "/mnt/d/src/MtgDiscoveryVibeWorkspace/IMPLS/src/Lib.Aggregator.Scryfall.Shared/bin/Release/net9.0/Lib.Scryfall.Shared.pdb".
         Copying file from "/mnt/d/src/MtgDiscoveryVibeWorkspace/IMPLS/src/Lib.Adapter.Scryfall.Cosmos/bin/Release/net9.0/Lib.Adapter.Scryfall.Cosmos.pdb" to "/mnt/d/src/MtgDiscoveryVibeWorkspace/IMPLS/src/Lib.Aggregator.Scryfall.Shared/bin/Release/net9.0/Lib.Adapter.Scryfall.Cosmos.pdb".
         Copying file from "/mnt/d/src/MtgDiscoveryVibeWorkspace/IMPLS/src/Lib.Universal/bin/Release/net9.0/Lib.Universal.pdb" to "/mnt/d/src/MtgDiscoveryVibeWorkspace/IMPLS/src/Lib.Aggregator.Scryfall.Shared/bin/Release/net9.0/Lib.Universal.pdb".
         Copying file from "/mnt/d/src/MtgDiscoveryVibeWorkspace/IMPLS/src/Lib.Cosmos/bin/Release/net9.0/Lib.Cosmos.pdb" to "/mnt/d/src/MtgDiscoveryVibeWorkspace/IMPLS/src/Lib.Aggregator.Scryfall.Shared/bin/Release/net9.0/Lib.Cosmos.pdb".
    38>_CopyFilesMarkedCopyLocal:
         Creating "/mnt/d/src/MtgDiscoveryVibeWorkspace/IMPLS/src/Lib.Adapter.UserCards/obj/Release/net9.0/Lib.Adap.671E62B5.Up2Date" because "AlwaysCreate" was specified.
         Touching "/mnt/d/src/MtgDiscoveryVibeWorkspace/IMPLS/src/Lib.Adapter.UserCards/obj/Release/net9.0/Lib.Adap.671E62B5.Up2Date".
    30>_CopyFilesMarkedCopyLocal:
         Touching "/mnt/d/src/MtgDiscoveryVibeWorkspace/IMPLS/src/Lib.Aggregator.Scryfall.Shared/obj/Release/net9.0/Lib.Aggr.61C78C85.Up2Date".
    38>_CopyOutOfDateSourceItemsToOutputDirectory:
         Copying file from "/home/quinngil/.nuget/packages/microsoft.azure.cosmos/3.52.1/runtimes/win-x64/native/vcruntime140_1.dll" to "/mnt/d/src/MtgDiscoveryVibeWorkspace/IMPLS/src/Lib.Adapter.UserCards/bin/Release/net9.0/vcruntime140_1.dll".
         Copying file from "/home/quinngil/.nuget/packages/microsoft.azure.cosmos/3.52.1/runtimes/win-x64/native/Cosmos.CRTCompat.dll" to "/mnt/d/src/MtgDiscoveryVibeWorkspace/IMPLS/src/Lib.Adapter.UserCards/bin/Release/net9.0/Cosmos.CRTCompat.dll".
         Copying file from "/home/quinngil/.nuget/packages/microsoft.azure.cosmos/3.52.1/runtimes/win-x64/native/Microsoft.Azure.Cosmos.ServiceInterop.dll" to "/mnt/d/src/MtgDiscoveryVibeWorkspace/IMPLS/src/Lib.Adapter.UserCards/bin/Release/net9.0/Microsoft.Azure.Cosmos.ServiceInterop.dll".
         Copying file from "/home/quinngil/.nuget/packages/microsoft.azure.cosmos/3.52.1/runtimes/win-x64/native/vcruntime140.dll" to "/mnt/d/src/MtgDiscoveryVibeWorkspace/IMPLS/src/Lib.Adapter.UserCards/bin/Release/net9.0/vcruntime140.dll".
         Copying file from "/home/quinngil/.nuget/packages/microsoft.azure.cosmos/3.52.1/runtimes/win-x64/native/msvcp140.dll" to "/mnt/d/src/MtgDiscoveryVibeWorkspace/IMPLS/src/Lib.Adapter.UserCards/bin/Release/net9.0/msvcp140.dll".
    30>_CopyOutOfDateSourceItemsToOutputDirectory:
       Skipping target "_CopyOutOfDateSourceItemsToOutputDirectory" because all output files are up-to-date with respect to the input files.
       CopyFilesToOutputDirectory:
         Copying file from "/mnt/d/src/MtgDiscoveryVibeWorkspace/IMPLS/src/Lib.Aggregator.Scryfall.Shared/obj/Release/net9.0/Lib.Aggregator.Scryfall.Shared.dll" to "/mnt/d/src/MtgDiscoveryVibeWorkspace/IMPLS/src/Lib.Aggregator.Scryfall.Shared/bin/Release/net9.0/Lib.Aggregator.Scryfall.Shared.dll".
    13>_GenerateSourceLinkFile:
         Updating Source Link file 'obj/Release/net9.0/Lib.Adapter.Scryfall.Cosmos.Tests.sourcelink.json'.
    30>CopyFilesToOutputDirectory:
         Copying reference assembly from "obj/Release/net9.0/refint/Lib.Aggregator.Scryfall.Shared.dll" to "/mnt/d/src/MtgDiscoveryVibeWorkspace/IMPLS/src/Lib.Aggregator.Scryfall.Shared/obj/Release/net9.0/ref/Lib.Aggregator.Scryfall.Shared.dll".
         Lib.Aggregator.Scryfall.Shared -> /mnt/d/src/MtgDiscoveryVibeWorkspace/IMPLS/src/Lib.Aggregator.Scryfall.Shared/bin/Release/net9.0/Lib.Aggregator.Scryfall.Shared.dll
    13>CoreCompile:
         /usr/share/dotnet/dotnet exec "/usr/share/dotnet/sdk/9.0.203/Roslyn/bincore/csc.dll" /noconfig /unsafe- /checked- /nowarn:IDE0290,IDE2001,IDE0005,IDE0046,CA1716,CA1040,CA1056,IDE0060,CA2000,CA1707,CA1515,1701,1702 /fullpaths /nostdlib+ /errorreport:prompt /warn:9 /define:TRACE;RELEASE;NET;NET9_0;NETCOREAPP;NET5_0_OR_GREATER;NET6_0_OR_GREATER;NET7_0_OR_GREATER;NET8_0_OR_GREATER;NET9_0_OR_GREATER;NETCOREAPP1_0_OR_GREATER;NETCOREAPP1_1_OR_GREATER;NETCOREAPP2_0_OR_GREATER;NETCOREAPP2_1_OR_GREATER;NETCOREAPP2_2_OR_GREATER;NETCOREAPP3_0_OR_GREATER;NETCOREAPP3_1_OR_GREATER /highentropyva+ /nullable:warnings /reference:/home/quinngil/.nuget/packages/awesomeassertions/9.1.0/lib/net8.0/AwesomeAssertions.dll /reference:/home/quinngil/.nuget/packages/azure.core/1.47.1/lib/net8.0/Azure.Core.dll /reference:/home/quinngil/.nuget/packages/azure.resourcemanager.authorization/1.1.5/lib/net8.0/Azure.ResourceManager.Authorization.dll /reference:/home/quinngil/.nuget/packages/azure.resourcemanager.cosmosdb/1.3.2/lib/netstandard2.0/Azure.ResourceManager.CosmosDB.dll /reference:/home/quinngil/.nuget/packages/azure.resourcemanager/1.13.2/lib/net8.0/Azure.ResourceManager.dll /reference:/home/quinngil/.nuget/packages/jetbrains.annotations/2025.2.0/lib/netstandard2.0/JetBrains.Annotations.dll /reference:/mnt/d/src/MtgDiscoveryVibeWorkspace/IMPLS/src/Lib.Adapter.Scryfall.Cosmos/obj/Release/net9.0/ref/Lib.Adapter.Scryfall.Cosmos.dll /reference:/mnt/d/src/MtgDiscoveryVibeWorkspace/IMPLS/src/Lib.Cosmos/obj/Release/net9.0/ref/Lib.Cosmos.dll /reference:/mnt/d/src/MtgDiscoveryVibeWorkspace/IMPLS/src/Lib.Scryfall.Shared/obj/Release/net9.0/ref/Lib.Scryfall.Shared.dll /reference:/mnt/d/src/MtgDiscoveryVibeWorkspace/IMPLS/src/Lib.Universal/obj/Release/net9.0/ref/Lib.Universal.dll /reference:/home/quinngil/.nuget/packages/microsoft.applicationinsights/2.23.0/lib/netstandard2.0/Microsoft.ApplicationInsights.dll /reference:/home/quinngil/.nuget/packages/microsoft.azure.cosmos/3.52.1/lib/netstandard2.0/Microsoft.Azure.Cosmos.Client.dll /reference:/home/quinngil/.nuget/packages/microsoft.azure.cosmos/3.52.1/lib/netstandard2.0/Microsoft.Azure.Cosmos.Core.dll /reference:/home/quinngil/.nuget/packages/microsoft.azure.cosmos/3.52.1/lib/netstandard2.0/Microsoft.Azure.Cosmos.Direct.dll /reference:/home/quinngil/.nuget/packages/microsoft.azure.cosmos/3.52.1/lib/netstandard2.0/Microsoft.Azure.Cosmos.Serialization.HybridRow.dll /reference:/home/quinngil/.nuget/packages/microsoft.bcl.asyncinterfaces/8.0.0/lib/netstandard2.1/Microsoft.Bcl.AsyncInterfaces.dll /reference:/home/quinngil/.nuget/packages/microsoft.bcl.hashcode/1.1.0/ref/netcoreapp2.1/Microsoft.Bcl.HashCode.dll /reference:/usr/share/dotnet/packs/Microsoft.NETCore.App.Ref/9.0.4/ref/net9.0/Microsoft.CSharp.dll /reference:/home/quinngil/.nuget/packages/microsoft.extensions.caching.abstractions/9.0.0/lib/net9.0/Microsoft.Extensions.Caching.Abstractions.dll /reference:/home/quinngil/.nuget/packages/microsoft.extensions.caching.memory/9.0.0/lib/net9.0/Microsoft.Extensions.Caching.Memory.dll /reference:/home/quinngil/.nuget/packages/microsoft.extensions.configuration.abstractions/9.0.5/lib/net9.0/Microsoft.Extensions.Configuration.Abstractions.dll /reference:/home/quinngil/.nuget/packages/microsoft.extensions.configuration/9.0.5/lib/net9.0/Microsoft.Extensions.Configuration.dll /reference:/home/quinngil/.nuget/packages/microsoft.extensions.dependencyinjection.abstractions/9.0.0/lib/net9.0/Microsoft.Extensions.DependencyInjection.Abstractions.dll /reference:/home/quinngil/.nuget/packages/microsoft.extensions.logging.abstractions/9.0.0/lib/net9.0/Microsoft.Extensions.Logging.Abstractions.dll /reference:/home/quinngil/.nuget/packages/microsoft.extensions.options/9.0.0/lib/net9.0/Microsoft.Extensions.Options.dll /reference:/home/quinngil/.nuget/packages/microsoft.extensions.primitives/9.0.5/lib/net9.0/Microsoft.Extensions.Primitives.dll /reference:/home/quinngil/.nuget/packages/microsoft.identitymodel.abstractions/8.0.1/lib/net9.0/Microsoft.IdentityModel.Abstractions.dll /reference:/home/quinngil/.nuget/packages/microsoft.identitymodel.jsonwebtokens/8.0.1/lib/net9.0/Microsoft.IdentityModel.JsonWebTokens.dll /reference:/home/quinngil/.nuget/packages/microsoft.identitymodel.logging/8.0.1/lib/net9.0/Microsoft.IdentityModel.Logging.dll /reference:/home/quinngil/.nuget/packages/microsoft.identitymodel.tokens/8.0.1/lib/net9.0/Microsoft.IdentityModel.Tokens.dll /reference:/home/quinngil/.nuget/packages/microsoft.testing.platform.msbuild/1.8.1/lib/net9.0/Microsoft.Testing.Extensions.MSBuild.dll /reference:/home/quinngil/.nuget/packages/microsoft.testing.extensions.telemetry/1.8.1/lib/net9.0/Microsoft.Testing.Extensions.Telemetry.dll /reference:/home/quinngil/.nuget/packages/microsoft.testing.extensions.trxreport.abstractions/1.8.1/lib/net9.0/Microsoft.Testing.Extensions.TrxReport.Abstractions.dll /reference:/home/quinngil/.nuget/packages/microsoft.testing.extensions.vstestbridge/1.8.1/lib/net9.0/Microsoft.Testing.Extensions.VSTestBridge.dll /reference:/home/quinngil/.nuget/packages/microsoft.testing.platform/1.8.1/lib/net9.0/Microsoft.Testing.Platform.dll /reference:/home/quinngil/.nuget/packages/microsoft.testplatform.adapterutilities/17.13.0/lib/net9.0/Microsoft.TestPlatform.AdapterUtilities.dll /reference:/home/quinngil/.nuget/packages/microsoft.testplatform.testhost/17.14.1/lib/net8.0/Microsoft.TestPlatform.CommunicationUtilities.dll /reference:/home/quinngil/.nuget/packages/microsoft.testplatform.testhost/17.14.1/lib/net8.0/Microsoft.TestPlatform.CoreUtilities.dll /reference:/home/quinngil/.nuget/packages/microsoft.testplatform.testhost/17.14.1/lib/net8.0/Microsoft.TestPlatform.CrossPlatEngine.dll /reference:/home/quinngil/.nuget/packages/microsoft.testplatform.testhost/17.14.1/lib/net8.0/Microsoft.TestPlatform.PlatformAbstractions.dll /reference:/home/quinngil/.nuget/packages/microsoft.testplatform.testhost/17.14.1/lib/net8.0/Microsoft.TestPlatform.Utilities.dll /reference:/usr/share/dotnet/packs/Microsoft.NETCore.App.Ref/9.0.4/ref/net9.0/Microsoft.VisualBasic.Core.dll /reference:/usr/share/dotnet/packs/Microsoft.NETCore.App.Ref/9.0.4/ref/net9.0/Microsoft.VisualBasic.dll /reference:/home/quinngil/.nuget/packages/microsoft.codecoverage/17.14.1/lib/net8.0/Microsoft.VisualStudio.CodeCoverage.Shim.dll /reference:/home/quinngil/.nuget/packages/microsoft.testplatform.testhost/17.14.1/lib/net8.0/Microsoft.VisualStudio.TestPlatform.Common.dll /reference:/home/quinngil/.nuget/packages/microsoft.testplatform.testhost/17.14.1/lib/net8.0/Microsoft.VisualStudio.TestPlatform.ObjectModel.dll /reference:/home/quinngil/.nuget/packages/mstest.testframework/3.10.1/lib/net9.0/Microsoft.VisualStudio.TestPlatform.TestFramework.dll /reference:/home/quinngil/.nuget/packages/mstest.testframework/3.10.1/buildTransitive/net9.0/Microsoft.VisualStudio.TestPlatform.TestFramework.Extensions.dll /reference:/usr/share/dotnet/packs/Microsoft.NETCore.App.Ref/9.0.4/ref/net9.0/Microsoft.Win32.Primitives.dll /reference:/usr/share/dotnet/packs/Microsoft.NETCore.App.Ref/9.0.4/ref/net9.0/Microsoft.Win32.Registry.dll /reference:/home/quinngil/.nuget/packages/microsoft.win32.systemevents/6.0.0/lib/net6.0/Microsoft.Win32.SystemEvents.dll /reference:/usr/share/dotnet/packs/Microsoft.NETCore.App.Ref/9.0.4/ref/net9.0/mscorlib.dll /reference:/usr/share/dotnet/packs/Microsoft.NETCore.App.Ref/9.0.4/ref/net9.0/netstandard.dll /reference:/home/quinngil/.nuget/packages/newtonsoft.json/13.0.3/lib/net6.0/Newtonsoft.Json.dll /reference:/home/quinngil/.nuget/packages/polly.core/8.5.2/lib/net8.0/Polly.Core.dll /reference:/home/quinngil/.nuget/packages/polly/8.5.2/lib/net6.0/Polly.dll /reference:/home/quinngil/.nuget/packages/polly.ratelimiting/8.5.2/lib/net8.0/Polly.RateLimiting.dll /reference:/usr/share/dotnet/packs/Microsoft.NETCore.App.Ref/9.0.4/ref/net9.0/System.AppContext.dll /reference:/usr/share/dotnet/packs/Microsoft.NETCore.App.Ref/9.0.4/ref/net9.0/System.Buffers.dll /reference:/home/quinngil/.nuget/packages/system.clientmodel/1.5.1/lib/net8.0/System.ClientModel.dll /reference:/usr/share/dotnet/packs/Microsoft.NETCore.App.Ref/9.0.4/ref/net9.0/System.Collections.Concurrent.dll /reference:/usr/share/dotnet/packs/Microsoft.NETCore.App.Ref/9.0.4/ref/net9.0/System.Collections.dll /reference:/usr/share/dotnet/packs/Microsoft.NETCore.App.Ref/9.0.4/ref/net9.0/System.Collections.Immutable.dll /reference:/usr/share/dotnet/packs/Microsoft.NETCore.App.Ref/9.0.4/ref/net9.0/System.Collections.NonGeneric.dll /reference:/usr/share/dotnet/packs/Microsoft.NETCore.App.Ref/9.0.4/ref/net9.0/System.Collections.Specialized.dll /reference:/usr/share/dotnet/packs/Microsoft.NETCore.App.Ref/9.0.4/ref/net9.0/System.ComponentModel.Annotations.dll /reference:/usr/share/dotnet/packs/Microsoft.NETCore.App.Ref/9.0.4/ref/net9.0/System.ComponentModel.DataAnnotations.dll /reference:/usr/share/dotnet/packs/Microsoft.NETCore.App.Ref/9.0.4/ref/net9.0/System.ComponentModel.dll /reference:/usr/share/dotnet/packs/Microsoft.NETCore.App.Ref/9.0.4/ref/net9.0/System.ComponentModel.EventBasedAsync.dll /reference:/usr/share/dotnet/packs/Microsoft.NETCore.App.Ref/9.0.4/ref/net9.0/System.ComponentModel.Primitives.dll /reference:/usr/share/dotnet/packs/Microsoft.NETCore.App.Ref/9.0.4/ref/net9.0/System.ComponentModel.TypeConverter.dll /reference:/home/quinngil/.nuget/packages/system.configuration.configurationmanager/6.0.0/lib/net6.0/System.Configuration.ConfigurationManager.dll /reference:/usr/share/dotnet/packs/Microsoft.NETCore.App.Ref/9.0.4/ref/net9.0/System.Configuration.dll /reference:/usr/share/dotnet/packs/Microsoft.NETCore.App.Ref/9.0.4/ref/net9.0/System.Console.dll /reference:/usr/share/dotnet/packs/Microsoft.NETCore.App.Ref/9.0.4/ref/net9.0/System.Core.dll /reference:/usr/share/dotnet/packs/Microsoft.NETCore.App.Ref/9.0.4/ref/net9.0/System.Data.Common.dll /reference:/usr/share/dotnet/packs/Microsoft.NETCore.App.Ref/9.0.4/ref/net9.0/System.Data.DataSetExtensions.dll /reference:/usr/share/dotnet/packs/Microsoft.NETCore.App.Ref/9.0.4/ref/net9.0/System.Data.dll /reference:/usr/share/dotnet/packs/Microsoft.NETCore.App.Ref/9.0.4/ref/net9.0/System.Diagnostics.Contracts.dll /reference:/usr/share/dotnet/packs/Microsoft.NETCore.App.Ref/9.0.4/ref/net9.0/System.Diagnostics.Debug.dll /reference:/usr/share/dotnet/packs/Microsoft.NETCore.App.Ref/9.0.4/ref/net9.0/System.Diagnostics.DiagnosticSource.dll /reference:/usr/share/dotnet/packs/Microsoft.NETCore.App.Ref/9.0.4/ref/net9.0/System.Diagnostics.FileVersionInfo.dll /reference:/usr/share/dotnet/packs/Microsoft.NETCore.App.Ref/9.0.4/ref/net9.0/System.Diagnostics.Process.dll /reference:/usr/share/dotnet/packs/Microsoft.NETCore.App.Ref/9.0.4/ref/net9.0/System.Diagnostics.StackTrace.dll /reference:/usr/share/dotnet/packs/Microsoft.NETCore.App.Ref/9.0.4/ref/net9.0/System.Diagnostics.TextWriterTraceListener.dll /reference:/usr/share/dotnet/packs/Microsoft.NETCore.App.Ref/9.0.4/ref/net9.0/System.Diagnostics.Tools.dll /reference:/usr/share/dotnet/packs/Microsoft.NETCore.App.Ref/9.0.4/ref/net9.0/System.Diagnostics.TraceSource.dll /reference:/usr/share/dotnet/packs/Microsoft.NETCore.App.Ref/9.0.4/ref/net9.0/System.Diagnostics.Tracing.dll /reference:/usr/share/dotnet/packs/Microsoft.NETCore.App.Ref/9.0.4/ref/net9.0/System.dll /reference:/home/quinngil/.nuget/packages/system.drawing.common/6.0.0/lib/net6.0/System.Drawing.Common.dll /reference:/usr/share/dotnet/packs/Microsoft.NETCore.App.Ref/9.0.4/ref/net9.0/System.Drawing.dll /reference:/usr/share/dotnet/packs/Microsoft.NETCore.App.Ref/9.0.4/ref/net9.0/System.Drawing.Primitives.dll /reference:/usr/share/dotnet/packs/Microsoft.NETCore.App.Ref/9.0.4/ref/net9.0/System.Dynamic.Runtime.dll /reference:/usr/share/dotnet/packs/Microsoft.NETCore.App.Ref/9.0.4/ref/net9.0/System.Formats.Asn1.dll /reference:/usr/share/dotnet/packs/Microsoft.NETCore.App.Ref/9.0.4/ref/net9.0/System.Formats.Tar.dll /reference:/usr/share/dotnet/packs/Microsoft.NETCore.App.Ref/9.0.4/ref/net9.0/System.Globalization.Calendars.dll /reference:/usr/share/dotnet/packs/Microsoft.NETCore.App.Ref/9.0.4/ref/net9.0/System.Globalization.dll /reference:/usr/share/dotnet/packs/Microsoft.NETCore.App.Ref/9.0.4/ref/net9.0/System.Globalization.Extensions.dll /reference:/home/quinngil/.nuget/packages/system.identitymodel.tokens.jwt/8.0.1/lib/net9.0/System.IdentityModel.Tokens.Jwt.dll /reference:/usr/share/dotnet/packs/Microsoft.NETCore.App.Ref/9.0.4/ref/net9.0/System.IO.Compression.Brotli.dll /reference:/usr/share/dotnet/packs/Microsoft.NETCore.App.Ref/9.0.4/ref/net9.0/System.IO.Compression.dll /reference:/usr/share/dotnet/packs/Microsoft.NETCore.App.Ref/9.0.4/ref/net9.0/System.IO.Compression.FileSystem.dll /reference:/usr/share/dotnet/packs/Microsoft.NETCore.App.Ref/9.0.4/ref/net9.0/System.IO.Compression.ZipFile.dll /reference:/usr/share/dotnet/packs/Microsoft.NETCore.App.Ref/9.0.4/ref/net9.0/System.IO.dll /reference:/usr/share/dotnet/packs/Microsoft.NETCore.App.Ref/9.0.4/ref/net9.0/System.IO.FileSystem.AccessControl.dll /reference:/usr/share/dotnet/packs/Microsoft.NETCore.App.Ref/9.0.4/ref/net9.0/System.IO.FileSystem.dll /reference:/usr/share/dotnet/packs/Microsoft.NETCore.App.Ref/9.0.4/ref/net9.0/System.IO.FileSystem.DriveInfo.dll /reference:/usr/share/dotnet/packs/Microsoft.NETCore.App.Ref/9.0.4/ref/net9.0/System.IO.FileSystem.Primitives.dll /reference:/usr/share/dotnet/packs/Microsoft.NETCore.App.Ref/9.0.4/ref/net9.0/System.IO.FileSystem.Watcher.dll /reference:/usr/share/dotnet/packs/Microsoft.NETCore.App.Ref/9.0.4/ref/net9.0/System.IO.IsolatedStorage.dll /reference:/usr/share/dotnet/packs/Microsoft.NETCore.App.Ref/9.0.4/ref/net9.0/System.IO.MemoryMappedFiles.dll /reference:/usr/share/dotnet/packs/Microsoft.NETCore.App.Ref/9.0.4/ref/net9.0/System.IO.Pipelines.dll /reference:/usr/share/dotnet/packs/Microsoft.NETCore.App.Ref/9.0.4/ref/net9.0/System.IO.Pipes.AccessControl.dll /reference:/usr/share/dotnet/packs/Microsoft.NETCore.App.Ref/9.0.4/ref/net9.0/System.IO.Pipes.dll /reference:/usr/share/dotnet/packs/Microsoft.NETCore.App.Ref/9.0.4/ref/net9.0/System.IO.UnmanagedMemoryStream.dll /reference:/usr/share/dotnet/packs/Microsoft.NETCore.App.Ref/9.0.4/ref/net9.0/System.Linq.dll /reference:/usr/share/dotnet/packs/Microsoft.NETCore.App.Ref/9.0.4/ref/net9.0/System.Linq.Expressions.dll /reference:/usr/share/dotnet/packs/Microsoft.NETCore.App.Ref/9.0.4/ref/net9.0/System.Linq.Parallel.dll /reference:/usr/share/dotnet/packs/Microsoft.NETCore.App.Ref/9.0.4/ref/net9.0/System.Linq.Queryable.dll /reference:/home/quinngil/.nuget/packages/system.memory.data/8.0.1/lib/net8.0/System.Memory.Data.dll /reference:/usr/share/dotnet/packs/Microsoft.NETCore.App.Ref/9.0.4/ref/net9.0/System.Memory.dll /reference:/usr/share/dotnet/packs/Microsoft.NETCore.App.Ref/9.0.4/ref/net9.0/System.Net.dll /reference:/usr/share/dotnet/packs/Microsoft.NETCore.App.Ref/9.0.4/ref/net9.0/System.Net.Http.dll /reference:/usr/share/dotnet/packs/Microsoft.NETCore.App.Ref/9.0.4/ref/net9.0/System.Net.Http.Json.dll /reference:/usr/share/dotnet/packs/Microsoft.NETCore.App.Ref/9.0.4/ref/net9.0/System.Net.HttpListener.dll /reference:/usr/share/dotnet/packs/Microsoft.NETCore.App.Ref/9.0.4/ref/net9.0/System.Net.Mail.dll /reference:/usr/share/dotnet/packs/Microsoft.NETCore.App.Ref/9.0.4/ref/net9.0/System.Net.NameResolution.dll /reference:/usr/share/dotnet/packs/Microsoft.NETCore.App.Ref/9.0.4/ref/net9.0/System.Net.NetworkInformation.dll /reference:/usr/share/dotnet/packs/Microsoft.NETCore.App.Ref/9.0.4/ref/net9.0/System.Net.Ping.dll /reference:/usr/share/dotnet/packs/Microsoft.NETCore.App.Ref/9.0.4/ref/net9.0/System.Net.Primitives.dll /reference:/usr/share/dotnet/packs/Microsoft.NETCore.App.Ref/9.0.4/ref/net9.0/System.Net.Quic.dll /reference:/usr/share/dotnet/packs/Microsoft.NETCore.App.Ref/9.0.4/ref/net9.0/System.Net.Requests.dll /reference:/usr/share/dotnet/packs/Microsoft.NETCore.App.Ref/9.0.4/ref/net9.0/System.Net.Security.dll /reference:/usr/share/dotnet/packs/Microsoft.NETCore.App.Ref/9.0.4/ref/net9.0/System.Net.ServicePoint.dll /reference:/usr/share/dotnet/packs/Microsoft.NETCore.App.Ref/9.0.4/ref/net9.0/System.Net.Sockets.dll /reference:/usr/share/dotnet/packs/Microsoft.NETCore.App.Ref/9.0.4/ref/net9.0/System.Net.WebClient.dll /reference:/usr/share/dotnet/packs/Microsoft.NETCore.App.Ref/9.0.4/ref/net9.0/System.Net.WebHeaderCollection.dll /reference:/usr/share/dotnet/packs/Microsoft.NETCore.App.Ref/9.0.4/ref/net9.0/System.Net.WebProxy.dll /reference:/usr/share/dotnet/packs/Microsoft.NETCore.App.Ref/9.0.4/ref/net9.0/System.Net.WebSockets.Client.dll /reference:/usr/share/dotnet/packs/Microsoft.NETCore.App.Ref/9.0.4/ref/net9.0/System.Net.WebSockets.dll /reference:/usr/share/dotnet/packs/Microsoft.NETCore.App.Ref/9.0.4/ref/net9.0/System.Numerics.dll /reference:/usr/share/dotnet/packs/Microsoft.NETCore.App.Ref/9.0.4/ref/net9.0/System.Numerics.Vectors.dll /reference:/usr/share/dotnet/packs/Microsoft.NETCore.App.Ref/9.0.4/ref/net9.0/System.ObjectModel.dll /reference:/usr/share/dotnet/packs/Microsoft.NETCore.App.Ref/9.0.4/ref/net9.0/System.Reflection.DispatchProxy.dll /reference:/usr/share/dotnet/packs/Microsoft.NETCore.App.Ref/9.0.4/ref/net9.0/System.Reflection.dll /reference:/usr/share/dotnet/packs/Microsoft.NETCore.App.Ref/9.0.4/ref/net9.0/System.Reflection.Emit.dll /reference:/usr/share/dotnet/packs/Microsoft.NETCore.App.Ref/9.0.4/ref/net9.0/System.Reflection.Emit.ILGeneration.dll /reference:/usr/share/dotnet/packs/Microsoft.NETCore.App.Ref/9.0.4/ref/net9.0/System.Reflection.Emit.Lightweight.dll /reference:/usr/share/dotnet/packs/Microsoft.NETCore.App.Ref/9.0.4/ref/net9.0/System.Reflection.Extensions.dll /reference:/usr/share/dotnet/packs/Microsoft.NETCore.App.Ref/9.0.4/ref/net9.0/System.Reflection.Metadata.dll /reference:/usr/share/dotnet/packs/Microsoft.NETCore.App.Ref/9.0.4/ref/net9.0/System.Reflection.Primitives.dll /reference:/usr/share/dotnet/packs/Microsoft.NETCore.App.Ref/9.0.4/ref/net9.0/System.Reflection.TypeExtensions.dll /reference:/usr/share/dotnet/packs/Microsoft.NETCore.App.Ref/9.0.4/ref/net9.0/System.Resources.Reader.dll /reference:/usr/share/dotnet/packs/Microsoft.NETCore.App.Ref/9.0.4/ref/net9.0/System.Resources.ResourceManager.dll /reference:/usr/share/dotnet/packs/Microsoft.NETCore.App.Ref/9.0.4/ref/net9.0/System.Resources.Writer.dll /reference:/usr/share/dotnet/packs/Microsoft.NETCore.App.Ref/9.0.4/ref/net9.0/System.Runtime.CompilerServices.Unsafe.dll /reference:/usr/share/dotnet/packs/Microsoft.NETCore.App.Ref/9.0.4/ref/net9.0/System.Runtime.CompilerServices.VisualC.dll /reference:/usr/share/dotnet/packs/Microsoft.NETCore.App.Ref/9.0.4/ref/net9.0/System.Runtime.dll /reference:/usr/share/dotnet/packs/Microsoft.NETCore.App.Ref/9.0.4/ref/net9.0/System.Runtime.Extensions.dll /reference:/usr/share/dotnet/packs/Microsoft.NETCore.App.Ref/9.0.4/ref/net9.0/System.Runtime.Handles.dll /reference:/usr/share/dotnet/packs/Microsoft.NETCore.App.Ref/9.0.4/ref/net9.0/System.Runtime.InteropServices.dll /reference:/usr/share/dotnet/packs/Microsoft.NETCore.App.Ref/9.0.4/ref/net9.0/System.Runtime.InteropServices.JavaScript.dll /reference:/usr/share/dotnet/packs/Microsoft.NETCore.App.Ref/9.0.4/ref/net9.0/System.Runtime.InteropServices.RuntimeInformation.dll /reference:/usr/share/dotnet/packs/Microsoft.NETCore.App.Ref/9.0.4/ref/net9.0/System.Runtime.Intrinsics.dll /reference:/usr/share/dotnet/packs/Microsoft.NETCore.App.Ref/9.0.4/ref/net9.0/System.Runtime.Loader.dll /reference:/usr/share/dotnet/packs/Microsoft.NETCore.App.Ref/9.0.4/ref/net9.0/System.Runtime.Numerics.dll /reference:/usr/share/dotnet/packs/Microsoft.NETCore.App.Ref/9.0.4/ref/net9.0/System.Runtime.Serialization.dll /reference:/usr/share/dotnet/packs/Microsoft.NETCore.App.Ref/9.0.4/ref/net9.0/System.Runtime.Serialization.Formatters.dll /reference:/usr/share/dotnet/packs/Microsoft.NETCore.App.Ref/9.0.4/ref/net9.0/System.Runtime.Serialization.Json.dll /reference:/usr/share/dotnet/packs/Microsoft.NETCore.App.Ref/9.0.4/ref/net9.0/System.Runtime.Serialization.Primitives.dll /reference:/usr/share/dotnet/packs/Microsoft.NETCore.App.Ref/9.0.4/ref/net9.0/System.Runtime.Serialization.Xml.dll /reference:/usr/share/dotnet/packs/Microsoft.NETCore.App.Ref/9.0.4/ref/net9.0/System.Security.AccessControl.dll /reference:/usr/share/dotnet/packs/Microsoft.NETCore.App.Ref/9.0.4/ref/net9.0/System.Security.Claims.dll /reference:/usr/share/dotnet/packs/Microsoft.NETCore.App.Ref/9.0.4/ref/net9.0/System.Security.Cryptography.Algorithms.dll /reference:/usr/share/dotnet/packs/Microsoft.NETCore.App.Ref/9.0.4/ref/net9.0/System.Security.Cryptography.Cng.dll /reference:/usr/share/dotnet/packs/Microsoft.NETCore.App.Ref/9.0.4/ref/net9.0/System.Security.Cryptography.Csp.dll /reference:/usr/share/dotnet/packs/Microsoft.NETCore.App.Ref/9.0.4/ref/net9.0/System.Security.Cryptography.dll /reference:/usr/share/dotnet/packs/Microsoft.NETCore.App.Ref/9.0.4/ref/net9.0/System.Security.Cryptography.Encoding.dll /reference:/usr/share/dotnet/packs/Microsoft.NETCore.App.Ref/9.0.4/ref/net9.0/System.Security.Cryptography.OpenSsl.dll /reference:/usr/share/dotnet/packs/Microsoft.NETCore.App.Ref/9.0.4/ref/net9.0/System.Security.Cryptography.Primitives.dll /reference:/home/quinngil/.nuget/packages/system.security.cryptography.protecteddata/6.0.0/lib/net6.0/System.Security.Cryptography.ProtectedData.dll /reference:/usr/share/dotnet/packs/Microsoft.NETCore.App.Ref/9.0.4/ref/net9.0/System.Security.Cryptography.X509Certificates.dll /reference:/usr/share/dotnet/packs/Microsoft.NETCore.App.Ref/9.0.4/ref/net9.0/System.Security.dll /reference:/home/quinngil/.nuget/packages/system.security.permissions/6.0.0/lib/net6.0/System.Security.Permissions.dll /reference:/usr/share/dotnet/packs/Microsoft.NETCore.App.Ref/9.0.4/ref/net9.0/System.Security.Principal.dll /reference:/usr/share/dotnet/packs/Microsoft.NETCore.App.Ref/9.0.4/ref/net9.0/System.Security.Principal.Windows.dll /reference:/usr/share/dotnet/packs/Microsoft.NETCore.App.Ref/9.0.4/ref/net9.0/System.Security.SecureString.dll /reference:/usr/share/dotnet/packs/Microsoft.NETCore.App.Ref/9.0.4/ref/net9.0/System.ServiceModel.Web.dll /reference:/usr/share/dotnet/packs/Microsoft.NETCore.App.Ref/9.0.4/ref/net9.0/System.ServiceProcess.dll /reference:/usr/share/dotnet/packs/Microsoft.NETCore.App.Ref/9.0.4/ref/net9.0/System.Text.Encoding.CodePages.dll /reference:/usr/share/dotnet/packs/Microsoft.NETCore.App.Ref/9.0.4/ref/net9.0/System.Text.Encoding.dll /reference:/usr/share/dotnet/packs/Microsoft.NETCore.App.Ref/9.0.4/ref/net9.0/System.Text.Encoding.Extensions.dll /reference:/usr/share/dotnet/packs/Microsoft.NETCore.App.Ref/9.0.4/ref/net9.0/System.Text.Encodings.Web.dll /reference:/home/quinngil/.nuget/packages/system.text.json/9.0.8/lib/net9.0/System.Text.Json.dll /reference:/usr/share/dotnet/packs/Microsoft.NETCore.App.Ref/9.0.4/ref/net9.0/System.Text.RegularExpressions.dll /reference:/usr/share/dotnet/packs/Microsoft.NETCore.App.Ref/9.0.4/ref/net9.0/System.Threading.Channels.dll /reference:/usr/share/dotnet/packs/Microsoft.NETCore.App.Ref/9.0.4/ref/net9.0/System.Threading.dll /reference:/usr/share/dotnet/packs/Microsoft.NETCore.App.Ref/9.0.4/ref/net9.0/System.Threading.Overlapped.dll /reference:/home/quinngil/.nuget/packages/system.threading.ratelimiting/8.0.0/lib/net8.0/System.Threading.RateLimiting.dll /reference:/usr/share/dotnet/packs/Microsoft.NETCore.App.Ref/9.0.4/ref/net9.0/System.Threading.Tasks.Dataflow.dll /reference:/usr/share/dotnet/packs/Microsoft.NETCore.App.Ref/9.0.4/ref/net9.0/System.Threading.Tasks.dll /reference:/usr/share/dotnet/packs/Microsoft.NETCore.App.Ref/9.0.4/ref/net9.0/System.Threading.Tasks.Extensions.dll /reference:/usr/share/dotnet/packs/Microsoft.NETCore.App.Ref/9.0.4/ref/net9.0/System.Threading.Tasks.Parallel.dll /reference:/usr/share/dotnet/packs/Microsoft.NETCore.App.Ref/9.0.4/ref/net9.0/System.Threading.Thread.dll /reference:/usr/share/dotnet/packs/Microsoft.NETCore.App.Ref/9.0.4/ref/net9.0/System.Threading.ThreadPool.dll /reference:/usr/share/dotnet/packs/Microsoft.NETCore.App.Ref/9.0.4/ref/net9.0/System.Threading.Timer.dll /reference:/usr/share/dotnet/packs/Microsoft.NETCore.App.Ref/9.0.4/ref/net9.0/System.Transactions.dll /reference:/usr/share/dotnet/packs/Microsoft.NETCore.App.Ref/9.0.4/ref/net9.0/System.Transactions.Local.dll /reference:/usr/share/dotnet/packs/Microsoft.NETCore.App.Ref/9.0.4/ref/net9.0/System.ValueTuple.dll /reference:/usr/share/dotnet/packs/Microsoft.NETCore.App.Ref/9.0.4/ref/net9.0/System.Web.dll /reference:/usr/share/dotnet/packs/Microsoft.NETCore.App.Ref/9.0.4/ref/net9.0/System.Web.HttpUtility.dll /reference:/usr/share/dotnet/packs/Microsoft.NETCore.App.Ref/9.0.4/ref/net9.0/System.Windows.dll /reference:/home/quinngil/.nuget/packages/system.windows.extensions/6.0.0/lib/net6.0/System.Windows.Extensions.dll /reference:/usr/share/dotnet/packs/Microsoft.NETCore.App.Ref/9.0.4/ref/net9.0/System.Xml.dll /reference:/usr/share/dotnet/packs/Microsoft.NETCore.App.Ref/9.0.4/ref/net9.0/System.Xml.Linq.dll /reference:/usr/share/dotnet/packs/Microsoft.NETCore.App.Ref/9.0.4/ref/net9.0/System.Xml.ReaderWriter.dll /reference:/usr/share/dotnet/packs/Microsoft.NETCore.App.Ref/9.0.4/ref/net9.0/System.Xml.Serialization.dll /reference:/usr/share/dotnet/packs/Microsoft.NETCore.App.Ref/9.0.4/ref/net9.0/System.Xml.XDocument.dll /reference:/usr/share/dotnet/packs/Microsoft.NETCore.App.Ref/9.0.4/ref/net9.0/System.Xml.XmlDocument.dll /reference:/usr/share/dotnet/packs/Microsoft.NETCore.App.Ref/9.0.4/ref/net9.0/System.Xml.XmlSerializer.dll /reference:/usr/share/dotnet/packs/Microsoft.NETCore.App.Ref/9.0.4/ref/net9.0/System.Xml.XPath.dll /reference:/usr/share/dotnet/packs/Microsoft.NETCore.App.Ref/9.0.4/ref/net9.0/System.Xml.XPath.XDocument.dll /reference:/mnt/d/src/MtgDiscoveryVibeWorkspace/IMPLS/src/TestConvenience.Core/obj/Release/net9.0/ref/TestConvenience.Core.dll /reference:/home/quinngil/.nuget/packages/microsoft.testplatform.testhost/17.14.1/lib/net8.0/testhost.dll /reference:/usr/share/dotnet/packs/Microsoft.NETCore.App.Ref/9.0.4/ref/net9.0/WindowsBase.dll /debug- /debug:portable /filealign:512 /optimize+ /out:obj/Release/net9.0/Lib.Adapter.Scryfall.Cosmos.Tests.dll /refout:obj/Release/net9.0/refint/Lib.Adapter.Scryfall.Cosmos.Tests.dll /reportanalyzer /target:exe /warnaserror+ /utf8output /deterministic+ /sourcelink:obj/Release/net9.0/Lib.Adapter.Scryfall.Cosmos.Tests.sourcelink.json /langversion:latest /features:strict /embed:/home/quinngil/.nuget/packages/microsoft.net.test.sdk/17.14.1/build/net8.0/Microsoft.NET.Test.Sdk.Program.cs /embed:obj/Release/net9.0/Lib.Adapter.Scryfall.Cosmos.Tests.GlobalUsings.g.cs /embed:"obj/Release/net9.0/.NETCoreApp,Version=v9.0.AssemblyAttributes.cs" /embed:obj/Release/net9.0/Lib.Adapter.Scryfall.Cosmos.Tests.AssemblyInfo.cs /analyzerconfig:/mnt/d/src/MtgDiscoveryVibeWorkspace/IMPLS/src/.editorconfig /analyzerconfig:/home/quinngil/.nuget/packages/mstest.analyzers/3.10.1/buildTransitive/../globalconfigs/mstest-default.globalconfig /analyzerconfig:obj/Release/net9.0/Lib.Adapter.Scryfall.Cosmos.Tests.GeneratedMSBuildEditorConfig.editorconfig /analyzerconfig:/usr/share/dotnet/sdk/9.0.203/Sdks/Microsoft.NET.Sdk/analyzers/build/config/analysislevel_9_all_warnaserror.globalconfig /analyzer:/usr/share/dotnet/sdk/9.0.203/Sdks/Microsoft.NET.Sdk/targets/../analyzers/Microsoft.CodeAnalysis.CSharp.NetAnalyzers.dll /analyzer:/usr/share/dotnet/sdk/9.0.203/Sdks/Microsoft.NET.Sdk/targets/../analyzers/Microsoft.CodeAnalysis.NetAnalyzers.dll /analyzer:/usr/share/dotnet/sdk/9.0.203/Sdks/Microsoft.NET.Sdk/targets/../codestyle/cs/Microsoft.CodeAnalysis.CodeStyle.dll /analyzer:/usr/share/dotnet/sdk/9.0.203/Sdks/Microsoft.NET.Sdk/targets/../codestyle/cs/Microsoft.CodeAnalysis.CodeStyle.Fixes.dll /analyzer:/usr/share/dotnet/sdk/9.0.203/Sdks/Microsoft.NET.Sdk/targets/../codestyle/cs/Microsoft.CodeAnalysis.CSharp.CodeStyle.dll /analyzer:/usr/share/dotnet/sdk/9.0.203/Sdks/Microsoft.NET.Sdk/targets/../codestyle/cs/Microsoft.CodeAnalysis.CSharp.CodeStyle.Fixes.dll /analyzer:/home/quinngil/.nuget/packages/microsoft.codeanalysis.bannedapianalyzers/4.14.0/analyzers/dotnet/cs/Microsoft.CodeAnalysis.BannedApiAnalyzers.dll /analyzer:/home/quinngil/.nuget/packages/microsoft.codeanalysis.bannedapianalyzers/4.14.0/analyzers/dotnet/cs/Microsoft.CodeAnalysis.CSharp.BannedApiAnalyzers.dll /analyzer:/home/quinngil/.nuget/packages/microsoft.extensions.logging.abstractions/9.0.0/analyzers/dotnet/roslyn4.4/cs/Microsoft.Extensions.Logging.Generators.dll /analyzer:/home/quinngil/.nuget/packages/microsoft.extensions.options/9.0.0/analyzers/dotnet/roslyn4.4/cs/Microsoft.Extensions.Options.SourceGeneration.dll /analyzer:/home/quinngil/.nuget/packages/mstest.analyzers/3.10.1/analyzers/dotnet/cs/MSTest.Analyzers.CodeFixes.dll /analyzer:/home/quinngil/.nuget/packages/mstest.analyzers/3.10.1/analyzers/dotnet/cs/MSTest.Analyzers.dll /analyzer:/home/quinngil/.nuget/packages/system.clientmodel/1.5.1/analyzers/dotnet/cs/System.ClientModel.SourceGeneration.dll /analyzer:/home/quinngil/.nuget/packages/system.text.json/9.0.8/analyzers/dotnet/roslyn4.4/cs/System.Text.Json.SourceGeneration.dll /analyzer:/usr/share/dotnet/packs/Microsoft.NETCore.App.Ref/9.0.4/analyzers/dotnet/cs/Microsoft.Interop.ComInterfaceGenerator.dll /analyzer:/usr/share/dotnet/packs/Microsoft.NETCore.App.Ref/9.0.4/analyzers/dotnet/cs/Microsoft.Interop.JavaScript.JSImportGenerator.dll /analyzer:/usr/share/dotnet/packs/Microsoft.NETCore.App.Ref/9.0.4/analyzers/dotnet/cs/Microsoft.Interop.LibraryImportGenerator.dll /analyzer:/usr/share/dotnet/packs/Microsoft.NETCore.App.Ref/9.0.4/analyzers/dotnet/cs/Microsoft.Interop.SourceGeneration.dll /analyzer:/usr/share/dotnet/packs/Microsoft.NETCore.App.Ref/9.0.4/analyzers/dotnet/cs/System.Text.RegularExpressions.Generator.dll /additionalfile:/mnt/d/src/MtgDiscoveryVibeWorkspace/IMPLS/src/BannedSymbols.txt /additionalfile:/mnt/d/src/MtgDiscoveryVibeWorkspace/IMPLS/src/.editorconfig Apis/Operators/Scribes/UserCardsScribeTests.cs Cosmos/Containers/Definitions/UserCardsCosmosContainerDefinitionTests.cs Cosmos/Containers/UserCardsCosmosContainerTests.cs Cosmos/Primitives/UserCardsCosmosContainerNameTests.cs CosmosItems/UserCardItemTests.cs /home/quinngil/.nuget/packages/microsoft.net.test.sdk/17.14.1/build/net8.0/Microsoft.NET.Test.Sdk.Program.cs obj/Release/net9.0/Lib.Adapter.Scryfall.Cosmos.Tests.GlobalUsings.g.cs "obj/Release/net9.0/.NETCoreApp,Version=v9.0.AssemblyAttributes.cs" obj/Release/net9.0/Lib.Adapter.Scryfall.Cosmos.Tests.AssemblyInfo.cs /warnaserror+:NU1605,SYSLIB0011
    30>CopyFilesToOutputDirectory:
         Copying file from "/mnt/d/src/MtgDiscoveryVibeWorkspace/IMPLS/src/Lib.Aggregator.Scryfall.Shared/obj/Release/net9.0/Lib.Aggregator.Scryfall.Shared.pdb" to "/mnt/d/src/MtgDiscoveryVibeWorkspace/IMPLS/src/Lib.Aggregator.Scryfall.Shared/bin/Release/net9.0/Lib.Aggregator.Scryfall.Shared.pdb".
    30>Done Building Project "/mnt/d/src/MtgDiscoveryVibeWorkspace/IMPLS/src/Lib.Aggregator.Scryfall.Shared/Lib.Aggregator.Scryfall.Shared.csproj" (default targets).
    38>CopyFilesToOutputDirectory:
         Copying file from "/mnt/d/src/MtgDiscoveryVibeWorkspace/IMPLS/src/Lib.Adapter.UserCards/obj/Release/net9.0/Lib.Adapter.UserCards.dll" to "/mnt/d/src/MtgDiscoveryVibeWorkspace/IMPLS/src/Lib.Adapter.UserCards/bin/Release/net9.0/Lib.Adapter.UserCards.dll".
    27>CoreCompile:
         /usr/share/dotnet/dotnet exec "/usr/share/dotnet/sdk/9.0.203/Roslyn/bincore/csc.dll" /noconfig /unsafe- /checked- /nowarn:IDE0290,IDE2001,IDE0005,IDE0046,CA1716,CA1040,CA1056,1701,1702 /fullpaths /nostdlib+ /errorreport:prompt /warn:9 /define:TRACE;RELEASE;NET;NET9_0;NETCOREAPP;NET5_0_OR_GREATER;NET6_0_OR_GREATER;NET7_0_OR_GREATER;NET8_0_OR_GREATER;NET9_0_OR_GREATER;NETCOREAPP1_0_OR_GREATER;NETCOREAPP1_1_OR_GREATER;NETCOREAPP2_0_OR_GREATER;NETCOREAPP2_1_OR_GREATER;NETCOREAPP2_2_OR_GREATER;NETCOREAPP3_0_OR_GREATER;NETCOREAPP3_1_OR_GREATER /highentropyva+ /nullable:warnings /reference:/home/quinngil/.nuget/packages/azure.core/1.47.1/lib/net8.0/Azure.Core.dll /reference:/home/quinngil/.nuget/packages/azure.resourcemanager.authorization/1.1.5/lib/net8.0/Azure.ResourceManager.Authorization.dll /reference:/home/quinngil/.nuget/packages/azure.resourcemanager.cosmosdb/1.3.2/lib/netstandard2.0/Azure.ResourceManager.CosmosDB.dll /reference:/home/quinngil/.nuget/packages/azure.resourcemanager/1.13.2/lib/net8.0/Azure.ResourceManager.dll /reference:/home/quinngil/.nuget/packages/jetbrains.annotations/2025.2.0/lib/netstandard2.0/JetBrains.Annotations.dll /reference:/mnt/d/src/MtgDiscoveryVibeWorkspace/IMPLS/src/Lib.Adapter.Scryfall.Cosmos/obj/Release/net9.0/ref/Lib.Adapter.Scryfall.Cosmos.dll /reference:/mnt/d/src/MtgDiscoveryVibeWorkspace/IMPLS/src/Lib.Cosmos/obj/Release/net9.0/ref/Lib.Cosmos.dll /reference:/mnt/d/src/MtgDiscoveryVibeWorkspace/IMPLS/src/Lib.Scryfall.Shared/obj/Release/net9.0/ref/Lib.Scryfall.Shared.dll /reference:/mnt/d/src/MtgDiscoveryVibeWorkspace/IMPLS/src/Lib.Shared.Abstractions/obj/Release/net9.0/ref/Lib.Shared.Abstractions.dll /reference:/mnt/d/src/MtgDiscoveryVibeWorkspace/IMPLS/src/Lib.Universal/obj/Release/net9.0/ref/Lib.Universal.dll /reference:/home/quinngil/.nuget/packages/microsoft.azure.cosmos/3.52.1/lib/netstandard2.0/Microsoft.Azure.Cosmos.Client.dll /reference:/home/quinngil/.nuget/packages/microsoft.azure.cosmos/3.52.1/lib/netstandard2.0/Microsoft.Azure.Cosmos.Core.dll /reference:/home/quinngil/.nuget/packages/microsoft.azure.cosmos/3.52.1/lib/netstandard2.0/Microsoft.Azure.Cosmos.Direct.dll /reference:/home/quinngil/.nuget/packages/microsoft.azure.cosmos/3.52.1/lib/netstandard2.0/Microsoft.Azure.Cosmos.Serialization.HybridRow.dll /reference:/home/quinngil/.nuget/packages/microsoft.bcl.asyncinterfaces/8.0.0/lib/netstandard2.1/Microsoft.Bcl.AsyncInterfaces.dll /reference:/home/quinngil/.nuget/packages/microsoft.bcl.hashcode/1.1.0/ref/netcoreapp2.1/Microsoft.Bcl.HashCode.dll /reference:/usr/share/dotnet/packs/Microsoft.NETCore.App.Ref/9.0.4/ref/net9.0/Microsoft.CSharp.dll /reference:/home/quinngil/.nuget/packages/microsoft.extensions.caching.abstractions/9.0.0/lib/net9.0/Microsoft.Extensions.Caching.Abstractions.dll /reference:/home/quinngil/.nuget/packages/microsoft.extensions.caching.memory/9.0.0/lib/net9.0/Microsoft.Extensions.Caching.Memory.dll /reference:/home/quinngil/.nuget/packages/microsoft.extensions.configuration.abstractions/9.0.5/lib/net9.0/Microsoft.Extensions.Configuration.Abstractions.dll /reference:/home/quinngil/.nuget/packages/microsoft.extensions.dependencyinjection.abstractions/9.0.0/lib/net9.0/Microsoft.Extensions.DependencyInjection.Abstractions.dll /reference:/home/quinngil/.nuget/packages/microsoft.extensions.logging.abstractions/9.0.0/lib/net9.0/Microsoft.Extensions.Logging.Abstractions.dll /reference:/home/quinngil/.nuget/packages/microsoft.extensions.options/9.0.0/lib/net9.0/Microsoft.Extensions.Options.dll /reference:/home/quinngil/.nuget/packages/microsoft.extensions.primitives/9.0.5/lib/net9.0/Microsoft.Extensions.Primitives.dll /reference:/home/quinngil/.nuget/packages/microsoft.identitymodel.abstractions/8.0.1/lib/net9.0/Microsoft.IdentityModel.Abstractions.dll /reference:/home/quinngil/.nuget/packages/microsoft.identitymodel.jsonwebtokens/8.0.1/lib/net9.0/Microsoft.IdentityModel.JsonWebTokens.dll /reference:/home/quinngil/.nuget/packages/microsoft.identitymodel.logging/8.0.1/lib/net9.0/Microsoft.IdentityModel.Logging.dll /reference:/home/quinngil/.nuget/packages/microsoft.identitymodel.tokens/8.0.1/lib/net9.0/Microsoft.IdentityModel.Tokens.dll /reference:/usr/share/dotnet/packs/Microsoft.NETCore.App.Ref/9.0.4/ref/net9.0/Microsoft.VisualBasic.Core.dll /reference:/usr/share/dotnet/packs/Microsoft.NETCore.App.Ref/9.0.4/ref/net9.0/Microsoft.VisualBasic.dll /reference:/usr/share/dotnet/packs/Microsoft.NETCore.App.Ref/9.0.4/ref/net9.0/Microsoft.Win32.Primitives.dll /reference:/usr/share/dotnet/packs/Microsoft.NETCore.App.Ref/9.0.4/ref/net9.0/Microsoft.Win32.Registry.dll /reference:/home/quinngil/.nuget/packages/microsoft.win32.systemevents/6.0.0/lib/net6.0/Microsoft.Win32.SystemEvents.dll /reference:/usr/share/dotnet/packs/Microsoft.NETCore.App.Ref/9.0.4/ref/net9.0/mscorlib.dll /reference:/usr/share/dotnet/packs/Microsoft.NETCore.App.Ref/9.0.4/ref/net9.0/netstandard.dll /reference:/home/quinngil/.nuget/packages/newtonsoft.json/13.0.3/lib/net6.0/Newtonsoft.Json.dll /reference:/home/quinngil/.nuget/packages/polly.core/8.5.2/lib/net8.0/Polly.Core.dll /reference:/home/quinngil/.nuget/packages/polly/8.5.2/lib/net6.0/Polly.dll /reference:/home/quinngil/.nuget/packages/polly.ratelimiting/8.5.2/lib/net8.0/Polly.RateLimiting.dll /reference:/usr/share/dotnet/packs/Microsoft.NETCore.App.Ref/9.0.4/ref/net9.0/System.AppContext.dll /reference:/usr/share/dotnet/packs/Microsoft.NETCore.App.Ref/9.0.4/ref/net9.0/System.Buffers.dll /reference:/home/quinngil/.nuget/packages/system.clientmodel/1.5.1/lib/net8.0/System.ClientModel.dll /reference:/usr/share/dotnet/packs/Microsoft.NETCore.App.Ref/9.0.4/ref/net9.0/System.Collections.Concurrent.dll /reference:/usr/share/dotnet/packs/Microsoft.NETCore.App.Ref/9.0.4/ref/net9.0/System.Collections.dll /reference:/usr/share/dotnet/packs/Microsoft.NETCore.App.Ref/9.0.4/ref/net9.0/System.Collections.Immutable.dll /reference:/usr/share/dotnet/packs/Microsoft.NETCore.App.Ref/9.0.4/ref/net9.0/System.Collections.NonGeneric.dll /reference:/usr/share/dotnet/packs/Microsoft.NETCore.App.Ref/9.0.4/ref/net9.0/System.Collections.Specialized.dll /reference:/usr/share/dotnet/packs/Microsoft.NETCore.App.Ref/9.0.4/ref/net9.0/System.ComponentModel.Annotations.dll /reference:/usr/share/dotnet/packs/Microsoft.NETCore.App.Ref/9.0.4/ref/net9.0/System.ComponentModel.DataAnnotations.dll /reference:/usr/share/dotnet/packs/Microsoft.NETCore.App.Ref/9.0.4/ref/net9.0/System.ComponentModel.dll /reference:/usr/share/dotnet/packs/Microsoft.NETCore.App.Ref/9.0.4/ref/net9.0/System.ComponentModel.EventBasedAsync.dll /reference:/usr/share/dotnet/packs/Microsoft.NETCore.App.Ref/9.0.4/ref/net9.0/System.ComponentModel.Primitives.dll /reference:/usr/share/dotnet/packs/Microsoft.NETCore.App.Ref/9.0.4/ref/net9.0/System.ComponentModel.TypeConverter.dll /reference:/home/quinngil/.nuget/packages/system.configuration.configurationmanager/6.0.0/lib/net6.0/System.Configuration.ConfigurationManager.dll /reference:/usr/share/dotnet/packs/Microsoft.NETCore.App.Ref/9.0.4/ref/net9.0/System.Configuration.dll /reference:/usr/share/dotnet/packs/Microsoft.NETCore.App.Ref/9.0.4/ref/net9.0/System.Console.dll /reference:/usr/share/dotnet/packs/Microsoft.NETCore.App.Ref/9.0.4/ref/net9.0/System.Core.dll /reference:/usr/share/dotnet/packs/Microsoft.NETCore.App.Ref/9.0.4/ref/net9.0/System.Data.Common.dll /reference:/usr/share/dotnet/packs/Microsoft.NETCore.App.Ref/9.0.4/ref/net9.0/System.Data.DataSetExtensions.dll /reference:/usr/share/dotnet/packs/Microsoft.NETCore.App.Ref/9.0.4/ref/net9.0/System.Data.dll /reference:/usr/share/dotnet/packs/Microsoft.NETCore.App.Ref/9.0.4/ref/net9.0/System.Diagnostics.Contracts.dll /reference:/usr/share/dotnet/packs/Microsoft.NETCore.App.Ref/9.0.4/ref/net9.0/System.Diagnostics.Debug.dll /reference:/usr/share/dotnet/packs/Microsoft.NETCore.App.Ref/9.0.4/ref/net9.0/System.Diagnostics.DiagnosticSource.dll /reference:/usr/share/dotnet/packs/Microsoft.NETCore.App.Ref/9.0.4/ref/net9.0/System.Diagnostics.FileVersionInfo.dll /reference:/usr/share/dotnet/packs/Microsoft.NETCore.App.Ref/9.0.4/ref/net9.0/System.Diagnostics.Process.dll /reference:/usr/share/dotnet/packs/Microsoft.NETCore.App.Ref/9.0.4/ref/net9.0/System.Diagnostics.StackTrace.dll /reference:/usr/share/dotnet/packs/Microsoft.NETCore.App.Ref/9.0.4/ref/net9.0/System.Diagnostics.TextWriterTraceListener.dll /reference:/usr/share/dotnet/packs/Microsoft.NETCore.App.Ref/9.0.4/ref/net9.0/System.Diagnostics.Tools.dll /reference:/usr/share/dotnet/packs/Microsoft.NETCore.App.Ref/9.0.4/ref/net9.0/System.Diagnostics.TraceSource.dll /reference:/usr/share/dotnet/packs/Microsoft.NETCore.App.Ref/9.0.4/ref/net9.0/System.Diagnostics.Tracing.dll /reference:/usr/share/dotnet/packs/Microsoft.NETCore.App.Ref/9.0.4/ref/net9.0/System.dll /reference:/home/quinngil/.nuget/packages/system.drawing.common/6.0.0/lib/net6.0/System.Drawing.Common.dll /reference:/usr/share/dotnet/packs/Microsoft.NETCore.App.Ref/9.0.4/ref/net9.0/System.Drawing.dll /reference:/usr/share/dotnet/packs/Microsoft.NETCore.App.Ref/9.0.4/ref/net9.0/System.Drawing.Primitives.dll /reference:/usr/share/dotnet/packs/Microsoft.NETCore.App.Ref/9.0.4/ref/net9.0/System.Dynamic.Runtime.dll /reference:/usr/share/dotnet/packs/Microsoft.NETCore.App.Ref/9.0.4/ref/net9.0/System.Formats.Asn1.dll /reference:/usr/share/dotnet/packs/Microsoft.NETCore.App.Ref/9.0.4/ref/net9.0/System.Formats.Tar.dll /reference:/usr/share/dotnet/packs/Microsoft.NETCore.App.Ref/9.0.4/ref/net9.0/System.Globalization.Calendars.dll /reference:/usr/share/dotnet/packs/Microsoft.NETCore.App.Ref/9.0.4/ref/net9.0/System.Globalization.dll /reference:/usr/share/dotnet/packs/Microsoft.NETCore.App.Ref/9.0.4/ref/net9.0/System.Globalization.Extensions.dll /reference:/home/quinngil/.nuget/packages/system.identitymodel.tokens.jwt/8.0.1/lib/net9.0/System.IdentityModel.Tokens.Jwt.dll /reference:/usr/share/dotnet/packs/Microsoft.NETCore.App.Ref/9.0.4/ref/net9.0/System.IO.Compression.Brotli.dll /reference:/usr/share/dotnet/packs/Microsoft.NETCore.App.Ref/9.0.4/ref/net9.0/System.IO.Compression.dll /reference:/usr/share/dotnet/packs/Microsoft.NETCore.App.Ref/9.0.4/ref/net9.0/System.IO.Compression.FileSystem.dll /reference:/usr/share/dotnet/packs/Microsoft.NETCore.App.Ref/9.0.4/ref/net9.0/System.IO.Compression.ZipFile.dll /reference:/usr/share/dotnet/packs/Microsoft.NETCore.App.Ref/9.0.4/ref/net9.0/System.IO.dll /reference:/usr/share/dotnet/packs/Microsoft.NETCore.App.Ref/9.0.4/ref/net9.0/System.IO.FileSystem.AccessControl.dll /reference:/usr/share/dotnet/packs/Microsoft.NETCore.App.Ref/9.0.4/ref/net9.0/System.IO.FileSystem.dll /reference:/usr/share/dotnet/packs/Microsoft.NETCore.App.Ref/9.0.4/ref/net9.0/System.IO.FileSystem.DriveInfo.dll /reference:/usr/share/dotnet/packs/Microsoft.NETCore.App.Ref/9.0.4/ref/net9.0/System.IO.FileSystem.Primitives.dll /reference:/usr/share/dotnet/packs/Microsoft.NETCore.App.Ref/9.0.4/ref/net9.0/System.IO.FileSystem.Watcher.dll /reference:/usr/share/dotnet/packs/Microsoft.NETCore.App.Ref/9.0.4/ref/net9.0/System.IO.IsolatedStorage.dll /reference:/usr/share/dotnet/packs/Microsoft.NETCore.App.Ref/9.0.4/ref/net9.0/System.IO.MemoryMappedFiles.dll /reference:/usr/share/dotnet/packs/Microsoft.NETCore.App.Ref/9.0.4/ref/net9.0/System.IO.Pipelines.dll /reference:/usr/share/dotnet/packs/Microsoft.NETCore.App.Ref/9.0.4/ref/net9.0/System.IO.Pipes.AccessControl.dll /reference:/usr/share/dotnet/packs/Microsoft.NETCore.App.Ref/9.0.4/ref/net9.0/System.IO.Pipes.dll /reference:/usr/share/dotnet/packs/Microsoft.NETCore.App.Ref/9.0.4/ref/net9.0/System.IO.UnmanagedMemoryStream.dll /reference:/usr/share/dotnet/packs/Microsoft.NETCore.App.Ref/9.0.4/ref/net9.0/System.Linq.dll /reference:/usr/share/dotnet/packs/Microsoft.NETCore.App.Ref/9.0.4/ref/net9.0/System.Linq.Expressions.dll /reference:/usr/share/dotnet/packs/Microsoft.NETCore.App.Ref/9.0.4/ref/net9.0/System.Linq.Parallel.dll /reference:/usr/share/dotnet/packs/Microsoft.NETCore.App.Ref/9.0.4/ref/net9.0/System.Linq.Queryable.dll /reference:/home/quinngil/.nuget/packages/system.memory.data/8.0.1/lib/net8.0/System.Memory.Data.dll /reference:/usr/share/dotnet/packs/Microsoft.NETCore.App.Ref/9.0.4/ref/net9.0/System.Memory.dll /reference:/usr/share/dotnet/packs/Microsoft.NETCore.App.Ref/9.0.4/ref/net9.0/System.Net.dll /reference:/usr/share/dotnet/packs/Microsoft.NETCore.App.Ref/9.0.4/ref/net9.0/System.Net.Http.dll /reference:/usr/share/dotnet/packs/Microsoft.NETCore.App.Ref/9.0.4/ref/net9.0/System.Net.Http.Json.dll /reference:/usr/share/dotnet/packs/Microsoft.NETCore.App.Ref/9.0.4/ref/net9.0/System.Net.HttpListener.dll /reference:/usr/share/dotnet/packs/Microsoft.NETCore.App.Ref/9.0.4/ref/net9.0/System.Net.Mail.dll /reference:/usr/share/dotnet/packs/Microsoft.NETCore.App.Ref/9.0.4/ref/net9.0/System.Net.NameResolution.dll /reference:/usr/share/dotnet/packs/Microsoft.NETCore.App.Ref/9.0.4/ref/net9.0/System.Net.NetworkInformation.dll /reference:/usr/share/dotnet/packs/Microsoft.NETCore.App.Ref/9.0.4/ref/net9.0/System.Net.Ping.dll /reference:/usr/share/dotnet/packs/Microsoft.NETCore.App.Ref/9.0.4/ref/net9.0/System.Net.Primitives.dll /reference:/usr/share/dotnet/packs/Microsoft.NETCore.App.Ref/9.0.4/ref/net9.0/System.Net.Quic.dll /reference:/usr/share/dotnet/packs/Microsoft.NETCore.App.Ref/9.0.4/ref/net9.0/System.Net.Requests.dll /reference:/usr/share/dotnet/packs/Microsoft.NETCore.App.Ref/9.0.4/ref/net9.0/System.Net.Security.dll /reference:/usr/share/dotnet/packs/Microsoft.NETCore.App.Ref/9.0.4/ref/net9.0/System.Net.ServicePoint.dll /reference:/usr/share/dotnet/packs/Microsoft.NETCore.App.Ref/9.0.4/ref/net9.0/System.Net.Sockets.dll /reference:/usr/share/dotnet/packs/Microsoft.NETCore.App.Ref/9.0.4/ref/net9.0/System.Net.WebClient.dll /reference:/usr/share/dotnet/packs/Microsoft.NETCore.App.Ref/9.0.4/ref/net9.0/System.Net.WebHeaderCollection.dll /reference:/usr/share/dotnet/packs/Microsoft.NETCore.App.Ref/9.0.4/ref/net9.0/System.Net.WebProxy.dll /reference:/usr/share/dotnet/packs/Microsoft.NETCore.App.Ref/9.0.4/ref/net9.0/System.Net.WebSockets.Client.dll /reference:/usr/share/dotnet/packs/Microsoft.NETCore.App.Ref/9.0.4/ref/net9.0/System.Net.WebSockets.dll /reference:/usr/share/dotnet/packs/Microsoft.NETCore.App.Ref/9.0.4/ref/net9.0/System.Numerics.dll /reference:/usr/share/dotnet/packs/Microsoft.NETCore.App.Ref/9.0.4/ref/net9.0/System.Numerics.Vectors.dll /reference:/usr/share/dotnet/packs/Microsoft.NETCore.App.Ref/9.0.4/ref/net9.0/System.ObjectModel.dll /reference:/usr/share/dotnet/packs/Microsoft.NETCore.App.Ref/9.0.4/ref/net9.0/System.Reflection.DispatchProxy.dll /reference:/usr/share/dotnet/packs/Microsoft.NETCore.App.Ref/9.0.4/ref/net9.0/System.Reflection.dll /reference:/usr/share/dotnet/packs/Microsoft.NETCore.App.Ref/9.0.4/ref/net9.0/System.Reflection.Emit.dll /reference:/usr/share/dotnet/packs/Microsoft.NETCore.App.Ref/9.0.4/ref/net9.0/System.Reflection.Emit.ILGeneration.dll /reference:/usr/share/dotnet/packs/Microsoft.NETCore.App.Ref/9.0.4/ref/net9.0/System.Reflection.Emit.Lightweight.dll /reference:/usr/share/dotnet/packs/Microsoft.NETCore.App.Ref/9.0.4/ref/net9.0/System.Reflection.Extensions.dll /reference:/usr/share/dotnet/packs/Microsoft.NETCore.App.Ref/9.0.4/ref/net9.0/System.Reflection.Metadata.dll /reference:/usr/share/dotnet/packs/Microsoft.NETCore.App.Ref/9.0.4/ref/net9.0/System.Reflection.Primitives.dll /reference:/usr/share/dotnet/packs/Microsoft.NETCore.App.Ref/9.0.4/ref/net9.0/System.Reflection.TypeExtensions.dll /reference:/usr/share/dotnet/packs/Microsoft.NETCore.App.Ref/9.0.4/ref/net9.0/System.Resources.Reader.dll /reference:/usr/share/dotnet/packs/Microsoft.NETCore.App.Ref/9.0.4/ref/net9.0/System.Resources.ResourceManager.dll /reference:/usr/share/dotnet/packs/Microsoft.NETCore.App.Ref/9.0.4/ref/net9.0/System.Resources.Writer.dll /reference:/usr/share/dotnet/packs/Microsoft.NETCore.App.Ref/9.0.4/ref/net9.0/System.Runtime.CompilerServices.Unsafe.dll /reference:/usr/share/dotnet/packs/Microsoft.NETCore.App.Ref/9.0.4/ref/net9.0/System.Runtime.CompilerServices.VisualC.dll /reference:/usr/share/dotnet/packs/Microsoft.NETCore.App.Ref/9.0.4/ref/net9.0/System.Runtime.dll /reference:/usr/share/dotnet/packs/Microsoft.NETCore.App.Ref/9.0.4/ref/net9.0/System.Runtime.Extensions.dll /reference:/usr/share/dotnet/packs/Microsoft.NETCore.App.Ref/9.0.4/ref/net9.0/System.Runtime.Handles.dll /reference:/usr/share/dotnet/packs/Microsoft.NETCore.App.Ref/9.0.4/ref/net9.0/System.Runtime.InteropServices.dll /reference:/usr/share/dotnet/packs/Microsoft.NETCore.App.Ref/9.0.4/ref/net9.0/System.Runtime.InteropServices.JavaScript.dll /reference:/usr/share/dotnet/packs/Microsoft.NETCore.App.Ref/9.0.4/ref/net9.0/System.Runtime.InteropServices.RuntimeInformation.dll /reference:/usr/share/dotnet/packs/Microsoft.NETCore.App.Ref/9.0.4/ref/net9.0/System.Runtime.Intrinsics.dll /reference:/usr/share/dotnet/packs/Microsoft.NETCore.App.Ref/9.0.4/ref/net9.0/System.Runtime.Loader.dll /reference:/usr/share/dotnet/packs/Microsoft.NETCore.App.Ref/9.0.4/ref/net9.0/System.Runtime.Numerics.dll /reference:/usr/share/dotnet/packs/Microsoft.NETCore.App.Ref/9.0.4/ref/net9.0/System.Runtime.Serialization.dll /reference:/usr/share/dotnet/packs/Microsoft.NETCore.App.Ref/9.0.4/ref/net9.0/System.Runtime.Serialization.Formatters.dll /reference:/usr/share/dotnet/packs/Microsoft.NETCore.App.Ref/9.0.4/ref/net9.0/System.Runtime.Serialization.Json.dll /reference:/usr/share/dotnet/packs/Microsoft.NETCore.App.Ref/9.0.4/ref/net9.0/System.Runtime.Serialization.Primitives.dll /reference:/usr/share/dotnet/packs/Microsoft.NETCore.App.Ref/9.0.4/ref/net9.0/System.Runtime.Serialization.Xml.dll /reference:/usr/share/dotnet/packs/Microsoft.NETCore.App.Ref/9.0.4/ref/net9.0/System.Security.AccessControl.dll /reference:/usr/share/dotnet/packs/Microsoft.NETCore.App.Ref/9.0.4/ref/net9.0/System.Security.Claims.dll /reference:/usr/share/dotnet/packs/Microsoft.NETCore.App.Ref/9.0.4/ref/net9.0/System.Security.Cryptography.Algorithms.dll /reference:/usr/share/dotnet/packs/Microsoft.NETCore.App.Ref/9.0.4/ref/net9.0/System.Security.Cryptography.Cng.dll /reference:/usr/share/dotnet/packs/Microsoft.NETCore.App.Ref/9.0.4/ref/net9.0/System.Security.Cryptography.Csp.dll /reference:/usr/share/dotnet/packs/Microsoft.NETCore.App.Ref/9.0.4/ref/net9.0/System.Security.Cryptography.dll /reference:/usr/share/dotnet/packs/Microsoft.NETCore.App.Ref/9.0.4/ref/net9.0/System.Security.Cryptography.Encoding.dll /reference:/usr/share/dotnet/packs/Microsoft.NETCore.App.Ref/9.0.4/ref/net9.0/System.Security.Cryptography.OpenSsl.dll /reference:/usr/share/dotnet/packs/Microsoft.NETCore.App.Ref/9.0.4/ref/net9.0/System.Security.Cryptography.Primitives.dll /reference:/home/quinngil/.nuget/packages/system.security.cryptography.protecteddata/6.0.0/lib/net6.0/System.Security.Cryptography.ProtectedData.dll /reference:/usr/share/dotnet/packs/Microsoft.NETCore.App.Ref/9.0.4/ref/net9.0/System.Security.Cryptography.X509Certificates.dll /reference:/usr/share/dotnet/packs/Microsoft.NETCore.App.Ref/9.0.4/ref/net9.0/System.Security.dll /reference:/home/quinngil/.nuget/packages/system.security.permissions/6.0.0/lib/net6.0/System.Security.Permissions.dll /reference:/usr/share/dotnet/packs/Microsoft.NETCore.App.Ref/9.0.4/ref/net9.0/System.Security.Principal.dll /reference:/usr/share/dotnet/packs/Microsoft.NETCore.App.Ref/9.0.4/ref/net9.0/System.Security.Principal.Windows.dll /reference:/usr/share/dotnet/packs/Microsoft.NETCore.App.Ref/9.0.4/ref/net9.0/System.Security.SecureString.dll /reference:/usr/share/dotnet/packs/Microsoft.NETCore.App.Ref/9.0.4/ref/net9.0/System.ServiceModel.Web.dll /reference:/usr/share/dotnet/packs/Microsoft.NETCore.App.Ref/9.0.4/ref/net9.0/System.ServiceProcess.dll /reference:/usr/share/dotnet/packs/Microsoft.NETCore.App.Ref/9.0.4/ref/net9.0/System.Text.Encoding.CodePages.dll /reference:/usr/share/dotnet/packs/Microsoft.NETCore.App.Ref/9.0.4/ref/net9.0/System.Text.Encoding.dll /reference:/usr/share/dotnet/packs/Microsoft.NETCore.App.Ref/9.0.4/ref/net9.0/System.Text.Encoding.Extensions.dll /reference:/usr/share/dotnet/packs/Microsoft.NETCore.App.Ref/9.0.4/ref/net9.0/System.Text.Encodings.Web.dll /reference:/home/quinngil/.nuget/packages/system.text.json/9.0.8/lib/net9.0/System.Text.Json.dll /reference:/usr/share/dotnet/packs/Microsoft.NETCore.App.Ref/9.0.4/ref/net9.0/System.Text.RegularExpressions.dll /reference:/usr/share/dotnet/packs/Microsoft.NETCore.App.Ref/9.0.4/ref/net9.0/System.Threading.Channels.dll /reference:/usr/share/dotnet/packs/Microsoft.NETCore.App.Ref/9.0.4/ref/net9.0/System.Threading.dll /reference:/usr/share/dotnet/packs/Microsoft.NETCore.App.Ref/9.0.4/ref/net9.0/System.Threading.Overlapped.dll /reference:/home/quinngil/.nuget/packages/system.threading.ratelimiting/8.0.0/lib/net8.0/System.Threading.RateLimiting.dll /reference:/usr/share/dotnet/packs/Microsoft.NETCore.App.Ref/9.0.4/ref/net9.0/System.Threading.Tasks.Dataflow.dll /reference:/usr/share/dotnet/packs/Microsoft.NETCore.App.Ref/9.0.4/ref/net9.0/System.Threading.Tasks.dll /reference:/usr/share/dotnet/packs/Microsoft.NETCore.App.Ref/9.0.4/ref/net9.0/System.Threading.Tasks.Extensions.dll /reference:/usr/share/dotnet/packs/Microsoft.NETCore.App.Ref/9.0.4/ref/net9.0/System.Threading.Tasks.Parallel.dll /reference:/usr/share/dotnet/packs/Microsoft.NETCore.App.Ref/9.0.4/ref/net9.0/System.Threading.Thread.dll /reference:/usr/share/dotnet/packs/Microsoft.NETCore.App.Ref/9.0.4/ref/net9.0/System.Threading.ThreadPool.dll /reference:/usr/share/dotnet/packs/Microsoft.NETCore.App.Ref/9.0.4/ref/net9.0/System.Threading.Timer.dll /reference:/usr/share/dotnet/packs/Microsoft.NETCore.App.Ref/9.0.4/ref/net9.0/System.Transactions.dll /reference:/usr/share/dotnet/packs/Microsoft.NETCore.App.Ref/9.0.4/ref/net9.0/System.Transactions.Local.dll /reference:/usr/share/dotnet/packs/Microsoft.NETCore.App.Ref/9.0.4/ref/net9.0/System.ValueTuple.dll /reference:/usr/share/dotnet/packs/Microsoft.NETCore.App.Ref/9.0.4/ref/net9.0/System.Web.dll /reference:/usr/share/dotnet/packs/Microsoft.NETCore.App.Ref/9.0.4/ref/net9.0/System.Web.HttpUtility.dll /reference:/usr/share/dotnet/packs/Microsoft.NETCore.App.Ref/9.0.4/ref/net9.0/System.Windows.dll /reference:/home/quinngil/.nuget/packages/system.windows.extensions/6.0.0/lib/net6.0/System.Windows.Extensions.dll /reference:/usr/share/dotnet/packs/Microsoft.NETCore.App.Ref/9.0.4/ref/net9.0/System.Xml.dll /reference:/usr/share/dotnet/packs/Microsoft.NETCore.App.Ref/9.0.4/ref/net9.0/System.Xml.Linq.dll /reference:/usr/share/dotnet/packs/Microsoft.NETCore.App.Ref/9.0.4/ref/net9.0/System.Xml.ReaderWriter.dll /reference:/usr/share/dotnet/packs/Microsoft.NETCore.App.Ref/9.0.4/ref/net9.0/System.Xml.Serialization.dll /reference:/usr/share/dotnet/packs/Microsoft.NETCore.App.Ref/9.0.4/ref/net9.0/System.Xml.XDocument.dll /reference:/usr/share/dotnet/packs/Microsoft.NETCore.App.Ref/9.0.4/ref/net9.0/System.Xml.XmlDocument.dll /reference:/usr/share/dotnet/packs/Microsoft.NETCore.App.Ref/9.0.4/ref/net9.0/System.Xml.XmlSerializer.dll /reference:/usr/share/dotnet/packs/Microsoft.NETCore.App.Ref/9.0.4/ref/net9.0/System.Xml.XPath.dll /reference:/usr/share/dotnet/packs/Microsoft.NETCore.App.Ref/9.0.4/ref/net9.0/System.Xml.XPath.XDocument.dll /reference:/usr/share/dotnet/packs/Microsoft.NETCore.App.Ref/9.0.4/ref/net9.0/WindowsBase.dll /debug- /debug:portable /filealign:512 /optimize+ /out:obj/Release/net9.0/Lib.Scryfall.Ingestion.dll /refout:obj/Release/net9.0/refint/Lib.Scryfall.Ingestion.dll /reportanalyzer /target:library /warnaserror+ /utf8output /deterministic+ /sourcelink:obj/Release/net9.0/Lib.Scryfall.Ingestion.sourcelink.json /langversion:latest /features:strict /embed:"obj/Release/net9.0/.NETCoreApp,Version=v9.0.AssemblyAttributes.cs" /embed:obj/Release/net9.0/Lib.Scryfall.Ingestion.AssemblyInfo.cs /analyzerconfig:/mnt/d/src/MtgDiscoveryVibeWorkspace/IMPLS/src/.editorconfig /analyzerconfig:obj/Release/net9.0/Lib.Scryfall.Ingestion.GeneratedMSBuildEditorConfig.editorconfig /analyzerconfig:/usr/share/dotnet/sdk/9.0.203/Sdks/Microsoft.NET.Sdk/analyzers/build/config/analysislevel_9_all_warnaserror.globalconfig /analyzer:/usr/share/dotnet/sdk/9.0.203/Sdks/Microsoft.NET.Sdk/targets/../analyzers/Microsoft.CodeAnalysis.CSharp.NetAnalyzers.dll /analyzer:/usr/share/dotnet/sdk/9.0.203/Sdks/Microsoft.NET.Sdk/targets/../analyzers/Microsoft.CodeAnalysis.NetAnalyzers.dll /analyzer:/usr/share/dotnet/sdk/9.0.203/Sdks/Microsoft.NET.Sdk/targets/../codestyle/cs/Microsoft.CodeAnalysis.CodeStyle.dll /analyzer:/usr/share/dotnet/sdk/9.0.203/Sdks/Microsoft.NET.Sdk/targets/../codestyle/cs/Microsoft.CodeAnalysis.CodeStyle.Fixes.dll /analyzer:/usr/share/dotnet/sdk/9.0.203/Sdks/Microsoft.NET.Sdk/targets/../codestyle/cs/Microsoft.CodeAnalysis.CSharp.CodeStyle.dll /analyzer:/usr/share/dotnet/sdk/9.0.203/Sdks/Microsoft.NET.Sdk/targets/../codestyle/cs/Microsoft.CodeAnalysis.CSharp.CodeStyle.Fixes.dll /analyzer:/home/quinngil/.nuget/packages/microsoft.codeanalysis.bannedapianalyzers/4.14.0/analyzers/dotnet/cs/Microsoft.CodeAnalysis.BannedApiAnalyzers.dll /analyzer:/home/quinngil/.nuget/packages/microsoft.codeanalysis.bannedapianalyzers/4.14.0/analyzers/dotnet/cs/Microsoft.CodeAnalysis.CSharp.BannedApiAnalyzers.dll /analyzer:/home/quinngil/.nuget/packages/microsoft.extensions.logging.abstractions/9.0.0/analyzers/dotnet/roslyn4.4/cs/Microsoft.Extensions.Logging.Generators.dll /analyzer:/home/quinngil/.nuget/packages/microsoft.extensions.options/9.0.0/analyzers/dotnet/roslyn4.4/cs/Microsoft.Extensions.Options.SourceGeneration.dll /analyzer:/home/quinngil/.nuget/packages/system.clientmodel/1.5.1/analyzers/dotnet/cs/System.ClientModel.SourceGeneration.dll /analyzer:/home/quinngil/.nuget/packages/system.text.json/9.0.8/analyzers/dotnet/roslyn4.4/cs/System.Text.Json.SourceGeneration.dll /analyzer:/usr/share/dotnet/packs/Microsoft.NETCore.App.Ref/9.0.4/analyzers/dotnet/cs/Microsoft.Interop.ComInterfaceGenerator.dll /analyzer:/usr/share/dotnet/packs/Microsoft.NETCore.App.Ref/9.0.4/analyzers/dotnet/cs/Microsoft.Interop.JavaScript.JSImportGenerator.dll /analyzer:/usr/share/dotnet/packs/Microsoft.NETCore.App.Ref/9.0.4/analyzers/dotnet/cs/Microsoft.Interop.LibraryImportGenerator.dll /analyzer:/usr/share/dotnet/packs/Microsoft.NETCore.App.Ref/9.0.4/analyzers/dotnet/cs/Microsoft.Interop.SourceGeneration.dll /analyzer:/usr/share/dotnet/packs/Microsoft.NETCore.App.Ref/9.0.4/analyzers/dotnet/cs/System.Text.RegularExpressions.Generator.dll /additionalfile:/mnt/d/src/MtgDiscoveryVibeWorkspace/IMPLS/src/BannedSymbols.txt /additionalfile:/mnt/d/src/MtgDiscoveryVibeWorkspace/IMPLS/src/.editorconfig Aggregation/ArtistAggregate.cs Aggregation/ArtistTrigramAggregate.cs Aggregation/CardNameTrigramAggregate.cs Aggregation/MonoStateArtistAggregator.cs Aggregation/MonoStateArtistTrigramAggregator.cs Aggregation/MonoStateCardNameTrigramAggregator.cs Aggregation/RulingsAggregator.cs Apis/Aggregation/IArtistAggregate.cs Apis/Aggregation/IArtistAggregator.cs Apis/Aggregation/IArtistTrigramAggregate.cs Apis/Aggregation/IArtistTrigramAggregator.cs Apis/Aggregation/ICardNameTrigramAggregate.cs Apis/Aggregation/ICardNameTrigramAggregator.cs Apis/Aggregation/IRulingsAggregator.cs Apis/Collections/FilteredScryfallSetCollection.cs Apis/Configuration/IBulkProcessingConfiguration.cs Apis/Dashboard/IDashboardFactory.cs Apis/Dashboard/IIngestionDashboard.cs Apis/IBulkIngestionOrchestrator.cs Apis/IBulkIngestionService.cs Apis/IScryfallIngestionService.cs Apis/Pipeline/IArtistsPipelineService.cs Apis/Pipeline/ICardsPipelineService.cs Apis/Pipeline/IRulingsPipelineService.cs Apis/Pipeline/ISetsPipelineService.cs Apis/Pipeline/ITrigramsPipelineService.cs Apis/ScryfallIngestionService.cs BulkIngestion/BulkIngestionService.cs BulkIngestion/CardsBulkDataFetcher.cs BulkIngestion/RulingsBulkDataFetcher.cs BulkIngestionOrchestrator.cs Collections/AllScryfallSetCollection.cs Collections/HttpScryfallCardCollection.cs Collections/HttpScryfallCollection.cs Collections/HttpScryfallSetCollection.cs Collections/IHttpScryfallCollection.cs Collections/IScryfallDtoTransformer.cs Collections/MonoStateSetsCollection.cs Collections/ReversibleScryfallSetCollection.cs Configuration/ConfigBulkProcessingConfiguration.cs Configuration/DefaultBulkProcessingConfiguration.cs Configurations/AlwaysDownloadImages.cs Configurations/ConfigAlwaysDownloadImages.cs Configurations/ConfigMaxSetsToProcess.cs Configurations/ConfigProcessOnlySetItems.cs Configurations/ConfigProcessSetsInReverse.cs Configurations/ConfigScryfallIngestionConfiguration.cs Configurations/ConfigScryfallProcessingConfig.cs Configurations/ConfigSetBatchSize.cs Configurations/ConfigSpecificSetCodes.cs Configurations/IScryfallIngestionConfiguration.cs Configurations/IScryfallProcessingConfig.cs Configurations/MaxSetsToProcess.cs Configurations/ProcessOnlySetItems.cs Configurations/ProcessSetsInReverse.cs Configurations/SetBatchSize.cs Configurations/SpecificSetCodes.cs Dashboard/ConsoleDashboard.cs Dashboard/DashboardFactory.cs Dashboard/SilentDashboard.cs Dtos/ExtScryfallCardDto.cs Dtos/ExtScryfallRulingsDto.cs Dtos/ExtScryfallSetDto.cs Dtos/IScryfallDto.cs Dtos/IScryfallDtoFactory.cs Dtos/ScryfallObjectListDto.cs Factories/ScryfallCardDtoFactory.cs Factories/ScryfallSetDtoFactory.cs Filters/ForeignSetFilter.cs Filters/IScryfallSetFilter.cs Filters/MaxSetsFilter.cs Filters/NonDigitalSetFilter.cs Filters/PreviewSetFilter.cs Filters/SpecificSetsFilter.cs Http/IRateLimitToken.cs Http/IScryfallRateLimiter.cs Http/RateLimitedHttpClient.cs Http/RateLimitToken.cs Http/ScryfallHttpClient.cs Http/ScryfallRateLimiter.cs Http/SetIconDownloader.cs Internal/Text/ArtistNameSearchNormalizer.cs Internal/Text/IArtistNameSearchNormalizer.cs Mappers/IScryfallCardToCardItemMapper.cs Mappers/IScryfallCardToSetCardMapper.cs Mappers/IScryfallSetToAssociationMapper.cs Mappers/IScryfallSetToCosmosMapper.cs Mappers/ScryfallCardToCardItemMapper.cs Mappers/ScryfallCardToSetCardMapper.cs Mappers/ScryfallSetToAssociationMapper.cs Mappers/ScryfallSetToCosmosMapper.cs Models/CardImageInfo.cs Models/CardImageInfoCollection.cs Models/NullScryfallSet.cs Models/ProvidedScryfallSearchUri.cs Models/ScryfallCard.cs Models/ScryfallRuling.cs Models/ScryfallSet.cs Models/ScryfallSetSearchUriAdapter.cs Paging/HttpScryfallCardListPaging.cs Paging/HttpScryfallListPaging.cs Paging/HttpScryfallSetListPaging.cs Paging/IScryfallListPaging.cs Pipeline/ArtistsPipelineService.cs Pipeline/CardsPipelineService.cs Pipeline/RulingsPipelineService.cs Pipeline/SetsPipelineService.cs Pipeline/TrigramsPipelineService.cs Processors/ArtistAggregationWriterProcessor.cs Processors/ArtistAggregatorProcessor.cs Processors/ArtistCardsProcessor.cs Processors/ArtistCardsWriterProcessor.cs Processors/ArtistItemsProcessor.cs Processors/ArtistSetsProcessor.cs Processors/BatchSetProcessor.cs Processors/CardItemsProcessor.cs Processors/CardNameTrigramAggregatorProcessor.cs Processors/CardNameTrigramWriterProcessor.cs Processors/CardProcessor.cs Processors/CardsByNameProcessor.cs Processors/IArtistAggregateProcessor.cs Processors/IArtistProcessor.cs Processors/IBatchSetProcessor.cs Processors/ICardProcessor.cs Processors/ISetCodeIndexProcessor.cs Processors/ISetProcessor.cs Processors/SetArtistsProcessor.cs Processors/SetAssociationsProcessor.cs Processors/SetCardsProcessor.cs Processors/SetCodeIndexProcessor.cs Processors/SetItemsOnlyProcessor.cs Processors/SetItemsProcessor.cs Processors/SetProcessor.cs Services/MonoStateSetGroupingsLoader.cs Services/SetGroupingsLoader.cs Transformers/ScryfallCardDtoTransformer.cs Transformers/ScryfallSetDtoTransformer.cs "obj/Release/net9.0/.NETCoreApp,Version=v9.0.AssemblyAttributes.cs" obj/Release/net9.0/Lib.Scryfall.Ingestion.AssemblyInfo.cs /warnaserror+:NU1605,SYSLIB0011
    38>CopyFilesToOutputDirectory:
         Copying reference assembly from "obj/Release/net9.0/refint/Lib.Adapter.UserCards.dll" to "/mnt/d/src/MtgDiscoveryVibeWorkspace/IMPLS/src/Lib.Adapter.UserCards/obj/Release/net9.0/ref/Lib.Adapter.UserCards.dll".
    13>CoreCompile:
         CompilerServer: server - server processed compilation - Lib.Adapter.Scryfall.Cosmos.Tests (net9.0)
    38>CopyFilesToOutputDirectory:
         Lib.Adapter.UserCards -> /mnt/d/src/MtgDiscoveryVibeWorkspace/IMPLS/src/Lib.Adapter.UserCards/bin/Release/net9.0/Lib.Adapter.UserCards.dll
         Copying file from "/mnt/d/src/MtgDiscoveryVibeWorkspace/IMPLS/src/Lib.Adapter.UserCards/obj/Release/net9.0/Lib.Adapter.UserCards.pdb" to "/mnt/d/src/MtgDiscoveryVibeWorkspace/IMPLS/src/Lib.Adapter.UserCards/bin/Release/net9.0/Lib.Adapter.UserCards.pdb".
    38>Done Building Project "/mnt/d/src/MtgDiscoveryVibeWorkspace/IMPLS/src/Lib.Adapter.UserCards/Lib.Adapter.UserCards.csproj" (default targets).
    13>_CopyFilesMarkedCopyLocal:
         Copying file from "/mnt/d/src/MtgDiscoveryVibeWorkspace/IMPLS/src/Lib.Scryfall.Shared/bin/Release/net9.0/Lib.Scryfall.Shared.dll" to "/mnt/d/src/MtgDiscoveryVibeWorkspace/IMPLS/src/Lib.Adapter.Scryfall.Cosmos.Tests/bin/Release/net9.0/Lib.Scryfall.Shared.dll".
         Copying file from "/mnt/d/src/MtgDiscoveryVibeWorkspace/IMPLS/src/Lib.Adapter.Scryfall.Cosmos/bin/Release/net9.0/Lib.Adapter.Scryfall.Cosmos.dll" to "/mnt/d/src/MtgDiscoveryVibeWorkspace/IMPLS/src/Lib.Adapter.Scryfall.Cosmos.Tests/bin/Release/net9.0/Lib.Adapter.Scryfall.Cosmos.dll".
         Copying file from "/mnt/d/src/MtgDiscoveryVibeWorkspace/IMPLS/src/Lib.Universal/bin/Release/net9.0/Lib.Universal.dll" to "/mnt/d/src/MtgDiscoveryVibeWorkspace/IMPLS/src/Lib.Adapter.Scryfall.Cosmos.Tests/bin/Release/net9.0/Lib.Universal.dll".
         Copying file from "/mnt/d/src/MtgDiscoveryVibeWorkspace/IMPLS/src/Lib.Cosmos/bin/Release/net9.0/Lib.Cosmos.dll" to "/mnt/d/src/MtgDiscoveryVibeWorkspace/IMPLS/src/Lib.Adapter.Scryfall.Cosmos.Tests/bin/Release/net9.0/Lib.Cosmos.dll".
         Copying file from "/mnt/d/src/MtgDiscoveryVibeWorkspace/IMPLS/src/TestConvenience.Core/bin/Release/net9.0/TestConvenience.Core.dll" to "/mnt/d/src/MtgDiscoveryVibeWorkspace/IMPLS/src/Lib.Adapter.Scryfall.Cosmos.Tests/bin/Release/net9.0/TestConvenience.Core.dll".
         Copying file from "/mnt/d/src/MtgDiscoveryVibeWorkspace/IMPLS/src/Lib.Adapter.Scryfall.Cosmos/bin/Release/net9.0/Lib.Adapter.Scryfall.Cosmos.pdb" to "/mnt/d/src/MtgDiscoveryVibeWorkspace/IMPLS/src/Lib.Adapter.Scryfall.Cosmos.Tests/bin/Release/net9.0/Lib.Adapter.Scryfall.Cosmos.pdb".
         Copying file from "/mnt/d/src/MtgDiscoveryVibeWorkspace/IMPLS/src/Lib.Cosmos/bin/Release/net9.0/Lib.Cosmos.pdb" to "/mnt/d/src/MtgDiscoveryVibeWorkspace/IMPLS/src/Lib.Adapter.Scryfall.Cosmos.Tests/bin/Release/net9.0/Lib.Cosmos.pdb".
         Copying file from "/mnt/d/src/MtgDiscoveryVibeWorkspace/IMPLS/src/Lib.Scryfall.Shared/bin/Release/net9.0/Lib.Scryfall.Shared.pdb" to "/mnt/d/src/MtgDiscoveryVibeWorkspace/IMPLS/src/Lib.Adapter.Scryfall.Cosmos.Tests/bin/Release/net9.0/Lib.Scryfall.Shared.pdb".
         Copying file from "/mnt/d/src/MtgDiscoveryVibeWorkspace/IMPLS/src/TestConvenience.Core/bin/Release/net9.0/TestConvenience.Core.pdb" to "/mnt/d/src/MtgDiscoveryVibeWorkspace/IMPLS/src/Lib.Adapter.Scryfall.Cosmos.Tests/bin/Release/net9.0/TestConvenience.Core.pdb".
         Copying file from "/mnt/d/src/MtgDiscoveryVibeWorkspace/IMPLS/src/Lib.Universal/bin/Release/net9.0/Lib.Universal.pdb" to "/mnt/d/src/MtgDiscoveryVibeWorkspace/IMPLS/src/Lib.Adapter.Scryfall.Cosmos.Tests/bin/Release/net9.0/Lib.Universal.pdb".
         Touching "/mnt/d/src/MtgDiscoveryVibeWorkspace/IMPLS/src/Lib.Adapter.Scryfall.Cosmos.Tests/obj/Release/net9.0/Lib.Adap.C6739C0F.Up2Date".
       _CopyOutOfDateSourceItemsToOutputDirectory:
       Building target "_CopyOutOfDateSourceItemsToOutputDirectory" partially, because some output files are out of date with respect to their input files.
         Copying file from "/mnt/d/src/MtgDiscoveryVibeWorkspace/IMPLS/src/TestConvenience.Core/bin/Release/net9.0/TestConvenience.Core.runtimeconfig.json" to "/mnt/d/src/MtgDiscoveryVibeWorkspace/IMPLS/src/Lib.Adapter.Scryfall.Cosmos.Tests/bin/Release/net9.0/TestConvenience.Core.runtimeconfig.json".
         Copying file from "/mnt/d/src/MtgDiscoveryVibeWorkspace/IMPLS/src/TestConvenience.Core/bin/Release/net9.0/TestConvenience.Core.deps.json" to "/mnt/d/src/MtgDiscoveryVibeWorkspace/IMPLS/src/Lib.Adapter.Scryfall.Cosmos.Tests/bin/Release/net9.0/TestConvenience.Core.deps.json".
   1:2>Project "/mnt/d/src/MtgDiscoveryVibeWorkspace/IMPLS/src/MtgDiscoveryVibe.sln" (1:2) is building "/mnt/d/src/MtgDiscoveryVibeWorkspace/IMPLS/src/Lib.Adapter.Artists/Lib.Adapter.Artists.csproj" (34:7) on node 12 (default targets).
    34>GenerateTargetFrameworkMonikerAttribute:
       Skipping target "GenerateTargetFrameworkMonikerAttribute" because all output files are up-to-date with respect to the input files.
   1:2>Project "/mnt/d/src/MtgDiscoveryVibeWorkspace/IMPLS/src/MtgDiscoveryVibe.sln" (1:2) is building "/mnt/d/src/MtgDiscoveryVibeWorkspace/IMPLS/src/Lib.Adapter.Cards/Lib.Adapter.Cards.csproj" (33:11) on node 2 (default targets).
    33>GenerateTargetFrameworkMonikerAttribute:
       Skipping target "GenerateTargetFrameworkMonikerAttribute" because all output files are up-to-date with respect to the input files.
   1:2>Project "/mnt/d/src/MtgDiscoveryVibeWorkspace/IMPLS/src/MtgDiscoveryVibe.sln" (1:2) is building "/mnt/d/src/MtgDiscoveryVibeWorkspace/IMPLS/src/Lib.Adapter.User/Lib.Adapter.User.csproj" (35:10) on node 14 (default targets).
    35>GenerateTargetFrameworkMonikerAttribute:
       Skipping target "GenerateTargetFrameworkMonikerAttribute" because all output files are up-to-date with respect to the input files.
   1:2>Project "/mnt/d/src/MtgDiscoveryVibeWorkspace/IMPLS/src/MtgDiscoveryVibe.sln" (1:2) is building "/mnt/d/src/MtgDiscoveryVibeWorkspace/IMPLS/src/Lib.Adapter.Sets/Lib.Adapter.Sets.csproj" (36:7) on node 15 (default targets).
    36>GenerateTargetFrameworkMonikerAttribute:
       Skipping target "GenerateTargetFrameworkMonikerAttribute" because all output files are up-to-date with respect to the input files.
    34>CoreGenerateAssemblyInfo:
         Could not infer the type of parameter "#1" because the attribute type is unknown. The value will be treated as a string.
         Could not infer the type of parameter "#1" because the attribute type is unknown. The value will be treated as a string.
    35>CoreGenerateAssemblyInfo:
         Could not infer the type of parameter "#1" because the attribute type is unknown. The value will be treated as a string.
    36>CoreGenerateAssemblyInfo:
         Could not infer the type of parameter "#1" because the attribute type is unknown. The value will be treated as a string.
    35>CoreGenerateAssemblyInfo:
         Could not infer the type of parameter "#1" because the attribute type is unknown. The value will be treated as a string.
    36>CoreGenerateAssemblyInfo:
         Could not infer the type of parameter "#1" because the attribute type is unknown. The value will be treated as a string.
    27>CoreCompile:
         CompilerServer: server - server processed compilation - Lib.Scryfall.Ingestion (net9.0)
    33>CoreGenerateAssemblyInfo:
         Could not infer the type of parameter "#1" because the attribute type is unknown. The value will be treated as a string.
         Could not infer the type of parameter "#1" because the attribute type is unknown. The value will be treated as a string.
    27>_CopyFilesMarkedCopyLocal:
         Copying file from "/mnt/d/src/MtgDiscoveryVibeWorkspace/IMPLS/src/Lib.Universal/bin/Release/net9.0/Lib.Universal.dll" to "/mnt/d/src/MtgDiscoveryVibeWorkspace/IMPLS/src/Lib.Scryfall.Ingestion/bin/Release/net9.0/Lib.Universal.dll".
         Copying file from "/mnt/d/src/MtgDiscoveryVibeWorkspace/IMPLS/src/Lib.Shared.Abstractions/bin/Release/net9.0/Lib.Shared.Abstractions.dll" to "/mnt/d/src/MtgDiscoveryVibeWorkspace/IMPLS/src/Lib.Scryfall.Ingestion/bin/Release/net9.0/Lib.Shared.Abstractions.dll".
         Copying file from "/mnt/d/src/MtgDiscoveryVibeWorkspace/IMPLS/src/Lib.Cosmos/bin/Release/net9.0/Lib.Cosmos.dll" to "/mnt/d/src/MtgDiscoveryVibeWorkspace/IMPLS/src/Lib.Scryfall.Ingestion/bin/Release/net9.0/Lib.Cosmos.dll".
         Copying file from "/mnt/d/src/MtgDiscoveryVibeWorkspace/IMPLS/src/Lib.Scryfall.Shared/bin/Release/net9.0/Lib.Scryfall.Shared.dll" to "/mnt/d/src/MtgDiscoveryVibeWorkspace/IMPLS/src/Lib.Scryfall.Ingestion/bin/Release/net9.0/Lib.Scryfall.Shared.dll".
         Copying file from "/mnt/d/src/MtgDiscoveryVibeWorkspace/IMPLS/src/Lib.Adapter.Scryfall.Cosmos/bin/Release/net9.0/Lib.Adapter.Scryfall.Cosmos.pdb" to "/mnt/d/src/MtgDiscoveryVibeWorkspace/IMPLS/src/Lib.Scryfall.Ingestion/bin/Release/net9.0/Lib.Adapter.Scryfall.Cosmos.pdb".
         Copying file from "/mnt/d/src/MtgDiscoveryVibeWorkspace/IMPLS/src/Lib.Adapter.Scryfall.Cosmos/bin/Release/net9.0/Lib.Adapter.Scryfall.Cosmos.dll" to "/mnt/d/src/MtgDiscoveryVibeWorkspace/IMPLS/src/Lib.Scryfall.Ingestion/bin/Release/net9.0/Lib.Adapter.Scryfall.Cosmos.dll".
    34>_GenerateSourceLinkFile:
         Updating Source Link file 'obj/Release/net9.0/Lib.Adapter.Artists.sourcelink.json'.
    27>_CopyFilesMarkedCopyLocal:
         Copying file from "/mnt/d/src/MtgDiscoveryVibeWorkspace/IMPLS/src/Lib.Scryfall.Shared/bin/Release/net9.0/Lib.Scryfall.Shared.pdb" to "/mnt/d/src/MtgDiscoveryVibeWorkspace/IMPLS/src/Lib.Scryfall.Ingestion/bin/Release/net9.0/Lib.Scryfall.Shared.pdb".
         Copying file from "/mnt/d/src/MtgDiscoveryVibeWorkspace/IMPLS/src/Lib.Shared.Abstractions/bin/Release/net9.0/Lib.Shared.Abstractions.pdb" to "/mnt/d/src/MtgDiscoveryVibeWorkspace/IMPLS/src/Lib.Scryfall.Ingestion/bin/Release/net9.0/Lib.Shared.Abstractions.pdb".
         Copying file from "/mnt/d/src/MtgDiscoveryVibeWorkspace/IMPLS/src/Lib.Universal/bin/Release/net9.0/Lib.Universal.pdb" to "/mnt/d/src/MtgDiscoveryVibeWorkspace/IMPLS/src/Lib.Scryfall.Ingestion/bin/Release/net9.0/Lib.Universal.pdb".
         Copying file from "/mnt/d/src/MtgDiscoveryVibeWorkspace/IMPLS/src/Lib.Cosmos/bin/Release/net9.0/Lib.Cosmos.pdb" to "/mnt/d/src/MtgDiscoveryVibeWorkspace/IMPLS/src/Lib.Scryfall.Ingestion/bin/Release/net9.0/Lib.Cosmos.pdb".
         Touching "/mnt/d/src/MtgDiscoveryVibeWorkspace/IMPLS/src/Lib.Scryfall.Ingestion/obj/Release/net9.0/Lib.Scry.CD71757A.Up2Date".
    13>CopyFilesToOutputDirectory:
         Copying file from "/mnt/d/src/MtgDiscoveryVibeWorkspace/IMPLS/src/Lib.Adapter.Scryfall.Cosmos.Tests/obj/Release/net9.0/Lib.Adapter.Scryfall.Cosmos.Tests.dll" to "/mnt/d/src/MtgDiscoveryVibeWorkspace/IMPLS/src/Lib.Adapter.Scryfall.Cosmos.Tests/bin/Release/net9.0/Lib.Adapter.Scryfall.Cosmos.Tests.dll".
    36>_GenerateSourceLinkFile:
         Updating Source Link file 'obj/Release/net9.0/Lib.Adapter.Sets.sourcelink.json'.
    35>_GenerateSourceLinkFile:
         Updating Source Link file 'obj/Release/net9.0/Lib.Adapter.User.sourcelink.json'.
    34>CoreCompile:
         /usr/share/dotnet/dotnet exec "/usr/share/dotnet/sdk/9.0.203/Roslyn/bincore/csc.dll" /noconfig /unsafe- /checked- /nowarn:IDE0290,IDE2001,IDE0005,IDE0046,CA1716,CA1040,CA1056,1701,1702 /fullpaths /nostdlib+ /errorreport:prompt /warn:9 /define:TRACE;RELEASE;NET;NET9_0;NETCOREAPP;NET5_0_OR_GREATER;NET6_0_OR_GREATER;NET7_0_OR_GREATER;NET8_0_OR_GREATER;NET9_0_OR_GREATER;NETCOREAPP1_0_OR_GREATER;NETCOREAPP1_1_OR_GREATER;NETCOREAPP2_0_OR_GREATER;NETCOREAPP2_1_OR_GREATER;NETCOREAPP2_2_OR_GREATER;NETCOREAPP3_0_OR_GREATER;NETCOREAPP3_1_OR_GREATER /highentropyva+ /nullable:warnings /reference:/home/quinngil/.nuget/packages/azure.core/1.47.1/lib/net8.0/Azure.Core.dll /reference:/home/quinngil/.nuget/packages/azure.resourcemanager.authorization/1.1.5/lib/net8.0/Azure.ResourceManager.Authorization.dll /reference:/home/quinngil/.nuget/packages/azure.resourcemanager.cosmosdb/1.3.2/lib/netstandard2.0/Azure.ResourceManager.CosmosDB.dll /reference:/home/quinngil/.nuget/packages/azure.resourcemanager/1.13.2/lib/net8.0/Azure.ResourceManager.dll /reference:/mnt/d/src/MtgDiscoveryVibeWorkspace/IMPLS/src/Lib.Adapter.Scryfall.Cosmos/obj/Release/net9.0/ref/Lib.Adapter.Scryfall.Cosmos.dll /reference:/mnt/d/src/MtgDiscoveryVibeWorkspace/IMPLS/src/Lib.Aggregator.Scryfall.Shared/obj/Release/net9.0/ref/Lib.Aggregator.Scryfall.Shared.dll /reference:/mnt/d/src/MtgDiscoveryVibeWorkspace/IMPLS/src/Lib.Cosmos/obj/Release/net9.0/ref/Lib.Cosmos.dll /reference:/mnt/d/src/MtgDiscoveryVibeWorkspace/IMPLS/src/Lib.Scryfall.Shared/obj/Release/net9.0/ref/Lib.Scryfall.Shared.dll /reference:/mnt/d/src/MtgDiscoveryVibeWorkspace/IMPLS/src/Lib.Shared.Abstractions/obj/Release/net9.0/ref/Lib.Shared.Abstractions.dll /reference:/mnt/d/src/MtgDiscoveryVibeWorkspace/IMPLS/src/Lib.Shared.DataModels/obj/Release/net9.0/ref/Lib.Shared.DataModels.dll /reference:/mnt/d/src/MtgDiscoveryVibeWorkspace/IMPLS/src/Lib.Shared.Invocation/obj/Release/net9.0/ref/Lib.Shared.Invocation.dll /reference:/mnt/d/src/MtgDiscoveryVibeWorkspace/IMPLS/src/Lib.Universal/obj/Release/net9.0/ref/Lib.Universal.dll /reference:/home/quinngil/.nuget/packages/microsoft.azure.cosmos/3.52.1/lib/netstandard2.0/Microsoft.Azure.Cosmos.Client.dll /reference:/home/quinngil/.nuget/packages/microsoft.azure.cosmos/3.52.1/lib/netstandard2.0/Microsoft.Azure.Cosmos.Core.dll /reference:/home/quinngil/.nuget/packages/microsoft.azure.cosmos/3.52.1/lib/netstandard2.0/Microsoft.Azure.Cosmos.Direct.dll /reference:/home/quinngil/.nuget/packages/microsoft.azure.cosmos/3.52.1/lib/netstandard2.0/Microsoft.Azure.Cosmos.Serialization.HybridRow.dll /reference:/home/quinngil/.nuget/packages/microsoft.bcl.asyncinterfaces/8.0.0/lib/netstandard2.1/Microsoft.Bcl.AsyncInterfaces.dll /reference:/home/quinngil/.nuget/packages/microsoft.bcl.hashcode/1.1.0/ref/netcoreapp2.1/Microsoft.Bcl.HashCode.dll /reference:/usr/share/dotnet/packs/Microsoft.NETCore.App.Ref/9.0.4/ref/net9.0/Microsoft.CSharp.dll /reference:/home/quinngil/.nuget/packages/microsoft.extensions.caching.abstractions/9.0.0/lib/net9.0/Microsoft.Extensions.Caching.Abstractions.dll /reference:/home/quinngil/.nuget/packages/microsoft.extensions.caching.memory/9.0.0/lib/net9.0/Microsoft.Extensions.Caching.Memory.dll /reference:/home/quinngil/.nuget/packages/microsoft.extensions.configuration.abstractions/9.0.5/lib/net9.0/Microsoft.Extensions.Configuration.Abstractions.dll /reference:/home/quinngil/.nuget/packages/microsoft.extensions.dependencyinjection.abstractions/9.0.0/lib/net9.0/Microsoft.Extensions.DependencyInjection.Abstractions.dll /reference:/home/quinngil/.nuget/packages/microsoft.extensions.logging.abstractions/9.0.0/lib/net9.0/Microsoft.Extensions.Logging.Abstractions.dll /reference:/home/quinngil/.nuget/packages/microsoft.extensions.options/9.0.0/lib/net9.0/Microsoft.Extensions.Options.dll /reference:/home/quinngil/.nuget/packages/microsoft.extensions.primitives/9.0.5/lib/net9.0/Microsoft.Extensions.Primitives.dll /reference:/home/quinngil/.nuget/packages/microsoft.identitymodel.abstractions/8.0.1/lib/net9.0/Microsoft.IdentityModel.Abstractions.dll /reference:/home/quinngil/.nuget/packages/microsoft.identitymodel.jsonwebtokens/8.0.1/lib/net9.0/Microsoft.IdentityModel.JsonWebTokens.dll /reference:/home/quinngil/.nuget/packages/microsoft.identitymodel.logging/8.0.1/lib/net9.0/Microsoft.IdentityModel.Logging.dll /reference:/home/quinngil/.nuget/packages/microsoft.identitymodel.tokens/8.0.1/lib/net9.0/Microsoft.IdentityModel.Tokens.dll /reference:/usr/share/dotnet/packs/Microsoft.NETCore.App.Ref/9.0.4/ref/net9.0/Microsoft.VisualBasic.Core.dll /reference:/usr/share/dotnet/packs/Microsoft.NETCore.App.Ref/9.0.4/ref/net9.0/Microsoft.VisualBasic.dll /reference:/usr/share/dotnet/packs/Microsoft.NETCore.App.Ref/9.0.4/ref/net9.0/Microsoft.Win32.Primitives.dll /reference:/usr/share/dotnet/packs/Microsoft.NETCore.App.Ref/9.0.4/ref/net9.0/Microsoft.Win32.Registry.dll /reference:/home/quinngil/.nuget/packages/microsoft.win32.systemevents/6.0.0/lib/net6.0/Microsoft.Win32.SystemEvents.dll /reference:/usr/share/dotnet/packs/Microsoft.NETCore.App.Ref/9.0.4/ref/net9.0/mscorlib.dll /reference:/usr/share/dotnet/packs/Microsoft.NETCore.App.Ref/9.0.4/ref/net9.0/netstandard.dll /reference:/home/quinngil/.nuget/packages/newtonsoft.json/13.0.3/lib/net6.0/Newtonsoft.Json.dll /reference:/usr/share/dotnet/packs/Microsoft.NETCore.App.Ref/9.0.4/ref/net9.0/System.AppContext.dll /reference:/usr/share/dotnet/packs/Microsoft.NETCore.App.Ref/9.0.4/ref/net9.0/System.Buffers.dll /reference:/home/quinngil/.nuget/packages/system.clientmodel/1.5.1/lib/net8.0/System.ClientModel.dll /reference:/usr/share/dotnet/packs/Microsoft.NETCore.App.Ref/9.0.4/ref/net9.0/System.Collections.Concurrent.dll /reference:/usr/share/dotnet/packs/Microsoft.NETCore.App.Ref/9.0.4/ref/net9.0/System.Collections.dll /reference:/usr/share/dotnet/packs/Microsoft.NETCore.App.Ref/9.0.4/ref/net9.0/System.Collections.Immutable.dll /reference:/usr/share/dotnet/packs/Microsoft.NETCore.App.Ref/9.0.4/ref/net9.0/System.Collections.NonGeneric.dll /reference:/usr/share/dotnet/packs/Microsoft.NETCore.App.Ref/9.0.4/ref/net9.0/System.Collections.Specialized.dll /reference:/usr/share/dotnet/packs/Microsoft.NETCore.App.Ref/9.0.4/ref/net9.0/System.ComponentModel.Annotations.dll /reference:/usr/share/dotnet/packs/Microsoft.NETCore.App.Ref/9.0.4/ref/net9.0/System.ComponentModel.DataAnnotations.dll /reference:/usr/share/dotnet/packs/Microsoft.NETCore.App.Ref/9.0.4/ref/net9.0/System.ComponentModel.dll /reference:/usr/share/dotnet/packs/Microsoft.NETCore.App.Ref/9.0.4/ref/net9.0/System.ComponentModel.EventBasedAsync.dll /reference:/usr/share/dotnet/packs/Microsoft.NETCore.App.Ref/9.0.4/ref/net9.0/System.ComponentModel.Primitives.dll /reference:/usr/share/dotnet/packs/Microsoft.NETCore.App.Ref/9.0.4/ref/net9.0/System.ComponentModel.TypeConverter.dll /reference:/home/quinngil/.nuget/packages/system.configuration.configurationmanager/6.0.0/lib/net6.0/System.Configuration.ConfigurationManager.dll /reference:/usr/share/dotnet/packs/Microsoft.NETCore.App.Ref/9.0.4/ref/net9.0/System.Configuration.dll /reference:/usr/share/dotnet/packs/Microsoft.NETCore.App.Ref/9.0.4/ref/net9.0/System.Console.dll /reference:/usr/share/dotnet/packs/Microsoft.NETCore.App.Ref/9.0.4/ref/net9.0/System.Core.dll /reference:/usr/share/dotnet/packs/Microsoft.NETCore.App.Ref/9.0.4/ref/net9.0/System.Data.Common.dll /reference:/usr/share/dotnet/packs/Microsoft.NETCore.App.Ref/9.0.4/ref/net9.0/System.Data.DataSetExtensions.dll /reference:/usr/share/dotnet/packs/Microsoft.NETCore.App.Ref/9.0.4/ref/net9.0/System.Data.dll /reference:/usr/share/dotnet/packs/Microsoft.NETCore.App.Ref/9.0.4/ref/net9.0/System.Diagnostics.Contracts.dll /reference:/usr/share/dotnet/packs/Microsoft.NETCore.App.Ref/9.0.4/ref/net9.0/System.Diagnostics.Debug.dll /reference:/usr/share/dotnet/packs/Microsoft.NETCore.App.Ref/9.0.4/ref/net9.0/System.Diagnostics.DiagnosticSource.dll /reference:/usr/share/dotnet/packs/Microsoft.NETCore.App.Ref/9.0.4/ref/net9.0/System.Diagnostics.FileVersionInfo.dll /reference:/usr/share/dotnet/packs/Microsoft.NETCore.App.Ref/9.0.4/ref/net9.0/System.Diagnostics.Process.dll /reference:/usr/share/dotnet/packs/Microsoft.NETCore.App.Ref/9.0.4/ref/net9.0/System.Diagnostics.StackTrace.dll /reference:/usr/share/dotnet/packs/Microsoft.NETCore.App.Ref/9.0.4/ref/net9.0/System.Diagnostics.TextWriterTraceListener.dll /reference:/usr/share/dotnet/packs/Microsoft.NETCore.App.Ref/9.0.4/ref/net9.0/System.Diagnostics.Tools.dll /reference:/usr/share/dotnet/packs/Microsoft.NETCore.App.Ref/9.0.4/ref/net9.0/System.Diagnostics.TraceSource.dll /reference:/usr/share/dotnet/packs/Microsoft.NETCore.App.Ref/9.0.4/ref/net9.0/System.Diagnostics.Tracing.dll /reference:/usr/share/dotnet/packs/Microsoft.NETCore.App.Ref/9.0.4/ref/net9.0/System.dll /reference:/home/quinngil/.nuget/packages/system.drawing.common/6.0.0/lib/net6.0/System.Drawing.Common.dll /reference:/usr/share/dotnet/packs/Microsoft.NETCore.App.Ref/9.0.4/ref/net9.0/System.Drawing.dll /reference:/usr/share/dotnet/packs/Microsoft.NETCore.App.Ref/9.0.4/ref/net9.0/System.Drawing.Primitives.dll /reference:/usr/share/dotnet/packs/Microsoft.NETCore.App.Ref/9.0.4/ref/net9.0/System.Dynamic.Runtime.dll /reference:/usr/share/dotnet/packs/Microsoft.NETCore.App.Ref/9.0.4/ref/net9.0/System.Formats.Asn1.dll /reference:/usr/share/dotnet/packs/Microsoft.NETCore.App.Ref/9.0.4/ref/net9.0/System.Formats.Tar.dll /reference:/usr/share/dotnet/packs/Microsoft.NETCore.App.Ref/9.0.4/ref/net9.0/System.Globalization.Calendars.dll /reference:/usr/share/dotnet/packs/Microsoft.NETCore.App.Ref/9.0.4/ref/net9.0/System.Globalization.dll /reference:/usr/share/dotnet/packs/Microsoft.NETCore.App.Ref/9.0.4/ref/net9.0/System.Globalization.Extensions.dll /reference:/home/quinngil/.nuget/packages/system.identitymodel.tokens.jwt/8.0.1/lib/net9.0/System.IdentityModel.Tokens.Jwt.dll /reference:/usr/share/dotnet/packs/Microsoft.NETCore.App.Ref/9.0.4/ref/net9.0/System.IO.Compression.Brotli.dll /reference:/usr/share/dotnet/packs/Microsoft.NETCore.App.Ref/9.0.4/ref/net9.0/System.IO.Compression.dll /reference:/usr/share/dotnet/packs/Microsoft.NETCore.App.Ref/9.0.4/ref/net9.0/System.IO.Compression.FileSystem.dll /reference:/usr/share/dotnet/packs/Microsoft.NETCore.App.Ref/9.0.4/ref/net9.0/System.IO.Compression.ZipFile.dll /reference:/usr/share/dotnet/packs/Microsoft.NETCore.App.Ref/9.0.4/ref/net9.0/System.IO.dll /reference:/usr/share/dotnet/packs/Microsoft.NETCore.App.Ref/9.0.4/ref/net9.0/System.IO.FileSystem.AccessControl.dll /reference:/usr/share/dotnet/packs/Microsoft.NETCore.App.Ref/9.0.4/ref/net9.0/System.IO.FileSystem.dll /reference:/usr/share/dotnet/packs/Microsoft.NETCore.App.Ref/9.0.4/ref/net9.0/System.IO.FileSystem.DriveInfo.dll /reference:/usr/share/dotnet/packs/Microsoft.NETCore.App.Ref/9.0.4/ref/net9.0/System.IO.FileSystem.Primitives.dll /reference:/usr/share/dotnet/packs/Microsoft.NETCore.App.Ref/9.0.4/ref/net9.0/System.IO.FileSystem.Watcher.dll /reference:/usr/share/dotnet/packs/Microsoft.NETCore.App.Ref/9.0.4/ref/net9.0/System.IO.IsolatedStorage.dll /reference:/usr/share/dotnet/packs/Microsoft.NETCore.App.Ref/9.0.4/ref/net9.0/System.IO.MemoryMappedFiles.dll /reference:/usr/share/dotnet/packs/Microsoft.NETCore.App.Ref/9.0.4/ref/net9.0/System.IO.Pipelines.dll /reference:/usr/share/dotnet/packs/Microsoft.NETCore.App.Ref/9.0.4/ref/net9.0/System.IO.Pipes.AccessControl.dll /reference:/usr/share/dotnet/packs/Microsoft.NETCore.App.Ref/9.0.4/ref/net9.0/System.IO.Pipes.dll /reference:/usr/share/dotnet/packs/Microsoft.NETCore.App.Ref/9.0.4/ref/net9.0/System.IO.UnmanagedMemoryStream.dll /reference:/usr/share/dotnet/packs/Microsoft.NETCore.App.Ref/9.0.4/ref/net9.0/System.Linq.dll /reference:/usr/share/dotnet/packs/Microsoft.NETCore.App.Ref/9.0.4/ref/net9.0/System.Linq.Expressions.dll /reference:/usr/share/dotnet/packs/Microsoft.NETCore.App.Ref/9.0.4/ref/net9.0/System.Linq.Parallel.dll /reference:/usr/share/dotnet/packs/Microsoft.NETCore.App.Ref/9.0.4/ref/net9.0/System.Linq.Queryable.dll /reference:/home/quinngil/.nuget/packages/system.memory.data/8.0.1/lib/net8.0/System.Memory.Data.dll /reference:/usr/share/dotnet/packs/Microsoft.NETCore.App.Ref/9.0.4/ref/net9.0/System.Memory.dll /reference:/usr/share/dotnet/packs/Microsoft.NETCore.App.Ref/9.0.4/ref/net9.0/System.Net.dll /reference:/usr/share/dotnet/packs/Microsoft.NETCore.App.Ref/9.0.4/ref/net9.0/System.Net.Http.dll /reference:/usr/share/dotnet/packs/Microsoft.NETCore.App.Ref/9.0.4/ref/net9.0/System.Net.Http.Json.dll /reference:/usr/share/dotnet/packs/Microsoft.NETCore.App.Ref/9.0.4/ref/net9.0/System.Net.HttpListener.dll /reference:/usr/share/dotnet/packs/Microsoft.NETCore.App.Ref/9.0.4/ref/net9.0/System.Net.Mail.dll /reference:/usr/share/dotnet/packs/Microsoft.NETCore.App.Ref/9.0.4/ref/net9.0/System.Net.NameResolution.dll /reference:/usr/share/dotnet/packs/Microsoft.NETCore.App.Ref/9.0.4/ref/net9.0/System.Net.NetworkInformation.dll /reference:/usr/share/dotnet/packs/Microsoft.NETCore.App.Ref/9.0.4/ref/net9.0/System.Net.Ping.dll /reference:/usr/share/dotnet/packs/Microsoft.NETCore.App.Ref/9.0.4/ref/net9.0/System.Net.Primitives.dll /reference:/usr/share/dotnet/packs/Microsoft.NETCore.App.Ref/9.0.4/ref/net9.0/System.Net.Quic.dll /reference:/usr/share/dotnet/packs/Microsoft.NETCore.App.Ref/9.0.4/ref/net9.0/System.Net.Requests.dll /reference:/usr/share/dotnet/packs/Microsoft.NETCore.App.Ref/9.0.4/ref/net9.0/System.Net.Security.dll /reference:/usr/share/dotnet/packs/Microsoft.NETCore.App.Ref/9.0.4/ref/net9.0/System.Net.ServicePoint.dll /reference:/usr/share/dotnet/packs/Microsoft.NETCore.App.Ref/9.0.4/ref/net9.0/System.Net.Sockets.dll /reference:/usr/share/dotnet/packs/Microsoft.NETCore.App.Ref/9.0.4/ref/net9.0/System.Net.WebClient.dll /reference:/usr/share/dotnet/packs/Microsoft.NETCore.App.Ref/9.0.4/ref/net9.0/System.Net.WebHeaderCollection.dll /reference:/usr/share/dotnet/packs/Microsoft.NETCore.App.Ref/9.0.4/ref/net9.0/System.Net.WebProxy.dll /reference:/usr/share/dotnet/packs/Microsoft.NETCore.App.Ref/9.0.4/ref/net9.0/System.Net.WebSockets.Client.dll /reference:/usr/share/dotnet/packs/Microsoft.NETCore.App.Ref/9.0.4/ref/net9.0/System.Net.WebSockets.dll /reference:/usr/share/dotnet/packs/Microsoft.NETCore.App.Ref/9.0.4/ref/net9.0/System.Numerics.dll /reference:/usr/share/dotnet/packs/Microsoft.NETCore.App.Ref/9.0.4/ref/net9.0/System.Numerics.Vectors.dll /reference:/usr/share/dotnet/packs/Microsoft.NETCore.App.Ref/9.0.4/ref/net9.0/System.ObjectModel.dll /reference:/usr/share/dotnet/packs/Microsoft.NETCore.App.Ref/9.0.4/ref/net9.0/System.Reflection.DispatchProxy.dll /reference:/usr/share/dotnet/packs/Microsoft.NETCore.App.Ref/9.0.4/ref/net9.0/System.Reflection.dll /reference:/usr/share/dotnet/packs/Microsoft.NETCore.App.Ref/9.0.4/ref/net9.0/System.Reflection.Emit.dll /reference:/usr/share/dotnet/packs/Microsoft.NETCore.App.Ref/9.0.4/ref/net9.0/System.Reflection.Emit.ILGeneration.dll /reference:/usr/share/dotnet/packs/Microsoft.NETCore.App.Ref/9.0.4/ref/net9.0/System.Reflection.Emit.Lightweight.dll /reference:/usr/share/dotnet/packs/Microsoft.NETCore.App.Ref/9.0.4/ref/net9.0/System.Reflection.Extensions.dll /reference:/usr/share/dotnet/packs/Microsoft.NETCore.App.Ref/9.0.4/ref/net9.0/System.Reflection.Metadata.dll /reference:/usr/share/dotnet/packs/Microsoft.NETCore.App.Ref/9.0.4/ref/net9.0/System.Reflection.Primitives.dll /reference:/usr/share/dotnet/packs/Microsoft.NETCore.App.Ref/9.0.4/ref/net9.0/System.Reflection.TypeExtensions.dll /reference:/usr/share/dotnet/packs/Microsoft.NETCore.App.Ref/9.0.4/ref/net9.0/System.Resources.Reader.dll /reference:/usr/share/dotnet/packs/Microsoft.NETCore.App.Ref/9.0.4/ref/net9.0/System.Resources.ResourceManager.dll /reference:/usr/share/dotnet/packs/Microsoft.NETCore.App.Ref/9.0.4/ref/net9.0/System.Resources.Writer.dll /reference:/usr/share/dotnet/packs/Microsoft.NETCore.App.Ref/9.0.4/ref/net9.0/System.Runtime.CompilerServices.Unsafe.dll /reference:/usr/share/dotnet/packs/Microsoft.NETCore.App.Ref/9.0.4/ref/net9.0/System.Runtime.CompilerServices.VisualC.dll /reference:/usr/share/dotnet/packs/Microsoft.NETCore.App.Ref/9.0.4/ref/net9.0/System.Runtime.dll /reference:/usr/share/dotnet/packs/Microsoft.NETCore.App.Ref/9.0.4/ref/net9.0/System.Runtime.Extensions.dll /reference:/usr/share/dotnet/packs/Microsoft.NETCore.App.Ref/9.0.4/ref/net9.0/System.Runtime.Handles.dll /reference:/usr/share/dotnet/packs/Microsoft.NETCore.App.Ref/9.0.4/ref/net9.0/System.Runtime.InteropServices.dll /reference:/usr/share/dotnet/packs/Microsoft.NETCore.App.Ref/9.0.4/ref/net9.0/System.Runtime.InteropServices.JavaScript.dll /reference:/usr/share/dotnet/packs/Microsoft.NETCore.App.Ref/9.0.4/ref/net9.0/System.Runtime.InteropServices.RuntimeInformation.dll /reference:/usr/share/dotnet/packs/Microsoft.NETCore.App.Ref/9.0.4/ref/net9.0/System.Runtime.Intrinsics.dll /reference:/usr/share/dotnet/packs/Microsoft.NETCore.App.Ref/9.0.4/ref/net9.0/System.Runtime.Loader.dll /reference:/usr/share/dotnet/packs/Microsoft.NETCore.App.Ref/9.0.4/ref/net9.0/System.Runtime.Numerics.dll /reference:/usr/share/dotnet/packs/Microsoft.NETCore.App.Ref/9.0.4/ref/net9.0/System.Runtime.Serialization.dll /reference:/usr/share/dotnet/packs/Microsoft.NETCore.App.Ref/9.0.4/ref/net9.0/System.Runtime.Serialization.Formatters.dll /reference:/usr/share/dotnet/packs/Microsoft.NETCore.App.Ref/9.0.4/ref/net9.0/System.Runtime.Serialization.Json.dll /reference:/usr/share/dotnet/packs/Microsoft.NETCore.App.Ref/9.0.4/ref/net9.0/System.Runtime.Serialization.Primitives.dll /reference:/usr/share/dotnet/packs/Microsoft.NETCore.App.Ref/9.0.4/ref/net9.0/System.Runtime.Serialization.Xml.dll /reference:/usr/share/dotnet/packs/Microsoft.NETCore.App.Ref/9.0.4/ref/net9.0/System.Security.AccessControl.dll /reference:/usr/share/dotnet/packs/Microsoft.NETCore.App.Ref/9.0.4/ref/net9.0/System.Security.Claims.dll /reference:/usr/share/dotnet/packs/Microsoft.NETCore.App.Ref/9.0.4/ref/net9.0/System.Security.Cryptography.Algorithms.dll /reference:/usr/share/dotnet/packs/Microsoft.NETCore.App.Ref/9.0.4/ref/net9.0/System.Security.Cryptography.Cng.dll /reference:/usr/share/dotnet/packs/Microsoft.NETCore.App.Ref/9.0.4/ref/net9.0/System.Security.Cryptography.Csp.dll /reference:/usr/share/dotnet/packs/Microsoft.NETCore.App.Ref/9.0.4/ref/net9.0/System.Security.Cryptography.dll /reference:/usr/share/dotnet/packs/Microsoft.NETCore.App.Ref/9.0.4/ref/net9.0/System.Security.Cryptography.Encoding.dll /reference:/usr/share/dotnet/packs/Microsoft.NETCore.App.Ref/9.0.4/ref/net9.0/System.Security.Cryptography.OpenSsl.dll /reference:/usr/share/dotnet/packs/Microsoft.NETCore.App.Ref/9.0.4/ref/net9.0/System.Security.Cryptography.Primitives.dll /reference:/home/quinngil/.nuget/packages/system.security.cryptography.protecteddata/6.0.0/lib/net6.0/System.Security.Cryptography.ProtectedData.dll /reference:/usr/share/dotnet/packs/Microsoft.NETCore.App.Ref/9.0.4/ref/net9.0/System.Security.Cryptography.X509Certificates.dll /reference:/usr/share/dotnet/packs/Microsoft.NETCore.App.Ref/9.0.4/ref/net9.0/System.Security.dll /reference:/home/quinngil/.nuget/packages/system.security.permissions/6.0.0/lib/net6.0/System.Security.Permissions.dll /reference:/usr/share/dotnet/packs/Microsoft.NETCore.App.Ref/9.0.4/ref/net9.0/System.Security.Principal.dll /reference:/usr/share/dotnet/packs/Microsoft.NETCore.App.Ref/9.0.4/ref/net9.0/System.Security.Principal.Windows.dll /reference:/usr/share/dotnet/packs/Microsoft.NETCore.App.Ref/9.0.4/ref/net9.0/System.Security.SecureString.dll /reference:/usr/share/dotnet/packs/Microsoft.NETCore.App.Ref/9.0.4/ref/net9.0/System.ServiceModel.Web.dll /reference:/usr/share/dotnet/packs/Microsoft.NETCore.App.Ref/9.0.4/ref/net9.0/System.ServiceProcess.dll /reference:/usr/share/dotnet/packs/Microsoft.NETCore.App.Ref/9.0.4/ref/net9.0/System.Text.Encoding.CodePages.dll /reference:/usr/share/dotnet/packs/Microsoft.NETCore.App.Ref/9.0.4/ref/net9.0/System.Text.Encoding.dll /reference:/usr/share/dotnet/packs/Microsoft.NETCore.App.Ref/9.0.4/ref/net9.0/System.Text.Encoding.Extensions.dll /reference:/usr/share/dotnet/packs/Microsoft.NETCore.App.Ref/9.0.4/ref/net9.0/System.Text.Encodings.Web.dll /reference:/home/quinngil/.nuget/packages/system.text.json/9.0.8/lib/net9.0/System.Text.Json.dll /reference:/usr/share/dotnet/packs/Microsoft.NETCore.App.Ref/9.0.4/ref/net9.0/System.Text.RegularExpressions.dll /reference:/usr/share/dotnet/packs/Microsoft.NETCore.App.Ref/9.0.4/ref/net9.0/System.Threading.Channels.dll /reference:/usr/share/dotnet/packs/Microsoft.NETCore.App.Ref/9.0.4/ref/net9.0/System.Threading.dll /reference:/usr/share/dotnet/packs/Microsoft.NETCore.App.Ref/9.0.4/ref/net9.0/System.Threading.Overlapped.dll /reference:/usr/share/dotnet/packs/Microsoft.NETCore.App.Ref/9.0.4/ref/net9.0/System.Threading.Tasks.Dataflow.dll /reference:/usr/share/dotnet/packs/Microsoft.NETCore.App.Ref/9.0.4/ref/net9.0/System.Threading.Tasks.dll /reference:/usr/share/dotnet/packs/Microsoft.NETCore.App.Ref/9.0.4/ref/net9.0/System.Threading.Tasks.Extensions.dll /reference:/usr/share/dotnet/packs/Microsoft.NETCore.App.Ref/9.0.4/ref/net9.0/System.Threading.Tasks.Parallel.dll /reference:/usr/share/dotnet/packs/Microsoft.NETCore.App.Ref/9.0.4/ref/net9.0/System.Threading.Thread.dll /reference:/usr/share/dotnet/packs/Microsoft.NETCore.App.Ref/9.0.4/ref/net9.0/System.Threading.ThreadPool.dll /reference:/usr/share/dotnet/packs/Microsoft.NETCore.App.Ref/9.0.4/ref/net9.0/System.Threading.Timer.dll /reference:/usr/share/dotnet/packs/Microsoft.NETCore.App.Ref/9.0.4/ref/net9.0/System.Transactions.dll /reference:/usr/share/dotnet/packs/Microsoft.NETCore.App.Ref/9.0.4/ref/net9.0/System.Transactions.Local.dll /reference:/usr/share/dotnet/packs/Microsoft.NETCore.App.Ref/9.0.4/ref/net9.0/System.ValueTuple.dll /reference:/usr/share/dotnet/packs/Microsoft.NETCore.App.Ref/9.0.4/ref/net9.0/System.Web.dll /reference:/usr/share/dotnet/packs/Microsoft.NETCore.App.Ref/9.0.4/ref/net9.0/System.Web.HttpUtility.dll /reference:/usr/share/dotnet/packs/Microsoft.NETCore.App.Ref/9.0.4/ref/net9.0/System.Windows.dll /reference:/home/quinngil/.nuget/packages/system.windows.extensions/6.0.0/lib/net6.0/System.Windows.Extensions.dll /reference:/usr/share/dotnet/packs/Microsoft.NETCore.App.Ref/9.0.4/ref/net9.0/System.Xml.dll /reference:/usr/share/dotnet/packs/Microsoft.NETCore.App.Ref/9.0.4/ref/net9.0/System.Xml.Linq.dll /reference:/usr/share/dotnet/packs/Microsoft.NETCore.App.Ref/9.0.4/ref/net9.0/System.Xml.ReaderWriter.dll /reference:/usr/share/dotnet/packs/Microsoft.NETCore.App.Ref/9.0.4/ref/net9.0/System.Xml.Serialization.dll /reference:/usr/share/dotnet/packs/Microsoft.NETCore.App.Ref/9.0.4/ref/net9.0/System.Xml.XDocument.dll /reference:/usr/share/dotnet/packs/Microsoft.NETCore.App.Ref/9.0.4/ref/net9.0/System.Xml.XmlDocument.dll /reference:/usr/share/dotnet/packs/Microsoft.NETCore.App.Ref/9.0.4/ref/net9.0/System.Xml.XmlSerializer.dll /reference:/usr/share/dotnet/packs/Microsoft.NETCore.App.Ref/9.0.4/ref/net9.0/System.Xml.XPath.dll /reference:/usr/share/dotnet/packs/Microsoft.NETCore.App.Ref/9.0.4/ref/net9.0/System.Xml.XPath.XDocument.dll /reference:/usr/share/dotnet/packs/Microsoft.NETCore.App.Ref/9.0.4/ref/net9.0/WindowsBase.dll /debug- /debug:portable /filealign:512 /optimize+ /out:obj/Release/net9.0/Lib.Adapter.Artists.dll /refout:obj/Release/net9.0/refint/Lib.Adapter.Artists.dll /reportanalyzer /target:library /warnaserror+ /utf8output /deterministic+ /sourcelink:obj/Release/net9.0/Lib.Adapter.Artists.sourcelink.json /langversion:latest /features:strict /embed:"obj/Release/net9.0/.NETCoreApp,Version=v9.0.AssemblyAttributes.cs" /embed:obj/Release/net9.0/Lib.Adapter.Artists.AssemblyInfo.cs /analyzerconfig:/mnt/d/src/MtgDiscoveryVibeWorkspace/IMPLS/src/.editorconfig /analyzerconfig:obj/Release/net9.0/Lib.Adapter.Artists.GeneratedMSBuildEditorConfig.editorconfig /analyzerconfig:/usr/share/dotnet/sdk/9.0.203/Sdks/Microsoft.NET.Sdk/analyzers/build/config/analysislevel_9_all_warnaserror.globalconfig /analyzer:/usr/share/dotnet/sdk/9.0.203/Sdks/Microsoft.NET.Sdk/targets/../analyzers/Microsoft.CodeAnalysis.CSharp.NetAnalyzers.dll /analyzer:/usr/share/dotnet/sdk/9.0.203/Sdks/Microsoft.NET.Sdk/targets/../analyzers/Microsoft.CodeAnalysis.NetAnalyzers.dll /analyzer:/usr/share/dotnet/sdk/9.0.203/Sdks/Microsoft.NET.Sdk/targets/../codestyle/cs/Microsoft.CodeAnalysis.CodeStyle.dll /analyzer:/usr/share/dotnet/sdk/9.0.203/Sdks/Microsoft.NET.Sdk/targets/../codestyle/cs/Microsoft.CodeAnalysis.CodeStyle.Fixes.dll /analyzer:/usr/share/dotnet/sdk/9.0.203/Sdks/Microsoft.NET.Sdk/targets/../codestyle/cs/Microsoft.CodeAnalysis.CSharp.CodeStyle.dll /analyzer:/usr/share/dotnet/sdk/9.0.203/Sdks/Microsoft.NET.Sdk/targets/../codestyle/cs/Microsoft.CodeAnalysis.CSharp.CodeStyle.Fixes.dll /analyzer:/home/quinngil/.nuget/packages/microsoft.codeanalysis.bannedapianalyzers/4.14.0/analyzers/dotnet/cs/Microsoft.CodeAnalysis.BannedApiAnalyzers.dll /analyzer:/home/quinngil/.nuget/packages/microsoft.codeanalysis.bannedapianalyzers/4.14.0/analyzers/dotnet/cs/Microsoft.CodeAnalysis.CSharp.BannedApiAnalyzers.dll /analyzer:/home/quinngil/.nuget/packages/microsoft.extensions.logging.abstractions/9.0.0/analyzers/dotnet/roslyn4.4/cs/Microsoft.Extensions.Logging.Generators.dll /analyzer:/home/quinngil/.nuget/packages/microsoft.extensions.options/9.0.0/analyzers/dotnet/roslyn4.4/cs/Microsoft.Extensions.Options.SourceGeneration.dll /analyzer:/home/quinngil/.nuget/packages/system.clientmodel/1.5.1/analyzers/dotnet/cs/System.ClientModel.SourceGeneration.dll /analyzer:/home/quinngil/.nuget/packages/system.text.json/9.0.8/analyzers/dotnet/roslyn4.4/cs/System.Text.Json.SourceGeneration.dll /analyzer:/usr/share/dotnet/packs/Microsoft.NETCore.App.Ref/9.0.4/analyzers/dotnet/cs/Microsoft.Interop.ComInterfaceGenerator.dll /analyzer:/usr/share/dotnet/packs/Microsoft.NETCore.App.Ref/9.0.4/analyzers/dotnet/cs/Microsoft.Interop.JavaScript.JSImportGenerator.dll /analyzer:/usr/share/dotnet/packs/Microsoft.NETCore.App.Ref/9.0.4/analyzers/dotnet/cs/Microsoft.Interop.LibraryImportGenerator.dll /analyzer:/usr/share/dotnet/packs/Microsoft.NETCore.App.Ref/9.0.4/analyzers/dotnet/cs/Microsoft.Interop.SourceGeneration.dll /analyzer:/usr/share/dotnet/packs/Microsoft.NETCore.App.Ref/9.0.4/analyzers/dotnet/cs/System.Text.RegularExpressions.Generator.dll /additionalfile:/mnt/d/src/MtgDiscoveryVibeWorkspace/IMPLS/src/BannedSymbols.txt /additionalfile:/mnt/d/src/MtgDiscoveryVibeWorkspace/IMPLS/src/.editorconfig Apis/ArtistAdapterService.cs Apis/IArtistAdapterService.cs Apis/IArtistQueryAdapter.cs Entities/ArtistIdItrEntity.cs Entities/ArtistSearchResultCollectionItrEntity.cs Entities/ArtistSearchResultItrEntity.cs Exceptions/ArtistAdapterException.cs Queries/ArtistCosmosQueryAdapter.cs "obj/Release/net9.0/.NETCoreApp,Version=v9.0.AssemblyAttributes.cs" obj/Release/net9.0/Lib.Adapter.Artists.AssemblyInfo.cs /warnaserror+:NU1605,SYSLIB0011
    13>CopyFilesToOutputDirectory:
         Copying reference assembly from "obj/Release/net9.0/refint/Lib.Adapter.Scryfall.Cosmos.Tests.dll" to "/mnt/d/src/MtgDiscoveryVibeWorkspace/IMPLS/src/Lib.Adapter.Scryfall.Cosmos.Tests/obj/Release/net9.0/ref/Lib.Adapter.Scryfall.Cosmos.Tests.dll".
    35>CoreCompile:
         /usr/share/dotnet/dotnet exec "/usr/share/dotnet/sdk/9.0.203/Roslyn/bincore/csc.dll" /noconfig /unsafe- /checked- /nowarn:IDE0290,IDE2001,IDE0005,IDE0046,CA1716,CA1040,CA1056,1701,1702 /fullpaths /nostdlib+ /errorreport:prompt /warn:9 /define:TRACE;RELEASE;NET;NET9_0;NETCOREAPP;NET5_0_OR_GREATER;NET6_0_OR_GREATER;NET7_0_OR_GREATER;NET8_0_OR_GREATER;NET9_0_OR_GREATER;NETCOREAPP1_0_OR_GREATER;NETCOREAPP1_1_OR_GREATER;NETCOREAPP2_0_OR_GREATER;NETCOREAPP2_1_OR_GREATER;NETCOREAPP2_2_OR_GREATER;NETCOREAPP3_0_OR_GREATER;NETCOREAPP3_1_OR_GREATER /highentropyva+ /nullable:warnings /reference:/home/quinngil/.nuget/packages/azure.core/1.47.1/lib/net8.0/Azure.Core.dll /reference:/home/quinngil/.nuget/packages/azure.resourcemanager.authorization/1.1.5/lib/net8.0/Azure.ResourceManager.Authorization.dll /reference:/home/quinngil/.nuget/packages/azure.resourcemanager.cosmosdb/1.3.2/lib/netstandard2.0/Azure.ResourceManager.CosmosDB.dll /reference:/home/quinngil/.nuget/packages/azure.resourcemanager/1.13.2/lib/net8.0/Azure.ResourceManager.dll /reference:/mnt/d/src/MtgDiscoveryVibeWorkspace/IMPLS/src/Lib.Adapter.Scryfall.Cosmos/obj/Release/net9.0/ref/Lib.Adapter.Scryfall.Cosmos.dll /reference:/mnt/d/src/MtgDiscoveryVibeWorkspace/IMPLS/src/Lib.Aggregator.Scryfall.Shared/obj/Release/net9.0/ref/Lib.Aggregator.Scryfall.Shared.dll /reference:/mnt/d/src/MtgDiscoveryVibeWorkspace/IMPLS/src/Lib.Cosmos/obj/Release/net9.0/ref/Lib.Cosmos.dll /reference:/mnt/d/src/MtgDiscoveryVibeWorkspace/IMPLS/src/Lib.Scryfall.Shared/obj/Release/net9.0/ref/Lib.Scryfall.Shared.dll /reference:/mnt/d/src/MtgDiscoveryVibeWorkspace/IMPLS/src/Lib.Shared.Abstractions/obj/Release/net9.0/ref/Lib.Shared.Abstractions.dll /reference:/mnt/d/src/MtgDiscoveryVibeWorkspace/IMPLS/src/Lib.Shared.DataModels/obj/Release/net9.0/ref/Lib.Shared.DataModels.dll /reference:/mnt/d/src/MtgDiscoveryVibeWorkspace/IMPLS/src/Lib.Shared.Invocation/obj/Release/net9.0/ref/Lib.Shared.Invocation.dll /reference:/mnt/d/src/MtgDiscoveryVibeWorkspace/IMPLS/src/Lib.Universal/obj/Release/net9.0/ref/Lib.Universal.dll /reference:/home/quinngil/.nuget/packages/microsoft.azure.cosmos/3.52.1/lib/netstandard2.0/Microsoft.Azure.Cosmos.Client.dll /reference:/home/quinngil/.nuget/packages/microsoft.azure.cosmos/3.52.1/lib/netstandard2.0/Microsoft.Azure.Cosmos.Core.dll /reference:/home/quinngil/.nuget/packages/microsoft.azure.cosmos/3.52.1/lib/netstandard2.0/Microsoft.Azure.Cosmos.Direct.dll /reference:/home/quinngil/.nuget/packages/microsoft.azure.cosmos/3.52.1/lib/netstandard2.0/Microsoft.Azure.Cosmos.Serialization.HybridRow.dll /reference:/home/quinngil/.nuget/packages/microsoft.bcl.asyncinterfaces/8.0.0/lib/netstandard2.1/Microsoft.Bcl.AsyncInterfaces.dll /reference:/home/quinngil/.nuget/packages/microsoft.bcl.hashcode/1.1.0/ref/netcoreapp2.1/Microsoft.Bcl.HashCode.dll /reference:/usr/share/dotnet/packs/Microsoft.NETCore.App.Ref/9.0.4/ref/net9.0/Microsoft.CSharp.dll /reference:/home/quinngil/.nuget/packages/microsoft.extensions.caching.abstractions/9.0.0/lib/net9.0/Microsoft.Extensions.Caching.Abstractions.dll /reference:/home/quinngil/.nuget/packages/microsoft.extensions.caching.memory/9.0.0/lib/net9.0/Microsoft.Extensions.Caching.Memory.dll /reference:/home/quinngil/.nuget/packages/microsoft.extensions.configuration.abstractions/9.0.5/lib/net9.0/Microsoft.Extensions.Configuration.Abstractions.dll /reference:/home/quinngil/.nuget/packages/microsoft.extensions.dependencyinjection.abstractions/9.0.0/lib/net9.0/Microsoft.Extensions.DependencyInjection.Abstractions.dll /reference:/home/quinngil/.nuget/packages/microsoft.extensions.logging.abstractions/9.0.0/lib/net9.0/Microsoft.Extensions.Logging.Abstractions.dll /reference:/home/quinngil/.nuget/packages/microsoft.extensions.options/9.0.0/lib/net9.0/Microsoft.Extensions.Options.dll /reference:/home/quinngil/.nuget/packages/microsoft.extensions.primitives/9.0.5/lib/net9.0/Microsoft.Extensions.Primitives.dll /reference:/home/quinngil/.nuget/packages/microsoft.identitymodel.abstractions/8.0.1/lib/net9.0/Microsoft.IdentityModel.Abstractions.dll /reference:/home/quinngil/.nuget/packages/microsoft.identitymodel.jsonwebtokens/8.0.1/lib/net9.0/Microsoft.IdentityModel.JsonWebTokens.dll /reference:/home/quinngil/.nuget/packages/microsoft.identitymodel.logging/8.0.1/lib/net9.0/Microsoft.IdentityModel.Logging.dll /reference:/home/quinngil/.nuget/packages/microsoft.identitymodel.tokens/8.0.1/lib/net9.0/Microsoft.IdentityModel.Tokens.dll /reference:/usr/share/dotnet/packs/Microsoft.NETCore.App.Ref/9.0.4/ref/net9.0/Microsoft.VisualBasic.Core.dll /reference:/usr/share/dotnet/packs/Microsoft.NETCore.App.Ref/9.0.4/ref/net9.0/Microsoft.VisualBasic.dll /reference:/usr/share/dotnet/packs/Microsoft.NETCore.App.Ref/9.0.4/ref/net9.0/Microsoft.Win32.Primitives.dll /reference:/usr/share/dotnet/packs/Microsoft.NETCore.App.Ref/9.0.4/ref/net9.0/Microsoft.Win32.Registry.dll /reference:/home/quinngil/.nuget/packages/microsoft.win32.systemevents/6.0.0/lib/net6.0/Microsoft.Win32.SystemEvents.dll /reference:/usr/share/dotnet/packs/Microsoft.NETCore.App.Ref/9.0.4/ref/net9.0/mscorlib.dll /reference:/usr/share/dotnet/packs/Microsoft.NETCore.App.Ref/9.0.4/ref/net9.0/netstandard.dll /reference:/home/quinngil/.nuget/packages/newtonsoft.json/13.0.3/lib/net6.0/Newtonsoft.Json.dll /reference:/usr/share/dotnet/packs/Microsoft.NETCore.App.Ref/9.0.4/ref/net9.0/System.AppContext.dll /reference:/usr/share/dotnet/packs/Microsoft.NETCore.App.Ref/9.0.4/ref/net9.0/System.Buffers.dll /reference:/home/quinngil/.nuget/packages/system.clientmodel/1.5.1/lib/net8.0/System.ClientModel.dll /reference:/usr/share/dotnet/packs/Microsoft.NETCore.App.Ref/9.0.4/ref/net9.0/System.Collections.Concurrent.dll /reference:/usr/share/dotnet/packs/Microsoft.NETCore.App.Ref/9.0.4/ref/net9.0/System.Collections.dll /reference:/usr/share/dotnet/packs/Microsoft.NETCore.App.Ref/9.0.4/ref/net9.0/System.Collections.Immutable.dll /reference:/usr/share/dotnet/packs/Microsoft.NETCore.App.Ref/9.0.4/ref/net9.0/System.Collections.NonGeneric.dll /reference:/usr/share/dotnet/packs/Microsoft.NETCore.App.Ref/9.0.4/ref/net9.0/System.Collections.Specialized.dll /reference:/usr/share/dotnet/packs/Microsoft.NETCore.App.Ref/9.0.4/ref/net9.0/System.ComponentModel.Annotations.dll /reference:/usr/share/dotnet/packs/Microsoft.NETCore.App.Ref/9.0.4/ref/net9.0/System.ComponentModel.DataAnnotations.dll /reference:/usr/share/dotnet/packs/Microsoft.NETCore.App.Ref/9.0.4/ref/net9.0/System.ComponentModel.dll /reference:/usr/share/dotnet/packs/Microsoft.NETCore.App.Ref/9.0.4/ref/net9.0/System.ComponentModel.EventBasedAsync.dll /reference:/usr/share/dotnet/packs/Microsoft.NETCore.App.Ref/9.0.4/ref/net9.0/System.ComponentModel.Primitives.dll /reference:/usr/share/dotnet/packs/Microsoft.NETCore.App.Ref/9.0.4/ref/net9.0/System.ComponentModel.TypeConverter.dll /reference:/home/quinngil/.nuget/packages/system.configuration.configurationmanager/6.0.0/lib/net6.0/System.Configuration.ConfigurationManager.dll /reference:/usr/share/dotnet/packs/Microsoft.NETCore.App.Ref/9.0.4/ref/net9.0/System.Configuration.dll /reference:/usr/share/dotnet/packs/Microsoft.NETCore.App.Ref/9.0.4/ref/net9.0/System.Console.dll /reference:/usr/share/dotnet/packs/Microsoft.NETCore.App.Ref/9.0.4/ref/net9.0/System.Core.dll /reference:/usr/share/dotnet/packs/Microsoft.NETCore.App.Ref/9.0.4/ref/net9.0/System.Data.Common.dll /reference:/usr/share/dotnet/packs/Microsoft.NETCore.App.Ref/9.0.4/ref/net9.0/System.Data.DataSetExtensions.dll /reference:/usr/share/dotnet/packs/Microsoft.NETCore.App.Ref/9.0.4/ref/net9.0/System.Data.dll /reference:/usr/share/dotnet/packs/Microsoft.NETCore.App.Ref/9.0.4/ref/net9.0/System.Diagnostics.Contracts.dll /reference:/usr/share/dotnet/packs/Microsoft.NETCore.App.Ref/9.0.4/ref/net9.0/System.Diagnostics.Debug.dll /reference:/usr/share/dotnet/packs/Microsoft.NETCore.App.Ref/9.0.4/ref/net9.0/System.Diagnostics.DiagnosticSource.dll /reference:/usr/share/dotnet/packs/Microsoft.NETCore.App.Ref/9.0.4/ref/net9.0/System.Diagnostics.FileVersionInfo.dll /reference:/usr/share/dotnet/packs/Microsoft.NETCore.App.Ref/9.0.4/ref/net9.0/System.Diagnostics.Process.dll /reference:/usr/share/dotnet/packs/Microsoft.NETCore.App.Ref/9.0.4/ref/net9.0/System.Diagnostics.StackTrace.dll /reference:/usr/share/dotnet/packs/Microsoft.NETCore.App.Ref/9.0.4/ref/net9.0/System.Diagnostics.TextWriterTraceListener.dll /reference:/usr/share/dotnet/packs/Microsoft.NETCore.App.Ref/9.0.4/ref/net9.0/System.Diagnostics.Tools.dll /reference:/usr/share/dotnet/packs/Microsoft.NETCore.App.Ref/9.0.4/ref/net9.0/System.Diagnostics.TraceSource.dll /reference:/usr/share/dotnet/packs/Microsoft.NETCore.App.Ref/9.0.4/ref/net9.0/System.Diagnostics.Tracing.dll /reference:/usr/share/dotnet/packs/Microsoft.NETCore.App.Ref/9.0.4/ref/net9.0/System.dll /reference:/home/quinngil/.nuget/packages/system.drawing.common/6.0.0/lib/net6.0/System.Drawing.Common.dll /reference:/usr/share/dotnet/packs/Microsoft.NETCore.App.Ref/9.0.4/ref/net9.0/System.Drawing.dll /reference:/usr/share/dotnet/packs/Microsoft.NETCore.App.Ref/9.0.4/ref/net9.0/System.Drawing.Primitives.dll /reference:/usr/share/dotnet/packs/Microsoft.NETCore.App.Ref/9.0.4/ref/net9.0/System.Dynamic.Runtime.dll /reference:/usr/share/dotnet/packs/Microsoft.NETCore.App.Ref/9.0.4/ref/net9.0/System.Formats.Asn1.dll /reference:/usr/share/dotnet/packs/Microsoft.NETCore.App.Ref/9.0.4/ref/net9.0/System.Formats.Tar.dll /reference:/usr/share/dotnet/packs/Microsoft.NETCore.App.Ref/9.0.4/ref/net9.0/System.Globalization.Calendars.dll /reference:/usr/share/dotnet/packs/Microsoft.NETCore.App.Ref/9.0.4/ref/net9.0/System.Globalization.dll /reference:/usr/share/dotnet/packs/Microsoft.NETCore.App.Ref/9.0.4/ref/net9.0/System.Globalization.Extensions.dll /reference:/home/quinngil/.nuget/packages/system.identitymodel.tokens.jwt/8.0.1/lib/net9.0/System.IdentityModel.Tokens.Jwt.dll /reference:/usr/share/dotnet/packs/Microsoft.NETCore.App.Ref/9.0.4/ref/net9.0/System.IO.Compression.Brotli.dll /reference:/usr/share/dotnet/packs/Microsoft.NETCore.App.Ref/9.0.4/ref/net9.0/System.IO.Compression.dll /reference:/usr/share/dotnet/packs/Microsoft.NETCore.App.Ref/9.0.4/ref/net9.0/System.IO.Compression.FileSystem.dll /reference:/usr/share/dotnet/packs/Microsoft.NETCore.App.Ref/9.0.4/ref/net9.0/System.IO.Compression.ZipFile.dll /reference:/usr/share/dotnet/packs/Microsoft.NETCore.App.Ref/9.0.4/ref/net9.0/System.IO.dll /reference:/usr/share/dotnet/packs/Microsoft.NETCore.App.Ref/9.0.4/ref/net9.0/System.IO.FileSystem.AccessControl.dll /reference:/usr/share/dotnet/packs/Microsoft.NETCore.App.Ref/9.0.4/ref/net9.0/System.IO.FileSystem.dll /reference:/usr/share/dotnet/packs/Microsoft.NETCore.App.Ref/9.0.4/ref/net9.0/System.IO.FileSystem.DriveInfo.dll /reference:/usr/share/dotnet/packs/Microsoft.NETCore.App.Ref/9.0.4/ref/net9.0/System.IO.FileSystem.Primitives.dll /reference:/usr/share/dotnet/packs/Microsoft.NETCore.App.Ref/9.0.4/ref/net9.0/System.IO.FileSystem.Watcher.dll /reference:/usr/share/dotnet/packs/Microsoft.NETCore.App.Ref/9.0.4/ref/net9.0/System.IO.IsolatedStorage.dll /reference:/usr/share/dotnet/packs/Microsoft.NETCore.App.Ref/9.0.4/ref/net9.0/System.IO.MemoryMappedFiles.dll /reference:/usr/share/dotnet/packs/Microsoft.NETCore.App.Ref/9.0.4/ref/net9.0/System.IO.Pipelines.dll /reference:/usr/share/dotnet/packs/Microsoft.NETCore.App.Ref/9.0.4/ref/net9.0/System.IO.Pipes.AccessControl.dll /reference:/usr/share/dotnet/packs/Microsoft.NETCore.App.Ref/9.0.4/ref/net9.0/System.IO.Pipes.dll /reference:/usr/share/dotnet/packs/Microsoft.NETCore.App.Ref/9.0.4/ref/net9.0/System.IO.UnmanagedMemoryStream.dll /reference:/usr/share/dotnet/packs/Microsoft.NETCore.App.Ref/9.0.4/ref/net9.0/System.Linq.dll /reference:/usr/share/dotnet/packs/Microsoft.NETCore.App.Ref/9.0.4/ref/net9.0/System.Linq.Expressions.dll /reference:/usr/share/dotnet/packs/Microsoft.NETCore.App.Ref/9.0.4/ref/net9.0/System.Linq.Parallel.dll /reference:/usr/share/dotnet/packs/Microsoft.NETCore.App.Ref/9.0.4/ref/net9.0/System.Linq.Queryable.dll /reference:/home/quinngil/.nuget/packages/system.memory.data/8.0.1/lib/net8.0/System.Memory.Data.dll /reference:/usr/share/dotnet/packs/Microsoft.NETCore.App.Ref/9.0.4/ref/net9.0/System.Memory.dll /reference:/usr/share/dotnet/packs/Microsoft.NETCore.App.Ref/9.0.4/ref/net9.0/System.Net.dll /reference:/usr/share/dotnet/packs/Microsoft.NETCore.App.Ref/9.0.4/ref/net9.0/System.Net.Http.dll /reference:/usr/share/dotnet/packs/Microsoft.NETCore.App.Ref/9.0.4/ref/net9.0/System.Net.Http.Json.dll /reference:/usr/share/dotnet/packs/Microsoft.NETCore.App.Ref/9.0.4/ref/net9.0/System.Net.HttpListener.dll /reference:/usr/share/dotnet/packs/Microsoft.NETCore.App.Ref/9.0.4/ref/net9.0/System.Net.Mail.dll /reference:/usr/share/dotnet/packs/Microsoft.NETCore.App.Ref/9.0.4/ref/net9.0/System.Net.NameResolution.dll /reference:/usr/share/dotnet/packs/Microsoft.NETCore.App.Ref/9.0.4/ref/net9.0/System.Net.NetworkInformation.dll /reference:/usr/share/dotnet/packs/Microsoft.NETCore.App.Ref/9.0.4/ref/net9.0/System.Net.Ping.dll /reference:/usr/share/dotnet/packs/Microsoft.NETCore.App.Ref/9.0.4/ref/net9.0/System.Net.Primitives.dll /reference:/usr/share/dotnet/packs/Microsoft.NETCore.App.Ref/9.0.4/ref/net9.0/System.Net.Quic.dll /reference:/usr/share/dotnet/packs/Microsoft.NETCore.App.Ref/9.0.4/ref/net9.0/System.Net.Requests.dll /reference:/usr/share/dotnet/packs/Microsoft.NETCore.App.Ref/9.0.4/ref/net9.0/System.Net.Security.dll /reference:/usr/share/dotnet/packs/Microsoft.NETCore.App.Ref/9.0.4/ref/net9.0/System.Net.ServicePoint.dll /reference:/usr/share/dotnet/packs/Microsoft.NETCore.App.Ref/9.0.4/ref/net9.0/System.Net.Sockets.dll /reference:/usr/share/dotnet/packs/Microsoft.NETCore.App.Ref/9.0.4/ref/net9.0/System.Net.WebClient.dll /reference:/usr/share/dotnet/packs/Microsoft.NETCore.App.Ref/9.0.4/ref/net9.0/System.Net.WebHeaderCollection.dll /reference:/usr/share/dotnet/packs/Microsoft.NETCore.App.Ref/9.0.4/ref/net9.0/System.Net.WebProxy.dll /reference:/usr/share/dotnet/packs/Microsoft.NETCore.App.Ref/9.0.4/ref/net9.0/System.Net.WebSockets.Client.dll /reference:/usr/share/dotnet/packs/Microsoft.NETCore.App.Ref/9.0.4/ref/net9.0/System.Net.WebSockets.dll /reference:/usr/share/dotnet/packs/Microsoft.NETCore.App.Ref/9.0.4/ref/net9.0/System.Numerics.dll /reference:/usr/share/dotnet/packs/Microsoft.NETCore.App.Ref/9.0.4/ref/net9.0/System.Numerics.Vectors.dll /reference:/usr/share/dotnet/packs/Microsoft.NETCore.App.Ref/9.0.4/ref/net9.0/System.ObjectModel.dll /reference:/usr/share/dotnet/packs/Microsoft.NETCore.App.Ref/9.0.4/ref/net9.0/System.Reflection.DispatchProxy.dll /reference:/usr/share/dotnet/packs/Microsoft.NETCore.App.Ref/9.0.4/ref/net9.0/System.Reflection.dll /reference:/usr/share/dotnet/packs/Microsoft.NETCore.App.Ref/9.0.4/ref/net9.0/System.Reflection.Emit.dll /reference:/usr/share/dotnet/packs/Microsoft.NETCore.App.Ref/9.0.4/ref/net9.0/System.Reflection.Emit.ILGeneration.dll /reference:/usr/share/dotnet/packs/Microsoft.NETCore.App.Ref/9.0.4/ref/net9.0/System.Reflection.Emit.Lightweight.dll /reference:/usr/share/dotnet/packs/Microsoft.NETCore.App.Ref/9.0.4/ref/net9.0/System.Reflection.Extensions.dll /reference:/usr/share/dotnet/packs/Microsoft.NETCore.App.Ref/9.0.4/ref/net9.0/System.Reflection.Metadata.dll /reference:/usr/share/dotnet/packs/Microsoft.NETCore.App.Ref/9.0.4/ref/net9.0/System.Reflection.Primitives.dll /reference:/usr/share/dotnet/packs/Microsoft.NETCore.App.Ref/9.0.4/ref/net9.0/System.Reflection.TypeExtensions.dll /reference:/usr/share/dotnet/packs/Microsoft.NETCore.App.Ref/9.0.4/ref/net9.0/System.Resources.Reader.dll /reference:/usr/share/dotnet/packs/Microsoft.NETCore.App.Ref/9.0.4/ref/net9.0/System.Resources.ResourceManager.dll /reference:/usr/share/dotnet/packs/Microsoft.NETCore.App.Ref/9.0.4/ref/net9.0/System.Resources.Writer.dll /reference:/usr/share/dotnet/packs/Microsoft.NETCore.App.Ref/9.0.4/ref/net9.0/System.Runtime.CompilerServices.Unsafe.dll /reference:/usr/share/dotnet/packs/Microsoft.NETCore.App.Ref/9.0.4/ref/net9.0/System.Runtime.CompilerServices.VisualC.dll /reference:/usr/share/dotnet/packs/Microsoft.NETCore.App.Ref/9.0.4/ref/net9.0/System.Runtime.dll /reference:/usr/share/dotnet/packs/Microsoft.NETCore.App.Ref/9.0.4/ref/net9.0/System.Runtime.Extensions.dll /reference:/usr/share/dotnet/packs/Microsoft.NETCore.App.Ref/9.0.4/ref/net9.0/System.Runtime.Handles.dll /reference:/usr/share/dotnet/packs/Microsoft.NETCore.App.Ref/9.0.4/ref/net9.0/System.Runtime.InteropServices.dll /reference:/usr/share/dotnet/packs/Microsoft.NETCore.App.Ref/9.0.4/ref/net9.0/System.Runtime.InteropServices.JavaScript.dll /reference:/usr/share/dotnet/packs/Microsoft.NETCore.App.Ref/9.0.4/ref/net9.0/System.Runtime.InteropServices.RuntimeInformation.dll /reference:/usr/share/dotnet/packs/Microsoft.NETCore.App.Ref/9.0.4/ref/net9.0/System.Runtime.Intrinsics.dll /reference:/usr/share/dotnet/packs/Microsoft.NETCore.App.Ref/9.0.4/ref/net9.0/System.Runtime.Loader.dll /reference:/usr/share/dotnet/packs/Microsoft.NETCore.App.Ref/9.0.4/ref/net9.0/System.Runtime.Numerics.dll /reference:/usr/share/dotnet/packs/Microsoft.NETCore.App.Ref/9.0.4/ref/net9.0/System.Runtime.Serialization.dll /reference:/usr/share/dotnet/packs/Microsoft.NETCore.App.Ref/9.0.4/ref/net9.0/System.Runtime.Serialization.Formatters.dll /reference:/usr/share/dotnet/packs/Microsoft.NETCore.App.Ref/9.0.4/ref/net9.0/System.Runtime.Serialization.Json.dll /reference:/usr/share/dotnet/packs/Microsoft.NETCore.App.Ref/9.0.4/ref/net9.0/System.Runtime.Serialization.Primitives.dll /reference:/usr/share/dotnet/packs/Microsoft.NETCore.App.Ref/9.0.4/ref/net9.0/System.Runtime.Serialization.Xml.dll /reference:/usr/share/dotnet/packs/Microsoft.NETCore.App.Ref/9.0.4/ref/net9.0/System.Security.AccessControl.dll /reference:/usr/share/dotnet/packs/Microsoft.NETCore.App.Ref/9.0.4/ref/net9.0/System.Security.Claims.dll /reference:/usr/share/dotnet/packs/Microsoft.NETCore.App.Ref/9.0.4/ref/net9.0/System.Security.Cryptography.Algorithms.dll /reference:/usr/share/dotnet/packs/Microsoft.NETCore.App.Ref/9.0.4/ref/net9.0/System.Security.Cryptography.Cng.dll /reference:/usr/share/dotnet/packs/Microsoft.NETCore.App.Ref/9.0.4/ref/net9.0/System.Security.Cryptography.Csp.dll /reference:/usr/share/dotnet/packs/Microsoft.NETCore.App.Ref/9.0.4/ref/net9.0/System.Security.Cryptography.dll /reference:/usr/share/dotnet/packs/Microsoft.NETCore.App.Ref/9.0.4/ref/net9.0/System.Security.Cryptography.Encoding.dll /reference:/usr/share/dotnet/packs/Microsoft.NETCore.App.Ref/9.0.4/ref/net9.0/System.Security.Cryptography.OpenSsl.dll /reference:/usr/share/dotnet/packs/Microsoft.NETCore.App.Ref/9.0.4/ref/net9.0/System.Security.Cryptography.Primitives.dll /reference:/home/quinngil/.nuget/packages/system.security.cryptography.protecteddata/6.0.0/lib/net6.0/System.Security.Cryptography.ProtectedData.dll /reference:/usr/share/dotnet/packs/Microsoft.NETCore.App.Ref/9.0.4/ref/net9.0/System.Security.Cryptography.X509Certificates.dll /reference:/usr/share/dotnet/packs/Microsoft.NETCore.App.Ref/9.0.4/ref/net9.0/System.Security.dll /reference:/home/quinngil/.nuget/packages/system.security.permissions/6.0.0/lib/net6.0/System.Security.Permissions.dll /reference:/usr/share/dotnet/packs/Microsoft.NETCore.App.Ref/9.0.4/ref/net9.0/System.Security.Principal.dll /reference:/usr/share/dotnet/packs/Microsoft.NETCore.App.Ref/9.0.4/ref/net9.0/System.Security.Principal.Windows.dll /reference:/usr/share/dotnet/packs/Microsoft.NETCore.App.Ref/9.0.4/ref/net9.0/System.Security.SecureString.dll /reference:/usr/share/dotnet/packs/Microsoft.NETCore.App.Ref/9.0.4/ref/net9.0/System.ServiceModel.Web.dll /reference:/usr/share/dotnet/packs/Microsoft.NETCore.App.Ref/9.0.4/ref/net9.0/System.ServiceProcess.dll /reference:/usr/share/dotnet/packs/Microsoft.NETCore.App.Ref/9.0.4/ref/net9.0/System.Text.Encoding.CodePages.dll /reference:/usr/share/dotnet/packs/Microsoft.NETCore.App.Ref/9.0.4/ref/net9.0/System.Text.Encoding.dll /reference:/usr/share/dotnet/packs/Microsoft.NETCore.App.Ref/9.0.4/ref/net9.0/System.Text.Encoding.Extensions.dll /reference:/usr/share/dotnet/packs/Microsoft.NETCore.App.Ref/9.0.4/ref/net9.0/System.Text.Encodings.Web.dll /reference:/home/quinngil/.nuget/packages/system.text.json/9.0.8/lib/net9.0/System.Text.Json.dll /reference:/usr/share/dotnet/packs/Microsoft.NETCore.App.Ref/9.0.4/ref/net9.0/System.Text.RegularExpressions.dll /reference:/usr/share/dotnet/packs/Microsoft.NETCore.App.Ref/9.0.4/ref/net9.0/System.Threading.Channels.dll /reference:/usr/share/dotnet/packs/Microsoft.NETCore.App.Ref/9.0.4/ref/net9.0/System.Threading.dll /reference:/usr/share/dotnet/packs/Microsoft.NETCore.App.Ref/9.0.4/ref/net9.0/System.Threading.Overlapped.dll /reference:/usr/share/dotnet/packs/Microsoft.NETCore.App.Ref/9.0.4/ref/net9.0/System.Threading.Tasks.Dataflow.dll /reference:/usr/share/dotnet/packs/Microsoft.NETCore.App.Ref/9.0.4/ref/net9.0/System.Threading.Tasks.dll /reference:/usr/share/dotnet/packs/Microsoft.NETCore.App.Ref/9.0.4/ref/net9.0/System.Threading.Tasks.Extensions.dll /reference:/usr/share/dotnet/packs/Microsoft.NETCore.App.Ref/9.0.4/ref/net9.0/System.Threading.Tasks.Parallel.dll /reference:/usr/share/dotnet/packs/Microsoft.NETCore.App.Ref/9.0.4/ref/net9.0/System.Threading.Thread.dll /reference:/usr/share/dotnet/packs/Microsoft.NETCore.App.Ref/9.0.4/ref/net9.0/System.Threading.ThreadPool.dll /reference:/usr/share/dotnet/packs/Microsoft.NETCore.App.Ref/9.0.4/ref/net9.0/System.Threading.Timer.dll /reference:/usr/share/dotnet/packs/Microsoft.NETCore.App.Ref/9.0.4/ref/net9.0/System.Transactions.dll /reference:/usr/share/dotnet/packs/Microsoft.NETCore.App.Ref/9.0.4/ref/net9.0/System.Transactions.Local.dll /reference:/usr/share/dotnet/packs/Microsoft.NETCore.App.Ref/9.0.4/ref/net9.0/System.ValueTuple.dll /reference:/usr/share/dotnet/packs/Microsoft.NETCore.App.Ref/9.0.4/ref/net9.0/System.Web.dll /reference:/usr/share/dotnet/packs/Microsoft.NETCore.App.Ref/9.0.4/ref/net9.0/System.Web.HttpUtility.dll /reference:/usr/share/dotnet/packs/Microsoft.NETCore.App.Ref/9.0.4/ref/net9.0/System.Windows.dll /reference:/home/quinngil/.nuget/packages/system.windows.extensions/6.0.0/lib/net6.0/System.Windows.Extensions.dll /reference:/usr/share/dotnet/packs/Microsoft.NETCore.App.Ref/9.0.4/ref/net9.0/System.Xml.dll /reference:/usr/share/dotnet/packs/Microsoft.NETCore.App.Ref/9.0.4/ref/net9.0/System.Xml.Linq.dll /reference:/usr/share/dotnet/packs/Microsoft.NETCore.App.Ref/9.0.4/ref/net9.0/System.Xml.ReaderWriter.dll /reference:/usr/share/dotnet/packs/Microsoft.NETCore.App.Ref/9.0.4/ref/net9.0/System.Xml.Serialization.dll /reference:/usr/share/dotnet/packs/Microsoft.NETCore.App.Ref/9.0.4/ref/net9.0/System.Xml.XDocument.dll /reference:/usr/share/dotnet/packs/Microsoft.NETCore.App.Ref/9.0.4/ref/net9.0/System.Xml.XmlDocument.dll /reference:/usr/share/dotnet/packs/Microsoft.NETCore.App.Ref/9.0.4/ref/net9.0/System.Xml.XmlSerializer.dll /reference:/usr/share/dotnet/packs/Microsoft.NETCore.App.Ref/9.0.4/ref/net9.0/System.Xml.XPath.dll /reference:/usr/share/dotnet/packs/Microsoft.NETCore.App.Ref/9.0.4/ref/net9.0/System.Xml.XPath.XDocument.dll /reference:/usr/share/dotnet/packs/Microsoft.NETCore.App.Ref/9.0.4/ref/net9.0/WindowsBase.dll /debug- /debug:portable /filealign:512 /optimize+ /out:obj/Release/net9.0/Lib.Adapter.User.dll /refout:obj/Release/net9.0/refint/Lib.Adapter.User.dll /reportanalyzer /target:library /warnaserror+ /utf8output /deterministic+ /sourcelink:obj/Release/net9.0/Lib.Adapter.User.sourcelink.json /langversion:latest /features:strict /embed:"obj/Release/net9.0/.NETCoreApp,Version=v9.0.AssemblyAttributes.cs" /embed:obj/Release/net9.0/Lib.Adapter.User.AssemblyInfo.cs /analyzerconfig:/mnt/d/src/MtgDiscoveryVibeWorkspace/IMPLS/src/.editorconfig /analyzerconfig:obj/Release/net9.0/Lib.Adapter.User.GeneratedMSBuildEditorConfig.editorconfig /analyzerconfig:/usr/share/dotnet/sdk/9.0.203/Sdks/Microsoft.NET.Sdk/analyzers/build/config/analysislevel_9_all_warnaserror.globalconfig /analyzer:/usr/share/dotnet/sdk/9.0.203/Sdks/Microsoft.NET.Sdk/targets/../analyzers/Microsoft.CodeAnalysis.CSharp.NetAnalyzers.dll /analyzer:/usr/share/dotnet/sdk/9.0.203/Sdks/Microsoft.NET.Sdk/targets/../analyzers/Microsoft.CodeAnalysis.NetAnalyzers.dll /analyzer:/usr/share/dotnet/sdk/9.0.203/Sdks/Microsoft.NET.Sdk/targets/../codestyle/cs/Microsoft.CodeAnalysis.CodeStyle.dll /analyzer:/usr/share/dotnet/sdk/9.0.203/Sdks/Microsoft.NET.Sdk/targets/../codestyle/cs/Microsoft.CodeAnalysis.CodeStyle.Fixes.dll /analyzer:/usr/share/dotnet/sdk/9.0.203/Sdks/Microsoft.NET.Sdk/targets/../codestyle/cs/Microsoft.CodeAnalysis.CSharp.CodeStyle.dll /analyzer:/usr/share/dotnet/sdk/9.0.203/Sdks/Microsoft.NET.Sdk/targets/../codestyle/cs/Microsoft.CodeAnalysis.CSharp.CodeStyle.Fixes.dll /analyzer:/home/quinngil/.nuget/packages/microsoft.codeanalysis.bannedapianalyzers/4.14.0/analyzers/dotnet/cs/Microsoft.CodeAnalysis.BannedApiAnalyzers.dll /analyzer:/home/quinngil/.nuget/packages/microsoft.codeanalysis.bannedapianalyzers/4.14.0/analyzers/dotnet/cs/Microsoft.CodeAnalysis.CSharp.BannedApiAnalyzers.dll /analyzer:/home/quinngil/.nuget/packages/microsoft.extensions.logging.abstractions/9.0.0/analyzers/dotnet/roslyn4.4/cs/Microsoft.Extensions.Logging.Generators.dll /analyzer:/home/quinngil/.nuget/packages/microsoft.extensions.options/9.0.0/analyzers/dotnet/roslyn4.4/cs/Microsoft.Extensions.Options.SourceGeneration.dll /analyzer:/home/quinngil/.nuget/packages/system.clientmodel/1.5.1/analyzers/dotnet/cs/System.ClientModel.SourceGeneration.dll /analyzer:/home/quinngil/.nuget/packages/system.text.json/9.0.8/analyzers/dotnet/roslyn4.4/cs/System.Text.Json.SourceGeneration.dll /analyzer:/usr/share/dotnet/packs/Microsoft.NETCore.App.Ref/9.0.4/analyzers/dotnet/cs/Microsoft.Interop.ComInterfaceGenerator.dll /analyzer:/usr/share/dotnet/packs/Microsoft.NETCore.App.Ref/9.0.4/analyzers/dotnet/cs/Microsoft.Interop.JavaScript.JSImportGenerator.dll /analyzer:/usr/share/dotnet/packs/Microsoft.NETCore.App.Ref/9.0.4/analyzers/dotnet/cs/Microsoft.Interop.LibraryImportGenerator.dll /analyzer:/usr/share/dotnet/packs/Microsoft.NETCore.App.Ref/9.0.4/analyzers/dotnet/cs/Microsoft.Interop.SourceGeneration.dll /analyzer:/usr/share/dotnet/packs/Microsoft.NETCore.App.Ref/9.0.4/analyzers/dotnet/cs/System.Text.RegularExpressions.Generator.dll /additionalfile:/mnt/d/src/MtgDiscoveryVibeWorkspace/IMPLS/src/BannedSymbols.txt /additionalfile:/mnt/d/src/MtgDiscoveryVibeWorkspace/IMPLS/src/.editorconfig Apis/IUserAdapterService.cs Apis/IUserCommandAdapter.cs Apis/UserAdapterService.cs Commands/UserCosmosCommandAdapter.cs Exceptions/UserAdapterException.cs "obj/Release/net9.0/.NETCoreApp,Version=v9.0.AssemblyAttributes.cs" obj/Release/net9.0/Lib.Adapter.User.AssemblyInfo.cs /warnaserror+:NU1605,SYSLIB0011
    33>_GenerateSourceLinkFile:
         Updating Source Link file 'obj/Release/net9.0/Lib.Adapter.Cards.sourcelink.json'.
    27>_CopyOutOfDateSourceItemsToOutputDirectory:
       Skipping target "_CopyOutOfDateSourceItemsToOutputDirectory" because all output files are up-to-date with respect to the input files.
    13>CopyFilesToOutputDirectory:
         Lib.Adapter.Scryfall.Cosmos.Tests -> /mnt/d/src/MtgDiscoveryVibeWorkspace/IMPLS/src/Lib.Adapter.Scryfall.Cosmos.Tests/bin/Release/net9.0/Lib.Adapter.Scryfall.Cosmos.Tests.dll
         Copying file from "/mnt/d/src/MtgDiscoveryVibeWorkspace/IMPLS/src/Lib.Adapter.Scryfall.Cosmos.Tests/obj/Release/net9.0/Lib.Adapter.Scryfall.Cosmos.Tests.pdb" to "/mnt/d/src/MtgDiscoveryVibeWorkspace/IMPLS/src/Lib.Adapter.Scryfall.Cosmos.Tests/bin/Release/net9.0/Lib.Adapter.Scryfall.Cosmos.Tests.pdb".
    36>CoreCompile:
         /usr/share/dotnet/dotnet exec "/usr/share/dotnet/sdk/9.0.203/Roslyn/bincore/csc.dll" /noconfig /unsafe- /checked- /nowarn:IDE0290,IDE2001,IDE0005,IDE0046,CA1716,CA1040,CA1056,1701,1702 /fullpaths /nostdlib+ /errorreport:prompt /warn:9 /define:TRACE;RELEASE;NET;NET9_0;NETCOREAPP;NET5_0_OR_GREATER;NET6_0_OR_GREATER;NET7_0_OR_GREATER;NET8_0_OR_GREATER;NET9_0_OR_GREATER;NETCOREAPP1_0_OR_GREATER;NETCOREAPP1_1_OR_GREATER;NETCOREAPP2_0_OR_GREATER;NETCOREAPP2_1_OR_GREATER;NETCOREAPP2_2_OR_GREATER;NETCOREAPP3_0_OR_GREATER;NETCOREAPP3_1_OR_GREATER /highentropyva+ /nullable:warnings /reference:/home/quinngil/.nuget/packages/azure.core/1.47.1/lib/net8.0/Azure.Core.dll /reference:/home/quinngil/.nuget/packages/azure.resourcemanager.authorization/1.1.5/lib/net8.0/Azure.ResourceManager.Authorization.dll /reference:/home/quinngil/.nuget/packages/azure.resourcemanager.cosmosdb/1.3.2/lib/netstandard2.0/Azure.ResourceManager.CosmosDB.dll /reference:/home/quinngil/.nuget/packages/azure.resourcemanager/1.13.2/lib/net8.0/Azure.ResourceManager.dll /reference:/mnt/d/src/MtgDiscoveryVibeWorkspace/IMPLS/src/Lib.Adapter.Scryfall.Cosmos/obj/Release/net9.0/ref/Lib.Adapter.Scryfall.Cosmos.dll /reference:/mnt/d/src/MtgDiscoveryVibeWorkspace/IMPLS/src/Lib.Aggregator.Scryfall.Shared/obj/Release/net9.0/ref/Lib.Aggregator.Scryfall.Shared.dll /reference:/mnt/d/src/MtgDiscoveryVibeWorkspace/IMPLS/src/Lib.Cosmos/obj/Release/net9.0/ref/Lib.Cosmos.dll /reference:/mnt/d/src/MtgDiscoveryVibeWorkspace/IMPLS/src/Lib.Scryfall.Shared/obj/Release/net9.0/ref/Lib.Scryfall.Shared.dll /reference:/mnt/d/src/MtgDiscoveryVibeWorkspace/IMPLS/src/Lib.Shared.Abstractions/obj/Release/net9.0/ref/Lib.Shared.Abstractions.dll /reference:/mnt/d/src/MtgDiscoveryVibeWorkspace/IMPLS/src/Lib.Shared.DataModels/obj/Release/net9.0/ref/Lib.Shared.DataModels.dll /reference:/mnt/d/src/MtgDiscoveryVibeWorkspace/IMPLS/src/Lib.Shared.Invocation/obj/Release/net9.0/ref/Lib.Shared.Invocation.dll /reference:/mnt/d/src/MtgDiscoveryVibeWorkspace/IMPLS/src/Lib.Universal/obj/Release/net9.0/ref/Lib.Universal.dll /reference:/home/quinngil/.nuget/packages/microsoft.azure.cosmos/3.52.1/lib/netstandard2.0/Microsoft.Azure.Cosmos.Client.dll /reference:/home/quinngil/.nuget/packages/microsoft.azure.cosmos/3.52.1/lib/netstandard2.0/Microsoft.Azure.Cosmos.Core.dll /reference:/home/quinngil/.nuget/packages/microsoft.azure.cosmos/3.52.1/lib/netstandard2.0/Microsoft.Azure.Cosmos.Direct.dll /reference:/home/quinngil/.nuget/packages/microsoft.azure.cosmos/3.52.1/lib/netstandard2.0/Microsoft.Azure.Cosmos.Serialization.HybridRow.dll /reference:/home/quinngil/.nuget/packages/microsoft.bcl.asyncinterfaces/8.0.0/lib/netstandard2.1/Microsoft.Bcl.AsyncInterfaces.dll /reference:/home/quinngil/.nuget/packages/microsoft.bcl.hashcode/1.1.0/ref/netcoreapp2.1/Microsoft.Bcl.HashCode.dll /reference:/usr/share/dotnet/packs/Microsoft.NETCore.App.Ref/9.0.4/ref/net9.0/Microsoft.CSharp.dll /reference:/home/quinngil/.nuget/packages/microsoft.extensions.caching.abstractions/9.0.0/lib/net9.0/Microsoft.Extensions.Caching.Abstractions.dll /reference:/home/quinngil/.nuget/packages/microsoft.extensions.caching.memory/9.0.0/lib/net9.0/Microsoft.Extensions.Caching.Memory.dll /reference:/home/quinngil/.nuget/packages/microsoft.extensions.configuration.abstractions/9.0.5/lib/net9.0/Microsoft.Extensions.Configuration.Abstractions.dll /reference:/home/quinngil/.nuget/packages/microsoft.extensions.dependencyinjection.abstractions/9.0.0/lib/net9.0/Microsoft.Extensions.DependencyInjection.Abstractions.dll /reference:/home/quinngil/.nuget/packages/microsoft.extensions.logging.abstractions/9.0.0/lib/net9.0/Microsoft.Extensions.Logging.Abstractions.dll /reference:/home/quinngil/.nuget/packages/microsoft.extensions.options/9.0.0/lib/net9.0/Microsoft.Extensions.Options.dll /reference:/home/quinngil/.nuget/packages/microsoft.extensions.primitives/9.0.5/lib/net9.0/Microsoft.Extensions.Primitives.dll /reference:/home/quinngil/.nuget/packages/microsoft.identitymodel.abstractions/8.0.1/lib/net9.0/Microsoft.IdentityModel.Abstractions.dll /reference:/home/quinngil/.nuget/packages/microsoft.identitymodel.jsonwebtokens/8.0.1/lib/net9.0/Microsoft.IdentityModel.JsonWebTokens.dll /reference:/home/quinngil/.nuget/packages/microsoft.identitymodel.logging/8.0.1/lib/net9.0/Microsoft.IdentityModel.Logging.dll /reference:/home/quinngil/.nuget/packages/microsoft.identitymodel.tokens/8.0.1/lib/net9.0/Microsoft.IdentityModel.Tokens.dll /reference:/usr/share/dotnet/packs/Microsoft.NETCore.App.Ref/9.0.4/ref/net9.0/Microsoft.VisualBasic.Core.dll /reference:/usr/share/dotnet/packs/Microsoft.NETCore.App.Ref/9.0.4/ref/net9.0/Microsoft.VisualBasic.dll /reference:/usr/share/dotnet/packs/Microsoft.NETCore.App.Ref/9.0.4/ref/net9.0/Microsoft.Win32.Primitives.dll /reference:/usr/share/dotnet/packs/Microsoft.NETCore.App.Ref/9.0.4/ref/net9.0/Microsoft.Win32.Registry.dll /reference:/home/quinngil/.nuget/packages/microsoft.win32.systemevents/6.0.0/lib/net6.0/Microsoft.Win32.SystemEvents.dll /reference:/usr/share/dotnet/packs/Microsoft.NETCore.App.Ref/9.0.4/ref/net9.0/mscorlib.dll /reference:/usr/share/dotnet/packs/Microsoft.NETCore.App.Ref/9.0.4/ref/net9.0/netstandard.dll /reference:/home/quinngil/.nuget/packages/newtonsoft.json/13.0.3/lib/net6.0/Newtonsoft.Json.dll /reference:/usr/share/dotnet/packs/Microsoft.NETCore.App.Ref/9.0.4/ref/net9.0/System.AppContext.dll /reference:/usr/share/dotnet/packs/Microsoft.NETCore.App.Ref/9.0.4/ref/net9.0/System.Buffers.dll /reference:/home/quinngil/.nuget/packages/system.clientmodel/1.5.1/lib/net8.0/System.ClientModel.dll /reference:/usr/share/dotnet/packs/Microsoft.NETCore.App.Ref/9.0.4/ref/net9.0/System.Collections.Concurrent.dll /reference:/usr/share/dotnet/packs/Microsoft.NETCore.App.Ref/9.0.4/ref/net9.0/System.Collections.dll /reference:/usr/share/dotnet/packs/Microsoft.NETCore.App.Ref/9.0.4/ref/net9.0/System.Collections.Immutable.dll /reference:/usr/share/dotnet/packs/Microsoft.NETCore.App.Ref/9.0.4/ref/net9.0/System.Collections.NonGeneric.dll /reference:/usr/share/dotnet/packs/Microsoft.NETCore.App.Ref/9.0.4/ref/net9.0/System.Collections.Specialized.dll /reference:/usr/share/dotnet/packs/Microsoft.NETCore.App.Ref/9.0.4/ref/net9.0/System.ComponentModel.Annotations.dll /reference:/usr/share/dotnet/packs/Microsoft.NETCore.App.Ref/9.0.4/ref/net9.0/System.ComponentModel.DataAnnotations.dll /reference:/usr/share/dotnet/packs/Microsoft.NETCore.App.Ref/9.0.4/ref/net9.0/System.ComponentModel.dll /reference:/usr/share/dotnet/packs/Microsoft.NETCore.App.Ref/9.0.4/ref/net9.0/System.ComponentModel.EventBasedAsync.dll /reference:/usr/share/dotnet/packs/Microsoft.NETCore.App.Ref/9.0.4/ref/net9.0/System.ComponentModel.Primitives.dll /reference:/usr/share/dotnet/packs/Microsoft.NETCore.App.Ref/9.0.4/ref/net9.0/System.ComponentModel.TypeConverter.dll /reference:/home/quinngil/.nuget/packages/system.configuration.configurationmanager/6.0.0/lib/net6.0/System.Configuration.ConfigurationManager.dll /reference:/usr/share/dotnet/packs/Microsoft.NETCore.App.Ref/9.0.4/ref/net9.0/System.Configuration.dll /reference:/usr/share/dotnet/packs/Microsoft.NETCore.App.Ref/9.0.4/ref/net9.0/System.Console.dll /reference:/usr/share/dotnet/packs/Microsoft.NETCore.App.Ref/9.0.4/ref/net9.0/System.Core.dll /reference:/usr/share/dotnet/packs/Microsoft.NETCore.App.Ref/9.0.4/ref/net9.0/System.Data.Common.dll /reference:/usr/share/dotnet/packs/Microsoft.NETCore.App.Ref/9.0.4/ref/net9.0/System.Data.DataSetExtensions.dll /reference:/usr/share/dotnet/packs/Microsoft.NETCore.App.Ref/9.0.4/ref/net9.0/System.Data.dll /reference:/usr/share/dotnet/packs/Microsoft.NETCore.App.Ref/9.0.4/ref/net9.0/System.Diagnostics.Contracts.dll /reference:/usr/share/dotnet/packs/Microsoft.NETCore.App.Ref/9.0.4/ref/net9.0/System.Diagnostics.Debug.dll /reference:/usr/share/dotnet/packs/Microsoft.NETCore.App.Ref/9.0.4/ref/net9.0/System.Diagnostics.DiagnosticSource.dll /reference:/usr/share/dotnet/packs/Microsoft.NETCore.App.Ref/9.0.4/ref/net9.0/System.Diagnostics.FileVersionInfo.dll /reference:/usr/share/dotnet/packs/Microsoft.NETCore.App.Ref/9.0.4/ref/net9.0/System.Diagnostics.Process.dll /reference:/usr/share/dotnet/packs/Microsoft.NETCore.App.Ref/9.0.4/ref/net9.0/System.Diagnostics.StackTrace.dll /reference:/usr/share/dotnet/packs/Microsoft.NETCore.App.Ref/9.0.4/ref/net9.0/System.Diagnostics.TextWriterTraceListener.dll /reference:/usr/share/dotnet/packs/Microsoft.NETCore.App.Ref/9.0.4/ref/net9.0/System.Diagnostics.Tools.dll /reference:/usr/share/dotnet/packs/Microsoft.NETCore.App.Ref/9.0.4/ref/net9.0/System.Diagnostics.TraceSource.dll /reference:/usr/share/dotnet/packs/Microsoft.NETCore.App.Ref/9.0.4/ref/net9.0/System.Diagnostics.Tracing.dll /reference:/usr/share/dotnet/packs/Microsoft.NETCore.App.Ref/9.0.4/ref/net9.0/System.dll /reference:/home/quinngil/.nuget/packages/system.drawing.common/6.0.0/lib/net6.0/System.Drawing.Common.dll /reference:/usr/share/dotnet/packs/Microsoft.NETCore.App.Ref/9.0.4/ref/net9.0/System.Drawing.dll /reference:/usr/share/dotnet/packs/Microsoft.NETCore.App.Ref/9.0.4/ref/net9.0/System.Drawing.Primitives.dll /reference:/usr/share/dotnet/packs/Microsoft.NETCore.App.Ref/9.0.4/ref/net9.0/System.Dynamic.Runtime.dll /reference:/usr/share/dotnet/packs/Microsoft.NETCore.App.Ref/9.0.4/ref/net9.0/System.Formats.Asn1.dll /reference:/usr/share/dotnet/packs/Microsoft.NETCore.App.Ref/9.0.4/ref/net9.0/System.Formats.Tar.dll /reference:/usr/share/dotnet/packs/Microsoft.NETCore.App.Ref/9.0.4/ref/net9.0/System.Globalization.Calendars.dll /reference:/usr/share/dotnet/packs/Microsoft.NETCore.App.Ref/9.0.4/ref/net9.0/System.Globalization.dll /reference:/usr/share/dotnet/packs/Microsoft.NETCore.App.Ref/9.0.4/ref/net9.0/System.Globalization.Extensions.dll /reference:/home/quinngil/.nuget/packages/system.identitymodel.tokens.jwt/8.0.1/lib/net9.0/System.IdentityModel.Tokens.Jwt.dll /reference:/usr/share/dotnet/packs/Microsoft.NETCore.App.Ref/9.0.4/ref/net9.0/System.IO.Compression.Brotli.dll /reference:/usr/share/dotnet/packs/Microsoft.NETCore.App.Ref/9.0.4/ref/net9.0/System.IO.Compression.dll /reference:/usr/share/dotnet/packs/Microsoft.NETCore.App.Ref/9.0.4/ref/net9.0/System.IO.Compression.FileSystem.dll /reference:/usr/share/dotnet/packs/Microsoft.NETCore.App.Ref/9.0.4/ref/net9.0/System.IO.Compression.ZipFile.dll /reference:/usr/share/dotnet/packs/Microsoft.NETCore.App.Ref/9.0.4/ref/net9.0/System.IO.dll /reference:/usr/share/dotnet/packs/Microsoft.NETCore.App.Ref/9.0.4/ref/net9.0/System.IO.FileSystem.AccessControl.dll /reference:/usr/share/dotnet/packs/Microsoft.NETCore.App.Ref/9.0.4/ref/net9.0/System.IO.FileSystem.dll /reference:/usr/share/dotnet/packs/Microsoft.NETCore.App.Ref/9.0.4/ref/net9.0/System.IO.FileSystem.DriveInfo.dll /reference:/usr/share/dotnet/packs/Microsoft.NETCore.App.Ref/9.0.4/ref/net9.0/System.IO.FileSystem.Primitives.dll /reference:/usr/share/dotnet/packs/Microsoft.NETCore.App.Ref/9.0.4/ref/net9.0/System.IO.FileSystem.Watcher.dll /reference:/usr/share/dotnet/packs/Microsoft.NETCore.App.Ref/9.0.4/ref/net9.0/System.IO.IsolatedStorage.dll /reference:/usr/share/dotnet/packs/Microsoft.NETCore.App.Ref/9.0.4/ref/net9.0/System.IO.MemoryMappedFiles.dll /reference:/usr/share/dotnet/packs/Microsoft.NETCore.App.Ref/9.0.4/ref/net9.0/System.IO.Pipelines.dll /reference:/usr/share/dotnet/packs/Microsoft.NETCore.App.Ref/9.0.4/ref/net9.0/System.IO.Pipes.AccessControl.dll /reference:/usr/share/dotnet/packs/Microsoft.NETCore.App.Ref/9.0.4/ref/net9.0/System.IO.Pipes.dll /reference:/usr/share/dotnet/packs/Microsoft.NETCore.App.Ref/9.0.4/ref/net9.0/System.IO.UnmanagedMemoryStream.dll /reference:/usr/share/dotnet/packs/Microsoft.NETCore.App.Ref/9.0.4/ref/net9.0/System.Linq.dll /reference:/usr/share/dotnet/packs/Microsoft.NETCore.App.Ref/9.0.4/ref/net9.0/System.Linq.Expressions.dll /reference:/usr/share/dotnet/packs/Microsoft.NETCore.App.Ref/9.0.4/ref/net9.0/System.Linq.Parallel.dll /reference:/usr/share/dotnet/packs/Microsoft.NETCore.App.Ref/9.0.4/ref/net9.0/System.Linq.Queryable.dll /reference:/home/quinngil/.nuget/packages/system.memory.data/8.0.1/lib/net8.0/System.Memory.Data.dll /reference:/usr/share/dotnet/packs/Microsoft.NETCore.App.Ref/9.0.4/ref/net9.0/System.Memory.dll /reference:/usr/share/dotnet/packs/Microsoft.NETCore.App.Ref/9.0.4/ref/net9.0/System.Net.dll /reference:/usr/share/dotnet/packs/Microsoft.NETCore.App.Ref/9.0.4/ref/net9.0/System.Net.Http.dll /reference:/usr/share/dotnet/packs/Microsoft.NETCore.App.Ref/9.0.4/ref/net9.0/System.Net.Http.Json.dll /reference:/usr/share/dotnet/packs/Microsoft.NETCore.App.Ref/9.0.4/ref/net9.0/System.Net.HttpListener.dll /reference:/usr/share/dotnet/packs/Microsoft.NETCore.App.Ref/9.0.4/ref/net9.0/System.Net.Mail.dll /reference:/usr/share/dotnet/packs/Microsoft.NETCore.App.Ref/9.0.4/ref/net9.0/System.Net.NameResolution.dll /reference:/usr/share/dotnet/packs/Microsoft.NETCore.App.Ref/9.0.4/ref/net9.0/System.Net.NetworkInformation.dll /reference:/usr/share/dotnet/packs/Microsoft.NETCore.App.Ref/9.0.4/ref/net9.0/System.Net.Ping.dll /reference:/usr/share/dotnet/packs/Microsoft.NETCore.App.Ref/9.0.4/ref/net9.0/System.Net.Primitives.dll /reference:/usr/share/dotnet/packs/Microsoft.NETCore.App.Ref/9.0.4/ref/net9.0/System.Net.Quic.dll /reference:/usr/share/dotnet/packs/Microsoft.NETCore.App.Ref/9.0.4/ref/net9.0/System.Net.Requests.dll /reference:/usr/share/dotnet/packs/Microsoft.NETCore.App.Ref/9.0.4/ref/net9.0/System.Net.Security.dll /reference:/usr/share/dotnet/packs/Microsoft.NETCore.App.Ref/9.0.4/ref/net9.0/System.Net.ServicePoint.dll /reference:/usr/share/dotnet/packs/Microsoft.NETCore.App.Ref/9.0.4/ref/net9.0/System.Net.Sockets.dll /reference:/usr/share/dotnet/packs/Microsoft.NETCore.App.Ref/9.0.4/ref/net9.0/System.Net.WebClient.dll /reference:/usr/share/dotnet/packs/Microsoft.NETCore.App.Ref/9.0.4/ref/net9.0/System.Net.WebHeaderCollection.dll /reference:/usr/share/dotnet/packs/Microsoft.NETCore.App.Ref/9.0.4/ref/net9.0/System.Net.WebProxy.dll /reference:/usr/share/dotnet/packs/Microsoft.NETCore.App.Ref/9.0.4/ref/net9.0/System.Net.WebSockets.Client.dll /reference:/usr/share/dotnet/packs/Microsoft.NETCore.App.Ref/9.0.4/ref/net9.0/System.Net.WebSockets.dll /reference:/usr/share/dotnet/packs/Microsoft.NETCore.App.Ref/9.0.4/ref/net9.0/System.Numerics.dll /reference:/usr/share/dotnet/packs/Microsoft.NETCore.App.Ref/9.0.4/ref/net9.0/System.Numerics.Vectors.dll /reference:/usr/share/dotnet/packs/Microsoft.NETCore.App.Ref/9.0.4/ref/net9.0/System.ObjectModel.dll /reference:/usr/share/dotnet/packs/Microsoft.NETCore.App.Ref/9.0.4/ref/net9.0/System.Reflection.DispatchProxy.dll /reference:/usr/share/dotnet/packs/Microsoft.NETCore.App.Ref/9.0.4/ref/net9.0/System.Reflection.dll /reference:/usr/share/dotnet/packs/Microsoft.NETCore.App.Ref/9.0.4/ref/net9.0/System.Reflection.Emit.dll /reference:/usr/share/dotnet/packs/Microsoft.NETCore.App.Ref/9.0.4/ref/net9.0/System.Reflection.Emit.ILGeneration.dll /reference:/usr/share/dotnet/packs/Microsoft.NETCore.App.Ref/9.0.4/ref/net9.0/System.Reflection.Emit.Lightweight.dll /reference:/usr/share/dotnet/packs/Microsoft.NETCore.App.Ref/9.0.4/ref/net9.0/System.Reflection.Extensions.dll /reference:/usr/share/dotnet/packs/Microsoft.NETCore.App.Ref/9.0.4/ref/net9.0/System.Reflection.Metadata.dll /reference:/usr/share/dotnet/packs/Microsoft.NETCore.App.Ref/9.0.4/ref/net9.0/System.Reflection.Primitives.dll /reference:/usr/share/dotnet/packs/Microsoft.NETCore.App.Ref/9.0.4/ref/net9.0/System.Reflection.TypeExtensions.dll /reference:/usr/share/dotnet/packs/Microsoft.NETCore.App.Ref/9.0.4/ref/net9.0/System.Resources.Reader.dll /reference:/usr/share/dotnet/packs/Microsoft.NETCore.App.Ref/9.0.4/ref/net9.0/System.Resources.ResourceManager.dll /reference:/usr/share/dotnet/packs/Microsoft.NETCore.App.Ref/9.0.4/ref/net9.0/System.Resources.Writer.dll /reference:/usr/share/dotnet/packs/Microsoft.NETCore.App.Ref/9.0.4/ref/net9.0/System.Runtime.CompilerServices.Unsafe.dll /reference:/usr/share/dotnet/packs/Microsoft.NETCore.App.Ref/9.0.4/ref/net9.0/System.Runtime.CompilerServices.VisualC.dll /reference:/usr/share/dotnet/packs/Microsoft.NETCore.App.Ref/9.0.4/ref/net9.0/System.Runtime.dll /reference:/usr/share/dotnet/packs/Microsoft.NETCore.App.Ref/9.0.4/ref/net9.0/System.Runtime.Extensions.dll /reference:/usr/share/dotnet/packs/Microsoft.NETCore.App.Ref/9.0.4/ref/net9.0/System.Runtime.Handles.dll /reference:/usr/share/dotnet/packs/Microsoft.NETCore.App.Ref/9.0.4/ref/net9.0/System.Runtime.InteropServices.dll /reference:/usr/share/dotnet/packs/Microsoft.NETCore.App.Ref/9.0.4/ref/net9.0/System.Runtime.InteropServices.JavaScript.dll /reference:/usr/share/dotnet/packs/Microsoft.NETCore.App.Ref/9.0.4/ref/net9.0/System.Runtime.InteropServices.RuntimeInformation.dll /reference:/usr/share/dotnet/packs/Microsoft.NETCore.App.Ref/9.0.4/ref/net9.0/System.Runtime.Intrinsics.dll /reference:/usr/share/dotnet/packs/Microsoft.NETCore.App.Ref/9.0.4/ref/net9.0/System.Runtime.Loader.dll /reference:/usr/share/dotnet/packs/Microsoft.NETCore.App.Ref/9.0.4/ref/net9.0/System.Runtime.Numerics.dll /reference:/usr/share/dotnet/packs/Microsoft.NETCore.App.Ref/9.0.4/ref/net9.0/System.Runtime.Serialization.dll /reference:/usr/share/dotnet/packs/Microsoft.NETCore.App.Ref/9.0.4/ref/net9.0/System.Runtime.Serialization.Formatters.dll /reference:/usr/share/dotnet/packs/Microsoft.NETCore.App.Ref/9.0.4/ref/net9.0/System.Runtime.Serialization.Json.dll /reference:/usr/share/dotnet/packs/Microsoft.NETCore.App.Ref/9.0.4/ref/net9.0/System.Runtime.Serialization.Primitives.dll /reference:/usr/share/dotnet/packs/Microsoft.NETCore.App.Ref/9.0.4/ref/net9.0/System.Runtime.Serialization.Xml.dll /reference:/usr/share/dotnet/packs/Microsoft.NETCore.App.Ref/9.0.4/ref/net9.0/System.Security.AccessControl.dll /reference:/usr/share/dotnet/packs/Microsoft.NETCore.App.Ref/9.0.4/ref/net9.0/System.Security.Claims.dll /reference:/usr/share/dotnet/packs/Microsoft.NETCore.App.Ref/9.0.4/ref/net9.0/System.Security.Cryptography.Algorithms.dll /reference:/usr/share/dotnet/packs/Microsoft.NETCore.App.Ref/9.0.4/ref/net9.0/System.Security.Cryptography.Cng.dll /reference:/usr/share/dotnet/packs/Microsoft.NETCore.App.Ref/9.0.4/ref/net9.0/System.Security.Cryptography.Csp.dll /reference:/usr/share/dotnet/packs/Microsoft.NETCore.App.Ref/9.0.4/ref/net9.0/System.Security.Cryptography.dll /reference:/usr/share/dotnet/packs/Microsoft.NETCore.App.Ref/9.0.4/ref/net9.0/System.Security.Cryptography.Encoding.dll /reference:/usr/share/dotnet/packs/Microsoft.NETCore.App.Ref/9.0.4/ref/net9.0/System.Security.Cryptography.OpenSsl.dll /reference:/usr/share/dotnet/packs/Microsoft.NETCore.App.Ref/9.0.4/ref/net9.0/System.Security.Cryptography.Primitives.dll /reference:/home/quinngil/.nuget/packages/system.security.cryptography.protecteddata/6.0.0/lib/net6.0/System.Security.Cryptography.ProtectedData.dll /reference:/usr/share/dotnet/packs/Microsoft.NETCore.App.Ref/9.0.4/ref/net9.0/System.Security.Cryptography.X509Certificates.dll /reference:/usr/share/dotnet/packs/Microsoft.NETCore.App.Ref/9.0.4/ref/net9.0/System.Security.dll /reference:/home/quinngil/.nuget/packages/system.security.permissions/6.0.0/lib/net6.0/System.Security.Permissions.dll /reference:/usr/share/dotnet/packs/Microsoft.NETCore.App.Ref/9.0.4/ref/net9.0/System.Security.Principal.dll /reference:/usr/share/dotnet/packs/Microsoft.NETCore.App.Ref/9.0.4/ref/net9.0/System.Security.Principal.Windows.dll /reference:/usr/share/dotnet/packs/Microsoft.NETCore.App.Ref/9.0.4/ref/net9.0/System.Security.SecureString.dll /reference:/usr/share/dotnet/packs/Microsoft.NETCore.App.Ref/9.0.4/ref/net9.0/System.ServiceModel.Web.dll /reference:/usr/share/dotnet/packs/Microsoft.NETCore.App.Ref/9.0.4/ref/net9.0/System.ServiceProcess.dll /reference:/usr/share/dotnet/packs/Microsoft.NETCore.App.Ref/9.0.4/ref/net9.0/System.Text.Encoding.CodePages.dll /reference:/usr/share/dotnet/packs/Microsoft.NETCore.App.Ref/9.0.4/ref/net9.0/System.Text.Encoding.dll /reference:/usr/share/dotnet/packs/Microsoft.NETCore.App.Ref/9.0.4/ref/net9.0/System.Text.Encoding.Extensions.dll /reference:/usr/share/dotnet/packs/Microsoft.NETCore.App.Ref/9.0.4/ref/net9.0/System.Text.Encodings.Web.dll /reference:/home/quinngil/.nuget/packages/system.text.json/9.0.8/lib/net9.0/System.Text.Json.dll /reference:/usr/share/dotnet/packs/Microsoft.NETCore.App.Ref/9.0.4/ref/net9.0/System.Text.RegularExpressions.dll /reference:/usr/share/dotnet/packs/Microsoft.NETCore.App.Ref/9.0.4/ref/net9.0/System.Threading.Channels.dll /reference:/usr/share/dotnet/packs/Microsoft.NETCore.App.Ref/9.0.4/ref/net9.0/System.Threading.dll /reference:/usr/share/dotnet/packs/Microsoft.NETCore.App.Ref/9.0.4/ref/net9.0/System.Threading.Overlapped.dll /reference:/usr/share/dotnet/packs/Microsoft.NETCore.App.Ref/9.0.4/ref/net9.0/System.Threading.Tasks.Dataflow.dll /reference:/usr/share/dotnet/packs/Microsoft.NETCore.App.Ref/9.0.4/ref/net9.0/System.Threading.Tasks.dll /reference:/usr/share/dotnet/packs/Microsoft.NETCore.App.Ref/9.0.4/ref/net9.0/System.Threading.Tasks.Extensions.dll /reference:/usr/share/dotnet/packs/Microsoft.NETCore.App.Ref/9.0.4/ref/net9.0/System.Threading.Tasks.Parallel.dll /reference:/usr/share/dotnet/packs/Microsoft.NETCore.App.Ref/9.0.4/ref/net9.0/System.Threading.Thread.dll /reference:/usr/share/dotnet/packs/Microsoft.NETCore.App.Ref/9.0.4/ref/net9.0/System.Threading.ThreadPool.dll /reference:/usr/share/dotnet/packs/Microsoft.NETCore.App.Ref/9.0.4/ref/net9.0/System.Threading.Timer.dll /reference:/usr/share/dotnet/packs/Microsoft.NETCore.App.Ref/9.0.4/ref/net9.0/System.Transactions.dll /reference:/usr/share/dotnet/packs/Microsoft.NETCore.App.Ref/9.0.4/ref/net9.0/System.Transactions.Local.dll /reference:/usr/share/dotnet/packs/Microsoft.NETCore.App.Ref/9.0.4/ref/net9.0/System.ValueTuple.dll /reference:/usr/share/dotnet/packs/Microsoft.NETCore.App.Ref/9.0.4/ref/net9.0/System.Web.dll /reference:/usr/share/dotnet/packs/Microsoft.NETCore.App.Ref/9.0.4/ref/net9.0/System.Web.HttpUtility.dll /reference:/usr/share/dotnet/packs/Microsoft.NETCore.App.Ref/9.0.4/ref/net9.0/System.Windows.dll /reference:/home/quinngil/.nuget/packages/system.windows.extensions/6.0.0/lib/net6.0/System.Windows.Extensions.dll /reference:/usr/share/dotnet/packs/Microsoft.NETCore.App.Ref/9.0.4/ref/net9.0/System.Xml.dll /reference:/usr/share/dotnet/packs/Microsoft.NETCore.App.Ref/9.0.4/ref/net9.0/System.Xml.Linq.dll /reference:/usr/share/dotnet/packs/Microsoft.NETCore.App.Ref/9.0.4/ref/net9.0/System.Xml.ReaderWriter.dll /reference:/usr/share/dotnet/packs/Microsoft.NETCore.App.Ref/9.0.4/ref/net9.0/System.Xml.Serialization.dll /reference:/usr/share/dotnet/packs/Microsoft.NETCore.App.Ref/9.0.4/ref/net9.0/System.Xml.XDocument.dll /reference:/usr/share/dotnet/packs/Microsoft.NETCore.App.Ref/9.0.4/ref/net9.0/System.Xml.XmlDocument.dll /reference:/usr/share/dotnet/packs/Microsoft.NETCore.App.Ref/9.0.4/ref/net9.0/System.Xml.XmlSerializer.dll /reference:/usr/share/dotnet/packs/Microsoft.NETCore.App.Ref/9.0.4/ref/net9.0/System.Xml.XPath.dll /reference:/usr/share/dotnet/packs/Microsoft.NETCore.App.Ref/9.0.4/ref/net9.0/System.Xml.XPath.XDocument.dll /reference:/usr/share/dotnet/packs/Microsoft.NETCore.App.Ref/9.0.4/ref/net9.0/WindowsBase.dll /debug- /debug:portable /filealign:512 /optimize+ /out:obj/Release/net9.0/Lib.Adapter.Sets.dll /refout:obj/Release/net9.0/refint/Lib.Adapter.Sets.dll /reportanalyzer /target:library /warnaserror+ /utf8output /deterministic+ /sourcelink:obj/Release/net9.0/Lib.Adapter.Sets.sourcelink.json /langversion:latest /features:strict /embed:"obj/Release/net9.0/.NETCoreApp,Version=v9.0.AssemblyAttributes.cs" /embed:obj/Release/net9.0/Lib.Adapter.Sets.AssemblyInfo.cs /analyzerconfig:/mnt/d/src/MtgDiscoveryVibeWorkspace/IMPLS/src/.editorconfig /analyzerconfig:obj/Release/net9.0/Lib.Adapter.Sets.GeneratedMSBuildEditorConfig.editorconfig /analyzerconfig:/usr/share/dotnet/sdk/9.0.203/Sdks/Microsoft.NET.Sdk/analyzers/build/config/analysislevel_9_all_warnaserror.globalconfig /analyzer:/usr/share/dotnet/sdk/9.0.203/Sdks/Microsoft.NET.Sdk/targets/../analyzers/Microsoft.CodeAnalysis.CSharp.NetAnalyzers.dll /analyzer:/usr/share/dotnet/sdk/9.0.203/Sdks/Microsoft.NET.Sdk/targets/../analyzers/Microsoft.CodeAnalysis.NetAnalyzers.dll /analyzer:/usr/share/dotnet/sdk/9.0.203/Sdks/Microsoft.NET.Sdk/targets/../codestyle/cs/Microsoft.CodeAnalysis.CodeStyle.dll /analyzer:/usr/share/dotnet/sdk/9.0.203/Sdks/Microsoft.NET.Sdk/targets/../codestyle/cs/Microsoft.CodeAnalysis.CodeStyle.Fixes.dll /analyzer:/usr/share/dotnet/sdk/9.0.203/Sdks/Microsoft.NET.Sdk/targets/../codestyle/cs/Microsoft.CodeAnalysis.CSharp.CodeStyle.dll /analyzer:/usr/share/dotnet/sdk/9.0.203/Sdks/Microsoft.NET.Sdk/targets/../codestyle/cs/Microsoft.CodeAnalysis.CSharp.CodeStyle.Fixes.dll /analyzer:/home/quinngil/.nuget/packages/microsoft.codeanalysis.bannedapianalyzers/4.14.0/analyzers/dotnet/cs/Microsoft.CodeAnalysis.BannedApiAnalyzers.dll /analyzer:/home/quinngil/.nuget/packages/microsoft.codeanalysis.bannedapianalyzers/4.14.0/analyzers/dotnet/cs/Microsoft.CodeAnalysis.CSharp.BannedApiAnalyzers.dll /analyzer:/home/quinngil/.nuget/packages/microsoft.extensions.logging.abstractions/9.0.0/analyzers/dotnet/roslyn4.4/cs/Microsoft.Extensions.Logging.Generators.dll /analyzer:/home/quinngil/.nuget/packages/microsoft.extensions.options/9.0.0/analyzers/dotnet/roslyn4.4/cs/Microsoft.Extensions.Options.SourceGeneration.dll /analyzer:/home/quinngil/.nuget/packages/system.clientmodel/1.5.1/analyzers/dotnet/cs/System.ClientModel.SourceGeneration.dll /analyzer:/home/quinngil/.nuget/packages/system.text.json/9.0.8/analyzers/dotnet/roslyn4.4/cs/System.Text.Json.SourceGeneration.dll /analyzer:/usr/share/dotnet/packs/Microsoft.NETCore.App.Ref/9.0.4/analyzers/dotnet/cs/Microsoft.Interop.ComInterfaceGenerator.dll /analyzer:/usr/share/dotnet/packs/Microsoft.NETCore.App.Ref/9.0.4/analyzers/dotnet/cs/Microsoft.Interop.JavaScript.JSImportGenerator.dll /analyzer:/usr/share/dotnet/packs/Microsoft.NETCore.App.Ref/9.0.4/analyzers/dotnet/cs/Microsoft.Interop.LibraryImportGenerator.dll /analyzer:/usr/share/dotnet/packs/Microsoft.NETCore.App.Ref/9.0.4/analyzers/dotnet/cs/Microsoft.Interop.SourceGeneration.dll /analyzer:/usr/share/dotnet/packs/Microsoft.NETCore.App.Ref/9.0.4/analyzers/dotnet/cs/System.Text.RegularExpressions.Generator.dll /additionalfile:/mnt/d/src/MtgDiscoveryVibeWorkspace/IMPLS/src/BannedSymbols.txt /additionalfile:/mnt/d/src/MtgDiscoveryVibeWorkspace/IMPLS/src/.editorconfig Apis/ISetAdapterService.cs Apis/ISetQueryAdapter.cs Apis/SetAdapterService.cs Entities/CollectorNumberRangeItrEntity.cs Entities/GroupingFiltersItrEntity.cs Entities/SetGroupingItrEntity.cs Entities/SetIdsItrEntity.cs Entities/SetItemItrEntity.cs Exceptions/SetAdapterException.cs Queries/Mappers/ScryfallSetItemToSetItemItrEntityMapper.cs Queries/SetCosmosQueryAdapter.cs "obj/Release/net9.0/.NETCoreApp,Version=v9.0.AssemblyAttributes.cs" obj/Release/net9.0/Lib.Adapter.Sets.AssemblyInfo.cs /warnaserror+:NU1605,SYSLIB0011
    13>Done Building Project "/mnt/d/src/MtgDiscoveryVibeWorkspace/IMPLS/src/Lib.Adapter.Scryfall.Cosmos.Tests/Lib.Adapter.Scryfall.Cosmos.Tests.csproj" (default targets).
    33>CoreCompile:
         /usr/share/dotnet/dotnet exec "/usr/share/dotnet/sdk/9.0.203/Roslyn/bincore/csc.dll" /noconfig /unsafe- /checked- /nowarn:IDE0290,IDE2001,IDE0005,IDE0046,CA1716,CA1040,CA1056,1701,1702 /fullpaths /nostdlib+ /errorreport:prompt /warn:9 /define:TRACE;RELEASE;NET;NET9_0;NETCOREAPP;NET5_0_OR_GREATER;NET6_0_OR_GREATER;NET7_0_OR_GREATER;NET8_0_OR_GREATER;NET9_0_OR_GREATER;NETCOREAPP1_0_OR_GREATER;NETCOREAPP1_1_OR_GREATER;NETCOREAPP2_0_OR_GREATER;NETCOREAPP2_1_OR_GREATER;NETCOREAPP2_2_OR_GREATER;NETCOREAPP3_0_OR_GREATER;NETCOREAPP3_1_OR_GREATER /highentropyva+ /nullable:warnings /reference:/home/quinngil/.nuget/packages/azure.core/1.47.1/lib/net8.0/Azure.Core.dll /reference:/home/quinngil/.nuget/packages/azure.resourcemanager.authorization/1.1.5/lib/net8.0/Azure.ResourceManager.Authorization.dll /reference:/home/quinngil/.nuget/packages/azure.resourcemanager.cosmosdb/1.3.2/lib/netstandard2.0/Azure.ResourceManager.CosmosDB.dll /reference:/home/quinngil/.nuget/packages/azure.resourcemanager/1.13.2/lib/net8.0/Azure.ResourceManager.dll /reference:/mnt/d/src/MtgDiscoveryVibeWorkspace/IMPLS/src/Lib.Adapter.Scryfall.Cosmos/obj/Release/net9.0/ref/Lib.Adapter.Scryfall.Cosmos.dll /reference:/mnt/d/src/MtgDiscoveryVibeWorkspace/IMPLS/src/Lib.Aggregator.Scryfall.Shared/obj/Release/net9.0/ref/Lib.Aggregator.Scryfall.Shared.dll /reference:/mnt/d/src/MtgDiscoveryVibeWorkspace/IMPLS/src/Lib.Cosmos/obj/Release/net9.0/ref/Lib.Cosmos.dll /reference:/mnt/d/src/MtgDiscoveryVibeWorkspace/IMPLS/src/Lib.Scryfall.Shared/obj/Release/net9.0/ref/Lib.Scryfall.Shared.dll /reference:/mnt/d/src/MtgDiscoveryVibeWorkspace/IMPLS/src/Lib.Shared.Abstractions/obj/Release/net9.0/ref/Lib.Shared.Abstractions.dll /reference:/mnt/d/src/MtgDiscoveryVibeWorkspace/IMPLS/src/Lib.Shared.DataModels/obj/Release/net9.0/ref/Lib.Shared.DataModels.dll /reference:/mnt/d/src/MtgDiscoveryVibeWorkspace/IMPLS/src/Lib.Shared.Invocation/obj/Release/net9.0/ref/Lib.Shared.Invocation.dll /reference:/mnt/d/src/MtgDiscoveryVibeWorkspace/IMPLS/src/Lib.Universal/obj/Release/net9.0/ref/Lib.Universal.dll /reference:/home/quinngil/.nuget/packages/microsoft.azure.cosmos/3.52.1/lib/netstandard2.0/Microsoft.Azure.Cosmos.Client.dll /reference:/home/quinngil/.nuget/packages/microsoft.azure.cosmos/3.52.1/lib/netstandard2.0/Microsoft.Azure.Cosmos.Core.dll /reference:/home/quinngil/.nuget/packages/microsoft.azure.cosmos/3.52.1/lib/netstandard2.0/Microsoft.Azure.Cosmos.Direct.dll /reference:/home/quinngil/.nuget/packages/microsoft.azure.cosmos/3.52.1/lib/netstandard2.0/Microsoft.Azure.Cosmos.Serialization.HybridRow.dll /reference:/home/quinngil/.nuget/packages/microsoft.bcl.asyncinterfaces/8.0.0/lib/netstandard2.1/Microsoft.Bcl.AsyncInterfaces.dll /reference:/home/quinngil/.nuget/packages/microsoft.bcl.hashcode/1.1.0/ref/netcoreapp2.1/Microsoft.Bcl.HashCode.dll /reference:/usr/share/dotnet/packs/Microsoft.NETCore.App.Ref/9.0.4/ref/net9.0/Microsoft.CSharp.dll /reference:/home/quinngil/.nuget/packages/microsoft.extensions.caching.abstractions/9.0.0/lib/net9.0/Microsoft.Extensions.Caching.Abstractions.dll /reference:/home/quinngil/.nuget/packages/microsoft.extensions.caching.memory/9.0.0/lib/net9.0/Microsoft.Extensions.Caching.Memory.dll /reference:/home/quinngil/.nuget/packages/microsoft.extensions.configuration.abstractions/9.0.5/lib/net9.0/Microsoft.Extensions.Configuration.Abstractions.dll /reference:/home/quinngil/.nuget/packages/microsoft.extensions.dependencyinjection.abstractions/9.0.0/lib/net9.0/Microsoft.Extensions.DependencyInjection.Abstractions.dll /reference:/home/quinngil/.nuget/packages/microsoft.extensions.logging.abstractions/9.0.0/lib/net9.0/Microsoft.Extensions.Logging.Abstractions.dll /reference:/home/quinngil/.nuget/packages/microsoft.extensions.options/9.0.0/lib/net9.0/Microsoft.Extensions.Options.dll /reference:/home/quinngil/.nuget/packages/microsoft.extensions.primitives/9.0.5/lib/net9.0/Microsoft.Extensions.Primitives.dll /reference:/home/quinngil/.nuget/packages/microsoft.identitymodel.abstractions/8.0.1/lib/net9.0/Microsoft.IdentityModel.Abstractions.dll /reference:/home/quinngil/.nuget/packages/microsoft.identitymodel.jsonwebtokens/8.0.1/lib/net9.0/Microsoft.IdentityModel.JsonWebTokens.dll /reference:/home/quinngil/.nuget/packages/microsoft.identitymodel.logging/8.0.1/lib/net9.0/Microsoft.IdentityModel.Logging.dll /reference:/home/quinngil/.nuget/packages/microsoft.identitymodel.tokens/8.0.1/lib/net9.0/Microsoft.IdentityModel.Tokens.dll /reference:/usr/share/dotnet/packs/Microsoft.NETCore.App.Ref/9.0.4/ref/net9.0/Microsoft.VisualBasic.Core.dll /reference:/usr/share/dotnet/packs/Microsoft.NETCore.App.Ref/9.0.4/ref/net9.0/Microsoft.VisualBasic.dll /reference:/usr/share/dotnet/packs/Microsoft.NETCore.App.Ref/9.0.4/ref/net9.0/Microsoft.Win32.Primitives.dll /reference:/usr/share/dotnet/packs/Microsoft.NETCore.App.Ref/9.0.4/ref/net9.0/Microsoft.Win32.Registry.dll /reference:/home/quinngil/.nuget/packages/microsoft.win32.systemevents/6.0.0/lib/net6.0/Microsoft.Win32.SystemEvents.dll /reference:/usr/share/dotnet/packs/Microsoft.NETCore.App.Ref/9.0.4/ref/net9.0/mscorlib.dll /reference:/usr/share/dotnet/packs/Microsoft.NETCore.App.Ref/9.0.4/ref/net9.0/netstandard.dll /reference:/home/quinngil/.nuget/packages/newtonsoft.json/13.0.3/lib/net6.0/Newtonsoft.Json.dll /reference:/usr/share/dotnet/packs/Microsoft.NETCore.App.Ref/9.0.4/ref/net9.0/System.AppContext.dll /reference:/usr/share/dotnet/packs/Microsoft.NETCore.App.Ref/9.0.4/ref/net9.0/System.Buffers.dll /reference:/home/quinngil/.nuget/packages/system.clientmodel/1.5.1/lib/net8.0/System.ClientModel.dll /reference:/usr/share/dotnet/packs/Microsoft.NETCore.App.Ref/9.0.4/ref/net9.0/System.Collections.Concurrent.dll /reference:/usr/share/dotnet/packs/Microsoft.NETCore.App.Ref/9.0.4/ref/net9.0/System.Collections.dll /reference:/usr/share/dotnet/packs/Microsoft.NETCore.App.Ref/9.0.4/ref/net9.0/System.Collections.Immutable.dll /reference:/usr/share/dotnet/packs/Microsoft.NETCore.App.Ref/9.0.4/ref/net9.0/System.Collections.NonGeneric.dll /reference:/usr/share/dotnet/packs/Microsoft.NETCore.App.Ref/9.0.4/ref/net9.0/System.Collections.Specialized.dll /reference:/usr/share/dotnet/packs/Microsoft.NETCore.App.Ref/9.0.4/ref/net9.0/System.ComponentModel.Annotations.dll /reference:/usr/share/dotnet/packs/Microsoft.NETCore.App.Ref/9.0.4/ref/net9.0/System.ComponentModel.DataAnnotations.dll /reference:/usr/share/dotnet/packs/Microsoft.NETCore.App.Ref/9.0.4/ref/net9.0/System.ComponentModel.dll /reference:/usr/share/dotnet/packs/Microsoft.NETCore.App.Ref/9.0.4/ref/net9.0/System.ComponentModel.EventBasedAsync.dll /reference:/usr/share/dotnet/packs/Microsoft.NETCore.App.Ref/9.0.4/ref/net9.0/System.ComponentModel.Primitives.dll /reference:/usr/share/dotnet/packs/Microsoft.NETCore.App.Ref/9.0.4/ref/net9.0/System.ComponentModel.TypeConverter.dll /reference:/home/quinngil/.nuget/packages/system.configuration.configurationmanager/6.0.0/lib/net6.0/System.Configuration.ConfigurationManager.dll /reference:/usr/share/dotnet/packs/Microsoft.NETCore.App.Ref/9.0.4/ref/net9.0/System.Configuration.dll /reference:/usr/share/dotnet/packs/Microsoft.NETCore.App.Ref/9.0.4/ref/net9.0/System.Console.dll /reference:/usr/share/dotnet/packs/Microsoft.NETCore.App.Ref/9.0.4/ref/net9.0/System.Core.dll /reference:/usr/share/dotnet/packs/Microsoft.NETCore.App.Ref/9.0.4/ref/net9.0/System.Data.Common.dll /reference:/usr/share/dotnet/packs/Microsoft.NETCore.App.Ref/9.0.4/ref/net9.0/System.Data.DataSetExtensions.dll /reference:/usr/share/dotnet/packs/Microsoft.NETCore.App.Ref/9.0.4/ref/net9.0/System.Data.dll /reference:/usr/share/dotnet/packs/Microsoft.NETCore.App.Ref/9.0.4/ref/net9.0/System.Diagnostics.Contracts.dll /reference:/usr/share/dotnet/packs/Microsoft.NETCore.App.Ref/9.0.4/ref/net9.0/System.Diagnostics.Debug.dll /reference:/usr/share/dotnet/packs/Microsoft.NETCore.App.Ref/9.0.4/ref/net9.0/System.Diagnostics.DiagnosticSource.dll /reference:/usr/share/dotnet/packs/Microsoft.NETCore.App.Ref/9.0.4/ref/net9.0/System.Diagnostics.FileVersionInfo.dll /reference:/usr/share/dotnet/packs/Microsoft.NETCore.App.Ref/9.0.4/ref/net9.0/System.Diagnostics.Process.dll /reference:/usr/share/dotnet/packs/Microsoft.NETCore.App.Ref/9.0.4/ref/net9.0/System.Diagnostics.StackTrace.dll /reference:/usr/share/dotnet/packs/Microsoft.NETCore.App.Ref/9.0.4/ref/net9.0/System.Diagnostics.TextWriterTraceListener.dll /reference:/usr/share/dotnet/packs/Microsoft.NETCore.App.Ref/9.0.4/ref/net9.0/System.Diagnostics.Tools.dll /reference:/usr/share/dotnet/packs/Microsoft.NETCore.App.Ref/9.0.4/ref/net9.0/System.Diagnostics.TraceSource.dll /reference:/usr/share/dotnet/packs/Microsoft.NETCore.App.Ref/9.0.4/ref/net9.0/System.Diagnostics.Tracing.dll /reference:/usr/share/dotnet/packs/Microsoft.NETCore.App.Ref/9.0.4/ref/net9.0/System.dll /reference:/home/quinngil/.nuget/packages/system.drawing.common/6.0.0/lib/net6.0/System.Drawing.Common.dll /reference:/usr/share/dotnet/packs/Microsoft.NETCore.App.Ref/9.0.4/ref/net9.0/System.Drawing.dll /reference:/usr/share/dotnet/packs/Microsoft.NETCore.App.Ref/9.0.4/ref/net9.0/System.Drawing.Primitives.dll /reference:/usr/share/dotnet/packs/Microsoft.NETCore.App.Ref/9.0.4/ref/net9.0/System.Dynamic.Runtime.dll /reference:/usr/share/dotnet/packs/Microsoft.NETCore.App.Ref/9.0.4/ref/net9.0/System.Formats.Asn1.dll /reference:/usr/share/dotnet/packs/Microsoft.NETCore.App.Ref/9.0.4/ref/net9.0/System.Formats.Tar.dll /reference:/usr/share/dotnet/packs/Microsoft.NETCore.App.Ref/9.0.4/ref/net9.0/System.Globalization.Calendars.dll /reference:/usr/share/dotnet/packs/Microsoft.NETCore.App.Ref/9.0.4/ref/net9.0/System.Globalization.dll /reference:/usr/share/dotnet/packs/Microsoft.NETCore.App.Ref/9.0.4/ref/net9.0/System.Globalization.Extensions.dll /reference:/home/quinngil/.nuget/packages/system.identitymodel.tokens.jwt/8.0.1/lib/net9.0/System.IdentityModel.Tokens.Jwt.dll /reference:/usr/share/dotnet/packs/Microsoft.NETCore.App.Ref/9.0.4/ref/net9.0/System.IO.Compression.Brotli.dll /reference:/usr/share/dotnet/packs/Microsoft.NETCore.App.Ref/9.0.4/ref/net9.0/System.IO.Compression.dll /reference:/usr/share/dotnet/packs/Microsoft.NETCore.App.Ref/9.0.4/ref/net9.0/System.IO.Compression.FileSystem.dll /reference:/usr/share/dotnet/packs/Microsoft.NETCore.App.Ref/9.0.4/ref/net9.0/System.IO.Compression.ZipFile.dll /reference:/usr/share/dotnet/packs/Microsoft.NETCore.App.Ref/9.0.4/ref/net9.0/System.IO.dll /reference:/usr/share/dotnet/packs/Microsoft.NETCore.App.Ref/9.0.4/ref/net9.0/System.IO.FileSystem.AccessControl.dll /reference:/usr/share/dotnet/packs/Microsoft.NETCore.App.Ref/9.0.4/ref/net9.0/System.IO.FileSystem.dll /reference:/usr/share/dotnet/packs/Microsoft.NETCore.App.Ref/9.0.4/ref/net9.0/System.IO.FileSystem.DriveInfo.dll /reference:/usr/share/dotnet/packs/Microsoft.NETCore.App.Ref/9.0.4/ref/net9.0/System.IO.FileSystem.Primitives.dll /reference:/usr/share/dotnet/packs/Microsoft.NETCore.App.Ref/9.0.4/ref/net9.0/System.IO.FileSystem.Watcher.dll /reference:/usr/share/dotnet/packs/Microsoft.NETCore.App.Ref/9.0.4/ref/net9.0/System.IO.IsolatedStorage.dll /reference:/usr/share/dotnet/packs/Microsoft.NETCore.App.Ref/9.0.4/ref/net9.0/System.IO.MemoryMappedFiles.dll /reference:/usr/share/dotnet/packs/Microsoft.NETCore.App.Ref/9.0.4/ref/net9.0/System.IO.Pipelines.dll /reference:/usr/share/dotnet/packs/Microsoft.NETCore.App.Ref/9.0.4/ref/net9.0/System.IO.Pipes.AccessControl.dll /reference:/usr/share/dotnet/packs/Microsoft.NETCore.App.Ref/9.0.4/ref/net9.0/System.IO.Pipes.dll /reference:/usr/share/dotnet/packs/Microsoft.NETCore.App.Ref/9.0.4/ref/net9.0/System.IO.UnmanagedMemoryStream.dll /reference:/usr/share/dotnet/packs/Microsoft.NETCore.App.Ref/9.0.4/ref/net9.0/System.Linq.dll /reference:/usr/share/dotnet/packs/Microsoft.NETCore.App.Ref/9.0.4/ref/net9.0/System.Linq.Expressions.dll /reference:/usr/share/dotnet/packs/Microsoft.NETCore.App.Ref/9.0.4/ref/net9.0/System.Linq.Parallel.dll /reference:/usr/share/dotnet/packs/Microsoft.NETCore.App.Ref/9.0.4/ref/net9.0/System.Linq.Queryable.dll /reference:/home/quinngil/.nuget/packages/system.memory.data/8.0.1/lib/net8.0/System.Memory.Data.dll /reference:/usr/share/dotnet/packs/Microsoft.NETCore.App.Ref/9.0.4/ref/net9.0/System.Memory.dll /reference:/usr/share/dotnet/packs/Microsoft.NETCore.App.Ref/9.0.4/ref/net9.0/System.Net.dll /reference:/usr/share/dotnet/packs/Microsoft.NETCore.App.Ref/9.0.4/ref/net9.0/System.Net.Http.dll /reference:/usr/share/dotnet/packs/Microsoft.NETCore.App.Ref/9.0.4/ref/net9.0/System.Net.Http.Json.dll /reference:/usr/share/dotnet/packs/Microsoft.NETCore.App.Ref/9.0.4/ref/net9.0/System.Net.HttpListener.dll /reference:/usr/share/dotnet/packs/Microsoft.NETCore.App.Ref/9.0.4/ref/net9.0/System.Net.Mail.dll /reference:/usr/share/dotnet/packs/Microsoft.NETCore.App.Ref/9.0.4/ref/net9.0/System.Net.NameResolution.dll /reference:/usr/share/dotnet/packs/Microsoft.NETCore.App.Ref/9.0.4/ref/net9.0/System.Net.NetworkInformation.dll /reference:/usr/share/dotnet/packs/Microsoft.NETCore.App.Ref/9.0.4/ref/net9.0/System.Net.Ping.dll /reference:/usr/share/dotnet/packs/Microsoft.NETCore.App.Ref/9.0.4/ref/net9.0/System.Net.Primitives.dll /reference:/usr/share/dotnet/packs/Microsoft.NETCore.App.Ref/9.0.4/ref/net9.0/System.Net.Quic.dll /reference:/usr/share/dotnet/packs/Microsoft.NETCore.App.Ref/9.0.4/ref/net9.0/System.Net.Requests.dll /reference:/usr/share/dotnet/packs/Microsoft.NETCore.App.Ref/9.0.4/ref/net9.0/System.Net.Security.dll /reference:/usr/share/dotnet/packs/Microsoft.NETCore.App.Ref/9.0.4/ref/net9.0/System.Net.ServicePoint.dll /reference:/usr/share/dotnet/packs/Microsoft.NETCore.App.Ref/9.0.4/ref/net9.0/System.Net.Sockets.dll /reference:/usr/share/dotnet/packs/Microsoft.NETCore.App.Ref/9.0.4/ref/net9.0/System.Net.WebClient.dll /reference:/usr/share/dotnet/packs/Microsoft.NETCore.App.Ref/9.0.4/ref/net9.0/System.Net.WebHeaderCollection.dll /reference:/usr/share/dotnet/packs/Microsoft.NETCore.App.Ref/9.0.4/ref/net9.0/System.Net.WebProxy.dll /reference:/usr/share/dotnet/packs/Microsoft.NETCore.App.Ref/9.0.4/ref/net9.0/System.Net.WebSockets.Client.dll /reference:/usr/share/dotnet/packs/Microsoft.NETCore.App.Ref/9.0.4/ref/net9.0/System.Net.WebSockets.dll /reference:/usr/share/dotnet/packs/Microsoft.NETCore.App.Ref/9.0.4/ref/net9.0/System.Numerics.dll /reference:/usr/share/dotnet/packs/Microsoft.NETCore.App.Ref/9.0.4/ref/net9.0/System.Numerics.Vectors.dll /reference:/usr/share/dotnet/packs/Microsoft.NETCore.App.Ref/9.0.4/ref/net9.0/System.ObjectModel.dll /reference:/usr/share/dotnet/packs/Microsoft.NETCore.App.Ref/9.0.4/ref/net9.0/System.Reflection.DispatchProxy.dll /reference:/usr/share/dotnet/packs/Microsoft.NETCore.App.Ref/9.0.4/ref/net9.0/System.Reflection.dll /reference:/usr/share/dotnet/packs/Microsoft.NETCore.App.Ref/9.0.4/ref/net9.0/System.Reflection.Emit.dll /reference:/usr/share/dotnet/packs/Microsoft.NETCore.App.Ref/9.0.4/ref/net9.0/System.Reflection.Emit.ILGeneration.dll /reference:/usr/share/dotnet/packs/Microsoft.NETCore.App.Ref/9.0.4/ref/net9.0/System.Reflection.Emit.Lightweight.dll /reference:/usr/share/dotnet/packs/Microsoft.NETCore.App.Ref/9.0.4/ref/net9.0/System.Reflection.Extensions.dll /reference:/usr/share/dotnet/packs/Microsoft.NETCore.App.Ref/9.0.4/ref/net9.0/System.Reflection.Metadata.dll /reference:/usr/share/dotnet/packs/Microsoft.NETCore.App.Ref/9.0.4/ref/net9.0/System.Reflection.Primitives.dll /reference:/usr/share/dotnet/packs/Microsoft.NETCore.App.Ref/9.0.4/ref/net9.0/System.Reflection.TypeExtensions.dll /reference:/usr/share/dotnet/packs/Microsoft.NETCore.App.Ref/9.0.4/ref/net9.0/System.Resources.Reader.dll /reference:/usr/share/dotnet/packs/Microsoft.NETCore.App.Ref/9.0.4/ref/net9.0/System.Resources.ResourceManager.dll /reference:/usr/share/dotnet/packs/Microsoft.NETCore.App.Ref/9.0.4/ref/net9.0/System.Resources.Writer.dll /reference:/usr/share/dotnet/packs/Microsoft.NETCore.App.Ref/9.0.4/ref/net9.0/System.Runtime.CompilerServices.Unsafe.dll /reference:/usr/share/dotnet/packs/Microsoft.NETCore.App.Ref/9.0.4/ref/net9.0/System.Runtime.CompilerServices.VisualC.dll /reference:/usr/share/dotnet/packs/Microsoft.NETCore.App.Ref/9.0.4/ref/net9.0/System.Runtime.dll /reference:/usr/share/dotnet/packs/Microsoft.NETCore.App.Ref/9.0.4/ref/net9.0/System.Runtime.Extensions.dll /reference:/usr/share/dotnet/packs/Microsoft.NETCore.App.Ref/9.0.4/ref/net9.0/System.Runtime.Handles.dll /reference:/usr/share/dotnet/packs/Microsoft.NETCore.App.Ref/9.0.4/ref/net9.0/System.Runtime.InteropServices.dll /reference:/usr/share/dotnet/packs/Microsoft.NETCore.App.Ref/9.0.4/ref/net9.0/System.Runtime.InteropServices.JavaScript.dll /reference:/usr/share/dotnet/packs/Microsoft.NETCore.App.Ref/9.0.4/ref/net9.0/System.Runtime.InteropServices.RuntimeInformation.dll /reference:/usr/share/dotnet/packs/Microsoft.NETCore.App.Ref/9.0.4/ref/net9.0/System.Runtime.Intrinsics.dll /reference:/usr/share/dotnet/packs/Microsoft.NETCore.App.Ref/9.0.4/ref/net9.0/System.Runtime.Loader.dll /reference:/usr/share/dotnet/packs/Microsoft.NETCore.App.Ref/9.0.4/ref/net9.0/System.Runtime.Numerics.dll /reference:/usr/share/dotnet/packs/Microsoft.NETCore.App.Ref/9.0.4/ref/net9.0/System.Runtime.Serialization.dll /reference:/usr/share/dotnet/packs/Microsoft.NETCore.App.Ref/9.0.4/ref/net9.0/System.Runtime.Serialization.Formatters.dll /reference:/usr/share/dotnet/packs/Microsoft.NETCore.App.Ref/9.0.4/ref/net9.0/System.Runtime.Serialization.Json.dll /reference:/usr/share/dotnet/packs/Microsoft.NETCore.App.Ref/9.0.4/ref/net9.0/System.Runtime.Serialization.Primitives.dll /reference:/usr/share/dotnet/packs/Microsoft.NETCore.App.Ref/9.0.4/ref/net9.0/System.Runtime.Serialization.Xml.dll /reference:/usr/share/dotnet/packs/Microsoft.NETCore.App.Ref/9.0.4/ref/net9.0/System.Security.AccessControl.dll /reference:/usr/share/dotnet/packs/Microsoft.NETCore.App.Ref/9.0.4/ref/net9.0/System.Security.Claims.dll /reference:/usr/share/dotnet/packs/Microsoft.NETCore.App.Ref/9.0.4/ref/net9.0/System.Security.Cryptography.Algorithms.dll /reference:/usr/share/dotnet/packs/Microsoft.NETCore.App.Ref/9.0.4/ref/net9.0/System.Security.Cryptography.Cng.dll /reference:/usr/share/dotnet/packs/Microsoft.NETCore.App.Ref/9.0.4/ref/net9.0/System.Security.Cryptography.Csp.dll /reference:/usr/share/dotnet/packs/Microsoft.NETCore.App.Ref/9.0.4/ref/net9.0/System.Security.Cryptography.dll /reference:/usr/share/dotnet/packs/Microsoft.NETCore.App.Ref/9.0.4/ref/net9.0/System.Security.Cryptography.Encoding.dll /reference:/usr/share/dotnet/packs/Microsoft.NETCore.App.Ref/9.0.4/ref/net9.0/System.Security.Cryptography.OpenSsl.dll /reference:/usr/share/dotnet/packs/Microsoft.NETCore.App.Ref/9.0.4/ref/net9.0/System.Security.Cryptography.Primitives.dll /reference:/home/quinngil/.nuget/packages/system.security.cryptography.protecteddata/6.0.0/lib/net6.0/System.Security.Cryptography.ProtectedData.dll /reference:/usr/share/dotnet/packs/Microsoft.NETCore.App.Ref/9.0.4/ref/net9.0/System.Security.Cryptography.X509Certificates.dll /reference:/usr/share/dotnet/packs/Microsoft.NETCore.App.Ref/9.0.4/ref/net9.0/System.Security.dll /reference:/home/quinngil/.nuget/packages/system.security.permissions/6.0.0/lib/net6.0/System.Security.Permissions.dll /reference:/usr/share/dotnet/packs/Microsoft.NETCore.App.Ref/9.0.4/ref/net9.0/System.Security.Principal.dll /reference:/usr/share/dotnet/packs/Microsoft.NETCore.App.Ref/9.0.4/ref/net9.0/System.Security.Principal.Windows.dll /reference:/usr/share/dotnet/packs/Microsoft.NETCore.App.Ref/9.0.4/ref/net9.0/System.Security.SecureString.dll /reference:/usr/share/dotnet/packs/Microsoft.NETCore.App.Ref/9.0.4/ref/net9.0/System.ServiceModel.Web.dll /reference:/usr/share/dotnet/packs/Microsoft.NETCore.App.Ref/9.0.4/ref/net9.0/System.ServiceProcess.dll /reference:/usr/share/dotnet/packs/Microsoft.NETCore.App.Ref/9.0.4/ref/net9.0/System.Text.Encoding.CodePages.dll /reference:/usr/share/dotnet/packs/Microsoft.NETCore.App.Ref/9.0.4/ref/net9.0/System.Text.Encoding.dll /reference:/usr/share/dotnet/packs/Microsoft.NETCore.App.Ref/9.0.4/ref/net9.0/System.Text.Encoding.Extensions.dll /reference:/usr/share/dotnet/packs/Microsoft.NETCore.App.Ref/9.0.4/ref/net9.0/System.Text.Encodings.Web.dll /reference:/home/quinngil/.nuget/packages/system.text.json/9.0.8/lib/net9.0/System.Text.Json.dll /reference:/usr/share/dotnet/packs/Microsoft.NETCore.App.Ref/9.0.4/ref/net9.0/System.Text.RegularExpressions.dll /reference:/usr/share/dotnet/packs/Microsoft.NETCore.App.Ref/9.0.4/ref/net9.0/System.Threading.Channels.dll /reference:/usr/share/dotnet/packs/Microsoft.NETCore.App.Ref/9.0.4/ref/net9.0/System.Threading.dll /reference:/usr/share/dotnet/packs/Microsoft.NETCore.App.Ref/9.0.4/ref/net9.0/System.Threading.Overlapped.dll /reference:/usr/share/dotnet/packs/Microsoft.NETCore.App.Ref/9.0.4/ref/net9.0/System.Threading.Tasks.Dataflow.dll /reference:/usr/share/dotnet/packs/Microsoft.NETCore.App.Ref/9.0.4/ref/net9.0/System.Threading.Tasks.dll /reference:/usr/share/dotnet/packs/Microsoft.NETCore.App.Ref/9.0.4/ref/net9.0/System.Threading.Tasks.Extensions.dll /reference:/usr/share/dotnet/packs/Microsoft.NETCore.App.Ref/9.0.4/ref/net9.0/System.Threading.Tasks.Parallel.dll /reference:/usr/share/dotnet/packs/Microsoft.NETCore.App.Ref/9.0.4/ref/net9.0/System.Threading.Thread.dll /reference:/usr/share/dotnet/packs/Microsoft.NETCore.App.Ref/9.0.4/ref/net9.0/System.Threading.ThreadPool.dll /reference:/usr/share/dotnet/packs/Microsoft.NETCore.App.Ref/9.0.4/ref/net9.0/System.Threading.Timer.dll /reference:/usr/share/dotnet/packs/Microsoft.NETCore.App.Ref/9.0.4/ref/net9.0/System.Transactions.dll /reference:/usr/share/dotnet/packs/Microsoft.NETCore.App.Ref/9.0.4/ref/net9.0/System.Transactions.Local.dll /reference:/usr/share/dotnet/packs/Microsoft.NETCore.App.Ref/9.0.4/ref/net9.0/System.ValueTuple.dll /reference:/usr/share/dotnet/packs/Microsoft.NETCore.App.Ref/9.0.4/ref/net9.0/System.Web.dll /reference:/usr/share/dotnet/packs/Microsoft.NETCore.App.Ref/9.0.4/ref/net9.0/System.Web.HttpUtility.dll /reference:/usr/share/dotnet/packs/Microsoft.NETCore.App.Ref/9.0.4/ref/net9.0/System.Windows.dll /reference:/home/quinngil/.nuget/packages/system.windows.extensions/6.0.0/lib/net6.0/System.Windows.Extensions.dll /reference:/usr/share/dotnet/packs/Microsoft.NETCore.App.Ref/9.0.4/ref/net9.0/System.Xml.dll /reference:/usr/share/dotnet/packs/Microsoft.NETCore.App.Ref/9.0.4/ref/net9.0/System.Xml.Linq.dll /reference:/usr/share/dotnet/packs/Microsoft.NETCore.App.Ref/9.0.4/ref/net9.0/System.Xml.ReaderWriter.dll /reference:/usr/share/dotnet/packs/Microsoft.NETCore.App.Ref/9.0.4/ref/net9.0/System.Xml.Serialization.dll /reference:/usr/share/dotnet/packs/Microsoft.NETCore.App.Ref/9.0.4/ref/net9.0/System.Xml.XDocument.dll /reference:/usr/share/dotnet/packs/Microsoft.NETCore.App.Ref/9.0.4/ref/net9.0/System.Xml.XmlDocument.dll /reference:/usr/share/dotnet/packs/Microsoft.NETCore.App.Ref/9.0.4/ref/net9.0/System.Xml.XmlSerializer.dll /reference:/usr/share/dotnet/packs/Microsoft.NETCore.App.Ref/9.0.4/ref/net9.0/System.Xml.XPath.dll /reference:/usr/share/dotnet/packs/Microsoft.NETCore.App.Ref/9.0.4/ref/net9.0/System.Xml.XPath.XDocument.dll /reference:/usr/share/dotnet/packs/Microsoft.NETCore.App.Ref/9.0.4/ref/net9.0/WindowsBase.dll /debug- /debug:portable /filealign:512 /optimize+ /out:obj/Release/net9.0/Lib.Adapter.Cards.dll /refout:obj/Release/net9.0/refint/Lib.Adapter.Cards.dll /reportanalyzer /target:library /warnaserror+ /utf8output /deterministic+ /sourcelink:obj/Release/net9.0/Lib.Adapter.Cards.sourcelink.json /langversion:latest /features:strict /embed:"obj/Release/net9.0/.NETCoreApp,Version=v9.0.AssemblyAttributes.cs" /embed:obj/Release/net9.0/Lib.Adapter.Cards.AssemblyInfo.cs /analyzerconfig:/mnt/d/src/MtgDiscoveryVibeWorkspace/IMPLS/src/.editorconfig /analyzerconfig:obj/Release/net9.0/Lib.Adapter.Cards.GeneratedMSBuildEditorConfig.editorconfig /analyzerconfig:/usr/share/dotnet/sdk/9.0.203/Sdks/Microsoft.NET.Sdk/analyzers/build/config/analysislevel_9_all_warnaserror.globalconfig /analyzer:/usr/share/dotnet/sdk/9.0.203/Sdks/Microsoft.NET.Sdk/targets/../analyzers/Microsoft.CodeAnalysis.CSharp.NetAnalyzers.dll /analyzer:/usr/share/dotnet/sdk/9.0.203/Sdks/Microsoft.NET.Sdk/targets/../analyzers/Microsoft.CodeAnalysis.NetAnalyzers.dll /analyzer:/usr/share/dotnet/sdk/9.0.203/Sdks/Microsoft.NET.Sdk/targets/../codestyle/cs/Microsoft.CodeAnalysis.CodeStyle.dll /analyzer:/usr/share/dotnet/sdk/9.0.203/Sdks/Microsoft.NET.Sdk/targets/../codestyle/cs/Microsoft.CodeAnalysis.CodeStyle.Fixes.dll /analyzer:/usr/share/dotnet/sdk/9.0.203/Sdks/Microsoft.NET.Sdk/targets/../codestyle/cs/Microsoft.CodeAnalysis.CSharp.CodeStyle.dll /analyzer:/usr/share/dotnet/sdk/9.0.203/Sdks/Microsoft.NET.Sdk/targets/../codestyle/cs/Microsoft.CodeAnalysis.CSharp.CodeStyle.Fixes.dll /analyzer:/home/quinngil/.nuget/packages/microsoft.codeanalysis.bannedapianalyzers/4.14.0/analyzers/dotnet/cs/Microsoft.CodeAnalysis.BannedApiAnalyzers.dll /analyzer:/home/quinngil/.nuget/packages/microsoft.codeanalysis.bannedapianalyzers/4.14.0/analyzers/dotnet/cs/Microsoft.CodeAnalysis.CSharp.BannedApiAnalyzers.dll /analyzer:/home/quinngil/.nuget/packages/microsoft.extensions.logging.abstractions/9.0.0/analyzers/dotnet/roslyn4.4/cs/Microsoft.Extensions.Logging.Generators.dll /analyzer:/home/quinngil/.nuget/packages/microsoft.extensions.options/9.0.0/analyzers/dotnet/roslyn4.4/cs/Microsoft.Extensions.Options.SourceGeneration.dll /analyzer:/home/quinngil/.nuget/packages/system.clientmodel/1.5.1/analyzers/dotnet/cs/System.ClientModel.SourceGeneration.dll /analyzer:/home/quinngil/.nuget/packages/system.text.json/9.0.8/analyzers/dotnet/roslyn4.4/cs/System.Text.Json.SourceGeneration.dll /analyzer:/usr/share/dotnet/packs/Microsoft.NETCore.App.Ref/9.0.4/analyzers/dotnet/cs/Microsoft.Interop.ComInterfaceGenerator.dll /analyzer:/usr/share/dotnet/packs/Microsoft.NETCore.App.Ref/9.0.4/analyzers/dotnet/cs/Microsoft.Interop.JavaScript.JSImportGenerator.dll /analyzer:/usr/share/dotnet/packs/Microsoft.NETCore.App.Ref/9.0.4/analyzers/dotnet/cs/Microsoft.Interop.LibraryImportGenerator.dll /analyzer:/usr/share/dotnet/packs/Microsoft.NETCore.App.Ref/9.0.4/analyzers/dotnet/cs/Microsoft.Interop.SourceGeneration.dll /analyzer:/usr/share/dotnet/packs/Microsoft.NETCore.App.Ref/9.0.4/analyzers/dotnet/cs/System.Text.RegularExpressions.Generator.dll /additionalfile:/mnt/d/src/MtgDiscoveryVibeWorkspace/IMPLS/src/BannedSymbols.txt /additionalfile:/mnt/d/src/MtgDiscoveryVibeWorkspace/IMPLS/src/.editorconfig Apis/CardAdapterService.cs Apis/ICardAdapterService.cs Apis/ICardQueryAdapter.cs Entities/CardNameSearchResultAdapterEntity.cs Exceptions/CardAdapterException.cs Queries/CardCosmosQueryAdapter.cs "obj/Release/net9.0/.NETCoreApp,Version=v9.0.AssemblyAttributes.cs" obj/Release/net9.0/Lib.Adapter.Cards.AssemblyInfo.cs /warnaserror+:NU1605,SYSLIB0011
   1:2>Project "/mnt/d/src/MtgDiscoveryVibeWorkspace/IMPLS/src/MtgDiscoveryVibe.sln" (1:2) is building "/mnt/d/src/MtgDiscoveryVibeWorkspace/IMPLS/src/Lib.Adapter.UserCards.Tests/Lib.Adapter.UserCards.Tests.csproj" (37:6) on node 9 (default targets).
    37>GenerateTargetFrameworkMonikerAttribute:
       Skipping target "GenerateTargetFrameworkMonikerAttribute" because all output files are up-to-date with respect to the input files.
  39:8>Project "/mnt/d/src/MtgDiscoveryVibeWorkspace/IMPLS/src/Lib.Domain.UserCards/Lib.Domain.UserCards.csproj" (39:8) is building "/mnt/d/src/MtgDiscoveryVibeWorkspace/IMPLS/src/Lib.Aggregator.UserCards/Lib.Aggregator.UserCards.csproj" (41:8) on node 7 (default targets).
    41>GenerateTargetFrameworkMonikerAttribute:
       Skipping target "GenerateTargetFrameworkMonikerAttribute" because all output files are up-to-date with respect to the input files.
    35>CoreCompile:
         CompilerServer: server - server processed compilation - Lib.Adapter.User (net9.0)
       _CopyFilesMarkedCopyLocal:
         Copying file from "/mnt/d/src/MtgDiscoveryVibeWorkspace/IMPLS/src/Lib.Adapter.Scryfall.Cosmos/bin/Release/net9.0/Lib.Adapter.Scryfall.Cosmos.dll" to "/mnt/d/src/MtgDiscoveryVibeWorkspace/IMPLS/src/Lib.Adapter.User/bin/Release/net9.0/Lib.Adapter.Scryfall.Cosmos.dll".
         Copying file from "/mnt/d/src/MtgDiscoveryVibeWorkspace/IMPLS/src/Lib.Cosmos/bin/Release/net9.0/Lib.Cosmos.dll" to "/mnt/d/src/MtgDiscoveryVibeWorkspace/IMPLS/src/Lib.Adapter.User/bin/Release/net9.0/Lib.Cosmos.dll".
         Copying file from "/mnt/d/src/MtgDiscoveryVibeWorkspace/IMPLS/src/Lib.Scryfall.Shared/bin/Release/net9.0/Lib.Scryfall.Shared.dll" to "/mnt/d/src/MtgDiscoveryVibeWorkspace/IMPLS/src/Lib.Adapter.User/bin/Release/net9.0/Lib.Scryfall.Shared.dll".
         Copying file from "/mnt/d/src/MtgDiscoveryVibeWorkspace/IMPLS/src/Lib.Shared.Abstractions/bin/Release/net9.0/Lib.Shared.Abstractions.dll" to "/mnt/d/src/MtgDiscoveryVibeWorkspace/IMPLS/src/Lib.Adapter.User/bin/Release/net9.0/Lib.Shared.Abstractions.dll".
         Copying file from "/mnt/d/src/MtgDiscoveryVibeWorkspace/IMPLS/src/Lib.Aggregator.Scryfall.Shared/bin/Release/net9.0/Lib.Aggregator.Scryfall.Shared.dll" to "/mnt/d/src/MtgDiscoveryVibeWorkspace/IMPLS/src/Lib.Adapter.User/bin/Release/net9.0/Lib.Aggregator.Scryfall.Shared.dll".
         Copying file from "/mnt/d/src/MtgDiscoveryVibeWorkspace/IMPLS/src/Lib.Shared.DataModels/bin/Release/net9.0/Lib.Shared.DataModels.dll" to "/mnt/d/src/MtgDiscoveryVibeWorkspace/IMPLS/src/Lib.Adapter.User/bin/Release/net9.0/Lib.Shared.DataModels.dll".
    34>CoreCompile:
         CompilerServer: server - server processed compilation - Lib.Adapter.Artists (net9.0)
    35>_CopyFilesMarkedCopyLocal:
         Copying file from "/mnt/d/src/MtgDiscoveryVibeWorkspace/IMPLS/src/Lib.Shared.Invocation/bin/Release/net9.0/Lib.Shared.Invocation.dll" to "/mnt/d/src/MtgDiscoveryVibeWorkspace/IMPLS/src/Lib.Adapter.User/bin/Release/net9.0/Lib.Shared.Invocation.dll".
         Copying file from "/mnt/d/src/MtgDiscoveryVibeWorkspace/IMPLS/src/Lib.Universal/bin/Release/net9.0/Lib.Universal.dll" to "/mnt/d/src/MtgDiscoveryVibeWorkspace/IMPLS/src/Lib.Adapter.User/bin/Release/net9.0/Lib.Universal.dll".
         Copying file from "/mnt/d/src/MtgDiscoveryVibeWorkspace/IMPLS/src/Lib.Shared.Invocation/bin/Release/net9.0/Lib.Shared.Invocation.pdb" to "/mnt/d/src/MtgDiscoveryVibeWorkspace/IMPLS/src/Lib.Adapter.User/bin/Release/net9.0/Lib.Shared.Invocation.pdb".
    34>_CopyFilesMarkedCopyLocal:
         Copying file from "/mnt/d/src/MtgDiscoveryVibeWorkspace/IMPLS/src/Lib.Cosmos/bin/Release/net9.0/Lib.Cosmos.dll" to "/mnt/d/src/MtgDiscoveryVibeWorkspace/IMPLS/src/Lib.Adapter.Artists/bin/Release/net9.0/Lib.Cosmos.dll".
    35>_CopyFilesMarkedCopyLocal:
         Copying file from "/mnt/d/src/MtgDiscoveryVibeWorkspace/IMPLS/src/Lib.Shared.DataModels/bin/Release/net9.0/Lib.Shared.DataModels.pdb" to "/mnt/d/src/MtgDiscoveryVibeWorkspace/IMPLS/src/Lib.Adapter.User/bin/Release/net9.0/Lib.Shared.DataModels.pdb".
    34>_CopyFilesMarkedCopyLocal:
         Copying file from "/mnt/d/src/MtgDiscoveryVibeWorkspace/IMPLS/src/Lib.Shared.DataModels/bin/Release/net9.0/Lib.Shared.DataModels.dll" to "/mnt/d/src/MtgDiscoveryVibeWorkspace/IMPLS/src/Lib.Adapter.Artists/bin/Release/net9.0/Lib.Shared.DataModels.dll".
    35>_CopyFilesMarkedCopyLocal:
         Copying file from "/mnt/d/src/MtgDiscoveryVibeWorkspace/IMPLS/src/Lib.Adapter.Scryfall.Cosmos/bin/Release/net9.0/Lib.Adapter.Scryfall.Cosmos.pdb" to "/mnt/d/src/MtgDiscoveryVibeWorkspace/IMPLS/src/Lib.Adapter.User/bin/Release/net9.0/Lib.Adapter.Scryfall.Cosmos.pdb".
    34>_CopyFilesMarkedCopyLocal:
         Copying file from "/mnt/d/src/MtgDiscoveryVibeWorkspace/IMPLS/src/Lib.Aggregator.Scryfall.Shared/bin/Release/net9.0/Lib.Aggregator.Scryfall.Shared.dll" to "/mnt/d/src/MtgDiscoveryVibeWorkspace/IMPLS/src/Lib.Adapter.Artists/bin/Release/net9.0/Lib.Aggregator.Scryfall.Shared.dll".
    35>_CopyFilesMarkedCopyLocal:
         Copying file from "/mnt/d/src/MtgDiscoveryVibeWorkspace/IMPLS/src/Lib.Cosmos/bin/Release/net9.0/Lib.Cosmos.pdb" to "/mnt/d/src/MtgDiscoveryVibeWorkspace/IMPLS/src/Lib.Adapter.User/bin/Release/net9.0/Lib.Cosmos.pdb".
    34>_CopyFilesMarkedCopyLocal:
         Copying file from "/mnt/d/src/MtgDiscoveryVibeWorkspace/IMPLS/src/Lib.Adapter.Scryfall.Cosmos/bin/Release/net9.0/Lib.Adapter.Scryfall.Cosmos.dll" to "/mnt/d/src/MtgDiscoveryVibeWorkspace/IMPLS/src/Lib.Adapter.Artists/bin/Release/net9.0/Lib.Adapter.Scryfall.Cosmos.dll".
         Copying file from "/mnt/d/src/MtgDiscoveryVibeWorkspace/IMPLS/src/Lib.Scryfall.Shared/bin/Release/net9.0/Lib.Scryfall.Shared.dll" to "/mnt/d/src/MtgDiscoveryVibeWorkspace/IMPLS/src/Lib.Adapter.Artists/bin/Release/net9.0/Lib.Scryfall.Shared.dll".
    27>CopyFilesToOutputDirectory:
         Copying file from "/mnt/d/src/MtgDiscoveryVibeWorkspace/IMPLS/src/Lib.Scryfall.Ingestion/obj/Release/net9.0/Lib.Scryfall.Ingestion.dll" to "/mnt/d/src/MtgDiscoveryVibeWorkspace/IMPLS/src/Lib.Scryfall.Ingestion/bin/Release/net9.0/Lib.Scryfall.Ingestion.dll".
    34>_CopyFilesMarkedCopyLocal:
         Copying file from "/mnt/d/src/MtgDiscoveryVibeWorkspace/IMPLS/src/Lib.Shared.Abstractions/bin/Release/net9.0/Lib.Shared.Abstractions.dll" to "/mnt/d/src/MtgDiscoveryVibeWorkspace/IMPLS/src/Lib.Adapter.Artists/bin/Release/net9.0/Lib.Shared.Abstractions.dll".
    35>_CopyFilesMarkedCopyLocal:
         Copying file from "/mnt/d/src/MtgDiscoveryVibeWorkspace/IMPLS/src/Lib.Aggregator.Scryfall.Shared/bin/Release/net9.0/Lib.Aggregator.Scryfall.Shared.pdb" to "/mnt/d/src/MtgDiscoveryVibeWorkspace/IMPLS/src/Lib.Adapter.User/bin/Release/net9.0/Lib.Aggregator.Scryfall.Shared.pdb".
         Copying file from "/mnt/d/src/MtgDiscoveryVibeWorkspace/IMPLS/src/Lib.Scryfall.Shared/bin/Release/net9.0/Lib.Scryfall.Shared.pdb" to "/mnt/d/src/MtgDiscoveryVibeWorkspace/IMPLS/src/Lib.Adapter.User/bin/Release/net9.0/Lib.Scryfall.Shared.pdb".
         Copying file from "/mnt/d/src/MtgDiscoveryVibeWorkspace/IMPLS/src/Lib.Shared.Abstractions/bin/Release/net9.0/Lib.Shared.Abstractions.pdb" to "/mnt/d/src/MtgDiscoveryVibeWorkspace/IMPLS/src/Lib.Adapter.User/bin/Release/net9.0/Lib.Shared.Abstractions.pdb".
    34>_CopyFilesMarkedCopyLocal:
         Copying file from "/mnt/d/src/MtgDiscoveryVibeWorkspace/IMPLS/src/Lib.Universal/bin/Release/net9.0/Lib.Universal.dll" to "/mnt/d/src/MtgDiscoveryVibeWorkspace/IMPLS/src/Lib.Adapter.Artists/bin/Release/net9.0/Lib.Universal.dll".
    35>_CopyFilesMarkedCopyLocal:
         Copying file from "/mnt/d/src/MtgDiscoveryVibeWorkspace/IMPLS/src/Lib.Universal/bin/Release/net9.0/Lib.Universal.pdb" to "/mnt/d/src/MtgDiscoveryVibeWorkspace/IMPLS/src/Lib.Adapter.User/bin/Release/net9.0/Lib.Universal.pdb".
    34>_CopyFilesMarkedCopyLocal:
         Copying file from "/mnt/d/src/MtgDiscoveryVibeWorkspace/IMPLS/src/Lib.Shared.Invocation/bin/Release/net9.0/Lib.Shared.Invocation.dll" to "/mnt/d/src/MtgDiscoveryVibeWorkspace/IMPLS/src/Lib.Adapter.Artists/bin/Release/net9.0/Lib.Shared.Invocation.dll".
         Copying file from "/mnt/d/src/MtgDiscoveryVibeWorkspace/IMPLS/src/Lib.Shared.Invocation/bin/Release/net9.0/Lib.Shared.Invocation.pdb" to "/mnt/d/src/MtgDiscoveryVibeWorkspace/IMPLS/src/Lib.Adapter.Artists/bin/Release/net9.0/Lib.Shared.Invocation.pdb".
         Copying file from "/mnt/d/src/MtgDiscoveryVibeWorkspace/IMPLS/src/Lib.Shared.DataModels/bin/Release/net9.0/Lib.Shared.DataModels.pdb" to "/mnt/d/src/MtgDiscoveryVibeWorkspace/IMPLS/src/Lib.Adapter.Artists/bin/Release/net9.0/Lib.Shared.DataModels.pdb".
         Copying file from "/mnt/d/src/MtgDiscoveryVibeWorkspace/IMPLS/src/Lib.Cosmos/bin/Release/net9.0/Lib.Cosmos.pdb" to "/mnt/d/src/MtgDiscoveryVibeWorkspace/IMPLS/src/Lib.Adapter.Artists/bin/Release/net9.0/Lib.Cosmos.pdb".
    36>CoreCompile:
         CompilerServer: server - server processed compilation - Lib.Adapter.Sets (net9.0)
    34>_CopyFilesMarkedCopyLocal:
         Copying file from "/mnt/d/src/MtgDiscoveryVibeWorkspace/IMPLS/src/Lib.Adapter.Scryfall.Cosmos/bin/Release/net9.0/Lib.Adapter.Scryfall.Cosmos.pdb" to "/mnt/d/src/MtgDiscoveryVibeWorkspace/IMPLS/src/Lib.Adapter.Artists/bin/Release/net9.0/Lib.Adapter.Scryfall.Cosmos.pdb".
    35>_CopyFilesMarkedCopyLocal:
         Touching "/mnt/d/src/MtgDiscoveryVibeWorkspace/IMPLS/src/Lib.Adapter.User/obj/Release/net9.0/Lib.Adap.0ADDF64F.Up2Date".
    36>_CopyFilesMarkedCopyLocal:
         Copying file from "/mnt/d/src/MtgDiscoveryVibeWorkspace/IMPLS/src/Lib.Adapter.Scryfall.Cosmos/bin/Release/net9.0/Lib.Adapter.Scryfall.Cosmos.dll" to "/mnt/d/src/MtgDiscoveryVibeWorkspace/IMPLS/src/Lib.Adapter.Sets/bin/Release/net9.0/Lib.Adapter.Scryfall.Cosmos.dll".
    41>CoreGenerateAssemblyInfo:
         Could not infer the type of parameter "#1" because the attribute type is unknown. The value will be treated as a string.
         Could not infer the type of parameter "#1" because the attribute type is unknown. The value will be treated as a string.
    36>_CopyFilesMarkedCopyLocal:
         Copying file from "/mnt/d/src/MtgDiscoveryVibeWorkspace/IMPLS/src/Lib.Shared.DataModels/bin/Release/net9.0/Lib.Shared.DataModels.dll" to "/mnt/d/src/MtgDiscoveryVibeWorkspace/IMPLS/src/Lib.Adapter.Sets/bin/Release/net9.0/Lib.Shared.DataModels.dll".
         Copying file from "/mnt/d/src/MtgDiscoveryVibeWorkspace/IMPLS/src/Lib.Cosmos/bin/Release/net9.0/Lib.Cosmos.dll" to "/mnt/d/src/MtgDiscoveryVibeWorkspace/IMPLS/src/Lib.Adapter.Sets/bin/Release/net9.0/Lib.Cosmos.dll".
    34>_CopyFilesMarkedCopyLocal:
         Copying file from "/mnt/d/src/MtgDiscoveryVibeWorkspace/IMPLS/src/Lib.Aggregator.Scryfall.Shared/bin/Release/net9.0/Lib.Aggregator.Scryfall.Shared.pdb" to "/mnt/d/src/MtgDiscoveryVibeWorkspace/IMPLS/src/Lib.Adapter.Artists/bin/Release/net9.0/Lib.Aggregator.Scryfall.Shared.pdb".
    36>_CopyFilesMarkedCopyLocal:
         Copying file from "/mnt/d/src/MtgDiscoveryVibeWorkspace/IMPLS/src/Lib.Scryfall.Shared/bin/Release/net9.0/Lib.Scryfall.Shared.dll" to "/mnt/d/src/MtgDiscoveryVibeWorkspace/IMPLS/src/Lib.Adapter.Sets/bin/Release/net9.0/Lib.Scryfall.Shared.dll".
         Copying file from "/mnt/d/src/MtgDiscoveryVibeWorkspace/IMPLS/src/Lib.Aggregator.Scryfall.Shared/bin/Release/net9.0/Lib.Aggregator.Scryfall.Shared.dll" to "/mnt/d/src/MtgDiscoveryVibeWorkspace/IMPLS/src/Lib.Adapter.Sets/bin/Release/net9.0/Lib.Aggregator.Scryfall.Shared.dll".
    34>_CopyFilesMarkedCopyLocal:
         Copying file from "/mnt/d/src/MtgDiscoveryVibeWorkspace/IMPLS/src/Lib.Scryfall.Shared/bin/Release/net9.0/Lib.Scryfall.Shared.pdb" to "/mnt/d/src/MtgDiscoveryVibeWorkspace/IMPLS/src/Lib.Adapter.Artists/bin/Release/net9.0/Lib.Scryfall.Shared.pdb".
    36>_CopyFilesMarkedCopyLocal:
         Copying file from "/mnt/d/src/MtgDiscoveryVibeWorkspace/IMPLS/src/Lib.Shared.Abstractions/bin/Release/net9.0/Lib.Shared.Abstractions.dll" to "/mnt/d/src/MtgDiscoveryVibeWorkspace/IMPLS/src/Lib.Adapter.Sets/bin/Release/net9.0/Lib.Shared.Abstractions.dll".
    33>CoreCompile:
         CompilerServer: server - server processed compilation - Lib.Adapter.Cards (net9.0)
    34>_CopyFilesMarkedCopyLocal:
         Copying file from "/mnt/d/src/MtgDiscoveryVibeWorkspace/IMPLS/src/Lib.Shared.Abstractions/bin/Release/net9.0/Lib.Shared.Abstractions.pdb" to "/mnt/d/src/MtgDiscoveryVibeWorkspace/IMPLS/src/Lib.Adapter.Artists/bin/Release/net9.0/Lib.Shared.Abstractions.pdb".
         Copying file from "/mnt/d/src/MtgDiscoveryVibeWorkspace/IMPLS/src/Lib.Universal/bin/Release/net9.0/Lib.Universal.pdb" to "/mnt/d/src/MtgDiscoveryVibeWorkspace/IMPLS/src/Lib.Adapter.Artists/bin/Release/net9.0/Lib.Universal.pdb".
    33>_CopyFilesMarkedCopyLocal:
         Copying file from "/mnt/d/src/MtgDiscoveryVibeWorkspace/IMPLS/src/Lib.Shared.Abstractions/bin/Release/net9.0/Lib.Shared.Abstractions.dll" to "/mnt/d/src/MtgDiscoveryVibeWorkspace/IMPLS/src/Lib.Adapter.Cards/bin/Release/net9.0/Lib.Shared.Abstractions.dll".
    36>_CopyFilesMarkedCopyLocal:
         Copying file from "/mnt/d/src/MtgDiscoveryVibeWorkspace/IMPLS/src/Lib.Universal/bin/Release/net9.0/Lib.Universal.dll" to "/mnt/d/src/MtgDiscoveryVibeWorkspace/IMPLS/src/Lib.Adapter.Sets/bin/Release/net9.0/Lib.Universal.dll".
    33>_CopyFilesMarkedCopyLocal:
         Copying file from "/mnt/d/src/MtgDiscoveryVibeWorkspace/IMPLS/src/Lib.Scryfall.Shared/bin/Release/net9.0/Lib.Scryfall.Shared.dll" to "/mnt/d/src/MtgDiscoveryVibeWorkspace/IMPLS/src/Lib.Adapter.Cards/bin/Release/net9.0/Lib.Scryfall.Shared.dll".
         Copying file from "/mnt/d/src/MtgDiscoveryVibeWorkspace/IMPLS/src/Lib.Aggregator.Scryfall.Shared/bin/Release/net9.0/Lib.Aggregator.Scryfall.Shared.dll" to "/mnt/d/src/MtgDiscoveryVibeWorkspace/IMPLS/src/Lib.Adapter.Cards/bin/Release/net9.0/Lib.Aggregator.Scryfall.Shared.dll".
    36>_CopyFilesMarkedCopyLocal:
         Copying file from "/mnt/d/src/MtgDiscoveryVibeWorkspace/IMPLS/src/Lib.Shared.Invocation/bin/Release/net9.0/Lib.Shared.Invocation.dll" to "/mnt/d/src/MtgDiscoveryVibeWorkspace/IMPLS/src/Lib.Adapter.Sets/bin/Release/net9.0/Lib.Shared.Invocation.dll".
         Copying file from "/mnt/d/src/MtgDiscoveryVibeWorkspace/IMPLS/src/Lib.Shared.DataModels/bin/Release/net9.0/Lib.Shared.DataModels.pdb" to "/mnt/d/src/MtgDiscoveryVibeWorkspace/IMPLS/src/Lib.Adapter.Sets/bin/Release/net9.0/Lib.Shared.DataModels.pdb".
         Copying file from "/mnt/d/src/MtgDiscoveryVibeWorkspace/IMPLS/src/Lib.Shared.Invocation/bin/Release/net9.0/Lib.Shared.Invocation.pdb" to "/mnt/d/src/MtgDiscoveryVibeWorkspace/IMPLS/src/Lib.Adapter.Sets/bin/Release/net9.0/Lib.Shared.Invocation.pdb".
    33>_CopyFilesMarkedCopyLocal:
         Copying file from "/mnt/d/src/MtgDiscoveryVibeWorkspace/IMPLS/src/Lib.Adapter.Scryfall.Cosmos/bin/Release/net9.0/Lib.Adapter.Scryfall.Cosmos.dll" to "/mnt/d/src/MtgDiscoveryVibeWorkspace/IMPLS/src/Lib.Adapter.Cards/bin/Release/net9.0/Lib.Adapter.Scryfall.Cosmos.dll".
         Copying file from "/mnt/d/src/MtgDiscoveryVibeWorkspace/IMPLS/src/Lib.Cosmos/bin/Release/net9.0/Lib.Cosmos.dll" to "/mnt/d/src/MtgDiscoveryVibeWorkspace/IMPLS/src/Lib.Adapter.Cards/bin/Release/net9.0/Lib.Cosmos.dll".
         Copying file from "/mnt/d/src/MtgDiscoveryVibeWorkspace/IMPLS/src/Lib.Shared.DataModels/bin/Release/net9.0/Lib.Shared.DataModels.dll" to "/mnt/d/src/MtgDiscoveryVibeWorkspace/IMPLS/src/Lib.Adapter.Cards/bin/Release/net9.0/Lib.Shared.DataModels.dll".
    36>_CopyFilesMarkedCopyLocal:
         Copying file from "/mnt/d/src/MtgDiscoveryVibeWorkspace/IMPLS/src/Lib.Cosmos/bin/Release/net9.0/Lib.Cosmos.pdb" to "/mnt/d/src/MtgDiscoveryVibeWorkspace/IMPLS/src/Lib.Adapter.Sets/bin/Release/net9.0/Lib.Cosmos.pdb".
         Copying file from "/mnt/d/src/MtgDiscoveryVibeWorkspace/IMPLS/src/Lib.Adapter.Scryfall.Cosmos/bin/Release/net9.0/Lib.Adapter.Scryfall.Cosmos.pdb" to "/mnt/d/src/MtgDiscoveryVibeWorkspace/IMPLS/src/Lib.Adapter.Sets/bin/Release/net9.0/Lib.Adapter.Scryfall.Cosmos.pdb".
    34>_CopyFilesMarkedCopyLocal:
         Touching "/mnt/d/src/MtgDiscoveryVibeWorkspace/IMPLS/src/Lib.Adapter.Artists/obj/Release/net9.0/Lib.Adap.AB4556EC.Up2Date".
    33>_CopyFilesMarkedCopyLocal:
         Copying file from "/mnt/d/src/MtgDiscoveryVibeWorkspace/IMPLS/src/Lib.Shared.Invocation/bin/Release/net9.0/Lib.Shared.Invocation.dll" to "/mnt/d/src/MtgDiscoveryVibeWorkspace/IMPLS/src/Lib.Adapter.Cards/bin/Release/net9.0/Lib.Shared.Invocation.dll".
    27>CopyFilesToOutputDirectory:
         Copying reference assembly from "obj/Release/net9.0/refint/Lib.Scryfall.Ingestion.dll" to "/mnt/d/src/MtgDiscoveryVibeWorkspace/IMPLS/src/Lib.Scryfall.Ingestion/obj/Release/net9.0/ref/Lib.Scryfall.Ingestion.dll".
    33>_CopyFilesMarkedCopyLocal:
         Copying file from "/mnt/d/src/MtgDiscoveryVibeWorkspace/IMPLS/src/Lib.Cosmos/bin/Release/net9.0/Lib.Cosmos.pdb" to "/mnt/d/src/MtgDiscoveryVibeWorkspace/IMPLS/src/Lib.Adapter.Cards/bin/Release/net9.0/Lib.Cosmos.pdb".
    36>_CopyFilesMarkedCopyLocal:
         Copying file from "/mnt/d/src/MtgDiscoveryVibeWorkspace/IMPLS/src/Lib.Scryfall.Shared/bin/Release/net9.0/Lib.Scryfall.Shared.pdb" to "/mnt/d/src/MtgDiscoveryVibeWorkspace/IMPLS/src/Lib.Adapter.Sets/bin/Release/net9.0/Lib.Scryfall.Shared.pdb".
    33>_CopyFilesMarkedCopyLocal:
         Copying file from "/mnt/d/src/MtgDiscoveryVibeWorkspace/IMPLS/src/Lib.Shared.DataModels/bin/Release/net9.0/Lib.Shared.DataModels.pdb" to "/mnt/d/src/MtgDiscoveryVibeWorkspace/IMPLS/src/Lib.Adapter.Cards/bin/Release/net9.0/Lib.Shared.DataModels.pdb".
    36>_CopyFilesMarkedCopyLocal:
         Copying file from "/mnt/d/src/MtgDiscoveryVibeWorkspace/IMPLS/src/Lib.Aggregator.Scryfall.Shared/bin/Release/net9.0/Lib.Aggregator.Scryfall.Shared.pdb" to "/mnt/d/src/MtgDiscoveryVibeWorkspace/IMPLS/src/Lib.Adapter.Sets/bin/Release/net9.0/Lib.Aggregator.Scryfall.Shared.pdb".
    33>_CopyFilesMarkedCopyLocal:
         Copying file from "/mnt/d/src/MtgDiscoveryVibeWorkspace/IMPLS/src/Lib.Shared.Invocation/bin/Release/net9.0/Lib.Shared.Invocation.pdb" to "/mnt/d/src/MtgDiscoveryVibeWorkspace/IMPLS/src/Lib.Adapter.Cards/bin/Release/net9.0/Lib.Shared.Invocation.pdb".
    36>_CopyFilesMarkedCopyLocal:
         Copying file from "/mnt/d/src/MtgDiscoveryVibeWorkspace/IMPLS/src/Lib.Shared.Abstractions/bin/Release/net9.0/Lib.Shared.Abstractions.pdb" to "/mnt/d/src/MtgDiscoveryVibeWorkspace/IMPLS/src/Lib.Adapter.Sets/bin/Release/net9.0/Lib.Shared.Abstractions.pdb".
    33>_CopyFilesMarkedCopyLocal:
         Copying file from "/mnt/d/src/MtgDiscoveryVibeWorkspace/IMPLS/src/Lib.Universal/bin/Release/net9.0/Lib.Universal.dll" to "/mnt/d/src/MtgDiscoveryVibeWorkspace/IMPLS/src/Lib.Adapter.Cards/bin/Release/net9.0/Lib.Universal.dll".
    36>_CopyFilesMarkedCopyLocal:
         Copying file from "/mnt/d/src/MtgDiscoveryVibeWorkspace/IMPLS/src/Lib.Universal/bin/Release/net9.0/Lib.Universal.pdb" to "/mnt/d/src/MtgDiscoveryVibeWorkspace/IMPLS/src/Lib.Adapter.Sets/bin/Release/net9.0/Lib.Universal.pdb".
    27>CopyFilesToOutputDirectory:
         Lib.Scryfall.Ingestion -> /mnt/d/src/MtgDiscoveryVibeWorkspace/IMPLS/src/Lib.Scryfall.Ingestion/bin/Release/net9.0/Lib.Scryfall.Ingestion.dll
    33>_CopyFilesMarkedCopyLocal:
         Copying file from "/mnt/d/src/MtgDiscoveryVibeWorkspace/IMPLS/src/Lib.Aggregator.Scryfall.Shared/bin/Release/net9.0/Lib.Aggregator.Scryfall.Shared.pdb" to "/mnt/d/src/MtgDiscoveryVibeWorkspace/IMPLS/src/Lib.Adapter.Cards/bin/Release/net9.0/Lib.Aggregator.Scryfall.Shared.pdb".
         Copying file from "/mnt/d/src/MtgDiscoveryVibeWorkspace/IMPLS/src/Lib.Adapter.Scryfall.Cosmos/bin/Release/net9.0/Lib.Adapter.Scryfall.Cosmos.pdb" to "/mnt/d/src/MtgDiscoveryVibeWorkspace/IMPLS/src/Lib.Adapter.Cards/bin/Release/net9.0/Lib.Adapter.Scryfall.Cosmos.pdb".
         Copying file from "/mnt/d/src/MtgDiscoveryVibeWorkspace/IMPLS/src/Lib.Scryfall.Shared/bin/Release/net9.0/Lib.Scryfall.Shared.pdb" to "/mnt/d/src/MtgDiscoveryVibeWorkspace/IMPLS/src/Lib.Adapter.Cards/bin/Release/net9.0/Lib.Scryfall.Shared.pdb".
    36>_CopyFilesMarkedCopyLocal:
         Touching "/mnt/d/src/MtgDiscoveryVibeWorkspace/IMPLS/src/Lib.Adapter.Sets/obj/Release/net9.0/Lib.Adap.694B8270.Up2Date".
    33>_CopyFilesMarkedCopyLocal:
         Copying file from "/mnt/d/src/MtgDiscoveryVibeWorkspace/IMPLS/src/Lib.Shared.Abstractions/bin/Release/net9.0/Lib.Shared.Abstractions.pdb" to "/mnt/d/src/MtgDiscoveryVibeWorkspace/IMPLS/src/Lib.Adapter.Cards/bin/Release/net9.0/Lib.Shared.Abstractions.pdb".
    27>CopyFilesToOutputDirectory:
         Copying file from "/mnt/d/src/MtgDiscoveryVibeWorkspace/IMPLS/src/Lib.Scryfall.Ingestion/obj/Release/net9.0/Lib.Scryfall.Ingestion.pdb" to "/mnt/d/src/MtgDiscoveryVibeWorkspace/IMPLS/src/Lib.Scryfall.Ingestion/bin/Release/net9.0/Lib.Scryfall.Ingestion.pdb".
    33>_CopyFilesMarkedCopyLocal:
         Copying file from "/mnt/d/src/MtgDiscoveryVibeWorkspace/IMPLS/src/Lib.Universal/bin/Release/net9.0/Lib.Universal.pdb" to "/mnt/d/src/MtgDiscoveryVibeWorkspace/IMPLS/src/Lib.Adapter.Cards/bin/Release/net9.0/Lib.Universal.pdb".
    35>_CopyOutOfDateSourceItemsToOutputDirectory:
       Skipping target "_CopyOutOfDateSourceItemsToOutputDirectory" because all output files are up-to-date with respect to the input files.
    33>_CopyFilesMarkedCopyLocal:
         Touching "/mnt/d/src/MtgDiscoveryVibeWorkspace/IMPLS/src/Lib.Adapter.Cards/obj/Release/net9.0/Lib.Adap.062D12FC.Up2Date".
    41>_GenerateSourceLinkFile:
         Updating Source Link file 'obj/Debug/net9.0/Lib.Aggregator.UserCards.sourcelink.json'.
    34>_CopyOutOfDateSourceItemsToOutputDirectory:
       Skipping target "_CopyOutOfDateSourceItemsToOutputDirectory" because all output files are up-to-date with respect to the input files.
    27>Done Building Project "/mnt/d/src/MtgDiscoveryVibeWorkspace/IMPLS/src/Lib.Scryfall.Ingestion/Lib.Scryfall.Ingestion.csproj" (default targets).
    36>_CopyOutOfDateSourceItemsToOutputDirectory:
       Skipping target "_CopyOutOfDateSourceItemsToOutputDirectory" because all output files are up-to-date with respect to the input files.
    33>_CopyOutOfDateSourceItemsToOutputDirectory:
       Skipping target "_CopyOutOfDateSourceItemsToOutputDirectory" because all output files are up-to-date with respect to the input files.
    41>CoreCompile:
         /usr/share/dotnet/dotnet exec "/usr/share/dotnet/sdk/9.0.203/Roslyn/bincore/csc.dll" /noconfig /unsafe- /checked- /nowarn:IDE0290,IDE2001,IDE0005,IDE0046,CA1716,CA1040,CA1056,1701,1702 /fullpaths /nostdlib+ /errorreport:prompt /warn:9 /define:TRACE;DEBUG;NET;NET9_0;NETCOREAPP;NET5_0_OR_GREATER;NET6_0_OR_GREATER;NET7_0_OR_GREATER;NET8_0_OR_GREATER;NET9_0_OR_GREATER;NETCOREAPP1_0_OR_GREATER;NETCOREAPP1_1_OR_GREATER;NETCOREAPP2_0_OR_GREATER;NETCOREAPP2_1_OR_GREATER;NETCOREAPP2_2_OR_GREATER;NETCOREAPP3_0_OR_GREATER;NETCOREAPP3_1_OR_GREATER /highentropyva+ /nullable:warnings /reference:/home/quinngil/.nuget/packages/azure.core/1.47.1/lib/net8.0/Azure.Core.dll /reference:/home/quinngil/.nuget/packages/azure.resourcemanager.authorization/1.1.5/lib/net8.0/Azure.ResourceManager.Authorization.dll /reference:/home/quinngil/.nuget/packages/azure.resourcemanager.cosmosdb/1.3.2/lib/netstandard2.0/Azure.ResourceManager.CosmosDB.dll /reference:/home/quinngil/.nuget/packages/azure.resourcemanager/1.13.2/lib/net8.0/Azure.ResourceManager.dll /reference:/mnt/d/src/MtgDiscoveryVibeWorkspace/IMPLS/src/Lib.Adapter.Scryfall.Cosmos/obj/Release/net9.0/ref/Lib.Adapter.Scryfall.Cosmos.dll /reference:/mnt/d/src/MtgDiscoveryVibeWorkspace/IMPLS/src/Lib.Adapter.UserCards/obj/Release/net9.0/ref/Lib.Adapter.UserCards.dll /reference:/mnt/d/src/MtgDiscoveryVibeWorkspace/IMPLS/src/Lib.Cosmos/obj/Release/net9.0/ref/Lib.Cosmos.dll /reference:/mnt/d/src/MtgDiscoveryVibeWorkspace/IMPLS/src/Lib.Scryfall.Shared/obj/Release/net9.0/ref/Lib.Scryfall.Shared.dll /reference:/mnt/d/src/MtgDiscoveryVibeWorkspace/IMPLS/src/Lib.Shared.Abstractions/obj/Release/net9.0/ref/Lib.Shared.Abstractions.dll /reference:/mnt/d/src/MtgDiscoveryVibeWorkspace/IMPLS/src/Lib.Shared.DataModels/obj/Release/net9.0/ref/Lib.Shared.DataModels.dll /reference:/mnt/d/src/MtgDiscoveryVibeWorkspace/IMPLS/src/Lib.Shared.Invocation/obj/Release/net9.0/ref/Lib.Shared.Invocation.dll /reference:/mnt/d/src/MtgDiscoveryVibeWorkspace/IMPLS/src/Lib.Universal/obj/Release/net9.0/ref/Lib.Universal.dll /reference:/home/quinngil/.nuget/packages/microsoft.azure.cosmos/3.52.1/lib/netstandard2.0/Microsoft.Azure.Cosmos.Client.dll /reference:/home/quinngil/.nuget/packages/microsoft.azure.cosmos/3.52.1/lib/netstandard2.0/Microsoft.Azure.Cosmos.Core.dll /reference:/home/quinngil/.nuget/packages/microsoft.azure.cosmos/3.52.1/lib/netstandard2.0/Microsoft.Azure.Cosmos.Direct.dll /reference:/home/quinngil/.nuget/packages/microsoft.azure.cosmos/3.52.1/lib/netstandard2.0/Microsoft.Azure.Cosmos.Serialization.HybridRow.dll /reference:/home/quinngil/.nuget/packages/microsoft.bcl.asyncinterfaces/8.0.0/lib/netstandard2.1/Microsoft.Bcl.AsyncInterfaces.dll /reference:/home/quinngil/.nuget/packages/microsoft.bcl.hashcode/1.1.0/ref/netcoreapp2.1/Microsoft.Bcl.HashCode.dll /reference:/usr/share/dotnet/packs/Microsoft.NETCore.App.Ref/9.0.4/ref/net9.0/Microsoft.CSharp.dll /reference:/home/quinngil/.nuget/packages/microsoft.extensions.caching.abstractions/9.0.0/lib/net9.0/Microsoft.Extensions.Caching.Abstractions.dll /reference:/home/quinngil/.nuget/packages/microsoft.extensions.caching.memory/9.0.0/lib/net9.0/Microsoft.Extensions.Caching.Memory.dll /reference:/home/quinngil/.nuget/packages/microsoft.extensions.configuration.abstractions/9.0.5/lib/net9.0/Microsoft.Extensions.Configuration.Abstractions.dll /reference:/home/quinngil/.nuget/packages/microsoft.extensions.dependencyinjection.abstractions/9.0.0/lib/net9.0/Microsoft.Extensions.DependencyInjection.Abstractions.dll /reference:/home/quinngil/.nuget/packages/microsoft.extensions.logging.abstractions/9.0.0/lib/net9.0/Microsoft.Extensions.Logging.Abstractions.dll /reference:/home/quinngil/.nuget/packages/microsoft.extensions.options/9.0.0/lib/net9.0/Microsoft.Extensions.Options.dll /reference:/home/quinngil/.nuget/packages/microsoft.extensions.primitives/9.0.5/lib/net9.0/Microsoft.Extensions.Primitives.dll /reference:/home/quinngil/.nuget/packages/microsoft.identitymodel.abstractions/8.0.1/lib/net9.0/Microsoft.IdentityModel.Abstractions.dll /reference:/home/quinngil/.nuget/packages/microsoft.identitymodel.jsonwebtokens/8.0.1/lib/net9.0/Microsoft.IdentityModel.JsonWebTokens.dll /reference:/home/quinngil/.nuget/packages/microsoft.identitymodel.logging/8.0.1/lib/net9.0/Microsoft.IdentityModel.Logging.dll /reference:/home/quinngil/.nuget/packages/microsoft.identitymodel.tokens/8.0.1/lib/net9.0/Microsoft.IdentityModel.Tokens.dll /reference:/usr/share/dotnet/packs/Microsoft.NETCore.App.Ref/9.0.4/ref/net9.0/Microsoft.VisualBasic.Core.dll /reference:/usr/share/dotnet/packs/Microsoft.NETCore.App.Ref/9.0.4/ref/net9.0/Microsoft.VisualBasic.dll /reference:/usr/share/dotnet/packs/Microsoft.NETCore.App.Ref/9.0.4/ref/net9.0/Microsoft.Win32.Primitives.dll /reference:/usr/share/dotnet/packs/Microsoft.NETCore.App.Ref/9.0.4/ref/net9.0/Microsoft.Win32.Registry.dll /reference:/home/quinngil/.nuget/packages/microsoft.win32.systemevents/6.0.0/lib/net6.0/Microsoft.Win32.SystemEvents.dll /reference:/usr/share/dotnet/packs/Microsoft.NETCore.App.Ref/9.0.4/ref/net9.0/mscorlib.dll /reference:/usr/share/dotnet/packs/Microsoft.NETCore.App.Ref/9.0.4/ref/net9.0/netstandard.dll /reference:/home/quinngil/.nuget/packages/newtonsoft.json/13.0.3/lib/net6.0/Newtonsoft.Json.dll /reference:/usr/share/dotnet/packs/Microsoft.NETCore.App.Ref/9.0.4/ref/net9.0/System.AppContext.dll /reference:/usr/share/dotnet/packs/Microsoft.NETCore.App.Ref/9.0.4/ref/net9.0/System.Buffers.dll /reference:/home/quinngil/.nuget/packages/system.clientmodel/1.5.1/lib/net8.0/System.ClientModel.dll /reference:/usr/share/dotnet/packs/Microsoft.NETCore.App.Ref/9.0.4/ref/net9.0/System.Collections.Concurrent.dll /reference:/usr/share/dotnet/packs/Microsoft.NETCore.App.Ref/9.0.4/ref/net9.0/System.Collections.dll /reference:/usr/share/dotnet/packs/Microsoft.NETCore.App.Ref/9.0.4/ref/net9.0/System.Collections.Immutable.dll /reference:/usr/share/dotnet/packs/Microsoft.NETCore.App.Ref/9.0.4/ref/net9.0/System.Collections.NonGeneric.dll /reference:/usr/share/dotnet/packs/Microsoft.NETCore.App.Ref/9.0.4/ref/net9.0/System.Collections.Specialized.dll /reference:/usr/share/dotnet/packs/Microsoft.NETCore.App.Ref/9.0.4/ref/net9.0/System.ComponentModel.Annotations.dll /reference:/usr/share/dotnet/packs/Microsoft.NETCore.App.Ref/9.0.4/ref/net9.0/System.ComponentModel.DataAnnotations.dll /reference:/usr/share/dotnet/packs/Microsoft.NETCore.App.Ref/9.0.4/ref/net9.0/System.ComponentModel.dll /reference:/usr/share/dotnet/packs/Microsoft.NETCore.App.Ref/9.0.4/ref/net9.0/System.ComponentModel.EventBasedAsync.dll /reference:/usr/share/dotnet/packs/Microsoft.NETCore.App.Ref/9.0.4/ref/net9.0/System.ComponentModel.Primitives.dll /reference:/usr/share/dotnet/packs/Microsoft.NETCore.App.Ref/9.0.4/ref/net9.0/System.ComponentModel.TypeConverter.dll /reference:/home/quinngil/.nuget/packages/system.configuration.configurationmanager/6.0.0/lib/net6.0/System.Configuration.ConfigurationManager.dll /reference:/usr/share/dotnet/packs/Microsoft.NETCore.App.Ref/9.0.4/ref/net9.0/System.Configuration.dll /reference:/usr/share/dotnet/packs/Microsoft.NETCore.App.Ref/9.0.4/ref/net9.0/System.Console.dll /reference:/usr/share/dotnet/packs/Microsoft.NETCore.App.Ref/9.0.4/ref/net9.0/System.Core.dll /reference:/usr/share/dotnet/packs/Microsoft.NETCore.App.Ref/9.0.4/ref/net9.0/System.Data.Common.dll /reference:/usr/share/dotnet/packs/Microsoft.NETCore.App.Ref/9.0.4/ref/net9.0/System.Data.DataSetExtensions.dll /reference:/usr/share/dotnet/packs/Microsoft.NETCore.App.Ref/9.0.4/ref/net9.0/System.Data.dll /reference:/usr/share/dotnet/packs/Microsoft.NETCore.App.Ref/9.0.4/ref/net9.0/System.Diagnostics.Contracts.dll /reference:/usr/share/dotnet/packs/Microsoft.NETCore.App.Ref/9.0.4/ref/net9.0/System.Diagnostics.Debug.dll /reference:/usr/share/dotnet/packs/Microsoft.NETCore.App.Ref/9.0.4/ref/net9.0/System.Diagnostics.DiagnosticSource.dll /reference:/usr/share/dotnet/packs/Microsoft.NETCore.App.Ref/9.0.4/ref/net9.0/System.Diagnostics.FileVersionInfo.dll /reference:/usr/share/dotnet/packs/Microsoft.NETCore.App.Ref/9.0.4/ref/net9.0/System.Diagnostics.Process.dll /reference:/usr/share/dotnet/packs/Microsoft.NETCore.App.Ref/9.0.4/ref/net9.0/System.Diagnostics.StackTrace.dll /reference:/usr/share/dotnet/packs/Microsoft.NETCore.App.Ref/9.0.4/ref/net9.0/System.Diagnostics.TextWriterTraceListener.dll /reference:/usr/share/dotnet/packs/Microsoft.NETCore.App.Ref/9.0.4/ref/net9.0/System.Diagnostics.Tools.dll /reference:/usr/share/dotnet/packs/Microsoft.NETCore.App.Ref/9.0.4/ref/net9.0/System.Diagnostics.TraceSource.dll /reference:/usr/share/dotnet/packs/Microsoft.NETCore.App.Ref/9.0.4/ref/net9.0/System.Diagnostics.Tracing.dll /reference:/usr/share/dotnet/packs/Microsoft.NETCore.App.Ref/9.0.4/ref/net9.0/System.dll /reference:/home/quinngil/.nuget/packages/system.drawing.common/6.0.0/lib/net6.0/System.Drawing.Common.dll /reference:/usr/share/dotnet/packs/Microsoft.NETCore.App.Ref/9.0.4/ref/net9.0/System.Drawing.dll /reference:/usr/share/dotnet/packs/Microsoft.NETCore.App.Ref/9.0.4/ref/net9.0/System.Drawing.Primitives.dll /reference:/usr/share/dotnet/packs/Microsoft.NETCore.App.Ref/9.0.4/ref/net9.0/System.Dynamic.Runtime.dll /reference:/usr/share/dotnet/packs/Microsoft.NETCore.App.Ref/9.0.4/ref/net9.0/System.Formats.Asn1.dll /reference:/usr/share/dotnet/packs/Microsoft.NETCore.App.Ref/9.0.4/ref/net9.0/System.Formats.Tar.dll /reference:/usr/share/dotnet/packs/Microsoft.NETCore.App.Ref/9.0.4/ref/net9.0/System.Globalization.Calendars.dll /reference:/usr/share/dotnet/packs/Microsoft.NETCore.App.Ref/9.0.4/ref/net9.0/System.Globalization.dll /reference:/usr/share/dotnet/packs/Microsoft.NETCore.App.Ref/9.0.4/ref/net9.0/System.Globalization.Extensions.dll /reference:/home/quinngil/.nuget/packages/system.identitymodel.tokens.jwt/8.0.1/lib/net9.0/System.IdentityModel.Tokens.Jwt.dll /reference:/usr/share/dotnet/packs/Microsoft.NETCore.App.Ref/9.0.4/ref/net9.0/System.IO.Compression.Brotli.dll /reference:/usr/share/dotnet/packs/Microsoft.NETCore.App.Ref/9.0.4/ref/net9.0/System.IO.Compression.dll /reference:/usr/share/dotnet/packs/Microsoft.NETCore.App.Ref/9.0.4/ref/net9.0/System.IO.Compression.FileSystem.dll /reference:/usr/share/dotnet/packs/Microsoft.NETCore.App.Ref/9.0.4/ref/net9.0/System.IO.Compression.ZipFile.dll /reference:/usr/share/dotnet/packs/Microsoft.NETCore.App.Ref/9.0.4/ref/net9.0/System.IO.dll /reference:/usr/share/dotnet/packs/Microsoft.NETCore.App.Ref/9.0.4/ref/net9.0/System.IO.FileSystem.AccessControl.dll /reference:/usr/share/dotnet/packs/Microsoft.NETCore.App.Ref/9.0.4/ref/net9.0/System.IO.FileSystem.dll /reference:/usr/share/dotnet/packs/Microsoft.NETCore.App.Ref/9.0.4/ref/net9.0/System.IO.FileSystem.DriveInfo.dll /reference:/usr/share/dotnet/packs/Microsoft.NETCore.App.Ref/9.0.4/ref/net9.0/System.IO.FileSystem.Primitives.dll /reference:/usr/share/dotnet/packs/Microsoft.NETCore.App.Ref/9.0.4/ref/net9.0/System.IO.FileSystem.Watcher.dll /reference:/usr/share/dotnet/packs/Microsoft.NETCore.App.Ref/9.0.4/ref/net9.0/System.IO.IsolatedStorage.dll /reference:/usr/share/dotnet/packs/Microsoft.NETCore.App.Ref/9.0.4/ref/net9.0/System.IO.MemoryMappedFiles.dll /reference:/usr/share/dotnet/packs/Microsoft.NETCore.App.Ref/9.0.4/ref/net9.0/System.IO.Pipelines.dll /reference:/usr/share/dotnet/packs/Microsoft.NETCore.App.Ref/9.0.4/ref/net9.0/System.IO.Pipes.AccessControl.dll /reference:/usr/share/dotnet/packs/Microsoft.NETCore.App.Ref/9.0.4/ref/net9.0/System.IO.Pipes.dll /reference:/usr/share/dotnet/packs/Microsoft.NETCore.App.Ref/9.0.4/ref/net9.0/System.IO.UnmanagedMemoryStream.dll /reference:/usr/share/dotnet/packs/Microsoft.NETCore.App.Ref/9.0.4/ref/net9.0/System.Linq.dll /reference:/usr/share/dotnet/packs/Microsoft.NETCore.App.Ref/9.0.4/ref/net9.0/System.Linq.Expressions.dll /reference:/usr/share/dotnet/packs/Microsoft.NETCore.App.Ref/9.0.4/ref/net9.0/System.Linq.Parallel.dll /reference:/usr/share/dotnet/packs/Microsoft.NETCore.App.Ref/9.0.4/ref/net9.0/System.Linq.Queryable.dll /reference:/home/quinngil/.nuget/packages/system.memory.data/8.0.1/lib/net8.0/System.Memory.Data.dll /reference:/usr/share/dotnet/packs/Microsoft.NETCore.App.Ref/9.0.4/ref/net9.0/System.Memory.dll /reference:/usr/share/dotnet/packs/Microsoft.NETCore.App.Ref/9.0.4/ref/net9.0/System.Net.dll /reference:/usr/share/dotnet/packs/Microsoft.NETCore.App.Ref/9.0.4/ref/net9.0/System.Net.Http.dll /reference:/usr/share/dotnet/packs/Microsoft.NETCore.App.Ref/9.0.4/ref/net9.0/System.Net.Http.Json.dll /reference:/usr/share/dotnet/packs/Microsoft.NETCore.App.Ref/9.0.4/ref/net9.0/System.Net.HttpListener.dll /reference:/usr/share/dotnet/packs/Microsoft.NETCore.App.Ref/9.0.4/ref/net9.0/System.Net.Mail.dll /reference:/usr/share/dotnet/packs/Microsoft.NETCore.App.Ref/9.0.4/ref/net9.0/System.Net.NameResolution.dll /reference:/usr/share/dotnet/packs/Microsoft.NETCore.App.Ref/9.0.4/ref/net9.0/System.Net.NetworkInformation.dll /reference:/usr/share/dotnet/packs/Microsoft.NETCore.App.Ref/9.0.4/ref/net9.0/System.Net.Ping.dll /reference:/usr/share/dotnet/packs/Microsoft.NETCore.App.Ref/9.0.4/ref/net9.0/System.Net.Primitives.dll /reference:/usr/share/dotnet/packs/Microsoft.NETCore.App.Ref/9.0.4/ref/net9.0/System.Net.Quic.dll /reference:/usr/share/dotnet/packs/Microsoft.NETCore.App.Ref/9.0.4/ref/net9.0/System.Net.Requests.dll /reference:/usr/share/dotnet/packs/Microsoft.NETCore.App.Ref/9.0.4/ref/net9.0/System.Net.Security.dll /reference:/usr/share/dotnet/packs/Microsoft.NETCore.App.Ref/9.0.4/ref/net9.0/System.Net.ServicePoint.dll /reference:/usr/share/dotnet/packs/Microsoft.NETCore.App.Ref/9.0.4/ref/net9.0/System.Net.Sockets.dll /reference:/usr/share/dotnet/packs/Microsoft.NETCore.App.Ref/9.0.4/ref/net9.0/System.Net.WebClient.dll /reference:/usr/share/dotnet/packs/Microsoft.NETCore.App.Ref/9.0.4/ref/net9.0/System.Net.WebHeaderCollection.dll /reference:/usr/share/dotnet/packs/Microsoft.NETCore.App.Ref/9.0.4/ref/net9.0/System.Net.WebProxy.dll /reference:/usr/share/dotnet/packs/Microsoft.NETCore.App.Ref/9.0.4/ref/net9.0/System.Net.WebSockets.Client.dll /reference:/usr/share/dotnet/packs/Microsoft.NETCore.App.Ref/9.0.4/ref/net9.0/System.Net.WebSockets.dll /reference:/usr/share/dotnet/packs/Microsoft.NETCore.App.Ref/9.0.4/ref/net9.0/System.Numerics.dll /reference:/usr/share/dotnet/packs/Microsoft.NETCore.App.Ref/9.0.4/ref/net9.0/System.Numerics.Vectors.dll /reference:/usr/share/dotnet/packs/Microsoft.NETCore.App.Ref/9.0.4/ref/net9.0/System.ObjectModel.dll /reference:/usr/share/dotnet/packs/Microsoft.NETCore.App.Ref/9.0.4/ref/net9.0/System.Reflection.DispatchProxy.dll /reference:/usr/share/dotnet/packs/Microsoft.NETCore.App.Ref/9.0.4/ref/net9.0/System.Reflection.dll /reference:/usr/share/dotnet/packs/Microsoft.NETCore.App.Ref/9.0.4/ref/net9.0/System.Reflection.Emit.dll /reference:/usr/share/dotnet/packs/Microsoft.NETCore.App.Ref/9.0.4/ref/net9.0/System.Reflection.Emit.ILGeneration.dll /reference:/usr/share/dotnet/packs/Microsoft.NETCore.App.Ref/9.0.4/ref/net9.0/System.Reflection.Emit.Lightweight.dll /reference:/usr/share/dotnet/packs/Microsoft.NETCore.App.Ref/9.0.4/ref/net9.0/System.Reflection.Extensions.dll /reference:/usr/share/dotnet/packs/Microsoft.NETCore.App.Ref/9.0.4/ref/net9.0/System.Reflection.Metadata.dll /reference:/usr/share/dotnet/packs/Microsoft.NETCore.App.Ref/9.0.4/ref/net9.0/System.Reflection.Primitives.dll /reference:/usr/share/dotnet/packs/Microsoft.NETCore.App.Ref/9.0.4/ref/net9.0/System.Reflection.TypeExtensions.dll /reference:/usr/share/dotnet/packs/Microsoft.NETCore.App.Ref/9.0.4/ref/net9.0/System.Resources.Reader.dll /reference:/usr/share/dotnet/packs/Microsoft.NETCore.App.Ref/9.0.4/ref/net9.0/System.Resources.ResourceManager.dll /reference:/usr/share/dotnet/packs/Microsoft.NETCore.App.Ref/9.0.4/ref/net9.0/System.Resources.Writer.dll /reference:/usr/share/dotnet/packs/Microsoft.NETCore.App.Ref/9.0.4/ref/net9.0/System.Runtime.CompilerServices.Unsafe.dll /reference:/usr/share/dotnet/packs/Microsoft.NETCore.App.Ref/9.0.4/ref/net9.0/System.Runtime.CompilerServices.VisualC.dll /reference:/usr/share/dotnet/packs/Microsoft.NETCore.App.Ref/9.0.4/ref/net9.0/System.Runtime.dll /reference:/usr/share/dotnet/packs/Microsoft.NETCore.App.Ref/9.0.4/ref/net9.0/System.Runtime.Extensions.dll /reference:/usr/share/dotnet/packs/Microsoft.NETCore.App.Ref/9.0.4/ref/net9.0/System.Runtime.Handles.dll /reference:/usr/share/dotnet/packs/Microsoft.NETCore.App.Ref/9.0.4/ref/net9.0/System.Runtime.InteropServices.dll /reference:/usr/share/dotnet/packs/Microsoft.NETCore.App.Ref/9.0.4/ref/net9.0/System.Runtime.InteropServices.JavaScript.dll /reference:/usr/share/dotnet/packs/Microsoft.NETCore.App.Ref/9.0.4/ref/net9.0/System.Runtime.InteropServices.RuntimeInformation.dll /reference:/usr/share/dotnet/packs/Microsoft.NETCore.App.Ref/9.0.4/ref/net9.0/System.Runtime.Intrinsics.dll /reference:/usr/share/dotnet/packs/Microsoft.NETCore.App.Ref/9.0.4/ref/net9.0/System.Runtime.Loader.dll /reference:/usr/share/dotnet/packs/Microsoft.NETCore.App.Ref/9.0.4/ref/net9.0/System.Runtime.Numerics.dll /reference:/usr/share/dotnet/packs/Microsoft.NETCore.App.Ref/9.0.4/ref/net9.0/System.Runtime.Serialization.dll /reference:/usr/share/dotnet/packs/Microsoft.NETCore.App.Ref/9.0.4/ref/net9.0/System.Runtime.Serialization.Formatters.dll /reference:/usr/share/dotnet/packs/Microsoft.NETCore.App.Ref/9.0.4/ref/net9.0/System.Runtime.Serialization.Json.dll /reference:/usr/share/dotnet/packs/Microsoft.NETCore.App.Ref/9.0.4/ref/net9.0/System.Runtime.Serialization.Primitives.dll /reference:/usr/share/dotnet/packs/Microsoft.NETCore.App.Ref/9.0.4/ref/net9.0/System.Runtime.Serialization.Xml.dll /reference:/usr/share/dotnet/packs/Microsoft.NETCore.App.Ref/9.0.4/ref/net9.0/System.Security.AccessControl.dll /reference:/usr/share/dotnet/packs/Microsoft.NETCore.App.Ref/9.0.4/ref/net9.0/System.Security.Claims.dll /reference:/usr/share/dotnet/packs/Microsoft.NETCore.App.Ref/9.0.4/ref/net9.0/System.Security.Cryptography.Algorithms.dll /reference:/usr/share/dotnet/packs/Microsoft.NETCore.App.Ref/9.0.4/ref/net9.0/System.Security.Cryptography.Cng.dll /reference:/usr/share/dotnet/packs/Microsoft.NETCore.App.Ref/9.0.4/ref/net9.0/System.Security.Cryptography.Csp.dll /reference:/usr/share/dotnet/packs/Microsoft.NETCore.App.Ref/9.0.4/ref/net9.0/System.Security.Cryptography.dll /reference:/usr/share/dotnet/packs/Microsoft.NETCore.App.Ref/9.0.4/ref/net9.0/System.Security.Cryptography.Encoding.dll /reference:/usr/share/dotnet/packs/Microsoft.NETCore.App.Ref/9.0.4/ref/net9.0/System.Security.Cryptography.OpenSsl.dll /reference:/usr/share/dotnet/packs/Microsoft.NETCore.App.Ref/9.0.4/ref/net9.0/System.Security.Cryptography.Primitives.dll /reference:/home/quinngil/.nuget/packages/system.security.cryptography.protecteddata/6.0.0/lib/net6.0/System.Security.Cryptography.ProtectedData.dll /reference:/usr/share/dotnet/packs/Microsoft.NETCore.App.Ref/9.0.4/ref/net9.0/System.Security.Cryptography.X509Certificates.dll /reference:/usr/share/dotnet/packs/Microsoft.NETCore.App.Ref/9.0.4/ref/net9.0/System.Security.dll /reference:/home/quinngil/.nuget/packages/system.security.permissions/6.0.0/lib/net6.0/System.Security.Permissions.dll /reference:/usr/share/dotnet/packs/Microsoft.NETCore.App.Ref/9.0.4/ref/net9.0/System.Security.Principal.dll /reference:/usr/share/dotnet/packs/Microsoft.NETCore.App.Ref/9.0.4/ref/net9.0/System.Security.Principal.Windows.dll /reference:/usr/share/dotnet/packs/Microsoft.NETCore.App.Ref/9.0.4/ref/net9.0/System.Security.SecureString.dll /reference:/usr/share/dotnet/packs/Microsoft.NETCore.App.Ref/9.0.4/ref/net9.0/System.ServiceModel.Web.dll /reference:/usr/share/dotnet/packs/Microsoft.NETCore.App.Ref/9.0.4/ref/net9.0/System.ServiceProcess.dll /reference:/usr/share/dotnet/packs/Microsoft.NETCore.App.Ref/9.0.4/ref/net9.0/System.Text.Encoding.CodePages.dll /reference:/usr/share/dotnet/packs/Microsoft.NETCore.App.Ref/9.0.4/ref/net9.0/System.Text.Encoding.dll /reference:/usr/share/dotnet/packs/Microsoft.NETCore.App.Ref/9.0.4/ref/net9.0/System.Text.Encoding.Extensions.dll /reference:/usr/share/dotnet/packs/Microsoft.NETCore.App.Ref/9.0.4/ref/net9.0/System.Text.Encodings.Web.dll /reference:/home/quinngil/.nuget/packages/system.text.json/9.0.8/lib/net9.0/System.Text.Json.dll /reference:/usr/share/dotnet/packs/Microsoft.NETCore.App.Ref/9.0.4/ref/net9.0/System.Text.RegularExpressions.dll /reference:/usr/share/dotnet/packs/Microsoft.NETCore.App.Ref/9.0.4/ref/net9.0/System.Threading.Channels.dll /reference:/usr/share/dotnet/packs/Microsoft.NETCore.App.Ref/9.0.4/ref/net9.0/System.Threading.dll /reference:/usr/share/dotnet/packs/Microsoft.NETCore.App.Ref/9.0.4/ref/net9.0/System.Threading.Overlapped.dll /reference:/usr/share/dotnet/packs/Microsoft.NETCore.App.Ref/9.0.4/ref/net9.0/System.Threading.Tasks.Dataflow.dll /reference:/usr/share/dotnet/packs/Microsoft.NETCore.App.Ref/9.0.4/ref/net9.0/System.Threading.Tasks.dll /reference:/usr/share/dotnet/packs/Microsoft.NETCore.App.Ref/9.0.4/ref/net9.0/System.Threading.Tasks.Extensions.dll /reference:/usr/share/dotnet/packs/Microsoft.NETCore.App.Ref/9.0.4/ref/net9.0/System.Threading.Tasks.Parallel.dll /reference:/usr/share/dotnet/packs/Microsoft.NETCore.App.Ref/9.0.4/ref/net9.0/System.Threading.Thread.dll /reference:/usr/share/dotnet/packs/Microsoft.NETCore.App.Ref/9.0.4/ref/net9.0/System.Threading.ThreadPool.dll /reference:/usr/share/dotnet/packs/Microsoft.NETCore.App.Ref/9.0.4/ref/net9.0/System.Threading.Timer.dll /reference:/usr/share/dotnet/packs/Microsoft.NETCore.App.Ref/9.0.4/ref/net9.0/System.Transactions.dll /reference:/usr/share/dotnet/packs/Microsoft.NETCore.App.Ref/9.0.4/ref/net9.0/System.Transactions.Local.dll /reference:/usr/share/dotnet/packs/Microsoft.NETCore.App.Ref/9.0.4/ref/net9.0/System.ValueTuple.dll /reference:/usr/share/dotnet/packs/Microsoft.NETCore.App.Ref/9.0.4/ref/net9.0/System.Web.dll /reference:/usr/share/dotnet/packs/Microsoft.NETCore.App.Ref/9.0.4/ref/net9.0/System.Web.HttpUtility.dll /reference:/usr/share/dotnet/packs/Microsoft.NETCore.App.Ref/9.0.4/ref/net9.0/System.Windows.dll /reference:/home/quinngil/.nuget/packages/system.windows.extensions/6.0.0/lib/net6.0/System.Windows.Extensions.dll /reference:/usr/share/dotnet/packs/Microsoft.NETCore.App.Ref/9.0.4/ref/net9.0/System.Xml.dll /reference:/usr/share/dotnet/packs/Microsoft.NETCore.App.Ref/9.0.4/ref/net9.0/System.Xml.Linq.dll /reference:/usr/share/dotnet/packs/Microsoft.NETCore.App.Ref/9.0.4/ref/net9.0/System.Xml.ReaderWriter.dll /reference:/usr/share/dotnet/packs/Microsoft.NETCore.App.Ref/9.0.4/ref/net9.0/System.Xml.Serialization.dll /reference:/usr/share/dotnet/packs/Microsoft.NETCore.App.Ref/9.0.4/ref/net9.0/System.Xml.XDocument.dll /reference:/usr/share/dotnet/packs/Microsoft.NETCore.App.Ref/9.0.4/ref/net9.0/System.Xml.XmlDocument.dll /reference:/usr/share/dotnet/packs/Microsoft.NETCore.App.Ref/9.0.4/ref/net9.0/System.Xml.XmlSerializer.dll /reference:/usr/share/dotnet/packs/Microsoft.NETCore.App.Ref/9.0.4/ref/net9.0/System.Xml.XPath.dll /reference:/usr/share/dotnet/packs/Microsoft.NETCore.App.Ref/9.0.4/ref/net9.0/System.Xml.XPath.XDocument.dll /reference:/usr/share/dotnet/packs/Microsoft.NETCore.App.Ref/9.0.4/ref/net9.0/WindowsBase.dll /debug+ /debug:portable /filealign:512 /optimize- /out:obj/Debug/net9.0/Lib.Aggregator.UserCards.dll /refout:obj/Debug/net9.0/refint/Lib.Aggregator.UserCards.dll /reportanalyzer /target:library /warnaserror+ /utf8output /deterministic+ /sourcelink:obj/Debug/net9.0/Lib.Aggregator.UserCards.sourcelink.json /langversion:latest /features:strict /embed:"obj/Debug/net9.0/.NETCoreApp,Version=v9.0.AssemblyAttributes.cs" /embed:obj/Debug/net9.0/Lib.Aggregator.UserCards.AssemblyInfo.cs /analyzerconfig:/mnt/d/src/MtgDiscoveryVibeWorkspace/IMPLS/src/.editorconfig /analyzerconfig:obj/Debug/net9.0/Lib.Aggregator.UserCards.GeneratedMSBuildEditorConfig.editorconfig /analyzerconfig:/usr/share/dotnet/sdk/9.0.203/Sdks/Microsoft.NET.Sdk/analyzers/build/config/analysislevel_9_all_warnaserror.globalconfig /analyzer:/usr/share/dotnet/sdk/9.0.203/Sdks/Microsoft.NET.Sdk/targets/../analyzers/Microsoft.CodeAnalysis.CSharp.NetAnalyzers.dll /analyzer:/usr/share/dotnet/sdk/9.0.203/Sdks/Microsoft.NET.Sdk/targets/../analyzers/Microsoft.CodeAnalysis.NetAnalyzers.dll /analyzer:/usr/share/dotnet/sdk/9.0.203/Sdks/Microsoft.NET.Sdk/targets/../codestyle/cs/Microsoft.CodeAnalysis.CodeStyle.dll /analyzer:/usr/share/dotnet/sdk/9.0.203/Sdks/Microsoft.NET.Sdk/targets/../codestyle/cs/Microsoft.CodeAnalysis.CodeStyle.Fixes.dll /analyzer:/usr/share/dotnet/sdk/9.0.203/Sdks/Microsoft.NET.Sdk/targets/../codestyle/cs/Microsoft.CodeAnalysis.CSharp.CodeStyle.dll /analyzer:/usr/share/dotnet/sdk/9.0.203/Sdks/Microsoft.NET.Sdk/targets/../codestyle/cs/Microsoft.CodeAnalysis.CSharp.CodeStyle.Fixes.dll /analyzer:/home/quinngil/.nuget/packages/microsoft.codeanalysis.bannedapianalyzers/4.14.0/analyzers/dotnet/cs/Microsoft.CodeAnalysis.BannedApiAnalyzers.dll /analyzer:/home/quinngil/.nuget/packages/microsoft.codeanalysis.bannedapianalyzers/4.14.0/analyzers/dotnet/cs/Microsoft.CodeAnalysis.CSharp.BannedApiAnalyzers.dll /analyzer:/home/quinngil/.nuget/packages/microsoft.extensions.logging.abstractions/9.0.0/analyzers/dotnet/roslyn4.4/cs/Microsoft.Extensions.Logging.Generators.dll /analyzer:/home/quinngil/.nuget/packages/microsoft.extensions.options/9.0.0/analyzers/dotnet/roslyn4.4/cs/Microsoft.Extensions.Options.SourceGeneration.dll /analyzer:/home/quinngil/.nuget/packages/system.clientmodel/1.5.1/analyzers/dotnet/cs/System.ClientModel.SourceGeneration.dll /analyzer:/home/quinngil/.nuget/packages/system.text.json/9.0.8/analyzers/dotnet/roslyn4.4/cs/System.Text.Json.SourceGeneration.dll /analyzer:/usr/share/dotnet/packs/Microsoft.NETCore.App.Ref/9.0.4/analyzers/dotnet/cs/Microsoft.Interop.ComInterfaceGenerator.dll /analyzer:/usr/share/dotnet/packs/Microsoft.NETCore.App.Ref/9.0.4/analyzers/dotnet/cs/Microsoft.Interop.JavaScript.JSImportGenerator.dll /analyzer:/usr/share/dotnet/packs/Microsoft.NETCore.App.Ref/9.0.4/analyzers/dotnet/cs/Microsoft.Interop.LibraryImportGenerator.dll /analyzer:/usr/share/dotnet/packs/Microsoft.NETCore.App.Ref/9.0.4/analyzers/dotnet/cs/Microsoft.Interop.SourceGeneration.dll /analyzer:/usr/share/dotnet/packs/Microsoft.NETCore.App.Ref/9.0.4/analyzers/dotnet/cs/System.Text.RegularExpressions.Generator.dll /additionalfile:/mnt/d/src/MtgDiscoveryVibeWorkspace/IMPLS/src/BannedSymbols.txt /additionalfile:/mnt/d/src/MtgDiscoveryVibeWorkspace/IMPLS/src/.editorconfig Apis/IUserCardsAggregatorService.cs Apis/UserCardsAggregatorService.cs "obj/Debug/net9.0/.NETCoreApp,Version=v9.0.AssemblyAttributes.cs" obj/Debug/net9.0/Lib.Aggregator.UserCards.AssemblyInfo.cs /warnaserror+:NU1605,SYSLIB0011
         CompilerServer: server - server processed compilation - Lib.Aggregator.UserCards (net9.0)
       _CopyFilesMarkedCopyLocal:
         Copying file from "/mnt/d/src/MtgDiscoveryVibeWorkspace/IMPLS/src/Lib.Shared.Abstractions/bin/Release/net9.0/Lib.Shared.Abstractions.dll" to "/mnt/d/src/MtgDiscoveryVibeWorkspace/IMPLS/src/Lib.Aggregator.UserCards/bin/Debug/net9.0/Lib.Shared.Abstractions.dll".
         Copying file from "/mnt/d/src/MtgDiscoveryVibeWorkspace/IMPLS/src/Lib.Shared.DataModels/bin/Release/net9.0/Lib.Shared.DataModels.dll" to "/mnt/d/src/MtgDiscoveryVibeWorkspace/IMPLS/src/Lib.Aggregator.UserCards/bin/Debug/net9.0/Lib.Shared.DataModels.dll".
         Copying file from "/mnt/d/src/MtgDiscoveryVibeWorkspace/IMPLS/src/Lib.Scryfall.Shared/bin/Release/net9.0/Lib.Scryfall.Shared.dll" to "/mnt/d/src/MtgDiscoveryVibeWorkspace/IMPLS/src/Lib.Aggregator.UserCards/bin/Debug/net9.0/Lib.Scryfall.Shared.dll".
         Copying file from "/mnt/d/src/MtgDiscoveryVibeWorkspace/IMPLS/src/Lib.Adapter.Scryfall.Cosmos/bin/Release/net9.0/Lib.Adapter.Scryfall.Cosmos.dll" to "/mnt/d/src/MtgDiscoveryVibeWorkspace/IMPLS/src/Lib.Aggregator.UserCards/bin/Debug/net9.0/Lib.Adapter.Scryfall.Cosmos.dll".
         Copying file from "/mnt/d/src/MtgDiscoveryVibeWorkspace/IMPLS/src/Lib.Cosmos/bin/Release/net9.0/Lib.Cosmos.dll" to "/mnt/d/src/MtgDiscoveryVibeWorkspace/IMPLS/src/Lib.Aggregator.UserCards/bin/Debug/net9.0/Lib.Cosmos.dll".
         Copying file from "/mnt/d/src/MtgDiscoveryVibeWorkspace/IMPLS/src/Lib.Adapter.UserCards/bin/Release/net9.0/Lib.Adapter.UserCards.dll" to "/mnt/d/src/MtgDiscoveryVibeWorkspace/IMPLS/src/Lib.Aggregator.UserCards/bin/Debug/net9.0/Lib.Adapter.UserCards.dll".
    34>CopyFilesToOutputDirectory:
         Copying file from "/mnt/d/src/MtgDiscoveryVibeWorkspace/IMPLS/src/Lib.Adapter.Artists/obj/Release/net9.0/Lib.Adapter.Artists.dll" to "/mnt/d/src/MtgDiscoveryVibeWorkspace/IMPLS/src/Lib.Adapter.Artists/bin/Release/net9.0/Lib.Adapter.Artists.dll".
    35>CopyFilesToOutputDirectory:
         Copying file from "/mnt/d/src/MtgDiscoveryVibeWorkspace/IMPLS/src/Lib.Adapter.User/obj/Release/net9.0/Lib.Adapter.User.dll" to "/mnt/d/src/MtgDiscoveryVibeWorkspace/IMPLS/src/Lib.Adapter.User/bin/Release/net9.0/Lib.Adapter.User.dll".
    36>CopyFilesToOutputDirectory:
         Copying file from "/mnt/d/src/MtgDiscoveryVibeWorkspace/IMPLS/src/Lib.Adapter.Sets/obj/Release/net9.0/Lib.Adapter.Sets.dll" to "/mnt/d/src/MtgDiscoveryVibeWorkspace/IMPLS/src/Lib.Adapter.Sets/bin/Release/net9.0/Lib.Adapter.Sets.dll".
    41>_CopyFilesMarkedCopyLocal:
         Copying file from "/mnt/d/src/MtgDiscoveryVibeWorkspace/IMPLS/src/Lib.Shared.Invocation/bin/Release/net9.0/Lib.Shared.Invocation.dll" to "/mnt/d/src/MtgDiscoveryVibeWorkspace/IMPLS/src/Lib.Aggregator.UserCards/bin/Debug/net9.0/Lib.Shared.Invocation.dll".
         Copying file from "/mnt/d/src/MtgDiscoveryVibeWorkspace/IMPLS/src/Lib.Shared.Invocation/bin/Release/net9.0/Lib.Shared.Invocation.pdb" to "/mnt/d/src/MtgDiscoveryVibeWorkspace/IMPLS/src/Lib.Aggregator.UserCards/bin/Debug/net9.0/Lib.Shared.Invocation.pdb".
         Copying file from "/mnt/d/src/MtgDiscoveryVibeWorkspace/IMPLS/src/Lib.Shared.DataModels/bin/Release/net9.0/Lib.Shared.DataModels.pdb" to "/mnt/d/src/MtgDiscoveryVibeWorkspace/IMPLS/src/Lib.Aggregator.UserCards/bin/Debug/net9.0/Lib.Shared.DataModels.pdb".
         Copying file from "/mnt/d/src/MtgDiscoveryVibeWorkspace/IMPLS/src/Lib.Universal/bin/Release/net9.0/Lib.Universal.dll" to "/mnt/d/src/MtgDiscoveryVibeWorkspace/IMPLS/src/Lib.Aggregator.UserCards/bin/Debug/net9.0/Lib.Universal.dll".
         Copying file from "/mnt/d/src/MtgDiscoveryVibeWorkspace/IMPLS/src/Lib.Adapter.Scryfall.Cosmos/bin/Release/net9.0/Lib.Adapter.Scryfall.Cosmos.pdb" to "/mnt/d/src/MtgDiscoveryVibeWorkspace/IMPLS/src/Lib.Aggregator.UserCards/bin/Debug/net9.0/Lib.Adapter.Scryfall.Cosmos.pdb".
         Copying file from "/mnt/d/src/MtgDiscoveryVibeWorkspace/IMPLS/src/Lib.Adapter.UserCards/bin/Release/net9.0/Lib.Adapter.UserCards.pdb" to "/mnt/d/src/MtgDiscoveryVibeWorkspace/IMPLS/src/Lib.Aggregator.UserCards/bin/Debug/net9.0/Lib.Adapter.UserCards.pdb".
         Copying file from "/mnt/d/src/MtgDiscoveryVibeWorkspace/IMPLS/src/Lib.Cosmos/bin/Release/net9.0/Lib.Cosmos.pdb" to "/mnt/d/src/MtgDiscoveryVibeWorkspace/IMPLS/src/Lib.Aggregator.UserCards/bin/Debug/net9.0/Lib.Cosmos.pdb".
         Copying file from "/mnt/d/src/MtgDiscoveryVibeWorkspace/IMPLS/src/Lib.Scryfall.Shared/bin/Release/net9.0/Lib.Scryfall.Shared.pdb" to "/mnt/d/src/MtgDiscoveryVibeWorkspace/IMPLS/src/Lib.Aggregator.UserCards/bin/Debug/net9.0/Lib.Scryfall.Shared.pdb".
         Copying file from "/mnt/d/src/MtgDiscoveryVibeWorkspace/IMPLS/src/Lib.Shared.Abstractions/bin/Release/net9.0/Lib.Shared.Abstractions.pdb" to "/mnt/d/src/MtgDiscoveryVibeWorkspace/IMPLS/src/Lib.Aggregator.UserCards/bin/Debug/net9.0/Lib.Shared.Abstractions.pdb".
         Copying file from "/mnt/d/src/MtgDiscoveryVibeWorkspace/IMPLS/src/Lib.Universal/bin/Release/net9.0/Lib.Universal.pdb" to "/mnt/d/src/MtgDiscoveryVibeWorkspace/IMPLS/src/Lib.Aggregator.UserCards/bin/Debug/net9.0/Lib.Universal.pdb".
         Touching "/mnt/d/src/MtgDiscoveryVibeWorkspace/IMPLS/src/Lib.Aggregator.UserCards/obj/Debug/net9.0/Lib.Aggr.F58287B2.Up2Date".
    33>CopyFilesToOutputDirectory:
         Copying file from "/mnt/d/src/MtgDiscoveryVibeWorkspace/IMPLS/src/Lib.Adapter.Cards/obj/Release/net9.0/Lib.Adapter.Cards.dll" to "/mnt/d/src/MtgDiscoveryVibeWorkspace/IMPLS/src/Lib.Adapter.Cards/bin/Release/net9.0/Lib.Adapter.Cards.dll".
    35>CopyFilesToOutputDirectory:
         Copying reference assembly from "obj/Release/net9.0/refint/Lib.Adapter.User.dll" to "/mnt/d/src/MtgDiscoveryVibeWorkspace/IMPLS/src/Lib.Adapter.User/obj/Release/net9.0/ref/Lib.Adapter.User.dll".
    34>CopyFilesToOutputDirectory:
         Copying reference assembly from "obj/Release/net9.0/refint/Lib.Adapter.Artists.dll" to "/mnt/d/src/MtgDiscoveryVibeWorkspace/IMPLS/src/Lib.Adapter.Artists/obj/Release/net9.0/ref/Lib.Adapter.Artists.dll".
    36>CopyFilesToOutputDirectory:
         Copying reference assembly from "obj/Release/net9.0/refint/Lib.Adapter.Sets.dll" to "/mnt/d/src/MtgDiscoveryVibeWorkspace/IMPLS/src/Lib.Adapter.Sets/obj/Release/net9.0/ref/Lib.Adapter.Sets.dll".
    35>CopyFilesToOutputDirectory:
         Lib.Adapter.User -> /mnt/d/src/MtgDiscoveryVibeWorkspace/IMPLS/src/Lib.Adapter.User/bin/Release/net9.0/Lib.Adapter.User.dll
    34>CopyFilesToOutputDirectory:
         Lib.Adapter.Artists -> /mnt/d/src/MtgDiscoveryVibeWorkspace/IMPLS/src/Lib.Adapter.Artists/bin/Release/net9.0/Lib.Adapter.Artists.dll
    36>CopyFilesToOutputDirectory:
         Lib.Adapter.Sets -> /mnt/d/src/MtgDiscoveryVibeWorkspace/IMPLS/src/Lib.Adapter.Sets/bin/Release/net9.0/Lib.Adapter.Sets.dll
    35>CopyFilesToOutputDirectory:
         Copying file from "/mnt/d/src/MtgDiscoveryVibeWorkspace/IMPLS/src/Lib.Adapter.User/obj/Release/net9.0/Lib.Adapter.User.pdb" to "/mnt/d/src/MtgDiscoveryVibeWorkspace/IMPLS/src/Lib.Adapter.User/bin/Release/net9.0/Lib.Adapter.User.pdb".
    34>CopyFilesToOutputDirectory:
         Copying file from "/mnt/d/src/MtgDiscoveryVibeWorkspace/IMPLS/src/Lib.Adapter.Artists/obj/Release/net9.0/Lib.Adapter.Artists.pdb" to "/mnt/d/src/MtgDiscoveryVibeWorkspace/IMPLS/src/Lib.Adapter.Artists/bin/Release/net9.0/Lib.Adapter.Artists.pdb".
    36>CopyFilesToOutputDirectory:
         Copying file from "/mnt/d/src/MtgDiscoveryVibeWorkspace/IMPLS/src/Lib.Adapter.Sets/obj/Release/net9.0/Lib.Adapter.Sets.pdb" to "/mnt/d/src/MtgDiscoveryVibeWorkspace/IMPLS/src/Lib.Adapter.Sets/bin/Release/net9.0/Lib.Adapter.Sets.pdb".
    35>Done Building Project "/mnt/d/src/MtgDiscoveryVibeWorkspace/IMPLS/src/Lib.Adapter.User/Lib.Adapter.User.csproj" (default targets).
    33>CopyFilesToOutputDirectory:
         Copying reference assembly from "obj/Release/net9.0/refint/Lib.Adapter.Cards.dll" to "/mnt/d/src/MtgDiscoveryVibeWorkspace/IMPLS/src/Lib.Adapter.Cards/obj/Release/net9.0/ref/Lib.Adapter.Cards.dll".
    36>Done Building Project "/mnt/d/src/MtgDiscoveryVibeWorkspace/IMPLS/src/Lib.Adapter.Sets/Lib.Adapter.Sets.csproj" (default targets).
    33>CopyFilesToOutputDirectory:
         Lib.Adapter.Cards -> /mnt/d/src/MtgDiscoveryVibeWorkspace/IMPLS/src/Lib.Adapter.Cards/bin/Release/net9.0/Lib.Adapter.Cards.dll
    34>Done Building Project "/mnt/d/src/MtgDiscoveryVibeWorkspace/IMPLS/src/Lib.Adapter.Artists/Lib.Adapter.Artists.csproj" (default targets).
    33>CopyFilesToOutputDirectory:
         Copying file from "/mnt/d/src/MtgDiscoveryVibeWorkspace/IMPLS/src/Lib.Adapter.Cards/obj/Release/net9.0/Lib.Adapter.Cards.pdb" to "/mnt/d/src/MtgDiscoveryVibeWorkspace/IMPLS/src/Lib.Adapter.Cards/bin/Release/net9.0/Lib.Adapter.Cards.pdb".
    37>_GenerateSourceLinkFile:
         Updating Source Link file 'obj/Release/net9.0/Lib.Adapter.UserCards.Tests.sourcelink.json'.
    33>Done Building Project "/mnt/d/src/MtgDiscoveryVibeWorkspace/IMPLS/src/Lib.Adapter.Cards/Lib.Adapter.Cards.csproj" (default targets).
    37>CoreCompile:
         /usr/share/dotnet/dotnet exec "/usr/share/dotnet/sdk/9.0.203/Roslyn/bincore/csc.dll" /noconfig /unsafe- /checked- /nowarn:IDE0290,IDE2001,IDE0005,IDE0046,CA1716,CA1040,CA1056,IDE0060,CA2000,CA1707,CA1515,1701,1702 /fullpaths /nostdlib+ /errorreport:prompt /warn:9 /define:TRACE;RELEASE;NET;NET9_0;NETCOREAPP;NET5_0_OR_GREATER;NET6_0_OR_GREATER;NET7_0_OR_GREATER;NET8_0_OR_GREATER;NET9_0_OR_GREATER;NETCOREAPP1_0_OR_GREATER;NETCOREAPP1_1_OR_GREATER;NETCOREAPP2_0_OR_GREATER;NETCOREAPP2_1_OR_GREATER;NETCOREAPP2_2_OR_GREATER;NETCOREAPP3_0_OR_GREATER;NETCOREAPP3_1_OR_GREATER /highentropyva+ /nullable:warnings /reference:/home/quinngil/.nuget/packages/awesomeassertions/9.1.0/lib/net8.0/AwesomeAssertions.dll /reference:/home/quinngil/.nuget/packages/azure.core/1.47.1/lib/net8.0/Azure.Core.dll /reference:/home/quinngil/.nuget/packages/azure.resourcemanager.authorization/1.1.5/lib/net8.0/Azure.ResourceManager.Authorization.dll /reference:/home/quinngil/.nuget/packages/azure.resourcemanager.cosmosdb/1.3.2/lib/netstandard2.0/Azure.ResourceManager.CosmosDB.dll /reference:/home/quinngil/.nuget/packages/azure.resourcemanager/1.13.2/lib/net8.0/Azure.ResourceManager.dll /reference:/home/quinngil/.nuget/packages/jetbrains.annotations/2025.2.0/lib/netstandard2.0/JetBrains.Annotations.dll /reference:/mnt/d/src/MtgDiscoveryVibeWorkspace/IMPLS/src/Lib.Adapter.Scryfall.Cosmos/obj/Release/net9.0/ref/Lib.Adapter.Scryfall.Cosmos.dll /reference:/mnt/d/src/MtgDiscoveryVibeWorkspace/IMPLS/src/Lib.Adapter.UserCards/obj/Release/net9.0/ref/Lib.Adapter.UserCards.dll /reference:/mnt/d/src/MtgDiscoveryVibeWorkspace/IMPLS/src/Lib.Cosmos/obj/Release/net9.0/ref/Lib.Cosmos.dll /reference:/mnt/d/src/MtgDiscoveryVibeWorkspace/IMPLS/src/Lib.Scryfall.Shared/obj/Release/net9.0/ref/Lib.Scryfall.Shared.dll /reference:/mnt/d/src/MtgDiscoveryVibeWorkspace/IMPLS/src/Lib.Shared.Abstractions/obj/Release/net9.0/ref/Lib.Shared.Abstractions.dll /reference:/mnt/d/src/MtgDiscoveryVibeWorkspace/IMPLS/src/Lib.Shared.DataModels/obj/Release/net9.0/ref/Lib.Shared.DataModels.dll /reference:/mnt/d/src/MtgDiscoveryVibeWorkspace/IMPLS/src/Lib.Shared.Invocation/obj/Release/net9.0/ref/Lib.Shared.Invocation.dll /reference:/mnt/d/src/MtgDiscoveryVibeWorkspace/IMPLS/src/Lib.Universal/obj/Release/net9.0/ref/Lib.Universal.dll /reference:/home/quinngil/.nuget/packages/microsoft.applicationinsights/2.23.0/lib/netstandard2.0/Microsoft.ApplicationInsights.dll /reference:/home/quinngil/.nuget/packages/microsoft.azure.cosmos/3.52.1/lib/netstandard2.0/Microsoft.Azure.Cosmos.Client.dll /reference:/home/quinngil/.nuget/packages/microsoft.azure.cosmos/3.52.1/lib/netstandard2.0/Microsoft.Azure.Cosmos.Core.dll /reference:/home/quinngil/.nuget/packages/microsoft.azure.cosmos/3.52.1/lib/netstandard2.0/Microsoft.Azure.Cosmos.Direct.dll /reference:/home/quinngil/.nuget/packages/microsoft.azure.cosmos/3.52.1/lib/netstandard2.0/Microsoft.Azure.Cosmos.Serialization.HybridRow.dll /reference:/home/quinngil/.nuget/packages/microsoft.bcl.asyncinterfaces/8.0.0/lib/netstandard2.1/Microsoft.Bcl.AsyncInterfaces.dll /reference:/home/quinngil/.nuget/packages/microsoft.bcl.hashcode/1.1.0/ref/netcoreapp2.1/Microsoft.Bcl.HashCode.dll /reference:/usr/share/dotnet/packs/Microsoft.NETCore.App.Ref/9.0.4/ref/net9.0/Microsoft.CSharp.dll /reference:/home/quinngil/.nuget/packages/microsoft.extensions.caching.abstractions/9.0.0/lib/net9.0/Microsoft.Extensions.Caching.Abstractions.dll /reference:/home/quinngil/.nuget/packages/microsoft.extensions.caching.memory/9.0.0/lib/net9.0/Microsoft.Extensions.Caching.Memory.dll /reference:/home/quinngil/.nuget/packages/microsoft.extensions.configuration.abstractions/9.0.5/lib/net9.0/Microsoft.Extensions.Configuration.Abstractions.dll /reference:/home/quinngil/.nuget/packages/microsoft.extensions.configuration/9.0.5/lib/net9.0/Microsoft.Extensions.Configuration.dll /reference:/home/quinngil/.nuget/packages/microsoft.extensions.dependencyinjection.abstractions/9.0.0/lib/net9.0/Microsoft.Extensions.DependencyInjection.Abstractions.dll /reference:/home/quinngil/.nuget/packages/microsoft.extensions.logging.abstractions/9.0.0/lib/net9.0/Microsoft.Extensions.Logging.Abstractions.dll /reference:/home/quinngil/.nuget/packages/microsoft.extensions.options/9.0.0/lib/net9.0/Microsoft.Extensions.Options.dll /reference:/home/quinngil/.nuget/packages/microsoft.extensions.primitives/9.0.5/lib/net9.0/Microsoft.Extensions.Primitives.dll /reference:/home/quinngil/.nuget/packages/microsoft.identitymodel.abstractions/8.0.1/lib/net9.0/Microsoft.IdentityModel.Abstractions.dll /reference:/home/quinngil/.nuget/packages/microsoft.identitymodel.jsonwebtokens/8.0.1/lib/net9.0/Microsoft.IdentityModel.JsonWebTokens.dll /reference:/home/quinngil/.nuget/packages/microsoft.identitymodel.logging/8.0.1/lib/net9.0/Microsoft.IdentityModel.Logging.dll /reference:/home/quinngil/.nuget/packages/microsoft.identitymodel.tokens/8.0.1/lib/net9.0/Microsoft.IdentityModel.Tokens.dll /reference:/home/quinngil/.nuget/packages/microsoft.testing.platform.msbuild/1.8.1/lib/net9.0/Microsoft.Testing.Extensions.MSBuild.dll /reference:/home/quinngil/.nuget/packages/microsoft.testing.extensions.telemetry/1.8.1/lib/net9.0/Microsoft.Testing.Extensions.Telemetry.dll /reference:/home/quinngil/.nuget/packages/microsoft.testing.extensions.trxreport.abstractions/1.8.1/lib/net9.0/Microsoft.Testing.Extensions.TrxReport.Abstractions.dll /reference:/home/quinngil/.nuget/packages/microsoft.testing.extensions.vstestbridge/1.8.1/lib/net9.0/Microsoft.Testing.Extensions.VSTestBridge.dll /reference:/home/quinngil/.nuget/packages/microsoft.testing.platform/1.8.1/lib/net9.0/Microsoft.Testing.Platform.dll /reference:/home/quinngil/.nuget/packages/microsoft.testplatform.adapterutilities/17.13.0/lib/net9.0/Microsoft.TestPlatform.AdapterUtilities.dll /reference:/home/quinngil/.nuget/packages/microsoft.testplatform.testhost/17.14.1/lib/net8.0/Microsoft.TestPlatform.CommunicationUtilities.dll /reference:/home/quinngil/.nuget/packages/microsoft.testplatform.testhost/17.14.1/lib/net8.0/Microsoft.TestPlatform.CoreUtilities.dll /reference:/home/quinngil/.nuget/packages/microsoft.testplatform.testhost/17.14.1/lib/net8.0/Microsoft.TestPlatform.CrossPlatEngine.dll /reference:/home/quinngil/.nuget/packages/microsoft.testplatform.testhost/17.14.1/lib/net8.0/Microsoft.TestPlatform.PlatformAbstractions.dll /reference:/home/quinngil/.nuget/packages/microsoft.testplatform.testhost/17.14.1/lib/net8.0/Microsoft.TestPlatform.Utilities.dll /reference:/usr/share/dotnet/packs/Microsoft.NETCore.App.Ref/9.0.4/ref/net9.0/Microsoft.VisualBasic.Core.dll /reference:/usr/share/dotnet/packs/Microsoft.NETCore.App.Ref/9.0.4/ref/net9.0/Microsoft.VisualBasic.dll /reference:/home/quinngil/.nuget/packages/microsoft.codecoverage/17.14.1/lib/net8.0/Microsoft.VisualStudio.CodeCoverage.Shim.dll /reference:/home/quinngil/.nuget/packages/microsoft.testplatform.testhost/17.14.1/lib/net8.0/Microsoft.VisualStudio.TestPlatform.Common.dll /reference:/home/quinngil/.nuget/packages/microsoft.testplatform.testhost/17.14.1/lib/net8.0/Microsoft.VisualStudio.TestPlatform.ObjectModel.dll /reference:/home/quinngil/.nuget/packages/mstest.testframework/3.10.1/lib/net9.0/Microsoft.VisualStudio.TestPlatform.TestFramework.dll /reference:/home/quinngil/.nuget/packages/mstest.testframework/3.10.1/buildTransitive/net9.0/Microsoft.VisualStudio.TestPlatform.TestFramework.Extensions.dll /reference:/usr/share/dotnet/packs/Microsoft.NETCore.App.Ref/9.0.4/ref/net9.0/Microsoft.Win32.Primitives.dll /reference:/usr/share/dotnet/packs/Microsoft.NETCore.App.Ref/9.0.4/ref/net9.0/Microsoft.Win32.Registry.dll /reference:/home/quinngil/.nuget/packages/microsoft.win32.systemevents/6.0.0/lib/net6.0/Microsoft.Win32.SystemEvents.dll /reference:/usr/share/dotnet/packs/Microsoft.NETCore.App.Ref/9.0.4/ref/net9.0/mscorlib.dll /reference:/usr/share/dotnet/packs/Microsoft.NETCore.App.Ref/9.0.4/ref/net9.0/netstandard.dll /reference:/home/quinngil/.nuget/packages/newtonsoft.json/13.0.3/lib/net6.0/Newtonsoft.Json.dll /reference:/home/quinngil/.nuget/packages/polly.core/8.5.2/lib/net8.0/Polly.Core.dll /reference:/home/quinngil/.nuget/packages/polly/8.5.2/lib/net6.0/Polly.dll /reference:/home/quinngil/.nuget/packages/polly.ratelimiting/8.5.2/lib/net8.0/Polly.RateLimiting.dll /reference:/usr/share/dotnet/packs/Microsoft.NETCore.App.Ref/9.0.4/ref/net9.0/System.AppContext.dll /reference:/usr/share/dotnet/packs/Microsoft.NETCore.App.Ref/9.0.4/ref/net9.0/System.Buffers.dll /reference:/home/quinngil/.nuget/packages/system.clientmodel/1.5.1/lib/net8.0/System.ClientModel.dll /reference:/usr/share/dotnet/packs/Microsoft.NETCore.App.Ref/9.0.4/ref/net9.0/System.Collections.Concurrent.dll /reference:/usr/share/dotnet/packs/Microsoft.NETCore.App.Ref/9.0.4/ref/net9.0/System.Collections.dll /reference:/usr/share/dotnet/packs/Microsoft.NETCore.App.Ref/9.0.4/ref/net9.0/System.Collections.Immutable.dll /reference:/usr/share/dotnet/packs/Microsoft.NETCore.App.Ref/9.0.4/ref/net9.0/System.Collections.NonGeneric.dll /reference:/usr/share/dotnet/packs/Microsoft.NETCore.App.Ref/9.0.4/ref/net9.0/System.Collections.Specialized.dll /reference:/usr/share/dotnet/packs/Microsoft.NETCore.App.Ref/9.0.4/ref/net9.0/System.ComponentModel.Annotations.dll /reference:/usr/share/dotnet/packs/Microsoft.NETCore.App.Ref/9.0.4/ref/net9.0/System.ComponentModel.DataAnnotations.dll /reference:/usr/share/dotnet/packs/Microsoft.NETCore.App.Ref/9.0.4/ref/net9.0/System.ComponentModel.dll /reference:/usr/share/dotnet/packs/Microsoft.NETCore.App.Ref/9.0.4/ref/net9.0/System.ComponentModel.EventBasedAsync.dll /reference:/usr/share/dotnet/packs/Microsoft.NETCore.App.Ref/9.0.4/ref/net9.0/System.ComponentModel.Primitives.dll /reference:/usr/share/dotnet/packs/Microsoft.NETCore.App.Ref/9.0.4/ref/net9.0/System.ComponentModel.TypeConverter.dll /reference:/home/quinngil/.nuget/packages/system.configuration.configurationmanager/6.0.0/lib/net6.0/System.Configuration.ConfigurationManager.dll /reference:/usr/share/dotnet/packs/Microsoft.NETCore.App.Ref/9.0.4/ref/net9.0/System.Configuration.dll /reference:/usr/share/dotnet/packs/Microsoft.NETCore.App.Ref/9.0.4/ref/net9.0/System.Console.dll /reference:/usr/share/dotnet/packs/Microsoft.NETCore.App.Ref/9.0.4/ref/net9.0/System.Core.dll /reference:/usr/share/dotnet/packs/Microsoft.NETCore.App.Ref/9.0.4/ref/net9.0/System.Data.Common.dll /reference:/usr/share/dotnet/packs/Microsoft.NETCore.App.Ref/9.0.4/ref/net9.0/System.Data.DataSetExtensions.dll /reference:/usr/share/dotnet/packs/Microsoft.NETCore.App.Ref/9.0.4/ref/net9.0/System.Data.dll /reference:/usr/share/dotnet/packs/Microsoft.NETCore.App.Ref/9.0.4/ref/net9.0/System.Diagnostics.Contracts.dll /reference:/usr/share/dotnet/packs/Microsoft.NETCore.App.Ref/9.0.4/ref/net9.0/System.Diagnostics.Debug.dll /reference:/usr/share/dotnet/packs/Microsoft.NETCore.App.Ref/9.0.4/ref/net9.0/System.Diagnostics.DiagnosticSource.dll /reference:/usr/share/dotnet/packs/Microsoft.NETCore.App.Ref/9.0.4/ref/net9.0/System.Diagnostics.FileVersionInfo.dll /reference:/usr/share/dotnet/packs/Microsoft.NETCore.App.Ref/9.0.4/ref/net9.0/System.Diagnostics.Process.dll /reference:/usr/share/dotnet/packs/Microsoft.NETCore.App.Ref/9.0.4/ref/net9.0/System.Diagnostics.StackTrace.dll /reference:/usr/share/dotnet/packs/Microsoft.NETCore.App.Ref/9.0.4/ref/net9.0/System.Diagnostics.TextWriterTraceListener.dll /reference:/usr/share/dotnet/packs/Microsoft.NETCore.App.Ref/9.0.4/ref/net9.0/System.Diagnostics.Tools.dll /reference:/usr/share/dotnet/packs/Microsoft.NETCore.App.Ref/9.0.4/ref/net9.0/System.Diagnostics.TraceSource.dll /reference:/usr/share/dotnet/packs/Microsoft.NETCore.App.Ref/9.0.4/ref/net9.0/System.Diagnostics.Tracing.dll /reference:/usr/share/dotnet/packs/Microsoft.NETCore.App.Ref/9.0.4/ref/net9.0/System.dll /reference:/home/quinngil/.nuget/packages/system.drawing.common/6.0.0/lib/net6.0/System.Drawing.Common.dll /reference:/usr/share/dotnet/packs/Microsoft.NETCore.App.Ref/9.0.4/ref/net9.0/System.Drawing.dll /reference:/usr/share/dotnet/packs/Microsoft.NETCore.App.Ref/9.0.4/ref/net9.0/System.Drawing.Primitives.dll /reference:/usr/share/dotnet/packs/Microsoft.NETCore.App.Ref/9.0.4/ref/net9.0/System.Dynamic.Runtime.dll /reference:/usr/share/dotnet/packs/Microsoft.NETCore.App.Ref/9.0.4/ref/net9.0/System.Formats.Asn1.dll /reference:/usr/share/dotnet/packs/Microsoft.NETCore.App.Ref/9.0.4/ref/net9.0/System.Formats.Tar.dll /reference:/usr/share/dotnet/packs/Microsoft.NETCore.App.Ref/9.0.4/ref/net9.0/System.Globalization.Calendars.dll /reference:/usr/share/dotnet/packs/Microsoft.NETCore.App.Ref/9.0.4/ref/net9.0/System.Globalization.dll /reference:/usr/share/dotnet/packs/Microsoft.NETCore.App.Ref/9.0.4/ref/net9.0/System.Globalization.Extensions.dll /reference:/home/quinngil/.nuget/packages/system.identitymodel.tokens.jwt/8.0.1/lib/net9.0/System.IdentityModel.Tokens.Jwt.dll /reference:/usr/share/dotnet/packs/Microsoft.NETCore.App.Ref/9.0.4/ref/net9.0/System.IO.Compression.Brotli.dll /reference:/usr/share/dotnet/packs/Microsoft.NETCore.App.Ref/9.0.4/ref/net9.0/System.IO.Compression.dll /reference:/usr/share/dotnet/packs/Microsoft.NETCore.App.Ref/9.0.4/ref/net9.0/System.IO.Compression.FileSystem.dll /reference:/usr/share/dotnet/packs/Microsoft.NETCore.App.Ref/9.0.4/ref/net9.0/System.IO.Compression.ZipFile.dll /reference:/usr/share/dotnet/packs/Microsoft.NETCore.App.Ref/9.0.4/ref/net9.0/System.IO.dll /reference:/usr/share/dotnet/packs/Microsoft.NETCore.App.Ref/9.0.4/ref/net9.0/System.IO.FileSystem.AccessControl.dll /reference:/usr/share/dotnet/packs/Microsoft.NETCore.App.Ref/9.0.4/ref/net9.0/System.IO.FileSystem.dll /reference:/usr/share/dotnet/packs/Microsoft.NETCore.App.Ref/9.0.4/ref/net9.0/System.IO.FileSystem.DriveInfo.dll /reference:/usr/share/dotnet/packs/Microsoft.NETCore.App.Ref/9.0.4/ref/net9.0/System.IO.FileSystem.Primitives.dll /reference:/usr/share/dotnet/packs/Microsoft.NETCore.App.Ref/9.0.4/ref/net9.0/System.IO.FileSystem.Watcher.dll /reference:/usr/share/dotnet/packs/Microsoft.NETCore.App.Ref/9.0.4/ref/net9.0/System.IO.IsolatedStorage.dll /reference:/usr/share/dotnet/packs/Microsoft.NETCore.App.Ref/9.0.4/ref/net9.0/System.IO.MemoryMappedFiles.dll /reference:/usr/share/dotnet/packs/Microsoft.NETCore.App.Ref/9.0.4/ref/net9.0/System.IO.Pipelines.dll /reference:/usr/share/dotnet/packs/Microsoft.NETCore.App.Ref/9.0.4/ref/net9.0/System.IO.Pipes.AccessControl.dll /reference:/usr/share/dotnet/packs/Microsoft.NETCore.App.Ref/9.0.4/ref/net9.0/System.IO.Pipes.dll /reference:/usr/share/dotnet/packs/Microsoft.NETCore.App.Ref/9.0.4/ref/net9.0/System.IO.UnmanagedMemoryStream.dll /reference:/usr/share/dotnet/packs/Microsoft.NETCore.App.Ref/9.0.4/ref/net9.0/System.Linq.dll /reference:/usr/share/dotnet/packs/Microsoft.NETCore.App.Ref/9.0.4/ref/net9.0/System.Linq.Expressions.dll /reference:/usr/share/dotnet/packs/Microsoft.NETCore.App.Ref/9.0.4/ref/net9.0/System.Linq.Parallel.dll /reference:/usr/share/dotnet/packs/Microsoft.NETCore.App.Ref/9.0.4/ref/net9.0/System.Linq.Queryable.dll /reference:/home/quinngil/.nuget/packages/system.memory.data/8.0.1/lib/net8.0/System.Memory.Data.dll /reference:/usr/share/dotnet/packs/Microsoft.NETCore.App.Ref/9.0.4/ref/net9.0/System.Memory.dll /reference:/usr/share/dotnet/packs/Microsoft.NETCore.App.Ref/9.0.4/ref/net9.0/System.Net.dll /reference:/usr/share/dotnet/packs/Microsoft.NETCore.App.Ref/9.0.4/ref/net9.0/System.Net.Http.dll /reference:/usr/share/dotnet/packs/Microsoft.NETCore.App.Ref/9.0.4/ref/net9.0/System.Net.Http.Json.dll /reference:/usr/share/dotnet/packs/Microsoft.NETCore.App.Ref/9.0.4/ref/net9.0/System.Net.HttpListener.dll /reference:/usr/share/dotnet/packs/Microsoft.NETCore.App.Ref/9.0.4/ref/net9.0/System.Net.Mail.dll /reference:/usr/share/dotnet/packs/Microsoft.NETCore.App.Ref/9.0.4/ref/net9.0/System.Net.NameResolution.dll /reference:/usr/share/dotnet/packs/Microsoft.NETCore.App.Ref/9.0.4/ref/net9.0/System.Net.NetworkInformation.dll /reference:/usr/share/dotnet/packs/Microsoft.NETCore.App.Ref/9.0.4/ref/net9.0/System.Net.Ping.dll /reference:/usr/share/dotnet/packs/Microsoft.NETCore.App.Ref/9.0.4/ref/net9.0/System.Net.Primitives.dll /reference:/usr/share/dotnet/packs/Microsoft.NETCore.App.Ref/9.0.4/ref/net9.0/System.Net.Quic.dll /reference:/usr/share/dotnet/packs/Microsoft.NETCore.App.Ref/9.0.4/ref/net9.0/System.Net.Requests.dll /reference:/usr/share/dotnet/packs/Microsoft.NETCore.App.Ref/9.0.4/ref/net9.0/System.Net.Security.dll /reference:/usr/share/dotnet/packs/Microsoft.NETCore.App.Ref/9.0.4/ref/net9.0/System.Net.ServicePoint.dll /reference:/usr/share/dotnet/packs/Microsoft.NETCore.App.Ref/9.0.4/ref/net9.0/System.Net.Sockets.dll /reference:/usr/share/dotnet/packs/Microsoft.NETCore.App.Ref/9.0.4/ref/net9.0/System.Net.WebClient.dll /reference:/usr/share/dotnet/packs/Microsoft.NETCore.App.Ref/9.0.4/ref/net9.0/System.Net.WebHeaderCollection.dll /reference:/usr/share/dotnet/packs/Microsoft.NETCore.App.Ref/9.0.4/ref/net9.0/System.Net.WebProxy.dll /reference:/usr/share/dotnet/packs/Microsoft.NETCore.App.Ref/9.0.4/ref/net9.0/System.Net.WebSockets.Client.dll /reference:/usr/share/dotnet/packs/Microsoft.NETCore.App.Ref/9.0.4/ref/net9.0/System.Net.WebSockets.dll /reference:/usr/share/dotnet/packs/Microsoft.NETCore.App.Ref/9.0.4/ref/net9.0/System.Numerics.dll /reference:/usr/share/dotnet/packs/Microsoft.NETCore.App.Ref/9.0.4/ref/net9.0/System.Numerics.Vectors.dll /reference:/usr/share/dotnet/packs/Microsoft.NETCore.App.Ref/9.0.4/ref/net9.0/System.ObjectModel.dll /reference:/usr/share/dotnet/packs/Microsoft.NETCore.App.Ref/9.0.4/ref/net9.0/System.Reflection.DispatchProxy.dll /reference:/usr/share/dotnet/packs/Microsoft.NETCore.App.Ref/9.0.4/ref/net9.0/System.Reflection.dll /reference:/usr/share/dotnet/packs/Microsoft.NETCore.App.Ref/9.0.4/ref/net9.0/System.Reflection.Emit.dll /reference:/usr/share/dotnet/packs/Microsoft.NETCore.App.Ref/9.0.4/ref/net9.0/System.Reflection.Emit.ILGeneration.dll /reference:/usr/share/dotnet/packs/Microsoft.NETCore.App.Ref/9.0.4/ref/net9.0/System.Reflection.Emit.Lightweight.dll /reference:/usr/share/dotnet/packs/Microsoft.NETCore.App.Ref/9.0.4/ref/net9.0/System.Reflection.Extensions.dll /reference:/usr/share/dotnet/packs/Microsoft.NETCore.App.Ref/9.0.4/ref/net9.0/System.Reflection.Metadata.dll /reference:/usr/share/dotnet/packs/Microsoft.NETCore.App.Ref/9.0.4/ref/net9.0/System.Reflection.Primitives.dll /reference:/usr/share/dotnet/packs/Microsoft.NETCore.App.Ref/9.0.4/ref/net9.0/System.Reflection.TypeExtensions.dll /reference:/usr/share/dotnet/packs/Microsoft.NETCore.App.Ref/9.0.4/ref/net9.0/System.Resources.Reader.dll /reference:/usr/share/dotnet/packs/Microsoft.NETCore.App.Ref/9.0.4/ref/net9.0/System.Resources.ResourceManager.dll /reference:/usr/share/dotnet/packs/Microsoft.NETCore.App.Ref/9.0.4/ref/net9.0/System.Resources.Writer.dll /reference:/usr/share/dotnet/packs/Microsoft.NETCore.App.Ref/9.0.4/ref/net9.0/System.Runtime.CompilerServices.Unsafe.dll /reference:/usr/share/dotnet/packs/Microsoft.NETCore.App.Ref/9.0.4/ref/net9.0/System.Runtime.CompilerServices.VisualC.dll /reference:/usr/share/dotnet/packs/Microsoft.NETCore.App.Ref/9.0.4/ref/net9.0/System.Runtime.dll /reference:/usr/share/dotnet/packs/Microsoft.NETCore.App.Ref/9.0.4/ref/net9.0/System.Runtime.Extensions.dll /reference:/usr/share/dotnet/packs/Microsoft.NETCore.App.Ref/9.0.4/ref/net9.0/System.Runtime.Handles.dll /reference:/usr/share/dotnet/packs/Microsoft.NETCore.App.Ref/9.0.4/ref/net9.0/System.Runtime.InteropServices.dll /reference:/usr/share/dotnet/packs/Microsoft.NETCore.App.Ref/9.0.4/ref/net9.0/System.Runtime.InteropServices.JavaScript.dll /reference:/usr/share/dotnet/packs/Microsoft.NETCore.App.Ref/9.0.4/ref/net9.0/System.Runtime.InteropServices.RuntimeInformation.dll /reference:/usr/share/dotnet/packs/Microsoft.NETCore.App.Ref/9.0.4/ref/net9.0/System.Runtime.Intrinsics.dll /reference:/usr/share/dotnet/packs/Microsoft.NETCore.App.Ref/9.0.4/ref/net9.0/System.Runtime.Loader.dll /reference:/usr/share/dotnet/packs/Microsoft.NETCore.App.Ref/9.0.4/ref/net9.0/System.Runtime.Numerics.dll /reference:/usr/share/dotnet/packs/Microsoft.NETCore.App.Ref/9.0.4/ref/net9.0/System.Runtime.Serialization.dll /reference:/usr/share/dotnet/packs/Microsoft.NETCore.App.Ref/9.0.4/ref/net9.0/System.Runtime.Serialization.Formatters.dll /reference:/usr/share/dotnet/packs/Microsoft.NETCore.App.Ref/9.0.4/ref/net9.0/System.Runtime.Serialization.Json.dll /reference:/usr/share/dotnet/packs/Microsoft.NETCore.App.Ref/9.0.4/ref/net9.0/System.Runtime.Serialization.Primitives.dll /reference:/usr/share/dotnet/packs/Microsoft.NETCore.App.Ref/9.0.4/ref/net9.0/System.Runtime.Serialization.Xml.dll /reference:/usr/share/dotnet/packs/Microsoft.NETCore.App.Ref/9.0.4/ref/net9.0/System.Security.AccessControl.dll /reference:/usr/share/dotnet/packs/Microsoft.NETCore.App.Ref/9.0.4/ref/net9.0/System.Security.Claims.dll /reference:/usr/share/dotnet/packs/Microsoft.NETCore.App.Ref/9.0.4/ref/net9.0/System.Security.Cryptography.Algorithms.dll /reference:/usr/share/dotnet/packs/Microsoft.NETCore.App.Ref/9.0.4/ref/net9.0/System.Security.Cryptography.Cng.dll /reference:/usr/share/dotnet/packs/Microsoft.NETCore.App.Ref/9.0.4/ref/net9.0/System.Security.Cryptography.Csp.dll /reference:/usr/share/dotnet/packs/Microsoft.NETCore.App.Ref/9.0.4/ref/net9.0/System.Security.Cryptography.dll /reference:/usr/share/dotnet/packs/Microsoft.NETCore.App.Ref/9.0.4/ref/net9.0/System.Security.Cryptography.Encoding.dll /reference:/usr/share/dotnet/packs/Microsoft.NETCore.App.Ref/9.0.4/ref/net9.0/System.Security.Cryptography.OpenSsl.dll /reference:/usr/share/dotnet/packs/Microsoft.NETCore.App.Ref/9.0.4/ref/net9.0/System.Security.Cryptography.Primitives.dll /reference:/home/quinngil/.nuget/packages/system.security.cryptography.protecteddata/6.0.0/lib/net6.0/System.Security.Cryptography.ProtectedData.dll /reference:/usr/share/dotnet/packs/Microsoft.NETCore.App.Ref/9.0.4/ref/net9.0/System.Security.Cryptography.X509Certificates.dll /reference:/usr/share/dotnet/packs/Microsoft.NETCore.App.Ref/9.0.4/ref/net9.0/System.Security.dll /reference:/home/quinngil/.nuget/packages/system.security.permissions/6.0.0/lib/net6.0/System.Security.Permissions.dll /reference:/usr/share/dotnet/packs/Microsoft.NETCore.App.Ref/9.0.4/ref/net9.0/System.Security.Principal.dll /reference:/usr/share/dotnet/packs/Microsoft.NETCore.App.Ref/9.0.4/ref/net9.0/System.Security.Principal.Windows.dll /reference:/usr/share/dotnet/packs/Microsoft.NETCore.App.Ref/9.0.4/ref/net9.0/System.Security.SecureString.dll /reference:/usr/share/dotnet/packs/Microsoft.NETCore.App.Ref/9.0.4/ref/net9.0/System.ServiceModel.Web.dll /reference:/usr/share/dotnet/packs/Microsoft.NETCore.App.Ref/9.0.4/ref/net9.0/System.ServiceProcess.dll /reference:/usr/share/dotnet/packs/Microsoft.NETCore.App.Ref/9.0.4/ref/net9.0/System.Text.Encoding.CodePages.dll /reference:/usr/share/dotnet/packs/Microsoft.NETCore.App.Ref/9.0.4/ref/net9.0/System.Text.Encoding.dll /reference:/usr/share/dotnet/packs/Microsoft.NETCore.App.Ref/9.0.4/ref/net9.0/System.Text.Encoding.Extensions.dll /reference:/usr/share/dotnet/packs/Microsoft.NETCore.App.Ref/9.0.4/ref/net9.0/System.Text.Encodings.Web.dll /reference:/home/quinngil/.nuget/packages/system.text.json/9.0.8/lib/net9.0/System.Text.Json.dll /reference:/usr/share/dotnet/packs/Microsoft.NETCore.App.Ref/9.0.4/ref/net9.0/System.Text.RegularExpressions.dll /reference:/usr/share/dotnet/packs/Microsoft.NETCore.App.Ref/9.0.4/ref/net9.0/System.Threading.Channels.dll /reference:/usr/share/dotnet/packs/Microsoft.NETCore.App.Ref/9.0.4/ref/net9.0/System.Threading.dll /reference:/usr/share/dotnet/packs/Microsoft.NETCore.App.Ref/9.0.4/ref/net9.0/System.Threading.Overlapped.dll /reference:/home/quinngil/.nuget/packages/system.threading.ratelimiting/8.0.0/lib/net8.0/System.Threading.RateLimiting.dll /reference:/usr/share/dotnet/packs/Microsoft.NETCore.App.Ref/9.0.4/ref/net9.0/System.Threading.Tasks.Dataflow.dll /reference:/usr/share/dotnet/packs/Microsoft.NETCore.App.Ref/9.0.4/ref/net9.0/System.Threading.Tasks.dll /reference:/usr/share/dotnet/packs/Microsoft.NETCore.App.Ref/9.0.4/ref/net9.0/System.Threading.Tasks.Extensions.dll /reference:/usr/share/dotnet/packs/Microsoft.NETCore.App.Ref/9.0.4/ref/net9.0/System.Threading.Tasks.Parallel.dll /reference:/usr/share/dotnet/packs/Microsoft.NETCore.App.Ref/9.0.4/ref/net9.0/System.Threading.Thread.dll /reference:/usr/share/dotnet/packs/Microsoft.NETCore.App.Ref/9.0.4/ref/net9.0/System.Threading.ThreadPool.dll /reference:/usr/share/dotnet/packs/Microsoft.NETCore.App.Ref/9.0.4/ref/net9.0/System.Threading.Timer.dll /reference:/usr/share/dotnet/packs/Microsoft.NETCore.App.Ref/9.0.4/ref/net9.0/System.Transactions.dll /reference:/usr/share/dotnet/packs/Microsoft.NETCore.App.Ref/9.0.4/ref/net9.0/System.Transactions.Local.dll /reference:/usr/share/dotnet/packs/Microsoft.NETCore.App.Ref/9.0.4/ref/net9.0/System.ValueTuple.dll /reference:/usr/share/dotnet/packs/Microsoft.NETCore.App.Ref/9.0.4/ref/net9.0/System.Web.dll /reference:/usr/share/dotnet/packs/Microsoft.NETCore.App.Ref/9.0.4/ref/net9.0/System.Web.HttpUtility.dll /reference:/usr/share/dotnet/packs/Microsoft.NETCore.App.Ref/9.0.4/ref/net9.0/System.Windows.dll /reference:/home/quinngil/.nuget/packages/system.windows.extensions/6.0.0/lib/net6.0/System.Windows.Extensions.dll /reference:/usr/share/dotnet/packs/Microsoft.NETCore.App.Ref/9.0.4/ref/net9.0/System.Xml.dll /reference:/usr/share/dotnet/packs/Microsoft.NETCore.App.Ref/9.0.4/ref/net9.0/System.Xml.Linq.dll /reference:/usr/share/dotnet/packs/Microsoft.NETCore.App.Ref/9.0.4/ref/net9.0/System.Xml.ReaderWriter.dll /reference:/usr/share/dotnet/packs/Microsoft.NETCore.App.Ref/9.0.4/ref/net9.0/System.Xml.Serialization.dll /reference:/usr/share/dotnet/packs/Microsoft.NETCore.App.Ref/9.0.4/ref/net9.0/System.Xml.XDocument.dll /reference:/usr/share/dotnet/packs/Microsoft.NETCore.App.Ref/9.0.4/ref/net9.0/System.Xml.XmlDocument.dll /reference:/usr/share/dotnet/packs/Microsoft.NETCore.App.Ref/9.0.4/ref/net9.0/System.Xml.XmlSerializer.dll /reference:/usr/share/dotnet/packs/Microsoft.NETCore.App.Ref/9.0.4/ref/net9.0/System.Xml.XPath.dll /reference:/usr/share/dotnet/packs/Microsoft.NETCore.App.Ref/9.0.4/ref/net9.0/System.Xml.XPath.XDocument.dll /reference:/mnt/d/src/MtgDiscoveryVibeWorkspace/IMPLS/src/TestConvenience.Core/obj/Release/net9.0/ref/TestConvenience.Core.dll /reference:/home/quinngil/.nuget/packages/microsoft.testplatform.testhost/17.14.1/lib/net8.0/testhost.dll /reference:/usr/share/dotnet/packs/Microsoft.NETCore.App.Ref/9.0.4/ref/net9.0/WindowsBase.dll /debug- /debug:portable /filealign:512 /optimize+ /out:obj/Release/net9.0/Lib.Adapter.UserCards.Tests.dll /refout:obj/Release/net9.0/refint/Lib.Adapter.UserCards.Tests.dll /reportanalyzer /target:exe /warnaserror+ /utf8output /deterministic+ /sourcelink:obj/Release/net9.0/Lib.Adapter.UserCards.Tests.sourcelink.json /langversion:latest /features:strict /embed:/home/quinngil/.nuget/packages/microsoft.net.test.sdk/17.14.1/build/net8.0/Microsoft.NET.Test.Sdk.Program.cs /embed:obj/Release/net9.0/Lib.Adapter.UserCards.Tests.GlobalUsings.g.cs /embed:"obj/Release/net9.0/.NETCoreApp,Version=v9.0.AssemblyAttributes.cs" /embed:obj/Release/net9.0/Lib.Adapter.UserCards.Tests.AssemblyInfo.cs /analyzerconfig:/mnt/d/src/MtgDiscoveryVibeWorkspace/IMPLS/src/.editorconfig /analyzerconfig:/home/quinngil/.nuget/packages/mstest.analyzers/3.10.1/buildTransitive/../globalconfigs/mstest-default.globalconfig /analyzerconfig:obj/Release/net9.0/Lib.Adapter.UserCards.Tests.GeneratedMSBuildEditorConfig.editorconfig /analyzerconfig:/usr/share/dotnet/sdk/9.0.203/Sdks/Microsoft.NET.Sdk/analyzers/build/config/analysislevel_9_all_warnaserror.globalconfig /analyzer:/usr/share/dotnet/sdk/9.0.203/Sdks/Microsoft.NET.Sdk/targets/../analyzers/Microsoft.CodeAnalysis.CSharp.NetAnalyzers.dll /analyzer:/usr/share/dotnet/sdk/9.0.203/Sdks/Microsoft.NET.Sdk/targets/../analyzers/Microsoft.CodeAnalysis.NetAnalyzers.dll /analyzer:/usr/share/dotnet/sdk/9.0.203/Sdks/Microsoft.NET.Sdk/targets/../codestyle/cs/Microsoft.CodeAnalysis.CodeStyle.dll /analyzer:/usr/share/dotnet/sdk/9.0.203/Sdks/Microsoft.NET.Sdk/targets/../codestyle/cs/Microsoft.CodeAnalysis.CodeStyle.Fixes.dll /analyzer:/usr/share/dotnet/sdk/9.0.203/Sdks/Microsoft.NET.Sdk/targets/../codestyle/cs/Microsoft.CodeAnalysis.CSharp.CodeStyle.dll /analyzer:/usr/share/dotnet/sdk/9.0.203/Sdks/Microsoft.NET.Sdk/targets/../codestyle/cs/Microsoft.CodeAnalysis.CSharp.CodeStyle.Fixes.dll /analyzer:/home/quinngil/.nuget/packages/microsoft.codeanalysis.bannedapianalyzers/4.14.0/analyzers/dotnet/cs/Microsoft.CodeAnalysis.BannedApiAnalyzers.dll /analyzer:/home/quinngil/.nuget/packages/microsoft.codeanalysis.bannedapianalyzers/4.14.0/analyzers/dotnet/cs/Microsoft.CodeAnalysis.CSharp.BannedApiAnalyzers.dll /analyzer:/home/quinngil/.nuget/packages/microsoft.extensions.logging.abstractions/9.0.0/analyzers/dotnet/roslyn4.4/cs/Microsoft.Extensions.Logging.Generators.dll /analyzer:/home/quinngil/.nuget/packages/microsoft.extensions.options/9.0.0/analyzers/dotnet/roslyn4.4/cs/Microsoft.Extensions.Options.SourceGeneration.dll /analyzer:/home/quinngil/.nuget/packages/mstest.analyzers/3.10.1/analyzers/dotnet/cs/MSTest.Analyzers.CodeFixes.dll /analyzer:/home/quinngil/.nuget/packages/mstest.analyzers/3.10.1/analyzers/dotnet/cs/MSTest.Analyzers.dll /analyzer:/home/quinngil/.nuget/packages/system.clientmodel/1.5.1/analyzers/dotnet/cs/System.ClientModel.SourceGeneration.dll /analyzer:/home/quinngil/.nuget/packages/system.text.json/9.0.8/analyzers/dotnet/roslyn4.4/cs/System.Text.Json.SourceGeneration.dll /analyzer:/usr/share/dotnet/packs/Microsoft.NETCore.App.Ref/9.0.4/analyzers/dotnet/cs/Microsoft.Interop.ComInterfaceGenerator.dll /analyzer:/usr/share/dotnet/packs/Microsoft.NETCore.App.Ref/9.0.4/analyzers/dotnet/cs/Microsoft.Interop.JavaScript.JSImportGenerator.dll /analyzer:/usr/share/dotnet/packs/Microsoft.NETCore.App.Ref/9.0.4/analyzers/dotnet/cs/Microsoft.Interop.LibraryImportGenerator.dll /analyzer:/usr/share/dotnet/packs/Microsoft.NETCore.App.Ref/9.0.4/analyzers/dotnet/cs/Microsoft.Interop.SourceGeneration.dll /analyzer:/usr/share/dotnet/packs/Microsoft.NETCore.App.Ref/9.0.4/analyzers/dotnet/cs/System.Text.RegularExpressions.Generator.dll /additionalfile:/mnt/d/src/MtgDiscoveryVibeWorkspace/IMPLS/src/BannedSymbols.txt /additionalfile:/mnt/d/src/MtgDiscoveryVibeWorkspace/IMPLS/src/.editorconfig Apis/UserCardsAdapterServiceTests.cs Commands/UserCardsCommandAdapterTests.cs Exceptions/UserCardsAdapterExceptionTests.cs /home/quinngil/.nuget/packages/microsoft.net.test.sdk/17.14.1/build/net8.0/Microsoft.NET.Test.Sdk.Program.cs obj/Release/net9.0/Lib.Adapter.UserCards.Tests.GlobalUsings.g.cs "obj/Release/net9.0/.NETCoreApp,Version=v9.0.AssemblyAttributes.cs" obj/Release/net9.0/Lib.Adapter.UserCards.Tests.AssemblyInfo.cs /warnaserror+:NU1605,SYSLIB0011
    23>_GenerateSourceLinkFile:
         Updating Source Link file 'obj/Release/net9.0/Lib.Shared.Invocation.Tests.sourcelink.json'.
   1:2>Project "/mnt/d/src/MtgDiscoveryVibeWorkspace/IMPLS/src/MtgDiscoveryVibe.sln" (1:2) is building "/mnt/d/src/MtgDiscoveryVibeWorkspace/IMPLS/src/Example.Scryfall.ApiDemo/Example.Scryfall.ApiDemo.csproj" (8:6) on node 16 (default targets).
     8>GenerateTargetFrameworkMonikerAttribute:
       Skipping target "GenerateTargetFrameworkMonikerAttribute" because all output files are up-to-date with respect to the input files.
   1:2>Project "/mnt/d/src/MtgDiscoveryVibeWorkspace/IMPLS/src/MtgDiscoveryVibe.sln" (1:2) is building "/mnt/d/src/MtgDiscoveryVibeWorkspace/IMPLS/src/Lib.Scryfall.Ingestion.Tests/Lib.Scryfall.Ingestion.Tests.csproj" (11:6) on node 6 (default targets).
    11>GenerateTargetFrameworkMonikerAttribute:
       Skipping target "GenerateTargetFrameworkMonikerAttribute" because all output files are up-to-date with respect to the input files.
    23>CoreCompile:
         /usr/share/dotnet/dotnet exec "/usr/share/dotnet/sdk/9.0.203/Roslyn/bincore/csc.dll" /noconfig /unsafe- /checked- /nowarn:IDE0290,IDE2001,IDE0005,IDE0046,CA1716,CA1040,CA1056,IDE0060,CA2000,CA1707,CA1515,1701,1702 /fullpaths /nostdlib+ /errorreport:prompt /warn:9 /define:TRACE;RELEASE;NET;NET9_0;NETCOREAPP;NET5_0_OR_GREATER;NET6_0_OR_GREATER;NET7_0_OR_GREATER;NET8_0_OR_GREATER;NET9_0_OR_GREATER;NETCOREAPP1_0_OR_GREATER;NETCOREAPP1_1_OR_GREATER;NETCOREAPP2_0_OR_GREATER;NETCOREAPP2_1_OR_GREATER;NETCOREAPP2_2_OR_GREATER;NETCOREAPP3_0_OR_GREATER;NETCOREAPP3_1_OR_GREATER /highentropyva+ /nullable:enable /reference:/home/quinngil/.nuget/packages/awesomeassertions/9.1.0/lib/net8.0/AwesomeAssertions.dll /reference:/home/quinngil/.nuget/packages/azure.core/1.47.1/lib/net8.0/Azure.Core.dll /reference:/home/quinngil/.nuget/packages/azure.resourcemanager.authorization/1.1.5/lib/net8.0/Azure.ResourceManager.Authorization.dll /reference:/home/quinngil/.nuget/packages/azure.resourcemanager.cosmosdb/1.3.2/lib/netstandard2.0/Azure.ResourceManager.CosmosDB.dll /reference:/home/quinngil/.nuget/packages/azure.resourcemanager/1.13.2/lib/net8.0/Azure.ResourceManager.dll /reference:/mnt/d/src/MtgDiscoveryVibeWorkspace/IMPLS/src/Lib.Cosmos/obj/Release/net9.0/ref/Lib.Cosmos.dll /reference:/mnt/d/src/MtgDiscoveryVibeWorkspace/IMPLS/src/Lib.Shared.Abstractions/obj/Release/net9.0/ref/Lib.Shared.Abstractions.dll /reference:/mnt/d/src/MtgDiscoveryVibeWorkspace/IMPLS/src/Lib.Shared.Invocation/obj/Release/net9.0/ref/Lib.Shared.Invocation.dll /reference:/mnt/d/src/MtgDiscoveryVibeWorkspace/IMPLS/src/Lib.Universal/obj/Release/net9.0/ref/Lib.Universal.dll /reference:/home/quinngil/.nuget/packages/microsoft.applicationinsights/2.23.0/lib/netstandard2.0/Microsoft.ApplicationInsights.dll /reference:/home/quinngil/.nuget/packages/microsoft.azure.cosmos/3.52.1/lib/netstandard2.0/Microsoft.Azure.Cosmos.Client.dll /reference:/home/quinngil/.nuget/packages/microsoft.azure.cosmos/3.52.1/lib/netstandard2.0/Microsoft.Azure.Cosmos.Core.dll /reference:/home/quinngil/.nuget/packages/microsoft.azure.cosmos/3.52.1/lib/netstandard2.0/Microsoft.Azure.Cosmos.Direct.dll /reference:/home/quinngil/.nuget/packages/microsoft.azure.cosmos/3.52.1/lib/netstandard2.0/Microsoft.Azure.Cosmos.Serialization.HybridRow.dll /reference:/home/quinngil/.nuget/packages/microsoft.bcl.asyncinterfaces/8.0.0/lib/netstandard2.1/Microsoft.Bcl.AsyncInterfaces.dll /reference:/home/quinngil/.nuget/packages/microsoft.bcl.hashcode/1.1.0/ref/netcoreapp2.1/Microsoft.Bcl.HashCode.dll /reference:/usr/share/dotnet/packs/Microsoft.NETCore.App.Ref/9.0.4/ref/net9.0/Microsoft.CSharp.dll /reference:/home/quinngil/.nuget/packages/microsoft.extensions.caching.abstractions/9.0.0/lib/net9.0/Microsoft.Extensions.Caching.Abstractions.dll /reference:/home/quinngil/.nuget/packages/microsoft.extensions.caching.memory/9.0.0/lib/net9.0/Microsoft.Extensions.Caching.Memory.dll /reference:/home/quinngil/.nuget/packages/microsoft.extensions.configuration.abstractions/9.0.5/lib/net9.0/Microsoft.Extensions.Configuration.Abstractions.dll /reference:/home/quinngil/.nuget/packages/microsoft.extensions.configuration/9.0.5/lib/net9.0/Microsoft.Extensions.Configuration.dll /reference:/home/quinngil/.nuget/packages/microsoft.extensions.dependencyinjection.abstractions/9.0.0/lib/net9.0/Microsoft.Extensions.DependencyInjection.Abstractions.dll /reference:/home/quinngil/.nuget/packages/microsoft.extensions.logging.abstractions/9.0.0/lib/net9.0/Microsoft.Extensions.Logging.Abstractions.dll /reference:/home/quinngil/.nuget/packages/microsoft.extensions.options/9.0.0/lib/net9.0/Microsoft.Extensions.Options.dll /reference:/home/quinngil/.nuget/packages/microsoft.extensions.primitives/9.0.5/lib/net9.0/Microsoft.Extensions.Primitives.dll /reference:/home/quinngil/.nuget/packages/microsoft.identitymodel.abstractions/8.0.1/lib/net9.0/Microsoft.IdentityModel.Abstractions.dll /reference:/home/quinngil/.nuget/packages/microsoft.identitymodel.jsonwebtokens/8.0.1/lib/net9.0/Microsoft.IdentityModel.JsonWebTokens.dll /reference:/home/quinngil/.nuget/packages/microsoft.identitymodel.logging/8.0.1/lib/net9.0/Microsoft.IdentityModel.Logging.dll /reference:/home/quinngil/.nuget/packages/microsoft.identitymodel.tokens/8.0.1/lib/net9.0/Microsoft.IdentityModel.Tokens.dll /reference:/home/quinngil/.nuget/packages/microsoft.testing.platform.msbuild/1.8.1/lib/net9.0/Microsoft.Testing.Extensions.MSBuild.dll /reference:/home/quinngil/.nuget/packages/microsoft.testing.extensions.telemetry/1.8.1/lib/net9.0/Microsoft.Testing.Extensions.Telemetry.dll /reference:/home/quinngil/.nuget/packages/microsoft.testing.extensions.trxreport.abstractions/1.8.1/lib/net9.0/Microsoft.Testing.Extensions.TrxReport.Abstractions.dll /reference:/home/quinngil/.nuget/packages/microsoft.testing.extensions.vstestbridge/1.8.1/lib/net9.0/Microsoft.Testing.Extensions.VSTestBridge.dll /reference:/home/quinngil/.nuget/packages/microsoft.testing.platform/1.8.1/lib/net9.0/Microsoft.Testing.Platform.dll /reference:/home/quinngil/.nuget/packages/microsoft.testplatform.adapterutilities/17.13.0/lib/net9.0/Microsoft.TestPlatform.AdapterUtilities.dll /reference:/home/quinngil/.nuget/packages/microsoft.testplatform.testhost/17.14.1/lib/net8.0/Microsoft.TestPlatform.CommunicationUtilities.dll /reference:/home/quinngil/.nuget/packages/microsoft.testplatform.testhost/17.14.1/lib/net8.0/Microsoft.TestPlatform.CoreUtilities.dll /reference:/home/quinngil/.nuget/packages/microsoft.testplatform.testhost/17.14.1/lib/net8.0/Microsoft.TestPlatform.CrossPlatEngine.dll /reference:/home/quinngil/.nuget/packages/microsoft.testplatform.testhost/17.14.1/lib/net8.0/Microsoft.TestPlatform.PlatformAbstractions.dll /reference:/home/quinngil/.nuget/packages/microsoft.testplatform.testhost/17.14.1/lib/net8.0/Microsoft.TestPlatform.Utilities.dll /reference:/usr/share/dotnet/packs/Microsoft.NETCore.App.Ref/9.0.4/ref/net9.0/Microsoft.VisualBasic.Core.dll /reference:/usr/share/dotnet/packs/Microsoft.NETCore.App.Ref/9.0.4/ref/net9.0/Microsoft.VisualBasic.dll /reference:/home/quinngil/.nuget/packages/microsoft.codecoverage/17.14.1/lib/net8.0/Microsoft.VisualStudio.CodeCoverage.Shim.dll /reference:/home/quinngil/.nuget/packages/microsoft.testplatform.testhost/17.14.1/lib/net8.0/Microsoft.VisualStudio.TestPlatform.Common.dll /reference:/home/quinngil/.nuget/packages/microsoft.testplatform.testhost/17.14.1/lib/net8.0/Microsoft.VisualStudio.TestPlatform.ObjectModel.dll /reference:/home/quinngil/.nuget/packages/mstest.testframework/3.10.1/lib/net9.0/Microsoft.VisualStudio.TestPlatform.TestFramework.dll /reference:/home/quinngil/.nuget/packages/mstest.testframework/3.10.1/buildTransitive/net9.0/Microsoft.VisualStudio.TestPlatform.TestFramework.Extensions.dll /reference:/usr/share/dotnet/packs/Microsoft.NETCore.App.Ref/9.0.4/ref/net9.0/Microsoft.Win32.Primitives.dll /reference:/usr/share/dotnet/packs/Microsoft.NETCore.App.Ref/9.0.4/ref/net9.0/Microsoft.Win32.Registry.dll /reference:/home/quinngil/.nuget/packages/microsoft.win32.systemevents/6.0.0/lib/net6.0/Microsoft.Win32.SystemEvents.dll /reference:/usr/share/dotnet/packs/Microsoft.NETCore.App.Ref/9.0.4/ref/net9.0/mscorlib.dll /reference:/usr/share/dotnet/packs/Microsoft.NETCore.App.Ref/9.0.4/ref/net9.0/netstandard.dll /reference:/home/quinngil/.nuget/packages/newtonsoft.json/13.0.3/lib/net6.0/Newtonsoft.Json.dll /reference:/usr/share/dotnet/packs/Microsoft.NETCore.App.Ref/9.0.4/ref/net9.0/System.AppContext.dll /reference:/usr/share/dotnet/packs/Microsoft.NETCore.App.Ref/9.0.4/ref/net9.0/System.Buffers.dll /reference:/home/quinngil/.nuget/packages/system.clientmodel/1.5.1/lib/net8.0/System.ClientModel.dll /reference:/usr/share/dotnet/packs/Microsoft.NETCore.App.Ref/9.0.4/ref/net9.0/System.Collections.Concurrent.dll /reference:/usr/share/dotnet/packs/Microsoft.NETCore.App.Ref/9.0.4/ref/net9.0/System.Collections.dll /reference:/usr/share/dotnet/packs/Microsoft.NETCore.App.Ref/9.0.4/ref/net9.0/System.Collections.Immutable.dll /reference:/usr/share/dotnet/packs/Microsoft.NETCore.App.Ref/9.0.4/ref/net9.0/System.Collections.NonGeneric.dll /reference:/usr/share/dotnet/packs/Microsoft.NETCore.App.Ref/9.0.4/ref/net9.0/System.Collections.Specialized.dll /reference:/usr/share/dotnet/packs/Microsoft.NETCore.App.Ref/9.0.4/ref/net9.0/System.ComponentModel.Annotations.dll /reference:/usr/share/dotnet/packs/Microsoft.NETCore.App.Ref/9.0.4/ref/net9.0/System.ComponentModel.DataAnnotations.dll /reference:/usr/share/dotnet/packs/Microsoft.NETCore.App.Ref/9.0.4/ref/net9.0/System.ComponentModel.dll /reference:/usr/share/dotnet/packs/Microsoft.NETCore.App.Ref/9.0.4/ref/net9.0/System.ComponentModel.EventBasedAsync.dll /reference:/usr/share/dotnet/packs/Microsoft.NETCore.App.Ref/9.0.4/ref/net9.0/System.ComponentModel.Primitives.dll /reference:/usr/share/dotnet/packs/Microsoft.NETCore.App.Ref/9.0.4/ref/net9.0/System.ComponentModel.TypeConverter.dll /reference:/home/quinngil/.nuget/packages/system.configuration.configurationmanager/6.0.0/lib/net6.0/System.Configuration.ConfigurationManager.dll /reference:/usr/share/dotnet/packs/Microsoft.NETCore.App.Ref/9.0.4/ref/net9.0/System.Configuration.dll /reference:/usr/share/dotnet/packs/Microsoft.NETCore.App.Ref/9.0.4/ref/net9.0/System.Console.dll /reference:/usr/share/dotnet/packs/Microsoft.NETCore.App.Ref/9.0.4/ref/net9.0/System.Core.dll /reference:/usr/share/dotnet/packs/Microsoft.NETCore.App.Ref/9.0.4/ref/net9.0/System.Data.Common.dll /reference:/usr/share/dotnet/packs/Microsoft.NETCore.App.Ref/9.0.4/ref/net9.0/System.Data.DataSetExtensions.dll /reference:/usr/share/dotnet/packs/Microsoft.NETCore.App.Ref/9.0.4/ref/net9.0/System.Data.dll /reference:/usr/share/dotnet/packs/Microsoft.NETCore.App.Ref/9.0.4/ref/net9.0/System.Diagnostics.Contracts.dll /reference:/usr/share/dotnet/packs/Microsoft.NETCore.App.Ref/9.0.4/ref/net9.0/System.Diagnostics.Debug.dll /reference:/usr/share/dotnet/packs/Microsoft.NETCore.App.Ref/9.0.4/ref/net9.0/System.Diagnostics.DiagnosticSource.dll /reference:/usr/share/dotnet/packs/Microsoft.NETCore.App.Ref/9.0.4/ref/net9.0/System.Diagnostics.FileVersionInfo.dll /reference:/usr/share/dotnet/packs/Microsoft.NETCore.App.Ref/9.0.4/ref/net9.0/System.Diagnostics.Process.dll /reference:/usr/share/dotnet/packs/Microsoft.NETCore.App.Ref/9.0.4/ref/net9.0/System.Diagnostics.StackTrace.dll /reference:/usr/share/dotnet/packs/Microsoft.NETCore.App.Ref/9.0.4/ref/net9.0/System.Diagnostics.TextWriterTraceListener.dll /reference:/usr/share/dotnet/packs/Microsoft.NETCore.App.Ref/9.0.4/ref/net9.0/System.Diagnostics.Tools.dll /reference:/usr/share/dotnet/packs/Microsoft.NETCore.App.Ref/9.0.4/ref/net9.0/System.Diagnostics.TraceSource.dll /reference:/usr/share/dotnet/packs/Microsoft.NETCore.App.Ref/9.0.4/ref/net9.0/System.Diagnostics.Tracing.dll /reference:/usr/share/dotnet/packs/Microsoft.NETCore.App.Ref/9.0.4/ref/net9.0/System.dll /reference:/home/quinngil/.nuget/packages/system.drawing.common/6.0.0/lib/net6.0/System.Drawing.Common.dll /reference:/usr/share/dotnet/packs/Microsoft.NETCore.App.Ref/9.0.4/ref/net9.0/System.Drawing.dll /reference:/usr/share/dotnet/packs/Microsoft.NETCore.App.Ref/9.0.4/ref/net9.0/System.Drawing.Primitives.dll /reference:/usr/share/dotnet/packs/Microsoft.NETCore.App.Ref/9.0.4/ref/net9.0/System.Dynamic.Runtime.dll /reference:/usr/share/dotnet/packs/Microsoft.NETCore.App.Ref/9.0.4/ref/net9.0/System.Formats.Asn1.dll /reference:/usr/share/dotnet/packs/Microsoft.NETCore.App.Ref/9.0.4/ref/net9.0/System.Formats.Tar.dll /reference:/usr/share/dotnet/packs/Microsoft.NETCore.App.Ref/9.0.4/ref/net9.0/System.Globalization.Calendars.dll /reference:/usr/share/dotnet/packs/Microsoft.NETCore.App.Ref/9.0.4/ref/net9.0/System.Globalization.dll /reference:/usr/share/dotnet/packs/Microsoft.NETCore.App.Ref/9.0.4/ref/net9.0/System.Globalization.Extensions.dll /reference:/home/quinngil/.nuget/packages/system.identitymodel.tokens.jwt/8.0.1/lib/net9.0/System.IdentityModel.Tokens.Jwt.dll /reference:/usr/share/dotnet/packs/Microsoft.NETCore.App.Ref/9.0.4/ref/net9.0/System.IO.Compression.Brotli.dll /reference:/usr/share/dotnet/packs/Microsoft.NETCore.App.Ref/9.0.4/ref/net9.0/System.IO.Compression.dll /reference:/usr/share/dotnet/packs/Microsoft.NETCore.App.Ref/9.0.4/ref/net9.0/System.IO.Compression.FileSystem.dll /reference:/usr/share/dotnet/packs/Microsoft.NETCore.App.Ref/9.0.4/ref/net9.0/System.IO.Compression.ZipFile.dll /reference:/usr/share/dotnet/packs/Microsoft.NETCore.App.Ref/9.0.4/ref/net9.0/System.IO.dll /reference:/usr/share/dotnet/packs/Microsoft.NETCore.App.Ref/9.0.4/ref/net9.0/System.IO.FileSystem.AccessControl.dll /reference:/usr/share/dotnet/packs/Microsoft.NETCore.App.Ref/9.0.4/ref/net9.0/System.IO.FileSystem.dll /reference:/usr/share/dotnet/packs/Microsoft.NETCore.App.Ref/9.0.4/ref/net9.0/System.IO.FileSystem.DriveInfo.dll /reference:/usr/share/dotnet/packs/Microsoft.NETCore.App.Ref/9.0.4/ref/net9.0/System.IO.FileSystem.Primitives.dll /reference:/usr/share/dotnet/packs/Microsoft.NETCore.App.Ref/9.0.4/ref/net9.0/System.IO.FileSystem.Watcher.dll /reference:/usr/share/dotnet/packs/Microsoft.NETCore.App.Ref/9.0.4/ref/net9.0/System.IO.IsolatedStorage.dll /reference:/usr/share/dotnet/packs/Microsoft.NETCore.App.Ref/9.0.4/ref/net9.0/System.IO.MemoryMappedFiles.dll /reference:/usr/share/dotnet/packs/Microsoft.NETCore.App.Ref/9.0.4/ref/net9.0/System.IO.Pipelines.dll /reference:/usr/share/dotnet/packs/Microsoft.NETCore.App.Ref/9.0.4/ref/net9.0/System.IO.Pipes.AccessControl.dll /reference:/usr/share/dotnet/packs/Microsoft.NETCore.App.Ref/9.0.4/ref/net9.0/System.IO.Pipes.dll /reference:/usr/share/dotnet/packs/Microsoft.NETCore.App.Ref/9.0.4/ref/net9.0/System.IO.UnmanagedMemoryStream.dll /reference:/usr/share/dotnet/packs/Microsoft.NETCore.App.Ref/9.0.4/ref/net9.0/System.Linq.dll /reference:/usr/share/dotnet/packs/Microsoft.NETCore.App.Ref/9.0.4/ref/net9.0/System.Linq.Expressions.dll /reference:/usr/share/dotnet/packs/Microsoft.NETCore.App.Ref/9.0.4/ref/net9.0/System.Linq.Parallel.dll /reference:/usr/share/dotnet/packs/Microsoft.NETCore.App.Ref/9.0.4/ref/net9.0/System.Linq.Queryable.dll /reference:/home/quinngil/.nuget/packages/system.memory.data/8.0.1/lib/net8.0/System.Memory.Data.dll /reference:/usr/share/dotnet/packs/Microsoft.NETCore.App.Ref/9.0.4/ref/net9.0/System.Memory.dll /reference:/usr/share/dotnet/packs/Microsoft.NETCore.App.Ref/9.0.4/ref/net9.0/System.Net.dll /reference:/usr/share/dotnet/packs/Microsoft.NETCore.App.Ref/9.0.4/ref/net9.0/System.Net.Http.dll /reference:/usr/share/dotnet/packs/Microsoft.NETCore.App.Ref/9.0.4/ref/net9.0/System.Net.Http.Json.dll /reference:/usr/share/dotnet/packs/Microsoft.NETCore.App.Ref/9.0.4/ref/net9.0/System.Net.HttpListener.dll /reference:/usr/share/dotnet/packs/Microsoft.NETCore.App.Ref/9.0.4/ref/net9.0/System.Net.Mail.dll /reference:/usr/share/dotnet/packs/Microsoft.NETCore.App.Ref/9.0.4/ref/net9.0/System.Net.NameResolution.dll /reference:/usr/share/dotnet/packs/Microsoft.NETCore.App.Ref/9.0.4/ref/net9.0/System.Net.NetworkInformation.dll /reference:/usr/share/dotnet/packs/Microsoft.NETCore.App.Ref/9.0.4/ref/net9.0/System.Net.Ping.dll /reference:/usr/share/dotnet/packs/Microsoft.NETCore.App.Ref/9.0.4/ref/net9.0/System.Net.Primitives.dll /reference:/usr/share/dotnet/packs/Microsoft.NETCore.App.Ref/9.0.4/ref/net9.0/System.Net.Quic.dll /reference:/usr/share/dotnet/packs/Microsoft.NETCore.App.Ref/9.0.4/ref/net9.0/System.Net.Requests.dll /reference:/usr/share/dotnet/packs/Microsoft.NETCore.App.Ref/9.0.4/ref/net9.0/System.Net.Security.dll /reference:/usr/share/dotnet/packs/Microsoft.NETCore.App.Ref/9.0.4/ref/net9.0/System.Net.ServicePoint.dll /reference:/usr/share/dotnet/packs/Microsoft.NETCore.App.Ref/9.0.4/ref/net9.0/System.Net.Sockets.dll /reference:/usr/share/dotnet/packs/Microsoft.NETCore.App.Ref/9.0.4/ref/net9.0/System.Net.WebClient.dll /reference:/usr/share/dotnet/packs/Microsoft.NETCore.App.Ref/9.0.4/ref/net9.0/System.Net.WebHeaderCollection.dll /reference:/usr/share/dotnet/packs/Microsoft.NETCore.App.Ref/9.0.4/ref/net9.0/System.Net.WebProxy.dll /reference:/usr/share/dotnet/packs/Microsoft.NETCore.App.Ref/9.0.4/ref/net9.0/System.Net.WebSockets.Client.dll /reference:/usr/share/dotnet/packs/Microsoft.NETCore.App.Ref/9.0.4/ref/net9.0/System.Net.WebSockets.dll /reference:/usr/share/dotnet/packs/Microsoft.NETCore.App.Ref/9.0.4/ref/net9.0/System.Numerics.dll /reference:/usr/share/dotnet/packs/Microsoft.NETCore.App.Ref/9.0.4/ref/net9.0/System.Numerics.Vectors.dll /reference:/usr/share/dotnet/packs/Microsoft.NETCore.App.Ref/9.0.4/ref/net9.0/System.ObjectModel.dll /reference:/usr/share/dotnet/packs/Microsoft.NETCore.App.Ref/9.0.4/ref/net9.0/System.Reflection.DispatchProxy.dll /reference:/usr/share/dotnet/packs/Microsoft.NETCore.App.Ref/9.0.4/ref/net9.0/System.Reflection.dll /reference:/usr/share/dotnet/packs/Microsoft.NETCore.App.Ref/9.0.4/ref/net9.0/System.Reflection.Emit.dll /reference:/usr/share/dotnet/packs/Microsoft.NETCore.App.Ref/9.0.4/ref/net9.0/System.Reflection.Emit.ILGeneration.dll /reference:/usr/share/dotnet/packs/Microsoft.NETCore.App.Ref/9.0.4/ref/net9.0/System.Reflection.Emit.Lightweight.dll /reference:/usr/share/dotnet/packs/Microsoft.NETCore.App.Ref/9.0.4/ref/net9.0/System.Reflection.Extensions.dll /reference:/usr/share/dotnet/packs/Microsoft.NETCore.App.Ref/9.0.4/ref/net9.0/System.Reflection.Metadata.dll /reference:/usr/share/dotnet/packs/Microsoft.NETCore.App.Ref/9.0.4/ref/net9.0/System.Reflection.Primitives.dll /reference:/usr/share/dotnet/packs/Microsoft.NETCore.App.Ref/9.0.4/ref/net9.0/System.Reflection.TypeExtensions.dll /reference:/usr/share/dotnet/packs/Microsoft.NETCore.App.Ref/9.0.4/ref/net9.0/System.Resources.Reader.dll /reference:/usr/share/dotnet/packs/Microsoft.NETCore.App.Ref/9.0.4/ref/net9.0/System.Resources.ResourceManager.dll /reference:/usr/share/dotnet/packs/Microsoft.NETCore.App.Ref/9.0.4/ref/net9.0/System.Resources.Writer.dll /reference:/usr/share/dotnet/packs/Microsoft.NETCore.App.Ref/9.0.4/ref/net9.0/System.Runtime.CompilerServices.Unsafe.dll /reference:/usr/share/dotnet/packs/Microsoft.NETCore.App.Ref/9.0.4/ref/net9.0/System.Runtime.CompilerServices.VisualC.dll /reference:/usr/share/dotnet/packs/Microsoft.NETCore.App.Ref/9.0.4/ref/net9.0/System.Runtime.dll /reference:/usr/share/dotnet/packs/Microsoft.NETCore.App.Ref/9.0.4/ref/net9.0/System.Runtime.Extensions.dll /reference:/usr/share/dotnet/packs/Microsoft.NETCore.App.Ref/9.0.4/ref/net9.0/System.Runtime.Handles.dll /reference:/usr/share/dotnet/packs/Microsoft.NETCore.App.Ref/9.0.4/ref/net9.0/System.Runtime.InteropServices.dll /reference:/usr/share/dotnet/packs/Microsoft.NETCore.App.Ref/9.0.4/ref/net9.0/System.Runtime.InteropServices.JavaScript.dll /reference:/usr/share/dotnet/packs/Microsoft.NETCore.App.Ref/9.0.4/ref/net9.0/System.Runtime.InteropServices.RuntimeInformation.dll /reference:/usr/share/dotnet/packs/Microsoft.NETCore.App.Ref/9.0.4/ref/net9.0/System.Runtime.Intrinsics.dll /reference:/usr/share/dotnet/packs/Microsoft.NETCore.App.Ref/9.0.4/ref/net9.0/System.Runtime.Loader.dll /reference:/usr/share/dotnet/packs/Microsoft.NETCore.App.Ref/9.0.4/ref/net9.0/System.Runtime.Numerics.dll /reference:/usr/share/dotnet/packs/Microsoft.NETCore.App.Ref/9.0.4/ref/net9.0/System.Runtime.Serialization.dll /reference:/usr/share/dotnet/packs/Microsoft.NETCore.App.Ref/9.0.4/ref/net9.0/System.Runtime.Serialization.Formatters.dll /reference:/usr/share/dotnet/packs/Microsoft.NETCore.App.Ref/9.0.4/ref/net9.0/System.Runtime.Serialization.Json.dll /reference:/usr/share/dotnet/packs/Microsoft.NETCore.App.Ref/9.0.4/ref/net9.0/System.Runtime.Serialization.Primitives.dll /reference:/usr/share/dotnet/packs/Microsoft.NETCore.App.Ref/9.0.4/ref/net9.0/System.Runtime.Serialization.Xml.dll /reference:/usr/share/dotnet/packs/Microsoft.NETCore.App.Ref/9.0.4/ref/net9.0/System.Security.AccessControl.dll /reference:/usr/share/dotnet/packs/Microsoft.NETCore.App.Ref/9.0.4/ref/net9.0/System.Security.Claims.dll /reference:/usr/share/dotnet/packs/Microsoft.NETCore.App.Ref/9.0.4/ref/net9.0/System.Security.Cryptography.Algorithms.dll /reference:/usr/share/dotnet/packs/Microsoft.NETCore.App.Ref/9.0.4/ref/net9.0/System.Security.Cryptography.Cng.dll /reference:/usr/share/dotnet/packs/Microsoft.NETCore.App.Ref/9.0.4/ref/net9.0/System.Security.Cryptography.Csp.dll /reference:/usr/share/dotnet/packs/Microsoft.NETCore.App.Ref/9.0.4/ref/net9.0/System.Security.Cryptography.dll /reference:/usr/share/dotnet/packs/Microsoft.NETCore.App.Ref/9.0.4/ref/net9.0/System.Security.Cryptography.Encoding.dll /reference:/usr/share/dotnet/packs/Microsoft.NETCore.App.Ref/9.0.4/ref/net9.0/System.Security.Cryptography.OpenSsl.dll /reference:/usr/share/dotnet/packs/Microsoft.NETCore.App.Ref/9.0.4/ref/net9.0/System.Security.Cryptography.Primitives.dll /reference:/home/quinngil/.nuget/packages/system.security.cryptography.protecteddata/6.0.0/lib/net6.0/System.Security.Cryptography.ProtectedData.dll /reference:/usr/share/dotnet/packs/Microsoft.NETCore.App.Ref/9.0.4/ref/net9.0/System.Security.Cryptography.X509Certificates.dll /reference:/usr/share/dotnet/packs/Microsoft.NETCore.App.Ref/9.0.4/ref/net9.0/System.Security.dll /reference:/home/quinngil/.nuget/packages/system.security.permissions/6.0.0/lib/net6.0/System.Security.Permissions.dll /reference:/usr/share/dotnet/packs/Microsoft.NETCore.App.Ref/9.0.4/ref/net9.0/System.Security.Principal.dll /reference:/usr/share/dotnet/packs/Microsoft.NETCore.App.Ref/9.0.4/ref/net9.0/System.Security.Principal.Windows.dll /reference:/usr/share/dotnet/packs/Microsoft.NETCore.App.Ref/9.0.4/ref/net9.0/System.Security.SecureString.dll /reference:/usr/share/dotnet/packs/Microsoft.NETCore.App.Ref/9.0.4/ref/net9.0/System.ServiceModel.Web.dll /reference:/usr/share/dotnet/packs/Microsoft.NETCore.App.Ref/9.0.4/ref/net9.0/System.ServiceProcess.dll /reference:/usr/share/dotnet/packs/Microsoft.NETCore.App.Ref/9.0.4/ref/net9.0/System.Text.Encoding.CodePages.dll /reference:/usr/share/dotnet/packs/Microsoft.NETCore.App.Ref/9.0.4/ref/net9.0/System.Text.Encoding.dll /reference:/usr/share/dotnet/packs/Microsoft.NETCore.App.Ref/9.0.4/ref/net9.0/System.Text.Encoding.Extensions.dll /reference:/usr/share/dotnet/packs/Microsoft.NETCore.App.Ref/9.0.4/ref/net9.0/System.Text.Encodings.Web.dll /reference:/home/quinngil/.nuget/packages/system.text.json/9.0.8/lib/net9.0/System.Text.Json.dll /reference:/usr/share/dotnet/packs/Microsoft.NETCore.App.Ref/9.0.4/ref/net9.0/System.Text.RegularExpressions.dll /reference:/usr/share/dotnet/packs/Microsoft.NETCore.App.Ref/9.0.4/ref/net9.0/System.Threading.Channels.dll /reference:/usr/share/dotnet/packs/Microsoft.NETCore.App.Ref/9.0.4/ref/net9.0/System.Threading.dll /reference:/usr/share/dotnet/packs/Microsoft.NETCore.App.Ref/9.0.4/ref/net9.0/System.Threading.Overlapped.dll /reference:/usr/share/dotnet/packs/Microsoft.NETCore.App.Ref/9.0.4/ref/net9.0/System.Threading.Tasks.Dataflow.dll /reference:/usr/share/dotnet/packs/Microsoft.NETCore.App.Ref/9.0.4/ref/net9.0/System.Threading.Tasks.dll /reference:/usr/share/dotnet/packs/Microsoft.NETCore.App.Ref/9.0.4/ref/net9.0/System.Threading.Tasks.Extensions.dll /reference:/usr/share/dotnet/packs/Microsoft.NETCore.App.Ref/9.0.4/ref/net9.0/System.Threading.Tasks.Parallel.dll /reference:/usr/share/dotnet/packs/Microsoft.NETCore.App.Ref/9.0.4/ref/net9.0/System.Threading.Thread.dll /reference:/usr/share/dotnet/packs/Microsoft.NETCore.App.Ref/9.0.4/ref/net9.0/System.Threading.ThreadPool.dll /reference:/usr/share/dotnet/packs/Microsoft.NETCore.App.Ref/9.0.4/ref/net9.0/System.Threading.Timer.dll /reference:/usr/share/dotnet/packs/Microsoft.NETCore.App.Ref/9.0.4/ref/net9.0/System.Transactions.dll /reference:/usr/share/dotnet/packs/Microsoft.NETCore.App.Ref/9.0.4/ref/net9.0/System.Transactions.Local.dll /reference:/usr/share/dotnet/packs/Microsoft.NETCore.App.Ref/9.0.4/ref/net9.0/System.ValueTuple.dll /reference:/usr/share/dotnet/packs/Microsoft.NETCore.App.Ref/9.0.4/ref/net9.0/System.Web.dll /reference:/usr/share/dotnet/packs/Microsoft.NETCore.App.Ref/9.0.4/ref/net9.0/System.Web.HttpUtility.dll /reference:/usr/share/dotnet/packs/Microsoft.NETCore.App.Ref/9.0.4/ref/net9.0/System.Windows.dll /reference:/home/quinngil/.nuget/packages/system.windows.extensions/6.0.0/lib/net6.0/System.Windows.Extensions.dll /reference:/usr/share/dotnet/packs/Microsoft.NETCore.App.Ref/9.0.4/ref/net9.0/System.Xml.dll /reference:/usr/share/dotnet/packs/Microsoft.NETCore.App.Ref/9.0.4/ref/net9.0/System.Xml.Linq.dll /reference:/usr/share/dotnet/packs/Microsoft.NETCore.App.Ref/9.0.4/ref/net9.0/System.Xml.ReaderWriter.dll /reference:/usr/share/dotnet/packs/Microsoft.NETCore.App.Ref/9.0.4/ref/net9.0/System.Xml.Serialization.dll /reference:/usr/share/dotnet/packs/Microsoft.NETCore.App.Ref/9.0.4/ref/net9.0/System.Xml.XDocument.dll /reference:/usr/share/dotnet/packs/Microsoft.NETCore.App.Ref/9.0.4/ref/net9.0/System.Xml.XmlDocument.dll /reference:/usr/share/dotnet/packs/Microsoft.NETCore.App.Ref/9.0.4/ref/net9.0/System.Xml.XmlSerializer.dll /reference:/usr/share/dotnet/packs/Microsoft.NETCore.App.Ref/9.0.4/ref/net9.0/System.Xml.XPath.dll /reference:/usr/share/dotnet/packs/Microsoft.NETCore.App.Ref/9.0.4/ref/net9.0/System.Xml.XPath.XDocument.dll /reference:/mnt/d/src/MtgDiscoveryVibeWorkspace/IMPLS/src/TestConvenience.Core/obj/Release/net9.0/ref/TestConvenience.Core.dll /reference:/home/quinngil/.nuget/packages/microsoft.testplatform.testhost/17.14.1/lib/net8.0/testhost.dll /reference:/usr/share/dotnet/packs/Microsoft.NETCore.App.Ref/9.0.4/ref/net9.0/WindowsBase.dll /debug- /debug:portable /filealign:512 /optimize+ /out:obj/Release/net9.0/Lib.Shared.Invocation.Tests.dll /refout:obj/Release/net9.0/refint/Lib.Shared.Invocation.Tests.dll /reportanalyzer /target:exe /warnaserror+ /utf8output /deterministic+ /sourcelink:obj/Release/net9.0/Lib.Shared.Invocation.Tests.sourcelink.json /langversion:latest /features:strict /embed:/home/quinngil/.nuget/packages/microsoft.net.test.sdk/17.14.1/build/net8.0/Microsoft.NET.Test.Sdk.Program.cs /embed:obj/Release/net9.0/Lib.Shared.Invocation.Tests.GlobalUsings.g.cs /embed:"obj/Release/net9.0/.NETCoreApp,Version=v9.0.AssemblyAttributes.cs" /embed:obj/Release/net9.0/Lib.Shared.Invocation.Tests.AssemblyInfo.cs /analyzerconfig:/mnt/d/src/MtgDiscoveryVibeWorkspace/IMPLS/src/.editorconfig /analyzerconfig:/home/quinngil/.nuget/packages/mstest.analyzers/3.10.1/buildTransitive/../globalconfigs/mstest-default.globalconfig /analyzerconfig:obj/Release/net9.0/Lib.Shared.Invocation.Tests.GeneratedMSBuildEditorConfig.editorconfig /analyzerconfig:/usr/share/dotnet/sdk/9.0.203/Sdks/Microsoft.NET.Sdk/analyzers/build/config/analysislevel_9_all_warnaserror.globalconfig /analyzer:/usr/share/dotnet/sdk/9.0.203/Sdks/Microsoft.NET.Sdk/targets/../analyzers/Microsoft.CodeAnalysis.CSharp.NetAnalyzers.dll /analyzer:/usr/share/dotnet/sdk/9.0.203/Sdks/Microsoft.NET.Sdk/targets/../analyzers/Microsoft.CodeAnalysis.NetAnalyzers.dll /analyzer:/usr/share/dotnet/sdk/9.0.203/Sdks/Microsoft.NET.Sdk/targets/../codestyle/cs/Microsoft.CodeAnalysis.CodeStyle.dll /analyzer:/usr/share/dotnet/sdk/9.0.203/Sdks/Microsoft.NET.Sdk/targets/../codestyle/cs/Microsoft.CodeAnalysis.CodeStyle.Fixes.dll /analyzer:/usr/share/dotnet/sdk/9.0.203/Sdks/Microsoft.NET.Sdk/targets/../codestyle/cs/Microsoft.CodeAnalysis.CSharp.CodeStyle.dll /analyzer:/usr/share/dotnet/sdk/9.0.203/Sdks/Microsoft.NET.Sdk/targets/../codestyle/cs/Microsoft.CodeAnalysis.CSharp.CodeStyle.Fixes.dll /analyzer:/home/quinngil/.nuget/packages/microsoft.codeanalysis.bannedapianalyzers/4.14.0/analyzers/dotnet/cs/Microsoft.CodeAnalysis.BannedApiAnalyzers.dll /analyzer:/home/quinngil/.nuget/packages/microsoft.codeanalysis.bannedapianalyzers/4.14.0/analyzers/dotnet/cs/Microsoft.CodeAnalysis.CSharp.BannedApiAnalyzers.dll /analyzer:/home/quinngil/.nuget/packages/microsoft.extensions.logging.abstractions/9.0.0/analyzers/dotnet/roslyn4.4/cs/Microsoft.Extensions.Logging.Generators.dll /analyzer:/home/quinngil/.nuget/packages/microsoft.extensions.options/9.0.0/analyzers/dotnet/roslyn4.4/cs/Microsoft.Extensions.Options.SourceGeneration.dll /analyzer:/home/quinngil/.nuget/packages/mstest.analyzers/3.10.1/analyzers/dotnet/cs/MSTest.Analyzers.CodeFixes.dll /analyzer:/home/quinngil/.nuget/packages/mstest.analyzers/3.10.1/analyzers/dotnet/cs/MSTest.Analyzers.dll /analyzer:/home/quinngil/.nuget/packages/system.clientmodel/1.5.1/analyzers/dotnet/cs/System.ClientModel.SourceGeneration.dll /analyzer:/home/quinngil/.nuget/packages/system.text.json/9.0.8/analyzers/dotnet/roslyn4.4/cs/System.Text.Json.SourceGeneration.dll /analyzer:/usr/share/dotnet/packs/Microsoft.NETCore.App.Ref/9.0.4/analyzers/dotnet/cs/Microsoft.Interop.ComInterfaceGenerator.dll /analyzer:/usr/share/dotnet/packs/Microsoft.NETCore.App.Ref/9.0.4/analyzers/dotnet/cs/Microsoft.Interop.JavaScript.JSImportGenerator.dll /analyzer:/usr/share/dotnet/packs/Microsoft.NETCore.App.Ref/9.0.4/analyzers/dotnet/cs/Microsoft.Interop.LibraryImportGenerator.dll /analyzer:/usr/share/dotnet/packs/Microsoft.NETCore.App.Ref/9.0.4/analyzers/dotnet/cs/Microsoft.Interop.SourceGeneration.dll /analyzer:/usr/share/dotnet/packs/Microsoft.NETCore.App.Ref/9.0.4/analyzers/dotnet/cs/System.Text.RegularExpressions.Generator.dll /additionalfile:/mnt/d/src/MtgDiscoveryVibeWorkspace/IMPLS/src/BannedSymbols.txt /additionalfile:/mnt/d/src/MtgDiscoveryVibeWorkspace/IMPLS/src/.editorconfig Commands/CommandOperationStatusMessageTests.cs Commands/ProvidedCommandOperationStatusMessageTests.cs Exceptions/OperationExceptionTests.cs Operations/OperationResponseTests.cs Operations/OperationResponseValidatorTests.cs Primitives/PrincipalIdTests.cs Requests/OperationStatusResponseValidatorTests.cs Requests/ValidatorFailedOperationResponseTests.cs Requests/ValidatorOperationExceptionTests.cs Response/Models/ResponseModelTests.cs /home/quinngil/.nuget/packages/microsoft.net.test.sdk/17.14.1/build/net8.0/Microsoft.NET.Test.Sdk.Program.cs obj/Release/net9.0/Lib.Shared.Invocation.Tests.GlobalUsings.g.cs "obj/Release/net9.0/.NETCoreApp,Version=v9.0.AssemblyAttributes.cs" obj/Release/net9.0/Lib.Shared.Invocation.Tests.AssemblyInfo.cs /warnaserror+:NU1605,SYSLIB0011
     8>CoreGenerateAssemblyInfo:
         Could not infer the type of parameter "#1" because the attribute type is unknown. The value will be treated as a string.
    37>CoreCompile:
         CompilerServer: server - server processed compilation - Lib.Adapter.UserCards.Tests (net9.0)
    23>CoreCompile:
         CompilerServer: server - server processed compilation - Lib.Shared.Invocation.Tests (net9.0)
    37>_CopyFilesMarkedCopyLocal:
         Copying file from "/mnt/d/src/MtgDiscoveryVibeWorkspace/IMPLS/src/Lib.Adapter.Scryfall.Cosmos/bin/Release/net9.0/Lib.Adapter.Scryfall.Cosmos.dll" to "/mnt/d/src/MtgDiscoveryVibeWorkspace/IMPLS/src/Lib.Adapter.UserCards.Tests/bin/Release/net9.0/Lib.Adapter.Scryfall.Cosmos.dll".
         Copying file from "/mnt/d/src/MtgDiscoveryVibeWorkspace/IMPLS/src/Lib.Adapter.UserCards/bin/Release/net9.0/Lib.Adapter.UserCards.dll" to "/mnt/d/src/MtgDiscoveryVibeWorkspace/IMPLS/src/Lib.Adapter.UserCards.Tests/bin/Release/net9.0/Lib.Adapter.UserCards.dll".
         Copying file from "/mnt/d/src/MtgDiscoveryVibeWorkspace/IMPLS/src/Lib.Cosmos/bin/Release/net9.0/Lib.Cosmos.dll" to "/mnt/d/src/MtgDiscoveryVibeWorkspace/IMPLS/src/Lib.Adapter.UserCards.Tests/bin/Release/net9.0/Lib.Cosmos.dll".
         Copying file from "/mnt/d/src/MtgDiscoveryVibeWorkspace/IMPLS/src/Lib.Scryfall.Shared/bin/Release/net9.0/Lib.Scryfall.Shared.dll" to "/mnt/d/src/MtgDiscoveryVibeWorkspace/IMPLS/src/Lib.Adapter.UserCards.Tests/bin/Release/net9.0/Lib.Scryfall.Shared.dll".
         Copying file from "/mnt/d/src/MtgDiscoveryVibeWorkspace/IMPLS/src/Lib.Shared.Abstractions/bin/Release/net9.0/Lib.Shared.Abstractions.dll" to "/mnt/d/src/MtgDiscoveryVibeWorkspace/IMPLS/src/Lib.Adapter.UserCards.Tests/bin/Release/net9.0/Lib.Shared.Abstractions.dll".
    41>_CopyOutOfDateSourceItemsToOutputDirectory:
       Skipping target "_CopyOutOfDateSourceItemsToOutputDirectory" because all output files are up-to-date with respect to the input files.
    37>_CopyFilesMarkedCopyLocal:
         Copying file from "/mnt/d/src/MtgDiscoveryVibeWorkspace/IMPLS/src/Lib.Shared.DataModels/bin/Release/net9.0/Lib.Shared.DataModels.dll" to "/mnt/d/src/MtgDiscoveryVibeWorkspace/IMPLS/src/Lib.Adapter.UserCards.Tests/bin/Release/net9.0/Lib.Shared.DataModels.dll".
     8>_GenerateSourceLinkFile:
         Updating Source Link file 'obj/Release/net9.0/Example.Scryfall.ApiDemo.sourcelink.json'.
   1:2>Project "/mnt/d/src/MtgDiscoveryVibeWorkspace/IMPLS/src/MtgDiscoveryVibe.sln" (1:2) is building "/mnt/d/src/MtgDiscoveryVibeWorkspace/IMPLS/src/Example.Scryfall.BulkIngestion/Example.Scryfall.BulkIngestion.csproj" (26:6) on node 14 (default targets).
    26>GenerateTargetFrameworkMonikerAttribute:
       Skipping target "GenerateTargetFrameworkMonikerAttribute" because all output files are up-to-date with respect to the input files.
    37>_CopyFilesMarkedCopyLocal:
         Copying file from "/mnt/d/src/MtgDiscoveryVibeWorkspace/IMPLS/src/Lib.Shared.Invocation/bin/Release/net9.0/Lib.Shared.Invocation.dll" to "/mnt/d/src/MtgDiscoveryVibeWorkspace/IMPLS/src/Lib.Adapter.UserCards.Tests/bin/Release/net9.0/Lib.Shared.Invocation.dll".
         Copying file from "/mnt/d/src/MtgDiscoveryVibeWorkspace/IMPLS/src/Lib.Universal/bin/Release/net9.0/Lib.Universal.dll" to "/mnt/d/src/MtgDiscoveryVibeWorkspace/IMPLS/src/Lib.Adapter.UserCards.Tests/bin/Release/net9.0/Lib.Universal.dll".
         Copying file from "/mnt/d/src/MtgDiscoveryVibeWorkspace/IMPLS/src/TestConvenience.Core/bin/Release/net9.0/TestConvenience.Core.dll" to "/mnt/d/src/MtgDiscoveryVibeWorkspace/IMPLS/src/Lib.Adapter.UserCards.Tests/bin/Release/net9.0/TestConvenience.Core.dll".
         Copying file from "/mnt/d/src/MtgDiscoveryVibeWorkspace/IMPLS/src/Lib.Adapter.UserCards/bin/Release/net9.0/Lib.Adapter.UserCards.pdb" to "/mnt/d/src/MtgDiscoveryVibeWorkspace/IMPLS/src/Lib.Adapter.UserCards.Tests/bin/Release/net9.0/Lib.Adapter.UserCards.pdb".
         Copying file from "/mnt/d/src/MtgDiscoveryVibeWorkspace/IMPLS/src/Lib.Adapter.Scryfall.Cosmos/bin/Release/net9.0/Lib.Adapter.Scryfall.Cosmos.pdb" to "/mnt/d/src/MtgDiscoveryVibeWorkspace/IMPLS/src/Lib.Adapter.UserCards.Tests/bin/Release/net9.0/Lib.Adapter.Scryfall.Cosmos.pdb".
         Copying file from "/mnt/d/src/MtgDiscoveryVibeWorkspace/IMPLS/src/TestConvenience.Core/bin/Release/net9.0/TestConvenience.Core.pdb" to "/mnt/d/src/MtgDiscoveryVibeWorkspace/IMPLS/src/Lib.Adapter.UserCards.Tests/bin/Release/net9.0/TestConvenience.Core.pdb".
    41>GenerateBuildDependencyFile:
       Skipping target "GenerateBuildDependencyFile" because all output files are up-to-date with respect to the input files.
    37>_CopyFilesMarkedCopyLocal:
         Copying file from "/mnt/d/src/MtgDiscoveryVibeWorkspace/IMPLS/src/Lib.Scryfall.Shared/bin/Release/net9.0/Lib.Scryfall.Shared.pdb" to "/mnt/d/src/MtgDiscoveryVibeWorkspace/IMPLS/src/Lib.Adapter.UserCards.Tests/bin/Release/net9.0/Lib.Scryfall.Shared.pdb".
         Copying file from "/mnt/d/src/MtgDiscoveryVibeWorkspace/IMPLS/src/Lib.Cosmos/bin/Release/net9.0/Lib.Cosmos.pdb" to "/mnt/d/src/MtgDiscoveryVibeWorkspace/IMPLS/src/Lib.Adapter.UserCards.Tests/bin/Release/net9.0/Lib.Cosmos.pdb".
         Copying file from "/mnt/d/src/MtgDiscoveryVibeWorkspace/IMPLS/src/Lib.Shared.Abstractions/bin/Release/net9.0/Lib.Shared.Abstractions.pdb" to "/mnt/d/src/MtgDiscoveryVibeWorkspace/IMPLS/src/Lib.Adapter.UserCards.Tests/bin/Release/net9.0/Lib.Shared.Abstractions.pdb".
         Copying file from "/mnt/d/src/MtgDiscoveryVibeWorkspace/IMPLS/src/Lib.Shared.DataModels/bin/Release/net9.0/Lib.Shared.DataModels.pdb" to "/mnt/d/src/MtgDiscoveryVibeWorkspace/IMPLS/src/Lib.Adapter.UserCards.Tests/bin/Release/net9.0/Lib.Shared.DataModels.pdb".
         Copying file from "/mnt/d/src/MtgDiscoveryVibeWorkspace/IMPLS/src/Lib.Shared.Invocation/bin/Release/net9.0/Lib.Shared.Invocation.pdb" to "/mnt/d/src/MtgDiscoveryVibeWorkspace/IMPLS/src/Lib.Adapter.UserCards.Tests/bin/Release/net9.0/Lib.Shared.Invocation.pdb".
         Copying file from "/mnt/d/src/MtgDiscoveryVibeWorkspace/IMPLS/src/Lib.Universal/bin/Release/net9.0/Lib.Universal.pdb" to "/mnt/d/src/MtgDiscoveryVibeWorkspace/IMPLS/src/Lib.Adapter.UserCards.Tests/bin/Release/net9.0/Lib.Universal.pdb".
    41>CopyFilesToOutputDirectory:
         Copying file from "/mnt/d/src/MtgDiscoveryVibeWorkspace/IMPLS/src/Lib.Aggregator.UserCards/obj/Debug/net9.0/Lib.Aggregator.UserCards.dll" to "/mnt/d/src/MtgDiscoveryVibeWorkspace/IMPLS/src/Lib.Aggregator.UserCards/bin/Debug/net9.0/Lib.Aggregator.UserCards.dll".
    23>_CopyFilesMarkedCopyLocal:
         Copying file from "/mnt/d/src/MtgDiscoveryVibeWorkspace/IMPLS/src/Lib.Shared.Invocation/bin/Release/net9.0/Lib.Shared.Invocation.dll" to "/mnt/d/src/MtgDiscoveryVibeWorkspace/IMPLS/src/Lib.Shared.Invocation.Tests/bin/Release/net9.0/Lib.Shared.Invocation.dll".
         Copying file from "/mnt/d/src/MtgDiscoveryVibeWorkspace/IMPLS/src/Lib.Universal/bin/Release/net9.0/Lib.Universal.dll" to "/mnt/d/src/MtgDiscoveryVibeWorkspace/IMPLS/src/Lib.Shared.Invocation.Tests/bin/Release/net9.0/Lib.Universal.dll".
         Copying file from "/mnt/d/src/MtgDiscoveryVibeWorkspace/IMPLS/src/Lib.Cosmos/bin/Release/net9.0/Lib.Cosmos.dll" to "/mnt/d/src/MtgDiscoveryVibeWorkspace/IMPLS/src/Lib.Shared.Invocation.Tests/bin/Release/net9.0/Lib.Cosmos.dll".
         Copying file from "/mnt/d/src/MtgDiscoveryVibeWorkspace/IMPLS/src/Lib.Shared.Abstractions/bin/Release/net9.0/Lib.Shared.Abstractions.dll" to "/mnt/d/src/MtgDiscoveryVibeWorkspace/IMPLS/src/Lib.Shared.Invocation.Tests/bin/Release/net9.0/Lib.Shared.Abstractions.dll".
         Copying file from "/mnt/d/src/MtgDiscoveryVibeWorkspace/IMPLS/src/Lib.Shared.Invocation/bin/Release/net9.0/Lib.Shared.Invocation.pdb" to "/mnt/d/src/MtgDiscoveryVibeWorkspace/IMPLS/src/Lib.Shared.Invocation.Tests/bin/Release/net9.0/Lib.Shared.Invocation.pdb".
    37>_CopyFilesMarkedCopyLocal:
         Touching "/mnt/d/src/MtgDiscoveryVibeWorkspace/IMPLS/src/Lib.Adapter.UserCards.Tests/obj/Release/net9.0/Lib.Adap.D69B2BD7.Up2Date".
    23>_CopyFilesMarkedCopyLocal:
         Copying file from "/mnt/d/src/MtgDiscoveryVibeWorkspace/IMPLS/src/TestConvenience.Core/bin/Release/net9.0/TestConvenience.Core.dll" to "/mnt/d/src/MtgDiscoveryVibeWorkspace/IMPLS/src/Lib.Shared.Invocation.Tests/bin/Release/net9.0/TestConvenience.Core.dll".
     8>CoreCompile:
         /usr/share/dotnet/dotnet exec "/usr/share/dotnet/sdk/9.0.203/Roslyn/bincore/csc.dll" /noconfig /unsafe- /checked- /nowarn:IDE0290,IDE2001,IDE0005,IDE0046,CA1716,CA1040,CA1056,CA1848,CA1515,IDE0058,1701,1702 /fullpaths /nostdlib+ /errorreport:prompt /warn:9 /define:TRACE;RELEASE;NET;NET9_0;NETCOREAPP;NET5_0_OR_GREATER;NET6_0_OR_GREATER;NET7_0_OR_GREATER;NET8_0_OR_GREATER;NET9_0_OR_GREATER;NETCOREAPP1_0_OR_GREATER;NETCOREAPP1_1_OR_GREATER;NETCOREAPP2_0_OR_GREATER;NETCOREAPP2_1_OR_GREATER;NETCOREAPP2_2_OR_GREATER;NETCOREAPP3_0_OR_GREATER;NETCOREAPP3_1_OR_GREATER /highentropyva+ /nullable:enable /reference:/home/quinngil/.nuget/packages/azure.core/1.47.1/lib/net8.0/Azure.Core.dll /reference:/home/quinngil/.nuget/packages/azure.resourcemanager.authorization/1.1.5/lib/net8.0/Azure.ResourceManager.Authorization.dll /reference:/home/quinngil/.nuget/packages/azure.resourcemanager.cosmosdb/1.3.2/lib/netstandard2.0/Azure.ResourceManager.CosmosDB.dll /reference:/home/quinngil/.nuget/packages/azure.resourcemanager/1.13.2/lib/net8.0/Azure.ResourceManager.dll /reference:/mnt/d/src/MtgDiscoveryVibeWorkspace/IMPLS/src/Example.Core/obj/Release/net9.0/ref/Example.Core.dll /reference:/home/quinngil/.nuget/packages/jetbrains.annotations/2025.2.0/lib/netstandard2.0/JetBrains.Annotations.dll /reference:/mnt/d/src/MtgDiscoveryVibeWorkspace/IMPLS/src/Lib.Adapter.Scryfall.Cosmos/obj/Release/net9.0/ref/Lib.Adapter.Scryfall.Cosmos.dll /reference:/mnt/d/src/MtgDiscoveryVibeWorkspace/IMPLS/src/Lib.Cosmos/obj/Release/net9.0/ref/Lib.Cosmos.dll /reference:/mnt/d/src/MtgDiscoveryVibeWorkspace/IMPLS/src/Lib.Scryfall.Ingestion/obj/Release/net9.0/ref/Lib.Scryfall.Ingestion.dll /reference:/mnt/d/src/MtgDiscoveryVibeWorkspace/IMPLS/src/Lib.Scryfall.Shared/obj/Release/net9.0/ref/Lib.Scryfall.Shared.dll /reference:/mnt/d/src/MtgDiscoveryVibeWorkspace/IMPLS/src/Lib.Shared.Abstractions/obj/Release/net9.0/ref/Lib.Shared.Abstractions.dll /reference:/mnt/d/src/MtgDiscoveryVibeWorkspace/IMPLS/src/Lib.Universal/obj/Release/net9.0/ref/Lib.Universal.dll /reference:/home/quinngil/.nuget/packages/microsoft.azure.cosmos/3.52.1/lib/netstandard2.0/Microsoft.Azure.Cosmos.Client.dll /reference:/home/quinngil/.nuget/packages/microsoft.azure.cosmos/3.52.1/lib/netstandard2.0/Microsoft.Azure.Cosmos.Core.dll /reference:/home/quinngil/.nuget/packages/microsoft.azure.cosmos/3.52.1/lib/netstandard2.0/Microsoft.Azure.Cosmos.Direct.dll /reference:/home/quinngil/.nuget/packages/microsoft.azure.cosmos/3.52.1/lib/netstandard2.0/Microsoft.Azure.Cosmos.Serialization.HybridRow.dll /reference:/home/quinngil/.nuget/packages/microsoft.bcl.asyncinterfaces/8.0.0/lib/netstandard2.1/Microsoft.Bcl.AsyncInterfaces.dll /reference:/home/quinngil/.nuget/packages/microsoft.bcl.hashcode/1.1.0/ref/netcoreapp2.1/Microsoft.Bcl.HashCode.dll /reference:/usr/share/dotnet/packs/Microsoft.NETCore.App.Ref/9.0.4/ref/net9.0/Microsoft.CSharp.dll /reference:/home/quinngil/.nuget/packages/microsoft.extensions.caching.abstractions/9.0.0/lib/net9.0/Microsoft.Extensions.Caching.Abstractions.dll /reference:/home/quinngil/.nuget/packages/microsoft.extensions.caching.memory/9.0.0/lib/net9.0/Microsoft.Extensions.Caching.Memory.dll /reference:/home/quinngil/.nuget/packages/microsoft.extensions.configuration.abstractions/9.0.5/lib/net9.0/Microsoft.Extensions.Configuration.Abstractions.dll /reference:/home/quinngil/.nuget/packages/microsoft.extensions.configuration.binder/9.0.0/lib/net9.0/Microsoft.Extensions.Configuration.Binder.dll /reference:/home/quinngil/.nuget/packages/microsoft.extensions.configuration.commandline/9.0.0/lib/net9.0/Microsoft.Extensions.Configuration.CommandLine.dll /reference:/home/quinngil/.nuget/packages/microsoft.extensions.configuration/9.0.0/lib/net9.0/Microsoft.Extensions.Configuration.dll /reference:/home/quinngil/.nuget/packages/microsoft.extensions.configuration.environmentvariables/9.0.0/lib/net9.0/Microsoft.Extensions.Configuration.EnvironmentVariables.dll /reference:/home/quinngil/.nuget/packages/microsoft.extensions.configuration.fileextensions/9.0.0/lib/net9.0/Microsoft.Extensions.Configuration.FileExtensions.dll /reference:/home/quinngil/.nuget/packages/microsoft.extensions.configuration.json/9.0.0/lib/net9.0/Microsoft.Extensions.Configuration.Json.dll /reference:/home/quinngil/.nuget/packages/microsoft.extensions.configuration.usersecrets/9.0.0/lib/net9.0/Microsoft.Extensions.Configuration.UserSecrets.dll /reference:/home/quinngil/.nuget/packages/microsoft.extensions.dependencyinjection.abstractions/9.0.0/lib/net9.0/Microsoft.Extensions.DependencyInjection.Abstractions.dll /reference:/home/quinngil/.nuget/packages/microsoft.extensions.dependencyinjection/9.0.0/lib/net9.0/Microsoft.Extensions.DependencyInjection.dll /reference:/home/quinngil/.nuget/packages/microsoft.extensions.diagnostics.abstractions/9.0.0/lib/net9.0/Microsoft.Extensions.Diagnostics.Abstractions.dll /reference:/home/quinngil/.nuget/packages/microsoft.extensions.diagnostics/9.0.0/lib/net9.0/Microsoft.Extensions.Diagnostics.dll /reference:/home/quinngil/.nuget/packages/microsoft.extensions.fileproviders.abstractions/9.0.0/lib/net9.0/Microsoft.Extensions.FileProviders.Abstractions.dll /reference:/home/quinngil/.nuget/packages/microsoft.extensions.fileproviders.physical/9.0.0/lib/net9.0/Microsoft.Extensions.FileProviders.Physical.dll /reference:/home/quinngil/.nuget/packages/microsoft.extensions.filesystemglobbing/9.0.0/lib/net9.0/Microsoft.Extensions.FileSystemGlobbing.dll /reference:/home/quinngil/.nuget/packages/microsoft.extensions.hosting.abstractions/9.0.0/lib/net9.0/Microsoft.Extensions.Hosting.Abstractions.dll /reference:/home/quinngil/.nuget/packages/microsoft.extensions.hosting/9.0.0/lib/net9.0/Microsoft.Extensions.Hosting.dll /reference:/home/quinngil/.nuget/packages/microsoft.extensions.logging.abstractions/9.0.0/lib/net9.0/Microsoft.Extensions.Logging.Abstractions.dll /reference:/home/quinngil/.nuget/packages/microsoft.extensions.logging.configuration/9.0.0/lib/net9.0/Microsoft.Extensions.Logging.Configuration.dll /reference:/home/quinngil/.nuget/packages/microsoft.extensions.logging.console/9.0.0/lib/net9.0/Microsoft.Extensions.Logging.Console.dll /reference:/home/quinngil/.nuget/packages/microsoft.extensions.logging.debug/9.0.0/lib/net9.0/Microsoft.Extensions.Logging.Debug.dll /reference:/home/quinngil/.nuget/packages/microsoft.extensions.logging/9.0.0/lib/net9.0/Microsoft.Extensions.Logging.dll /reference:/home/quinngil/.nuget/packages/microsoft.extensions.logging.eventlog/9.0.0/lib/net9.0/Microsoft.Extensions.Logging.EventLog.dll /reference:/home/quinngil/.nuget/packages/microsoft.extensions.logging.eventsource/9.0.0/lib/net9.0/Microsoft.Extensions.Logging.EventSource.dll /reference:/home/quinngil/.nuget/packages/microsoft.extensions.options.configurationextensions/9.0.0/lib/net9.0/Microsoft.Extensions.Options.ConfigurationExtensions.dll /reference:/home/quinngil/.nuget/packages/microsoft.extensions.options/9.0.0/lib/net9.0/Microsoft.Extensions.Options.dll /reference:/home/quinngil/.nuget/packages/microsoft.extensions.primitives/9.0.5/lib/net9.0/Microsoft.Extensions.Primitives.dll /reference:/home/quinngil/.nuget/packages/microsoft.identitymodel.abstractions/8.0.1/lib/net9.0/Microsoft.IdentityModel.Abstractions.dll /reference:/home/quinngil/.nuget/packages/microsoft.identitymodel.jsonwebtokens/8.0.1/lib/net9.0/Microsoft.IdentityModel.JsonWebTokens.dll /reference:/home/quinngil/.nuget/packages/microsoft.identitymodel.logging/8.0.1/lib/net9.0/Microsoft.IdentityModel.Logging.dll /reference:/home/quinngil/.nuget/packages/microsoft.identitymodel.tokens/8.0.1/lib/net9.0/Microsoft.IdentityModel.Tokens.dll /reference:/usr/share/dotnet/packs/Microsoft.NETCore.App.Ref/9.0.4/ref/net9.0/Microsoft.VisualBasic.Core.dll /reference:/usr/share/dotnet/packs/Microsoft.NETCore.App.Ref/9.0.4/ref/net9.0/Microsoft.VisualBasic.dll /reference:/usr/share/dotnet/packs/Microsoft.NETCore.App.Ref/9.0.4/ref/net9.0/Microsoft.Win32.Primitives.dll /reference:/usr/share/dotnet/packs/Microsoft.NETCore.App.Ref/9.0.4/ref/net9.0/Microsoft.Win32.Registry.dll /reference:/home/quinngil/.nuget/packages/microsoft.win32.systemevents/6.0.0/lib/net6.0/Microsoft.Win32.SystemEvents.dll /reference:/usr/share/dotnet/packs/Microsoft.NETCore.App.Ref/9.0.4/ref/net9.0/mscorlib.dll /reference:/usr/share/dotnet/packs/Microsoft.NETCore.App.Ref/9.0.4/ref/net9.0/netstandard.dll /reference:/home/quinngil/.nuget/packages/newtonsoft.json/13.0.3/lib/net6.0/Newtonsoft.Json.dll /reference:/home/quinngil/.nuget/packages/polly.core/8.5.2/lib/net8.0/Polly.Core.dll /reference:/home/quinngil/.nuget/packages/polly/8.5.2/lib/net6.0/Polly.dll /reference:/home/quinngil/.nuget/packages/polly.ratelimiting/8.5.2/lib/net8.0/Polly.RateLimiting.dll /reference:/usr/share/dotnet/packs/Microsoft.NETCore.App.Ref/9.0.4/ref/net9.0/System.AppContext.dll /reference:/usr/share/dotnet/packs/Microsoft.NETCore.App.Ref/9.0.4/ref/net9.0/System.Buffers.dll /reference:/home/quinngil/.nuget/packages/system.clientmodel/1.5.1/lib/net8.0/System.ClientModel.dll /reference:/usr/share/dotnet/packs/Microsoft.NETCore.App.Ref/9.0.4/ref/net9.0/System.Collections.Concurrent.dll /reference:/usr/share/dotnet/packs/Microsoft.NETCore.App.Ref/9.0.4/ref/net9.0/System.Collections.dll /reference:/usr/share/dotnet/packs/Microsoft.NETCore.App.Ref/9.0.4/ref/net9.0/System.Collections.Immutable.dll /reference:/usr/share/dotnet/packs/Microsoft.NETCore.App.Ref/9.0.4/ref/net9.0/System.Collections.NonGeneric.dll /reference:/usr/share/dotnet/packs/Microsoft.NETCore.App.Ref/9.0.4/ref/net9.0/System.Collections.Specialized.dll /reference:/usr/share/dotnet/packs/Microsoft.NETCore.App.Ref/9.0.4/ref/net9.0/System.ComponentModel.Annotations.dll /reference:/usr/share/dotnet/packs/Microsoft.NETCore.App.Ref/9.0.4/ref/net9.0/System.ComponentModel.DataAnnotations.dll /reference:/usr/share/dotnet/packs/Microsoft.NETCore.App.Ref/9.0.4/ref/net9.0/System.ComponentModel.dll /reference:/usr/share/dotnet/packs/Microsoft.NETCore.App.Ref/9.0.4/ref/net9.0/System.ComponentModel.EventBasedAsync.dll /reference:/usr/share/dotnet/packs/Microsoft.NETCore.App.Ref/9.0.4/ref/net9.0/System.ComponentModel.Primitives.dll /reference:/usr/share/dotnet/packs/Microsoft.NETCore.App.Ref/9.0.4/ref/net9.0/System.ComponentModel.TypeConverter.dll /reference:/home/quinngil/.nuget/packages/system.configuration.configurationmanager/6.0.0/lib/net6.0/System.Configuration.ConfigurationManager.dll /reference:/usr/share/dotnet/packs/Microsoft.NETCore.App.Ref/9.0.4/ref/net9.0/System.Configuration.dll /reference:/usr/share/dotnet/packs/Microsoft.NETCore.App.Ref/9.0.4/ref/net9.0/System.Console.dll /reference:/usr/share/dotnet/packs/Microsoft.NETCore.App.Ref/9.0.4/ref/net9.0/System.Core.dll /reference:/usr/share/dotnet/packs/Microsoft.NETCore.App.Ref/9.0.4/ref/net9.0/System.Data.Common.dll /reference:/usr/share/dotnet/packs/Microsoft.NETCore.App.Ref/9.0.4/ref/net9.0/System.Data.DataSetExtensions.dll /reference:/usr/share/dotnet/packs/Microsoft.NETCore.App.Ref/9.0.4/ref/net9.0/System.Data.dll /reference:/usr/share/dotnet/packs/Microsoft.NETCore.App.Ref/9.0.4/ref/net9.0/System.Diagnostics.Contracts.dll /reference:/usr/share/dotnet/packs/Microsoft.NETCore.App.Ref/9.0.4/ref/net9.0/System.Diagnostics.Debug.dll /reference:/usr/share/dotnet/packs/Microsoft.NETCore.App.Ref/9.0.4/ref/net9.0/System.Diagnostics.DiagnosticSource.dll /reference:/home/quinngil/.nuget/packages/system.diagnostics.eventlog/9.0.0/lib/net9.0/System.Diagnostics.EventLog.dll /reference:/usr/share/dotnet/packs/Microsoft.NETCore.App.Ref/9.0.4/ref/net9.0/System.Diagnostics.FileVersionInfo.dll /reference:/usr/share/dotnet/packs/Microsoft.NETCore.App.Ref/9.0.4/ref/net9.0/System.Diagnostics.Process.dll /reference:/usr/share/dotnet/packs/Microsoft.NETCore.App.Ref/9.0.4/ref/net9.0/System.Diagnostics.StackTrace.dll /reference:/usr/share/dotnet/packs/Microsoft.NETCore.App.Ref/9.0.4/ref/net9.0/System.Diagnostics.TextWriterTraceListener.dll /reference:/usr/share/dotnet/packs/Microsoft.NETCore.App.Ref/9.0.4/ref/net9.0/System.Diagnostics.Tools.dll /reference:/usr/share/dotnet/packs/Microsoft.NETCore.App.Ref/9.0.4/ref/net9.0/System.Diagnostics.TraceSource.dll /reference:/usr/share/dotnet/packs/Microsoft.NETCore.App.Ref/9.0.4/ref/net9.0/System.Diagnostics.Tracing.dll /reference:/usr/share/dotnet/packs/Microsoft.NETCore.App.Ref/9.0.4/ref/net9.0/System.dll /reference:/home/quinngil/.nuget/packages/system.drawing.common/6.0.0/lib/net6.0/System.Drawing.Common.dll /reference:/usr/share/dotnet/packs/Microsoft.NETCore.App.Ref/9.0.4/ref/net9.0/System.Drawing.dll /reference:/usr/share/dotnet/packs/Microsoft.NETCore.App.Ref/9.0.4/ref/net9.0/System.Drawing.Primitives.dll /reference:/usr/share/dotnet/packs/Microsoft.NETCore.App.Ref/9.0.4/ref/net9.0/System.Dynamic.Runtime.dll /reference:/usr/share/dotnet/packs/Microsoft.NETCore.App.Ref/9.0.4/ref/net9.0/System.Formats.Asn1.dll /reference:/usr/share/dotnet/packs/Microsoft.NETCore.App.Ref/9.0.4/ref/net9.0/System.Formats.Tar.dll /reference:/usr/share/dotnet/packs/Microsoft.NETCore.App.Ref/9.0.4/ref/net9.0/System.Globalization.Calendars.dll /reference:/usr/share/dotnet/packs/Microsoft.NETCore.App.Ref/9.0.4/ref/net9.0/System.Globalization.dll /reference:/usr/share/dotnet/packs/Microsoft.NETCore.App.Ref/9.0.4/ref/net9.0/System.Globalization.Extensions.dll /reference:/home/quinngil/.nuget/packages/system.identitymodel.tokens.jwt/8.0.1/lib/net9.0/System.IdentityModel.Tokens.Jwt.dll /reference:/usr/share/dotnet/packs/Microsoft.NETCore.App.Ref/9.0.4/ref/net9.0/System.IO.Compression.Brotli.dll /reference:/usr/share/dotnet/packs/Microsoft.NETCore.App.Ref/9.0.4/ref/net9.0/System.IO.Compression.dll /reference:/usr/share/dotnet/packs/Microsoft.NETCore.App.Ref/9.0.4/ref/net9.0/System.IO.Compression.FileSystem.dll /reference:/usr/share/dotnet/packs/Microsoft.NETCore.App.Ref/9.0.4/ref/net9.0/System.IO.Compression.ZipFile.dll /reference:/usr/share/dotnet/packs/Microsoft.NETCore.App.Ref/9.0.4/ref/net9.0/System.IO.dll /reference:/usr/share/dotnet/packs/Microsoft.NETCore.App.Ref/9.0.4/ref/net9.0/System.IO.FileSystem.AccessControl.dll /reference:/usr/share/dotnet/packs/Microsoft.NETCore.App.Ref/9.0.4/ref/net9.0/System.IO.FileSystem.dll /reference:/usr/share/dotnet/packs/Microsoft.NETCore.App.Ref/9.0.4/ref/net9.0/System.IO.FileSystem.DriveInfo.dll /reference:/usr/share/dotnet/packs/Microsoft.NETCore.App.Ref/9.0.4/ref/net9.0/System.IO.FileSystem.Primitives.dll /reference:/usr/share/dotnet/packs/Microsoft.NETCore.App.Ref/9.0.4/ref/net9.0/System.IO.FileSystem.Watcher.dll /reference:/usr/share/dotnet/packs/Microsoft.NETCore.App.Ref/9.0.4/ref/net9.0/System.IO.IsolatedStorage.dll /reference:/usr/share/dotnet/packs/Microsoft.NETCore.App.Ref/9.0.4/ref/net9.0/System.IO.MemoryMappedFiles.dll /reference:/usr/share/dotnet/packs/Microsoft.NETCore.App.Ref/9.0.4/ref/net9.0/System.IO.Pipelines.dll /reference:/usr/share/dotnet/packs/Microsoft.NETCore.App.Ref/9.0.4/ref/net9.0/System.IO.Pipes.AccessControl.dll /reference:/usr/share/dotnet/packs/Microsoft.NETCore.App.Ref/9.0.4/ref/net9.0/System.IO.Pipes.dll /reference:/usr/share/dotnet/packs/Microsoft.NETCore.App.Ref/9.0.4/ref/net9.0/System.IO.UnmanagedMemoryStream.dll /reference:/usr/share/dotnet/packs/Microsoft.NETCore.App.Ref/9.0.4/ref/net9.0/System.Linq.dll /reference:/usr/share/dotnet/packs/Microsoft.NETCore.App.Ref/9.0.4/ref/net9.0/System.Linq.Expressions.dll /reference:/usr/share/dotnet/packs/Microsoft.NETCore.App.Ref/9.0.4/ref/net9.0/System.Linq.Parallel.dll /reference:/usr/share/dotnet/packs/Microsoft.NETCore.App.Ref/9.0.4/ref/net9.0/System.Linq.Queryable.dll /reference:/home/quinngil/.nuget/packages/system.memory.data/8.0.1/lib/net8.0/System.Memory.Data.dll /reference:/usr/share/dotnet/packs/Microsoft.NETCore.App.Ref/9.0.4/ref/net9.0/System.Memory.dll /reference:/usr/share/dotnet/packs/Microsoft.NETCore.App.Ref/9.0.4/ref/net9.0/System.Net.dll /reference:/usr/share/dotnet/packs/Microsoft.NETCore.App.Ref/9.0.4/ref/net9.0/System.Net.Http.dll /reference:/usr/share/dotnet/packs/Microsoft.NETCore.App.Ref/9.0.4/ref/net9.0/System.Net.Http.Json.dll /reference:/usr/share/dotnet/packs/Microsoft.NETCore.App.Ref/9.0.4/ref/net9.0/System.Net.HttpListener.dll /reference:/usr/share/dotnet/packs/Microsoft.NETCore.App.Ref/9.0.4/ref/net9.0/System.Net.Mail.dll /reference:/usr/share/dotnet/packs/Microsoft.NETCore.App.Ref/9.0.4/ref/net9.0/System.Net.NameResolution.dll /reference:/usr/share/dotnet/packs/Microsoft.NETCore.App.Ref/9.0.4/ref/net9.0/System.Net.NetworkInformation.dll /reference:/usr/share/dotnet/packs/Microsoft.NETCore.App.Ref/9.0.4/ref/net9.0/System.Net.Ping.dll /reference:/usr/share/dotnet/packs/Microsoft.NETCore.App.Ref/9.0.4/ref/net9.0/System.Net.Primitives.dll /reference:/usr/share/dotnet/packs/Microsoft.NETCore.App.Ref/9.0.4/ref/net9.0/System.Net.Quic.dll /reference:/usr/share/dotnet/packs/Microsoft.NETCore.App.Ref/9.0.4/ref/net9.0/System.Net.Requests.dll /reference:/usr/share/dotnet/packs/Microsoft.NETCore.App.Ref/9.0.4/ref/net9.0/System.Net.Security.dll /reference:/usr/share/dotnet/packs/Microsoft.NETCore.App.Ref/9.0.4/ref/net9.0/System.Net.ServicePoint.dll /reference:/usr/share/dotnet/packs/Microsoft.NETCore.App.Ref/9.0.4/ref/net9.0/System.Net.Sockets.dll /reference:/usr/share/dotnet/packs/Microsoft.NETCore.App.Ref/9.0.4/ref/net9.0/System.Net.WebClient.dll /reference:/usr/share/dotnet/packs/Microsoft.NETCore.App.Ref/9.0.4/ref/net9.0/System.Net.WebHeaderCollection.dll /reference:/usr/share/dotnet/packs/Microsoft.NETCore.App.Ref/9.0.4/ref/net9.0/System.Net.WebProxy.dll /reference:/usr/share/dotnet/packs/Microsoft.NETCore.App.Ref/9.0.4/ref/net9.0/System.Net.WebSockets.Client.dll /reference:/usr/share/dotnet/packs/Microsoft.NETCore.App.Ref/9.0.4/ref/net9.0/System.Net.WebSockets.dll /reference:/usr/share/dotnet/packs/Microsoft.NETCore.App.Ref/9.0.4/ref/net9.0/System.Numerics.dll /reference:/usr/share/dotnet/packs/Microsoft.NETCore.App.Ref/9.0.4/ref/net9.0/System.Numerics.Vectors.dll /reference:/usr/share/dotnet/packs/Microsoft.NETCore.App.Ref/9.0.4/ref/net9.0/System.ObjectModel.dll /reference:/usr/share/dotnet/packs/Microsoft.NETCore.App.Ref/9.0.4/ref/net9.0/System.Reflection.DispatchProxy.dll /reference:/usr/share/dotnet/packs/Microsoft.NETCore.App.Ref/9.0.4/ref/net9.0/System.Reflection.dll /reference:/usr/share/dotnet/packs/Microsoft.NETCore.App.Ref/9.0.4/ref/net9.0/System.Reflection.Emit.dll /reference:/usr/share/dotnet/packs/Microsoft.NETCore.App.Ref/9.0.4/ref/net9.0/System.Reflection.Emit.ILGeneration.dll /reference:/usr/share/dotnet/packs/Microsoft.NETCore.App.Ref/9.0.4/ref/net9.0/System.Reflection.Emit.Lightweight.dll /reference:/usr/share/dotnet/packs/Microsoft.NETCore.App.Ref/9.0.4/ref/net9.0/System.Reflection.Extensions.dll /reference:/usr/share/dotnet/packs/Microsoft.NETCore.App.Ref/9.0.4/ref/net9.0/System.Reflection.Metadata.dll /reference:/usr/share/dotnet/packs/Microsoft.NETCore.App.Ref/9.0.4/ref/net9.0/System.Reflection.Primitives.dll /reference:/usr/share/dotnet/packs/Microsoft.NETCore.App.Ref/9.0.4/ref/net9.0/System.Reflection.TypeExtensions.dll /reference:/usr/share/dotnet/packs/Microsoft.NETCore.App.Ref/9.0.4/ref/net9.0/System.Resources.Reader.dll /reference:/usr/share/dotnet/packs/Microsoft.NETCore.App.Ref/9.0.4/ref/net9.0/System.Resources.ResourceManager.dll /reference:/usr/share/dotnet/packs/Microsoft.NETCore.App.Ref/9.0.4/ref/net9.0/System.Resources.Writer.dll /reference:/usr/share/dotnet/packs/Microsoft.NETCore.App.Ref/9.0.4/ref/net9.0/System.Runtime.CompilerServices.Unsafe.dll /reference:/usr/share/dotnet/packs/Microsoft.NETCore.App.Ref/9.0.4/ref/net9.0/System.Runtime.CompilerServices.VisualC.dll /reference:/usr/share/dotnet/packs/Microsoft.NETCore.App.Ref/9.0.4/ref/net9.0/System.Runtime.dll /reference:/usr/share/dotnet/packs/Microsoft.NETCore.App.Ref/9.0.4/ref/net9.0/System.Runtime.Extensions.dll /reference:/usr/share/dotnet/packs/Microsoft.NETCore.App.Ref/9.0.4/ref/net9.0/System.Runtime.Handles.dll /reference:/usr/share/dotnet/packs/Microsoft.NETCore.App.Ref/9.0.4/ref/net9.0/System.Runtime.InteropServices.dll /reference:/usr/share/dotnet/packs/Microsoft.NETCore.App.Ref/9.0.4/ref/net9.0/System.Runtime.InteropServices.JavaScript.dll /reference:/usr/share/dotnet/packs/Microsoft.NETCore.App.Ref/9.0.4/ref/net9.0/System.Runtime.InteropServices.RuntimeInformation.dll /reference:/usr/share/dotnet/packs/Microsoft.NETCore.App.Ref/9.0.4/ref/net9.0/System.Runtime.Intrinsics.dll /reference:/usr/share/dotnet/packs/Microsoft.NETCore.App.Ref/9.0.4/ref/net9.0/System.Runtime.Loader.dll /reference:/usr/share/dotnet/packs/Microsoft.NETCore.App.Ref/9.0.4/ref/net9.0/System.Runtime.Numerics.dll /reference:/usr/share/dotnet/packs/Microsoft.NETCore.App.Ref/9.0.4/ref/net9.0/System.Runtime.Serialization.dll /reference:/usr/share/dotnet/packs/Microsoft.NETCore.App.Ref/9.0.4/ref/net9.0/System.Runtime.Serialization.Formatters.dll /reference:/usr/share/dotnet/packs/Microsoft.NETCore.App.Ref/9.0.4/ref/net9.0/System.Runtime.Serialization.Json.dll /reference:/usr/share/dotnet/packs/Microsoft.NETCore.App.Ref/9.0.4/ref/net9.0/System.Runtime.Serialization.Primitives.dll /reference:/usr/share/dotnet/packs/Microsoft.NETCore.App.Ref/9.0.4/ref/net9.0/System.Runtime.Serialization.Xml.dll /reference:/usr/share/dotnet/packs/Microsoft.NETCore.App.Ref/9.0.4/ref/net9.0/System.Security.AccessControl.dll /reference:/usr/share/dotnet/packs/Microsoft.NETCore.App.Ref/9.0.4/ref/net9.0/System.Security.Claims.dll /reference:/usr/share/dotnet/packs/Microsoft.NETCore.App.Ref/9.0.4/ref/net9.0/System.Security.Cryptography.Algorithms.dll /reference:/usr/share/dotnet/packs/Microsoft.NETCore.App.Ref/9.0.4/ref/net9.0/System.Security.Cryptography.Cng.dll /reference:/usr/share/dotnet/packs/Microsoft.NETCore.App.Ref/9.0.4/ref/net9.0/System.Security.Cryptography.Csp.dll /reference:/usr/share/dotnet/packs/Microsoft.NETCore.App.Ref/9.0.4/ref/net9.0/System.Security.Cryptography.dll /reference:/usr/share/dotnet/packs/Microsoft.NETCore.App.Ref/9.0.4/ref/net9.0/System.Security.Cryptography.Encoding.dll /reference:/usr/share/dotnet/packs/Microsoft.NETCore.App.Ref/9.0.4/ref/net9.0/System.Security.Cryptography.OpenSsl.dll /reference:/usr/share/dotnet/packs/Microsoft.NETCore.App.Ref/9.0.4/ref/net9.0/System.Security.Cryptography.Primitives.dll /reference:/home/quinngil/.nuget/packages/system.security.cryptography.protecteddata/6.0.0/lib/net6.0/System.Security.Cryptography.ProtectedData.dll /reference:/usr/share/dotnet/packs/Microsoft.NETCore.App.Ref/9.0.4/ref/net9.0/System.Security.Cryptography.X509Certificates.dll /reference:/usr/share/dotnet/packs/Microsoft.NETCore.App.Ref/9.0.4/ref/net9.0/System.Security.dll /reference:/home/quinngil/.nuget/packages/system.security.permissions/6.0.0/lib/net6.0/System.Security.Permissions.dll /reference:/usr/share/dotnet/packs/Microsoft.NETCore.App.Ref/9.0.4/ref/net9.0/System.Security.Principal.dll /reference:/usr/share/dotnet/packs/Microsoft.NETCore.App.Ref/9.0.4/ref/net9.0/System.Security.Principal.Windows.dll /reference:/usr/share/dotnet/packs/Microsoft.NETCore.App.Ref/9.0.4/ref/net9.0/System.Security.SecureString.dll /reference:/usr/share/dotnet/packs/Microsoft.NETCore.App.Ref/9.0.4/ref/net9.0/System.ServiceModel.Web.dll /reference:/usr/share/dotnet/packs/Microsoft.NETCore.App.Ref/9.0.4/ref/net9.0/System.ServiceProcess.dll /reference:/usr/share/dotnet/packs/Microsoft.NETCore.App.Ref/9.0.4/ref/net9.0/System.Text.Encoding.CodePages.dll /reference:/usr/share/dotnet/packs/Microsoft.NETCore.App.Ref/9.0.4/ref/net9.0/System.Text.Encoding.dll /reference:/usr/share/dotnet/packs/Microsoft.NETCore.App.Ref/9.0.4/ref/net9.0/System.Text.Encoding.Extensions.dll /reference:/usr/share/dotnet/packs/Microsoft.NETCore.App.Ref/9.0.4/ref/net9.0/System.Text.Encodings.Web.dll /reference:/home/quinngil/.nuget/packages/system.text.json/9.0.8/lib/net9.0/System.Text.Json.dll /reference:/usr/share/dotnet/packs/Microsoft.NETCore.App.Ref/9.0.4/ref/net9.0/System.Text.RegularExpressions.dll /reference:/usr/share/dotnet/packs/Microsoft.NETCore.App.Ref/9.0.4/ref/net9.0/System.Threading.Channels.dll /reference:/usr/share/dotnet/packs/Microsoft.NETCore.App.Ref/9.0.4/ref/net9.0/System.Threading.dll /reference:/usr/share/dotnet/packs/Microsoft.NETCore.App.Ref/9.0.4/ref/net9.0/System.Threading.Overlapped.dll /reference:/home/quinngil/.nuget/packages/system.threading.ratelimiting/8.0.0/lib/net8.0/System.Threading.RateLimiting.dll /reference:/usr/share/dotnet/packs/Microsoft.NETCore.App.Ref/9.0.4/ref/net9.0/System.Threading.Tasks.Dataflow.dll /reference:/usr/share/dotnet/packs/Microsoft.NETCore.App.Ref/9.0.4/ref/net9.0/System.Threading.Tasks.dll /reference:/usr/share/dotnet/packs/Microsoft.NETCore.App.Ref/9.0.4/ref/net9.0/System.Threading.Tasks.Extensions.dll /reference:/usr/share/dotnet/packs/Microsoft.NETCore.App.Ref/9.0.4/ref/net9.0/System.Threading.Tasks.Parallel.dll /reference:/usr/share/dotnet/packs/Microsoft.NETCore.App.Ref/9.0.4/ref/net9.0/System.Threading.Thread.dll /reference:/usr/share/dotnet/packs/Microsoft.NETCore.App.Ref/9.0.4/ref/net9.0/System.Threading.ThreadPool.dll /reference:/usr/share/dotnet/packs/Microsoft.NETCore.App.Ref/9.0.4/ref/net9.0/System.Threading.Timer.dll /reference:/usr/share/dotnet/packs/Microsoft.NETCore.App.Ref/9.0.4/ref/net9.0/System.Transactions.dll /reference:/usr/share/dotnet/packs/Microsoft.NETCore.App.Ref/9.0.4/ref/net9.0/System.Transactions.Local.dll /reference:/usr/share/dotnet/packs/Microsoft.NETCore.App.Ref/9.0.4/ref/net9.0/System.ValueTuple.dll /reference:/usr/share/dotnet/packs/Microsoft.NETCore.App.Ref/9.0.4/ref/net9.0/System.Web.dll /reference:/usr/share/dotnet/packs/Microsoft.NETCore.App.Ref/9.0.4/ref/net9.0/System.Web.HttpUtility.dll /reference:/usr/share/dotnet/packs/Microsoft.NETCore.App.Ref/9.0.4/ref/net9.0/System.Windows.dll /reference:/home/quinngil/.nuget/packages/system.windows.extensions/6.0.0/lib/net6.0/System.Windows.Extensions.dll /reference:/usr/share/dotnet/packs/Microsoft.NETCore.App.Ref/9.0.4/ref/net9.0/System.Xml.dll /reference:/usr/share/dotnet/packs/Microsoft.NETCore.App.Ref/9.0.4/ref/net9.0/System.Xml.Linq.dll /reference:/usr/share/dotnet/packs/Microsoft.NETCore.App.Ref/9.0.4/ref/net9.0/System.Xml.ReaderWriter.dll /reference:/usr/share/dotnet/packs/Microsoft.NETCore.App.Ref/9.0.4/ref/net9.0/System.Xml.Serialization.dll /reference:/usr/share/dotnet/packs/Microsoft.NETCore.App.Ref/9.0.4/ref/net9.0/System.Xml.XDocument.dll /reference:/usr/share/dotnet/packs/Microsoft.NETCore.App.Ref/9.0.4/ref/net9.0/System.Xml.XmlDocument.dll /reference:/usr/share/dotnet/packs/Microsoft.NETCore.App.Ref/9.0.4/ref/net9.0/System.Xml.XmlSerializer.dll /reference:/usr/share/dotnet/packs/Microsoft.NETCore.App.Ref/9.0.4/ref/net9.0/System.Xml.XPath.dll /reference:/usr/share/dotnet/packs/Microsoft.NETCore.App.Ref/9.0.4/ref/net9.0/System.Xml.XPath.XDocument.dll /reference:/usr/share/dotnet/packs/Microsoft.NETCore.App.Ref/9.0.4/ref/net9.0/WindowsBase.dll /debug- /debug:portable /filealign:512 /optimize+ /out:obj/Release/net9.0/Example.Scryfall.ApiDemo.dll /refout:obj/Release/net9.0/refint/Example.Scryfall.ApiDemo.dll /reportanalyzer /target:exe /warnaserror+ /utf8output /deterministic+ /sourcelink:obj/Release/net9.0/Example.Scryfall.ApiDemo.sourcelink.json /langversion:latest /features:strict /embed:"obj/Release/net9.0/.NETCoreApp,Version=v9.0.AssemblyAttributes.cs" /embed:obj/Release/net9.0/Example.Scryfall.ApiDemo.AssemblyInfo.cs /analyzerconfig:/mnt/d/src/MtgDiscoveryVibeWorkspace/IMPLS/src/.editorconfig /analyzerconfig:obj/Release/net9.0/Example.Scryfall.ApiDemo.GeneratedMSBuildEditorConfig.editorconfig /analyzerconfig:/usr/share/dotnet/sdk/9.0.203/Sdks/Microsoft.NET.Sdk/analyzers/build/config/analysislevel_9_all_warnaserror.globalconfig /analyzer:/usr/share/dotnet/sdk/9.0.203/Sdks/Microsoft.NET.Sdk/targets/../analyzers/Microsoft.CodeAnalysis.CSharp.NetAnalyzers.dll /analyzer:/usr/share/dotnet/sdk/9.0.203/Sdks/Microsoft.NET.Sdk/targets/../analyzers/Microsoft.CodeAnalysis.NetAnalyzers.dll /analyzer:/usr/share/dotnet/sdk/9.0.203/Sdks/Microsoft.NET.Sdk/targets/../codestyle/cs/Microsoft.CodeAnalysis.CodeStyle.dll /analyzer:/usr/share/dotnet/sdk/9.0.203/Sdks/Microsoft.NET.Sdk/targets/../codestyle/cs/Microsoft.CodeAnalysis.CodeStyle.Fixes.dll /analyzer:/usr/share/dotnet/sdk/9.0.203/Sdks/Microsoft.NET.Sdk/targets/../codestyle/cs/Microsoft.CodeAnalysis.CSharp.CodeStyle.dll /analyzer:/usr/share/dotnet/sdk/9.0.203/Sdks/Microsoft.NET.Sdk/targets/../codestyle/cs/Microsoft.CodeAnalysis.CSharp.CodeStyle.Fixes.dll /analyzer:/home/quinngil/.nuget/packages/microsoft.codeanalysis.bannedapianalyzers/4.14.0/analyzers/dotnet/cs/Microsoft.CodeAnalysis.BannedApiAnalyzers.dll /analyzer:/home/quinngil/.nuget/packages/microsoft.codeanalysis.bannedapianalyzers/4.14.0/analyzers/dotnet/cs/Microsoft.CodeAnalysis.CSharp.BannedApiAnalyzers.dll /analyzer:/home/quinngil/.nuget/packages/microsoft.extensions.logging.abstractions/9.0.0/analyzers/dotnet/roslyn4.4/cs/Microsoft.Extensions.Logging.Generators.dll /analyzer:/home/quinngil/.nuget/packages/microsoft.extensions.options/9.0.0/analyzers/dotnet/roslyn4.4/cs/Microsoft.Extensions.Options.SourceGeneration.dll /analyzer:/home/quinngil/.nuget/packages/system.clientmodel/1.5.1/analyzers/dotnet/cs/System.ClientModel.SourceGeneration.dll /analyzer:/home/quinngil/.nuget/packages/system.text.json/9.0.8/analyzers/dotnet/roslyn4.4/cs/System.Text.Json.SourceGeneration.dll /analyzer:/usr/share/dotnet/packs/Microsoft.NETCore.App.Ref/9.0.4/analyzers/dotnet/cs/Microsoft.Interop.ComInterfaceGenerator.dll /analyzer:/usr/share/dotnet/packs/Microsoft.NETCore.App.Ref/9.0.4/analyzers/dotnet/cs/Microsoft.Interop.JavaScript.JSImportGenerator.dll /analyzer:/usr/share/dotnet/packs/Microsoft.NETCore.App.Ref/9.0.4/analyzers/dotnet/cs/Microsoft.Interop.LibraryImportGenerator.dll /analyzer:/usr/share/dotnet/packs/Microsoft.NETCore.App.Ref/9.0.4/analyzers/dotnet/cs/Microsoft.Interop.SourceGeneration.dll /analyzer:/usr/share/dotnet/packs/Microsoft.NETCore.App.Ref/9.0.4/analyzers/dotnet/cs/System.Text.RegularExpressions.Generator.dll /additionalfile:/mnt/d/src/MtgDiscoveryVibeWorkspace/IMPLS/src/BannedSymbols.txt /additionalfile:/mnt/d/src/MtgDiscoveryVibeWorkspace/IMPLS/src/.editorconfig Program.cs ScryfallApiDemoApplication.cs "obj/Release/net9.0/.NETCoreApp,Version=v9.0.AssemblyAttributes.cs" obj/Release/net9.0/Example.Scryfall.ApiDemo.AssemblyInfo.cs /warnaserror+:NU1605,SYSLIB0011
    23>_CopyFilesMarkedCopyLocal:
         Copying file from "/mnt/d/src/MtgDiscoveryVibeWorkspace/IMPLS/src/TestConvenience.Core/bin/Release/net9.0/TestConvenience.Core.pdb" to "/mnt/d/src/MtgDiscoveryVibeWorkspace/IMPLS/src/Lib.Shared.Invocation.Tests/bin/Release/net9.0/TestConvenience.Core.pdb".
         Copying file from "/mnt/d/src/MtgDiscoveryVibeWorkspace/IMPLS/src/Lib.Cosmos/bin/Release/net9.0/Lib.Cosmos.pdb" to "/mnt/d/src/MtgDiscoveryVibeWorkspace/IMPLS/src/Lib.Shared.Invocation.Tests/bin/Release/net9.0/Lib.Cosmos.pdb".
         Copying file from "/mnt/d/src/MtgDiscoveryVibeWorkspace/IMPLS/src/Lib.Shared.Abstractions/bin/Release/net9.0/Lib.Shared.Abstractions.pdb" to "/mnt/d/src/MtgDiscoveryVibeWorkspace/IMPLS/src/Lib.Shared.Invocation.Tests/bin/Release/net9.0/Lib.Shared.Abstractions.pdb".
         Copying file from "/mnt/d/src/MtgDiscoveryVibeWorkspace/IMPLS/src/Lib.Universal/bin/Release/net9.0/Lib.Universal.pdb" to "/mnt/d/src/MtgDiscoveryVibeWorkspace/IMPLS/src/Lib.Shared.Invocation.Tests/bin/Release/net9.0/Lib.Universal.pdb".
   1:2>Project "/mnt/d/src/MtgDiscoveryVibeWorkspace/IMPLS/src/MtgDiscoveryVibe.sln" (1:2) is building "/mnt/d/src/MtgDiscoveryVibeWorkspace/IMPLS/src/Example.Scryfall.CosmosIngestion/Example.Scryfall.CosmosIngestion.csproj" (4:6) on node 2 (default targets).
     4>GenerateTargetFrameworkMonikerAttribute:
       Skipping target "GenerateTargetFrameworkMonikerAttribute" because all output files are up-to-date with respect to the input files.
    26>CoreGenerateAssemblyInfo:
         Could not infer the type of parameter "#1" because the attribute type is unknown. The value will be treated as a string.
    23>_CopyFilesMarkedCopyLocal:
         Touching "/mnt/d/src/MtgDiscoveryVibeWorkspace/IMPLS/src/Lib.Shared.Invocation.Tests/obj/Release/net9.0/Lib.Shar.20A8ED40.Up2Date".
    41>CopyFilesToOutputDirectory:
         Copying reference assembly from "obj/Debug/net9.0/refint/Lib.Aggregator.UserCards.dll" to "/mnt/d/src/MtgDiscoveryVibeWorkspace/IMPLS/src/Lib.Aggregator.UserCards/obj/Debug/net9.0/ref/Lib.Aggregator.UserCards.dll".
         Lib.Aggregator.UserCards -> /mnt/d/src/MtgDiscoveryVibeWorkspace/IMPLS/src/Lib.Aggregator.UserCards/bin/Debug/net9.0/Lib.Aggregator.UserCards.dll
         Copying file from "/mnt/d/src/MtgDiscoveryVibeWorkspace/IMPLS/src/Lib.Aggregator.UserCards/obj/Debug/net9.0/Lib.Aggregator.UserCards.pdb" to "/mnt/d/src/MtgDiscoveryVibeWorkspace/IMPLS/src/Lib.Aggregator.UserCards/bin/Debug/net9.0/Lib.Aggregator.UserCards.pdb".
    41>Done Building Project "/mnt/d/src/MtgDiscoveryVibeWorkspace/IMPLS/src/Lib.Aggregator.UserCards/Lib.Aggregator.UserCards.csproj" (default targets).
     4>CoreGenerateAssemblyInfo:
         Could not infer the type of parameter "#1" because the attribute type is unknown. The value will be treated as a string.
    26>_GenerateSourceLinkFile:
         Updating Source Link file 'obj/Release/net9.0/Example.Scryfall.BulkIngestion.sourcelink.json'.
    37>_CopyOutOfDateSourceItemsToOutputDirectory:
       Building target "_CopyOutOfDateSourceItemsToOutputDirectory" partially, because some output files are out of date with respect to their input files.
         Copying file from "/mnt/d/src/MtgDiscoveryVibeWorkspace/IMPLS/src/TestConvenience.Core/bin/Release/net9.0/TestConvenience.Core.runtimeconfig.json" to "/mnt/d/src/MtgDiscoveryVibeWorkspace/IMPLS/src/Lib.Adapter.UserCards.Tests/bin/Release/net9.0/TestConvenience.Core.runtimeconfig.json".
         Copying file from "/mnt/d/src/MtgDiscoveryVibeWorkspace/IMPLS/src/TestConvenience.Core/bin/Release/net9.0/TestConvenience.Core.deps.json" to "/mnt/d/src/MtgDiscoveryVibeWorkspace/IMPLS/src/Lib.Adapter.UserCards.Tests/bin/Release/net9.0/TestConvenience.Core.deps.json".
    23>_CopyOutOfDateSourceItemsToOutputDirectory:
       Building target "_CopyOutOfDateSourceItemsToOutputDirectory" partially, because some output files are out of date with respect to their input files.
         Copying file from "/mnt/d/src/MtgDiscoveryVibeWorkspace/IMPLS/src/TestConvenience.Core/bin/Release/net9.0/TestConvenience.Core.deps.json" to "/mnt/d/src/MtgDiscoveryVibeWorkspace/IMPLS/src/Lib.Shared.Invocation.Tests/bin/Release/net9.0/TestConvenience.Core.deps.json".
         Copying file from "/mnt/d/src/MtgDiscoveryVibeWorkspace/IMPLS/src/TestConvenience.Core/bin/Release/net9.0/TestConvenience.Core.runtimeconfig.json" to "/mnt/d/src/MtgDiscoveryVibeWorkspace/IMPLS/src/Lib.Shared.Invocation.Tests/bin/Release/net9.0/TestConvenience.Core.runtimeconfig.json".
    26>CoreCompile:
         /usr/share/dotnet/dotnet exec "/usr/share/dotnet/sdk/9.0.203/Roslyn/bincore/csc.dll" /noconfig /unsafe- /checked- /nowarn:IDE0290,IDE2001,IDE0005,IDE0046,CA1716,CA1040,CA1056,CA1848,CA1515,IDE0058,1701,1702 /fullpaths /nostdlib+ /errorreport:prompt /warn:9 /define:TRACE;RELEASE;NET;NET9_0;NETCOREAPP;NET5_0_OR_GREATER;NET6_0_OR_GREATER;NET7_0_OR_GREATER;NET8_0_OR_GREATER;NET9_0_OR_GREATER;NETCOREAPP1_0_OR_GREATER;NETCOREAPP1_1_OR_GREATER;NETCOREAPP2_0_OR_GREATER;NETCOREAPP2_1_OR_GREATER;NETCOREAPP2_2_OR_GREATER;NETCOREAPP3_0_OR_GREATER;NETCOREAPP3_1_OR_GREATER /highentropyva+ /nullable:warnings /reference:/home/quinngil/.nuget/packages/azure.core/1.47.1/lib/net8.0/Azure.Core.dll /reference:/home/quinngil/.nuget/packages/azure.resourcemanager.authorization/1.1.5/lib/net8.0/Azure.ResourceManager.Authorization.dll /reference:/home/quinngil/.nuget/packages/azure.resourcemanager.cosmosdb/1.3.2/lib/netstandard2.0/Azure.ResourceManager.CosmosDB.dll /reference:/home/quinngil/.nuget/packages/azure.resourcemanager/1.13.2/lib/net8.0/Azure.ResourceManager.dll /reference:/mnt/d/src/MtgDiscoveryVibeWorkspace/IMPLS/src/Example.Core/obj/Release/net9.0/ref/Example.Core.dll /reference:/home/quinngil/.nuget/packages/jetbrains.annotations/2025.2.0/lib/netstandard2.0/JetBrains.Annotations.dll /reference:/mnt/d/src/MtgDiscoveryVibeWorkspace/IMPLS/src/Lib.Adapter.Scryfall.Cosmos/obj/Release/net9.0/ref/Lib.Adapter.Scryfall.Cosmos.dll /reference:/mnt/d/src/MtgDiscoveryVibeWorkspace/IMPLS/src/Lib.Cosmos/obj/Release/net9.0/ref/Lib.Cosmos.dll /reference:/mnt/d/src/MtgDiscoveryVibeWorkspace/IMPLS/src/Lib.Scryfall.Ingestion/obj/Release/net9.0/ref/Lib.Scryfall.Ingestion.dll /reference:/mnt/d/src/MtgDiscoveryVibeWorkspace/IMPLS/src/Lib.Scryfall.Shared/obj/Release/net9.0/ref/Lib.Scryfall.Shared.dll /reference:/mnt/d/src/MtgDiscoveryVibeWorkspace/IMPLS/src/Lib.Shared.Abstractions/obj/Release/net9.0/ref/Lib.Shared.Abstractions.dll /reference:/mnt/d/src/MtgDiscoveryVibeWorkspace/IMPLS/src/Lib.Universal/obj/Release/net9.0/ref/Lib.Universal.dll /reference:/home/quinngil/.nuget/packages/microsoft.azure.cosmos/3.52.1/lib/netstandard2.0/Microsoft.Azure.Cosmos.Client.dll /reference:/home/quinngil/.nuget/packages/microsoft.azure.cosmos/3.52.1/lib/netstandard2.0/Microsoft.Azure.Cosmos.Core.dll /reference:/home/quinngil/.nuget/packages/microsoft.azure.cosmos/3.52.1/lib/netstandard2.0/Microsoft.Azure.Cosmos.Direct.dll /reference:/home/quinngil/.nuget/packages/microsoft.azure.cosmos/3.52.1/lib/netstandard2.0/Microsoft.Azure.Cosmos.Serialization.HybridRow.dll /reference:/home/quinngil/.nuget/packages/microsoft.bcl.asyncinterfaces/8.0.0/lib/netstandard2.1/Microsoft.Bcl.AsyncInterfaces.dll /reference:/home/quinngil/.nuget/packages/microsoft.bcl.hashcode/1.1.0/ref/netcoreapp2.1/Microsoft.Bcl.HashCode.dll /reference:/usr/share/dotnet/packs/Microsoft.NETCore.App.Ref/9.0.4/ref/net9.0/Microsoft.CSharp.dll /reference:/home/quinngil/.nuget/packages/microsoft.extensions.caching.abstractions/9.0.0/lib/net9.0/Microsoft.Extensions.Caching.Abstractions.dll /reference:/home/quinngil/.nuget/packages/microsoft.extensions.caching.memory/9.0.0/lib/net9.0/Microsoft.Extensions.Caching.Memory.dll /reference:/home/quinngil/.nuget/packages/microsoft.extensions.configuration.abstractions/9.0.5/lib/net9.0/Microsoft.Extensions.Configuration.Abstractions.dll /reference:/home/quinngil/.nuget/packages/microsoft.extensions.configuration.binder/9.0.0/lib/net9.0/Microsoft.Extensions.Configuration.Binder.dll /reference:/home/quinngil/.nuget/packages/microsoft.extensions.configuration.commandline/9.0.0/lib/net9.0/Microsoft.Extensions.Configuration.CommandLine.dll /reference:/home/quinngil/.nuget/packages/microsoft.extensions.configuration/9.0.0/lib/net9.0/Microsoft.Extensions.Configuration.dll /reference:/home/quinngil/.nuget/packages/microsoft.extensions.configuration.environmentvariables/9.0.0/lib/net9.0/Microsoft.Extensions.Configuration.EnvironmentVariables.dll /reference:/home/quinngil/.nuget/packages/microsoft.extensions.configuration.fileextensions/9.0.0/lib/net9.0/Microsoft.Extensions.Configuration.FileExtensions.dll /reference:/home/quinngil/.nuget/packages/microsoft.extensions.configuration.json/9.0.0/lib/net9.0/Microsoft.Extensions.Configuration.Json.dll /reference:/home/quinngil/.nuget/packages/microsoft.extensions.configuration.usersecrets/9.0.0/lib/net9.0/Microsoft.Extensions.Configuration.UserSecrets.dll /reference:/home/quinngil/.nuget/packages/microsoft.extensions.dependencyinjection.abstractions/9.0.0/lib/net9.0/Microsoft.Extensions.DependencyInjection.Abstractions.dll /reference:/home/quinngil/.nuget/packages/microsoft.extensions.dependencyinjection/9.0.0/lib/net9.0/Microsoft.Extensions.DependencyInjection.dll /reference:/home/quinngil/.nuget/packages/microsoft.extensions.diagnostics.abstractions/9.0.0/lib/net9.0/Microsoft.Extensions.Diagnostics.Abstractions.dll /reference:/home/quinngil/.nuget/packages/microsoft.extensions.diagnostics/9.0.0/lib/net9.0/Microsoft.Extensions.Diagnostics.dll /reference:/home/quinngil/.nuget/packages/microsoft.extensions.fileproviders.abstractions/9.0.0/lib/net9.0/Microsoft.Extensions.FileProviders.Abstractions.dll /reference:/home/quinngil/.nuget/packages/microsoft.extensions.fileproviders.physical/9.0.0/lib/net9.0/Microsoft.Extensions.FileProviders.Physical.dll /reference:/home/quinngil/.nuget/packages/microsoft.extensions.filesystemglobbing/9.0.0/lib/net9.0/Microsoft.Extensions.FileSystemGlobbing.dll /reference:/home/quinngil/.nuget/packages/microsoft.extensions.hosting.abstractions/9.0.0/lib/net9.0/Microsoft.Extensions.Hosting.Abstractions.dll /reference:/home/quinngil/.nuget/packages/microsoft.extensions.hosting/9.0.0/lib/net9.0/Microsoft.Extensions.Hosting.dll /reference:/home/quinngil/.nuget/packages/microsoft.extensions.logging.abstractions/9.0.0/lib/net9.0/Microsoft.Extensions.Logging.Abstractions.dll /reference:/home/quinngil/.nuget/packages/microsoft.extensions.logging.configuration/9.0.0/lib/net9.0/Microsoft.Extensions.Logging.Configuration.dll /reference:/home/quinngil/.nuget/packages/microsoft.extensions.logging.console/9.0.0/lib/net9.0/Microsoft.Extensions.Logging.Console.dll /reference:/home/quinngil/.nuget/packages/microsoft.extensions.logging.debug/9.0.0/lib/net9.0/Microsoft.Extensions.Logging.Debug.dll /reference:/home/quinngil/.nuget/packages/microsoft.extensions.logging/9.0.0/lib/net9.0/Microsoft.Extensions.Logging.dll /reference:/home/quinngil/.nuget/packages/microsoft.extensions.logging.eventlog/9.0.0/lib/net9.0/Microsoft.Extensions.Logging.EventLog.dll /reference:/home/quinngil/.nuget/packages/microsoft.extensions.logging.eventsource/9.0.0/lib/net9.0/Microsoft.Extensions.Logging.EventSource.dll /reference:/home/quinngil/.nuget/packages/microsoft.extensions.options.configurationextensions/9.0.0/lib/net9.0/Microsoft.Extensions.Options.ConfigurationExtensions.dll /reference:/home/quinngil/.nuget/packages/microsoft.extensions.options/9.0.0/lib/net9.0/Microsoft.Extensions.Options.dll /reference:/home/quinngil/.nuget/packages/microsoft.extensions.primitives/9.0.5/lib/net9.0/Microsoft.Extensions.Primitives.dll /reference:/home/quinngil/.nuget/packages/microsoft.identitymodel.abstractions/8.0.1/lib/net9.0/Microsoft.IdentityModel.Abstractions.dll /reference:/home/quinngil/.nuget/packages/microsoft.identitymodel.jsonwebtokens/8.0.1/lib/net9.0/Microsoft.IdentityModel.JsonWebTokens.dll /reference:/home/quinngil/.nuget/packages/microsoft.identitymodel.logging/8.0.1/lib/net9.0/Microsoft.IdentityModel.Logging.dll /reference:/home/quinngil/.nuget/packages/microsoft.identitymodel.tokens/8.0.1/lib/net9.0/Microsoft.IdentityModel.Tokens.dll /reference:/usr/share/dotnet/packs/Microsoft.NETCore.App.Ref/9.0.4/ref/net9.0/Microsoft.VisualBasic.Core.dll /reference:/usr/share/dotnet/packs/Microsoft.NETCore.App.Ref/9.0.4/ref/net9.0/Microsoft.VisualBasic.dll /reference:/usr/share/dotnet/packs/Microsoft.NETCore.App.Ref/9.0.4/ref/net9.0/Microsoft.Win32.Primitives.dll /reference:/usr/share/dotnet/packs/Microsoft.NETCore.App.Ref/9.0.4/ref/net9.0/Microsoft.Win32.Registry.dll /reference:/home/quinngil/.nuget/packages/microsoft.win32.systemevents/6.0.0/lib/net6.0/Microsoft.Win32.SystemEvents.dll /reference:/usr/share/dotnet/packs/Microsoft.NETCore.App.Ref/9.0.4/ref/net9.0/mscorlib.dll /reference:/usr/share/dotnet/packs/Microsoft.NETCore.App.Ref/9.0.4/ref/net9.0/netstandard.dll /reference:/home/quinngil/.nuget/packages/newtonsoft.json/13.0.3/lib/net6.0/Newtonsoft.Json.dll /reference:/home/quinngil/.nuget/packages/polly.core/8.5.2/lib/net8.0/Polly.Core.dll /reference:/home/quinngil/.nuget/packages/polly/8.5.2/lib/net6.0/Polly.dll /reference:/home/quinngil/.nuget/packages/polly.ratelimiting/8.5.2/lib/net8.0/Polly.RateLimiting.dll /reference:/usr/share/dotnet/packs/Microsoft.NETCore.App.Ref/9.0.4/ref/net9.0/System.AppContext.dll /reference:/usr/share/dotnet/packs/Microsoft.NETCore.App.Ref/9.0.4/ref/net9.0/System.Buffers.dll /reference:/home/quinngil/.nuget/packages/system.clientmodel/1.5.1/lib/net8.0/System.ClientModel.dll /reference:/usr/share/dotnet/packs/Microsoft.NETCore.App.Ref/9.0.4/ref/net9.0/System.Collections.Concurrent.dll /reference:/usr/share/dotnet/packs/Microsoft.NETCore.App.Ref/9.0.4/ref/net9.0/System.Collections.dll /reference:/usr/share/dotnet/packs/Microsoft.NETCore.App.Ref/9.0.4/ref/net9.0/System.Collections.Immutable.dll /reference:/usr/share/dotnet/packs/Microsoft.NETCore.App.Ref/9.0.4/ref/net9.0/System.Collections.NonGeneric.dll /reference:/usr/share/dotnet/packs/Microsoft.NETCore.App.Ref/9.0.4/ref/net9.0/System.Collections.Specialized.dll /reference:/usr/share/dotnet/packs/Microsoft.NETCore.App.Ref/9.0.4/ref/net9.0/System.ComponentModel.Annotations.dll /reference:/usr/share/dotnet/packs/Microsoft.NETCore.App.Ref/9.0.4/ref/net9.0/System.ComponentModel.DataAnnotations.dll /reference:/usr/share/dotnet/packs/Microsoft.NETCore.App.Ref/9.0.4/ref/net9.0/System.ComponentModel.dll /reference:/usr/share/dotnet/packs/Microsoft.NETCore.App.Ref/9.0.4/ref/net9.0/System.ComponentModel.EventBasedAsync.dll /reference:/usr/share/dotnet/packs/Microsoft.NETCore.App.Ref/9.0.4/ref/net9.0/System.ComponentModel.Primitives.dll /reference:/usr/share/dotnet/packs/Microsoft.NETCore.App.Ref/9.0.4/ref/net9.0/System.ComponentModel.TypeConverter.dll /reference:/home/quinngil/.nuget/packages/system.configuration.configurationmanager/6.0.0/lib/net6.0/System.Configuration.ConfigurationManager.dll /reference:/usr/share/dotnet/packs/Microsoft.NETCore.App.Ref/9.0.4/ref/net9.0/System.Configuration.dll /reference:/usr/share/dotnet/packs/Microsoft.NETCore.App.Ref/9.0.4/ref/net9.0/System.Console.dll /reference:/usr/share/dotnet/packs/Microsoft.NETCore.App.Ref/9.0.4/ref/net9.0/System.Core.dll /reference:/usr/share/dotnet/packs/Microsoft.NETCore.App.Ref/9.0.4/ref/net9.0/System.Data.Common.dll /reference:/usr/share/dotnet/packs/Microsoft.NETCore.App.Ref/9.0.4/ref/net9.0/System.Data.DataSetExtensions.dll /reference:/usr/share/dotnet/packs/Microsoft.NETCore.App.Ref/9.0.4/ref/net9.0/System.Data.dll /reference:/usr/share/dotnet/packs/Microsoft.NETCore.App.Ref/9.0.4/ref/net9.0/System.Diagnostics.Contracts.dll /reference:/usr/share/dotnet/packs/Microsoft.NETCore.App.Ref/9.0.4/ref/net9.0/System.Diagnostics.Debug.dll /reference:/usr/share/dotnet/packs/Microsoft.NETCore.App.Ref/9.0.4/ref/net9.0/System.Diagnostics.DiagnosticSource.dll /reference:/home/quinngil/.nuget/packages/system.diagnostics.eventlog/9.0.0/lib/net9.0/System.Diagnostics.EventLog.dll /reference:/usr/share/dotnet/packs/Microsoft.NETCore.App.Ref/9.0.4/ref/net9.0/System.Diagnostics.FileVersionInfo.dll /reference:/usr/share/dotnet/packs/Microsoft.NETCore.App.Ref/9.0.4/ref/net9.0/System.Diagnostics.Process.dll /reference:/usr/share/dotnet/packs/Microsoft.NETCore.App.Ref/9.0.4/ref/net9.0/System.Diagnostics.StackTrace.dll /reference:/usr/share/dotnet/packs/Microsoft.NETCore.App.Ref/9.0.4/ref/net9.0/System.Diagnostics.TextWriterTraceListener.dll /reference:/usr/share/dotnet/packs/Microsoft.NETCore.App.Ref/9.0.4/ref/net9.0/System.Diagnostics.Tools.dll /reference:/usr/share/dotnet/packs/Microsoft.NETCore.App.Ref/9.0.4/ref/net9.0/System.Diagnostics.TraceSource.dll /reference:/usr/share/dotnet/packs/Microsoft.NETCore.App.Ref/9.0.4/ref/net9.0/System.Diagnostics.Tracing.dll /reference:/usr/share/dotnet/packs/Microsoft.NETCore.App.Ref/9.0.4/ref/net9.0/System.dll /reference:/home/quinngil/.nuget/packages/system.drawing.common/6.0.0/lib/net6.0/System.Drawing.Common.dll /reference:/usr/share/dotnet/packs/Microsoft.NETCore.App.Ref/9.0.4/ref/net9.0/System.Drawing.dll /reference:/usr/share/dotnet/packs/Microsoft.NETCore.App.Ref/9.0.4/ref/net9.0/System.Drawing.Primitives.dll /reference:/usr/share/dotnet/packs/Microsoft.NETCore.App.Ref/9.0.4/ref/net9.0/System.Dynamic.Runtime.dll /reference:/usr/share/dotnet/packs/Microsoft.NETCore.App.Ref/9.0.4/ref/net9.0/System.Formats.Asn1.dll /reference:/usr/share/dotnet/packs/Microsoft.NETCore.App.Ref/9.0.4/ref/net9.0/System.Formats.Tar.dll /reference:/usr/share/dotnet/packs/Microsoft.NETCore.App.Ref/9.0.4/ref/net9.0/System.Globalization.Calendars.dll /reference:/usr/share/dotnet/packs/Microsoft.NETCore.App.Ref/9.0.4/ref/net9.0/System.Globalization.dll /reference:/usr/share/dotnet/packs/Microsoft.NETCore.App.Ref/9.0.4/ref/net9.0/System.Globalization.Extensions.dll /reference:/home/quinngil/.nuget/packages/system.identitymodel.tokens.jwt/8.0.1/lib/net9.0/System.IdentityModel.Tokens.Jwt.dll /reference:/usr/share/dotnet/packs/Microsoft.NETCore.App.Ref/9.0.4/ref/net9.0/System.IO.Compression.Brotli.dll /reference:/usr/share/dotnet/packs/Microsoft.NETCore.App.Ref/9.0.4/ref/net9.0/System.IO.Compression.dll /reference:/usr/share/dotnet/packs/Microsoft.NETCore.App.Ref/9.0.4/ref/net9.0/System.IO.Compression.FileSystem.dll /reference:/usr/share/dotnet/packs/Microsoft.NETCore.App.Ref/9.0.4/ref/net9.0/System.IO.Compression.ZipFile.dll /reference:/usr/share/dotnet/packs/Microsoft.NETCore.App.Ref/9.0.4/ref/net9.0/System.IO.dll /reference:/usr/share/dotnet/packs/Microsoft.NETCore.App.Ref/9.0.4/ref/net9.0/System.IO.FileSystem.AccessControl.dll /reference:/usr/share/dotnet/packs/Microsoft.NETCore.App.Ref/9.0.4/ref/net9.0/System.IO.FileSystem.dll /reference:/usr/share/dotnet/packs/Microsoft.NETCore.App.Ref/9.0.4/ref/net9.0/System.IO.FileSystem.DriveInfo.dll /reference:/usr/share/dotnet/packs/Microsoft.NETCore.App.Ref/9.0.4/ref/net9.0/System.IO.FileSystem.Primitives.dll /reference:/usr/share/dotnet/packs/Microsoft.NETCore.App.Ref/9.0.4/ref/net9.0/System.IO.FileSystem.Watcher.dll /reference:/usr/share/dotnet/packs/Microsoft.NETCore.App.Ref/9.0.4/ref/net9.0/System.IO.IsolatedStorage.dll /reference:/usr/share/dotnet/packs/Microsoft.NETCore.App.Ref/9.0.4/ref/net9.0/System.IO.MemoryMappedFiles.dll /reference:/usr/share/dotnet/packs/Microsoft.NETCore.App.Ref/9.0.4/ref/net9.0/System.IO.Pipelines.dll /reference:/usr/share/dotnet/packs/Microsoft.NETCore.App.Ref/9.0.4/ref/net9.0/System.IO.Pipes.AccessControl.dll /reference:/usr/share/dotnet/packs/Microsoft.NETCore.App.Ref/9.0.4/ref/net9.0/System.IO.Pipes.dll /reference:/usr/share/dotnet/packs/Microsoft.NETCore.App.Ref/9.0.4/ref/net9.0/System.IO.UnmanagedMemoryStream.dll /reference:/usr/share/dotnet/packs/Microsoft.NETCore.App.Ref/9.0.4/ref/net9.0/System.Linq.dll /reference:/usr/share/dotnet/packs/Microsoft.NETCore.App.Ref/9.0.4/ref/net9.0/System.Linq.Expressions.dll /reference:/usr/share/dotnet/packs/Microsoft.NETCore.App.Ref/9.0.4/ref/net9.0/System.Linq.Parallel.dll /reference:/usr/share/dotnet/packs/Microsoft.NETCore.App.Ref/9.0.4/ref/net9.0/System.Linq.Queryable.dll /reference:/home/quinngil/.nuget/packages/system.memory.data/8.0.1/lib/net8.0/System.Memory.Data.dll /reference:/usr/share/dotnet/packs/Microsoft.NETCore.App.Ref/9.0.4/ref/net9.0/System.Memory.dll /reference:/usr/share/dotnet/packs/Microsoft.NETCore.App.Ref/9.0.4/ref/net9.0/System.Net.dll /reference:/usr/share/dotnet/packs/Microsoft.NETCore.App.Ref/9.0.4/ref/net9.0/System.Net.Http.dll /reference:/usr/share/dotnet/packs/Microsoft.NETCore.App.Ref/9.0.4/ref/net9.0/System.Net.Http.Json.dll /reference:/usr/share/dotnet/packs/Microsoft.NETCore.App.Ref/9.0.4/ref/net9.0/System.Net.HttpListener.dll /reference:/usr/share/dotnet/packs/Microsoft.NETCore.App.Ref/9.0.4/ref/net9.0/System.Net.Mail.dll /reference:/usr/share/dotnet/packs/Microsoft.NETCore.App.Ref/9.0.4/ref/net9.0/System.Net.NameResolution.dll /reference:/usr/share/dotnet/packs/Microsoft.NETCore.App.Ref/9.0.4/ref/net9.0/System.Net.NetworkInformation.dll /reference:/usr/share/dotnet/packs/Microsoft.NETCore.App.Ref/9.0.4/ref/net9.0/System.Net.Ping.dll /reference:/usr/share/dotnet/packs/Microsoft.NETCore.App.Ref/9.0.4/ref/net9.0/System.Net.Primitives.dll /reference:/usr/share/dotnet/packs/Microsoft.NETCore.App.Ref/9.0.4/ref/net9.0/System.Net.Quic.dll /reference:/usr/share/dotnet/packs/Microsoft.NETCore.App.Ref/9.0.4/ref/net9.0/System.Net.Requests.dll /reference:/usr/share/dotnet/packs/Microsoft.NETCore.App.Ref/9.0.4/ref/net9.0/System.Net.Security.dll /reference:/usr/share/dotnet/packs/Microsoft.NETCore.App.Ref/9.0.4/ref/net9.0/System.Net.ServicePoint.dll /reference:/usr/share/dotnet/packs/Microsoft.NETCore.App.Ref/9.0.4/ref/net9.0/System.Net.Sockets.dll /reference:/usr/share/dotnet/packs/Microsoft.NETCore.App.Ref/9.0.4/ref/net9.0/System.Net.WebClient.dll /reference:/usr/share/dotnet/packs/Microsoft.NETCore.App.Ref/9.0.4/ref/net9.0/System.Net.WebHeaderCollection.dll /reference:/usr/share/dotnet/packs/Microsoft.NETCore.App.Ref/9.0.4/ref/net9.0/System.Net.WebProxy.dll /reference:/usr/share/dotnet/packs/Microsoft.NETCore.App.Ref/9.0.4/ref/net9.0/System.Net.WebSockets.Client.dll /reference:/usr/share/dotnet/packs/Microsoft.NETCore.App.Ref/9.0.4/ref/net9.0/System.Net.WebSockets.dll /reference:/usr/share/dotnet/packs/Microsoft.NETCore.App.Ref/9.0.4/ref/net9.0/System.Numerics.dll /reference:/usr/share/dotnet/packs/Microsoft.NETCore.App.Ref/9.0.4/ref/net9.0/System.Numerics.Vectors.dll /reference:/usr/share/dotnet/packs/Microsoft.NETCore.App.Ref/9.0.4/ref/net9.0/System.ObjectModel.dll /reference:/usr/share/dotnet/packs/Microsoft.NETCore.App.Ref/9.0.4/ref/net9.0/System.Reflection.DispatchProxy.dll /reference:/usr/share/dotnet/packs/Microsoft.NETCore.App.Ref/9.0.4/ref/net9.0/System.Reflection.dll /reference:/usr/share/dotnet/packs/Microsoft.NETCore.App.Ref/9.0.4/ref/net9.0/System.Reflection.Emit.dll /reference:/usr/share/dotnet/packs/Microsoft.NETCore.App.Ref/9.0.4/ref/net9.0/System.Reflection.Emit.ILGeneration.dll /reference:/usr/share/dotnet/packs/Microsoft.NETCore.App.Ref/9.0.4/ref/net9.0/System.Reflection.Emit.Lightweight.dll /reference:/usr/share/dotnet/packs/Microsoft.NETCore.App.Ref/9.0.4/ref/net9.0/System.Reflection.Extensions.dll /reference:/usr/share/dotnet/packs/Microsoft.NETCore.App.Ref/9.0.4/ref/net9.0/System.Reflection.Metadata.dll /reference:/usr/share/dotnet/packs/Microsoft.NETCore.App.Ref/9.0.4/ref/net9.0/System.Reflection.Primitives.dll /reference:/usr/share/dotnet/packs/Microsoft.NETCore.App.Ref/9.0.4/ref/net9.0/System.Reflection.TypeExtensions.dll /reference:/usr/share/dotnet/packs/Microsoft.NETCore.App.Ref/9.0.4/ref/net9.0/System.Resources.Reader.dll /reference:/usr/share/dotnet/packs/Microsoft.NETCore.App.Ref/9.0.4/ref/net9.0/System.Resources.ResourceManager.dll /reference:/usr/share/dotnet/packs/Microsoft.NETCore.App.Ref/9.0.4/ref/net9.0/System.Resources.Writer.dll /reference:/usr/share/dotnet/packs/Microsoft.NETCore.App.Ref/9.0.4/ref/net9.0/System.Runtime.CompilerServices.Unsafe.dll /reference:/usr/share/dotnet/packs/Microsoft.NETCore.App.Ref/9.0.4/ref/net9.0/System.Runtime.CompilerServices.VisualC.dll /reference:/usr/share/dotnet/packs/Microsoft.NETCore.App.Ref/9.0.4/ref/net9.0/System.Runtime.dll /reference:/usr/share/dotnet/packs/Microsoft.NETCore.App.Ref/9.0.4/ref/net9.0/System.Runtime.Extensions.dll /reference:/usr/share/dotnet/packs/Microsoft.NETCore.App.Ref/9.0.4/ref/net9.0/System.Runtime.Handles.dll /reference:/usr/share/dotnet/packs/Microsoft.NETCore.App.Ref/9.0.4/ref/net9.0/System.Runtime.InteropServices.dll /reference:/usr/share/dotnet/packs/Microsoft.NETCore.App.Ref/9.0.4/ref/net9.0/System.Runtime.InteropServices.JavaScript.dll /reference:/usr/share/dotnet/packs/Microsoft.NETCore.App.Ref/9.0.4/ref/net9.0/System.Runtime.InteropServices.RuntimeInformation.dll /reference:/usr/share/dotnet/packs/Microsoft.NETCore.App.Ref/9.0.4/ref/net9.0/System.Runtime.Intrinsics.dll /reference:/usr/share/dotnet/packs/Microsoft.NETCore.App.Ref/9.0.4/ref/net9.0/System.Runtime.Loader.dll /reference:/usr/share/dotnet/packs/Microsoft.NETCore.App.Ref/9.0.4/ref/net9.0/System.Runtime.Numerics.dll /reference:/usr/share/dotnet/packs/Microsoft.NETCore.App.Ref/9.0.4/ref/net9.0/System.Runtime.Serialization.dll /reference:/usr/share/dotnet/packs/Microsoft.NETCore.App.Ref/9.0.4/ref/net9.0/System.Runtime.Serialization.Formatters.dll /reference:/usr/share/dotnet/packs/Microsoft.NETCore.App.Ref/9.0.4/ref/net9.0/System.Runtime.Serialization.Json.dll /reference:/usr/share/dotnet/packs/Microsoft.NETCore.App.Ref/9.0.4/ref/net9.0/System.Runtime.Serialization.Primitives.dll /reference:/usr/share/dotnet/packs/Microsoft.NETCore.App.Ref/9.0.4/ref/net9.0/System.Runtime.Serialization.Xml.dll /reference:/usr/share/dotnet/packs/Microsoft.NETCore.App.Ref/9.0.4/ref/net9.0/System.Security.AccessControl.dll /reference:/usr/share/dotnet/packs/Microsoft.NETCore.App.Ref/9.0.4/ref/net9.0/System.Security.Claims.dll /reference:/usr/share/dotnet/packs/Microsoft.NETCore.App.Ref/9.0.4/ref/net9.0/System.Security.Cryptography.Algorithms.dll /reference:/usr/share/dotnet/packs/Microsoft.NETCore.App.Ref/9.0.4/ref/net9.0/System.Security.Cryptography.Cng.dll /reference:/usr/share/dotnet/packs/Microsoft.NETCore.App.Ref/9.0.4/ref/net9.0/System.Security.Cryptography.Csp.dll /reference:/usr/share/dotnet/packs/Microsoft.NETCore.App.Ref/9.0.4/ref/net9.0/System.Security.Cryptography.dll /reference:/usr/share/dotnet/packs/Microsoft.NETCore.App.Ref/9.0.4/ref/net9.0/System.Security.Cryptography.Encoding.dll /reference:/usr/share/dotnet/packs/Microsoft.NETCore.App.Ref/9.0.4/ref/net9.0/System.Security.Cryptography.OpenSsl.dll /reference:/usr/share/dotnet/packs/Microsoft.NETCore.App.Ref/9.0.4/ref/net9.0/System.Security.Cryptography.Primitives.dll /reference:/home/quinngil/.nuget/packages/system.security.cryptography.protecteddata/6.0.0/lib/net6.0/System.Security.Cryptography.ProtectedData.dll /reference:/usr/share/dotnet/packs/Microsoft.NETCore.App.Ref/9.0.4/ref/net9.0/System.Security.Cryptography.X509Certificates.dll /reference:/usr/share/dotnet/packs/Microsoft.NETCore.App.Ref/9.0.4/ref/net9.0/System.Security.dll /reference:/home/quinngil/.nuget/packages/system.security.permissions/6.0.0/lib/net6.0/System.Security.Permissions.dll /reference:/usr/share/dotnet/packs/Microsoft.NETCore.App.Ref/9.0.4/ref/net9.0/System.Security.Principal.dll /reference:/usr/share/dotnet/packs/Microsoft.NETCore.App.Ref/9.0.4/ref/net9.0/System.Security.Principal.Windows.dll /reference:/usr/share/dotnet/packs/Microsoft.NETCore.App.Ref/9.0.4/ref/net9.0/System.Security.SecureString.dll /reference:/usr/share/dotnet/packs/Microsoft.NETCore.App.Ref/9.0.4/ref/net9.0/System.ServiceModel.Web.dll /reference:/usr/share/dotnet/packs/Microsoft.NETCore.App.Ref/9.0.4/ref/net9.0/System.ServiceProcess.dll /reference:/usr/share/dotnet/packs/Microsoft.NETCore.App.Ref/9.0.4/ref/net9.0/System.Text.Encoding.CodePages.dll /reference:/usr/share/dotnet/packs/Microsoft.NETCore.App.Ref/9.0.4/ref/net9.0/System.Text.Encoding.dll /reference:/usr/share/dotnet/packs/Microsoft.NETCore.App.Ref/9.0.4/ref/net9.0/System.Text.Encoding.Extensions.dll /reference:/usr/share/dotnet/packs/Microsoft.NETCore.App.Ref/9.0.4/ref/net9.0/System.Text.Encodings.Web.dll /reference:/home/quinngil/.nuget/packages/system.text.json/9.0.8/lib/net9.0/System.Text.Json.dll /reference:/usr/share/dotnet/packs/Microsoft.NETCore.App.Ref/9.0.4/ref/net9.0/System.Text.RegularExpressions.dll /reference:/usr/share/dotnet/packs/Microsoft.NETCore.App.Ref/9.0.4/ref/net9.0/System.Threading.Channels.dll /reference:/usr/share/dotnet/packs/Microsoft.NETCore.App.Ref/9.0.4/ref/net9.0/System.Threading.dll /reference:/usr/share/dotnet/packs/Microsoft.NETCore.App.Ref/9.0.4/ref/net9.0/System.Threading.Overlapped.dll /reference:/home/quinngil/.nuget/packages/system.threading.ratelimiting/8.0.0/lib/net8.0/System.Threading.RateLimiting.dll /reference:/usr/share/dotnet/packs/Microsoft.NETCore.App.Ref/9.0.4/ref/net9.0/System.Threading.Tasks.Dataflow.dll /reference:/usr/share/dotnet/packs/Microsoft.NETCore.App.Ref/9.0.4/ref/net9.0/System.Threading.Tasks.dll /reference:/usr/share/dotnet/packs/Microsoft.NETCore.App.Ref/9.0.4/ref/net9.0/System.Threading.Tasks.Extensions.dll /reference:/usr/share/dotnet/packs/Microsoft.NETCore.App.Ref/9.0.4/ref/net9.0/System.Threading.Tasks.Parallel.dll /reference:/usr/share/dotnet/packs/Microsoft.NETCore.App.Ref/9.0.4/ref/net9.0/System.Threading.Thread.dll /reference:/usr/share/dotnet/packs/Microsoft.NETCore.App.Ref/9.0.4/ref/net9.0/System.Threading.ThreadPool.dll /reference:/usr/share/dotnet/packs/Microsoft.NETCore.App.Ref/9.0.4/ref/net9.0/System.Threading.Timer.dll /reference:/usr/share/dotnet/packs/Microsoft.NETCore.App.Ref/9.0.4/ref/net9.0/System.Transactions.dll /reference:/usr/share/dotnet/packs/Microsoft.NETCore.App.Ref/9.0.4/ref/net9.0/System.Transactions.Local.dll /reference:/usr/share/dotnet/packs/Microsoft.NETCore.App.Ref/9.0.4/ref/net9.0/System.ValueTuple.dll /reference:/usr/share/dotnet/packs/Microsoft.NETCore.App.Ref/9.0.4/ref/net9.0/System.Web.dll /reference:/usr/share/dotnet/packs/Microsoft.NETCore.App.Ref/9.0.4/ref/net9.0/System.Web.HttpUtility.dll /reference:/usr/share/dotnet/packs/Microsoft.NETCore.App.Ref/9.0.4/ref/net9.0/System.Windows.dll /reference:/home/quinngil/.nuget/packages/system.windows.extensions/6.0.0/lib/net6.0/System.Windows.Extensions.dll /reference:/usr/share/dotnet/packs/Microsoft.NETCore.App.Ref/9.0.4/ref/net9.0/System.Xml.dll /reference:/usr/share/dotnet/packs/Microsoft.NETCore.App.Ref/9.0.4/ref/net9.0/System.Xml.Linq.dll /reference:/usr/share/dotnet/packs/Microsoft.NETCore.App.Ref/9.0.4/ref/net9.0/System.Xml.ReaderWriter.dll /reference:/usr/share/dotnet/packs/Microsoft.NETCore.App.Ref/9.0.4/ref/net9.0/System.Xml.Serialization.dll /reference:/usr/share/dotnet/packs/Microsoft.NETCore.App.Ref/9.0.4/ref/net9.0/System.Xml.XDocument.dll /reference:/usr/share/dotnet/packs/Microsoft.NETCore.App.Ref/9.0.4/ref/net9.0/System.Xml.XmlDocument.dll /reference:/usr/share/dotnet/packs/Microsoft.NETCore.App.Ref/9.0.4/ref/net9.0/System.Xml.XmlSerializer.dll /reference:/usr/share/dotnet/packs/Microsoft.NETCore.App.Ref/9.0.4/ref/net9.0/System.Xml.XPath.dll /reference:/usr/share/dotnet/packs/Microsoft.NETCore.App.Ref/9.0.4/ref/net9.0/System.Xml.XPath.XDocument.dll /reference:/usr/share/dotnet/packs/Microsoft.NETCore.App.Ref/9.0.4/ref/net9.0/WindowsBase.dll /debug- /debug:portable /filealign:512 /optimize+ /out:obj/Release/net9.0/Example.Scryfall.BulkIngestion.dll /refout:obj/Release/net9.0/refint/Example.Scryfall.BulkIngestion.dll /reportanalyzer /target:exe /warnaserror+ /utf8output /deterministic+ /sourcelink:obj/Release/net9.0/Example.Scryfall.BulkIngestion.sourcelink.json /langversion:latest /features:strict /embed:"obj/Release/net9.0/.NETCoreApp,Version=v9.0.AssemblyAttributes.cs" /embed:obj/Release/net9.0/Example.Scryfall.BulkIngestion.AssemblyInfo.cs /analyzerconfig:/mnt/d/src/MtgDiscoveryVibeWorkspace/IMPLS/src/.editorconfig /analyzerconfig:obj/Release/net9.0/Example.Scryfall.BulkIngestion.GeneratedMSBuildEditorConfig.editorconfig /analyzerconfig:/usr/share/dotnet/sdk/9.0.203/Sdks/Microsoft.NET.Sdk/analyzers/build/config/analysislevel_9_all_warnaserror.globalconfig /analyzer:/usr/share/dotnet/sdk/9.0.203/Sdks/Microsoft.NET.Sdk/targets/../analyzers/Microsoft.CodeAnalysis.CSharp.NetAnalyzers.dll /analyzer:/usr/share/dotnet/sdk/9.0.203/Sdks/Microsoft.NET.Sdk/targets/../analyzers/Microsoft.CodeAnalysis.NetAnalyzers.dll /analyzer:/usr/share/dotnet/sdk/9.0.203/Sdks/Microsoft.NET.Sdk/targets/../codestyle/cs/Microsoft.CodeAnalysis.CodeStyle.dll /analyzer:/usr/share/dotnet/sdk/9.0.203/Sdks/Microsoft.NET.Sdk/targets/../codestyle/cs/Microsoft.CodeAnalysis.CodeStyle.Fixes.dll /analyzer:/usr/share/dotnet/sdk/9.0.203/Sdks/Microsoft.NET.Sdk/targets/../codestyle/cs/Microsoft.CodeAnalysis.CSharp.CodeStyle.dll /analyzer:/usr/share/dotnet/sdk/9.0.203/Sdks/Microsoft.NET.Sdk/targets/../codestyle/cs/Microsoft.CodeAnalysis.CSharp.CodeStyle.Fixes.dll /analyzer:/home/quinngil/.nuget/packages/microsoft.codeanalysis.bannedapianalyzers/4.14.0/analyzers/dotnet/cs/Microsoft.CodeAnalysis.BannedApiAnalyzers.dll /analyzer:/home/quinngil/.nuget/packages/microsoft.codeanalysis.bannedapianalyzers/4.14.0/analyzers/dotnet/cs/Microsoft.CodeAnalysis.CSharp.BannedApiAnalyzers.dll /analyzer:/home/quinngil/.nuget/packages/microsoft.extensions.logging.abstractions/9.0.0/analyzers/dotnet/roslyn4.4/cs/Microsoft.Extensions.Logging.Generators.dll /analyzer:/home/quinngil/.nuget/packages/microsoft.extensions.options/9.0.0/analyzers/dotnet/roslyn4.4/cs/Microsoft.Extensions.Options.SourceGeneration.dll /analyzer:/home/quinngil/.nuget/packages/system.clientmodel/1.5.1/analyzers/dotnet/cs/System.ClientModel.SourceGeneration.dll /analyzer:/home/quinngil/.nuget/packages/system.text.json/9.0.8/analyzers/dotnet/roslyn4.4/cs/System.Text.Json.SourceGeneration.dll /analyzer:/usr/share/dotnet/packs/Microsoft.NETCore.App.Ref/9.0.4/analyzers/dotnet/cs/Microsoft.Interop.ComInterfaceGenerator.dll /analyzer:/usr/share/dotnet/packs/Microsoft.NETCore.App.Ref/9.0.4/analyzers/dotnet/cs/Microsoft.Interop.JavaScript.JSImportGenerator.dll /analyzer:/usr/share/dotnet/packs/Microsoft.NETCore.App.Ref/9.0.4/analyzers/dotnet/cs/Microsoft.Interop.LibraryImportGenerator.dll /analyzer:/usr/share/dotnet/packs/Microsoft.NETCore.App.Ref/9.0.4/analyzers/dotnet/cs/Microsoft.Interop.SourceGeneration.dll /analyzer:/usr/share/dotnet/packs/Microsoft.NETCore.App.Ref/9.0.4/analyzers/dotnet/cs/System.Text.RegularExpressions.Generator.dll /additionalfile:/mnt/d/src/MtgDiscoveryVibeWorkspace/IMPLS/src/BannedSymbols.txt /additionalfile:/mnt/d/src/MtgDiscoveryVibeWorkspace/IMPLS/src/.editorconfig Program.cs ScryfallBulkIngestionApplication.cs "obj/Release/net9.0/.NETCoreApp,Version=v9.0.AssemblyAttributes.cs" obj/Release/net9.0/Example.Scryfall.BulkIngestion.AssemblyInfo.cs /warnaserror+:NU1605,SYSLIB0011
     4>_GenerateSourceLinkFile:
         Updating Source Link file 'obj/Release/net9.0/Example.Scryfall.CosmosIngestion.sourcelink.json'.
     8>CoreCompile:
         CompilerServer: server - server processed compilation - Example.Scryfall.ApiDemo (net9.0)
     4>CoreCompile:
         /usr/share/dotnet/dotnet exec "/usr/share/dotnet/sdk/9.0.203/Roslyn/bincore/csc.dll" /noconfig /unsafe- /checked- /nowarn:IDE0290,IDE2001,IDE0005,IDE0046,CA1716,CA1040,CA1056,CA1848,CA1515,IDE0058,1701,1702 /fullpaths /nostdlib+ /errorreport:prompt /warn:9 /define:TRACE;RELEASE;NET;NET9_0;NETCOREAPP;NET5_0_OR_GREATER;NET6_0_OR_GREATER;NET7_0_OR_GREATER;NET8_0_OR_GREATER;NET9_0_OR_GREATER;NETCOREAPP1_0_OR_GREATER;NETCOREAPP1_1_OR_GREATER;NETCOREAPP2_0_OR_GREATER;NETCOREAPP2_1_OR_GREATER;NETCOREAPP2_2_OR_GREATER;NETCOREAPP3_0_OR_GREATER;NETCOREAPP3_1_OR_GREATER /highentropyva+ /nullable:warnings /reference:/home/quinngil/.nuget/packages/azure.core/1.47.1/lib/net8.0/Azure.Core.dll /reference:/home/quinngil/.nuget/packages/azure.resourcemanager.authorization/1.1.5/lib/net8.0/Azure.ResourceManager.Authorization.dll /reference:/home/quinngil/.nuget/packages/azure.resourcemanager.cosmosdb/1.3.2/lib/netstandard2.0/Azure.ResourceManager.CosmosDB.dll /reference:/home/quinngil/.nuget/packages/azure.resourcemanager/1.13.2/lib/net8.0/Azure.ResourceManager.dll /reference:/mnt/d/src/MtgDiscoveryVibeWorkspace/IMPLS/src/Example.Core/obj/Release/net9.0/ref/Example.Core.dll /reference:/home/quinngil/.nuget/packages/jetbrains.annotations/2025.2.0/lib/netstandard2.0/JetBrains.Annotations.dll /reference:/mnt/d/src/MtgDiscoveryVibeWorkspace/IMPLS/src/Lib.Adapter.Scryfall.Cosmos/obj/Release/net9.0/ref/Lib.Adapter.Scryfall.Cosmos.dll /reference:/mnt/d/src/MtgDiscoveryVibeWorkspace/IMPLS/src/Lib.Cosmos/obj/Release/net9.0/ref/Lib.Cosmos.dll /reference:/mnt/d/src/MtgDiscoveryVibeWorkspace/IMPLS/src/Lib.Scryfall.Ingestion/obj/Release/net9.0/ref/Lib.Scryfall.Ingestion.dll /reference:/mnt/d/src/MtgDiscoveryVibeWorkspace/IMPLS/src/Lib.Scryfall.Shared/obj/Release/net9.0/ref/Lib.Scryfall.Shared.dll /reference:/mnt/d/src/MtgDiscoveryVibeWorkspace/IMPLS/src/Lib.Shared.Abstractions/obj/Release/net9.0/ref/Lib.Shared.Abstractions.dll /reference:/mnt/d/src/MtgDiscoveryVibeWorkspace/IMPLS/src/Lib.Universal/obj/Release/net9.0/ref/Lib.Universal.dll /reference:/home/quinngil/.nuget/packages/microsoft.azure.cosmos/3.52.1/lib/netstandard2.0/Microsoft.Azure.Cosmos.Client.dll /reference:/home/quinngil/.nuget/packages/microsoft.azure.cosmos/3.52.1/lib/netstandard2.0/Microsoft.Azure.Cosmos.Core.dll /reference:/home/quinngil/.nuget/packages/microsoft.azure.cosmos/3.52.1/lib/netstandard2.0/Microsoft.Azure.Cosmos.Direct.dll /reference:/home/quinngil/.nuget/packages/microsoft.azure.cosmos/3.52.1/lib/netstandard2.0/Microsoft.Azure.Cosmos.Serialization.HybridRow.dll /reference:/home/quinngil/.nuget/packages/microsoft.bcl.asyncinterfaces/8.0.0/lib/netstandard2.1/Microsoft.Bcl.AsyncInterfaces.dll /reference:/home/quinngil/.nuget/packages/microsoft.bcl.hashcode/1.1.0/ref/netcoreapp2.1/Microsoft.Bcl.HashCode.dll /reference:/usr/share/dotnet/packs/Microsoft.NETCore.App.Ref/9.0.4/ref/net9.0/Microsoft.CSharp.dll /reference:/home/quinngil/.nuget/packages/microsoft.extensions.caching.abstractions/9.0.0/lib/net9.0/Microsoft.Extensions.Caching.Abstractions.dll /reference:/home/quinngil/.nuget/packages/microsoft.extensions.caching.memory/9.0.0/lib/net9.0/Microsoft.Extensions.Caching.Memory.dll /reference:/home/quinngil/.nuget/packages/microsoft.extensions.configuration.abstractions/9.0.5/lib/net9.0/Microsoft.Extensions.Configuration.Abstractions.dll /reference:/home/quinngil/.nuget/packages/microsoft.extensions.configuration.binder/9.0.0/lib/net9.0/Microsoft.Extensions.Configuration.Binder.dll /reference:/home/quinngil/.nuget/packages/microsoft.extensions.configuration.commandline/9.0.0/lib/net9.0/Microsoft.Extensions.Configuration.CommandLine.dll /reference:/home/quinngil/.nuget/packages/microsoft.extensions.configuration/9.0.0/lib/net9.0/Microsoft.Extensions.Configuration.dll /reference:/home/quinngil/.nuget/packages/microsoft.extensions.configuration.environmentvariables/9.0.0/lib/net9.0/Microsoft.Extensions.Configuration.EnvironmentVariables.dll /reference:/home/quinngil/.nuget/packages/microsoft.extensions.configuration.fileextensions/9.0.0/lib/net9.0/Microsoft.Extensions.Configuration.FileExtensions.dll /reference:/home/quinngil/.nuget/packages/microsoft.extensions.configuration.json/9.0.0/lib/net9.0/Microsoft.Extensions.Configuration.Json.dll /reference:/home/quinngil/.nuget/packages/microsoft.extensions.configuration.usersecrets/9.0.0/lib/net9.0/Microsoft.Extensions.Configuration.UserSecrets.dll /reference:/home/quinngil/.nuget/packages/microsoft.extensions.dependencyinjection.abstractions/9.0.0/lib/net9.0/Microsoft.Extensions.DependencyInjection.Abstractions.dll /reference:/home/quinngil/.nuget/packages/microsoft.extensions.dependencyinjection/9.0.0/lib/net9.0/Microsoft.Extensions.DependencyInjection.dll /reference:/home/quinngil/.nuget/packages/microsoft.extensions.diagnostics.abstractions/9.0.0/lib/net9.0/Microsoft.Extensions.Diagnostics.Abstractions.dll /reference:/home/quinngil/.nuget/packages/microsoft.extensions.diagnostics/9.0.0/lib/net9.0/Microsoft.Extensions.Diagnostics.dll /reference:/home/quinngil/.nuget/packages/microsoft.extensions.fileproviders.abstractions/9.0.0/lib/net9.0/Microsoft.Extensions.FileProviders.Abstractions.dll /reference:/home/quinngil/.nuget/packages/microsoft.extensions.fileproviders.physical/9.0.0/lib/net9.0/Microsoft.Extensions.FileProviders.Physical.dll /reference:/home/quinngil/.nuget/packages/microsoft.extensions.filesystemglobbing/9.0.0/lib/net9.0/Microsoft.Extensions.FileSystemGlobbing.dll /reference:/home/quinngil/.nuget/packages/microsoft.extensions.hosting.abstractions/9.0.0/lib/net9.0/Microsoft.Extensions.Hosting.Abstractions.dll /reference:/home/quinngil/.nuget/packages/microsoft.extensions.hosting/9.0.0/lib/net9.0/Microsoft.Extensions.Hosting.dll /reference:/home/quinngil/.nuget/packages/microsoft.extensions.logging.abstractions/9.0.0/lib/net9.0/Microsoft.Extensions.Logging.Abstractions.dll /reference:/home/quinngil/.nuget/packages/microsoft.extensions.logging.configuration/9.0.0/lib/net9.0/Microsoft.Extensions.Logging.Configuration.dll /reference:/home/quinngil/.nuget/packages/microsoft.extensions.logging.console/9.0.0/lib/net9.0/Microsoft.Extensions.Logging.Console.dll /reference:/home/quinngil/.nuget/packages/microsoft.extensions.logging.debug/9.0.0/lib/net9.0/Microsoft.Extensions.Logging.Debug.dll /reference:/home/quinngil/.nuget/packages/microsoft.extensions.logging/9.0.0/lib/net9.0/Microsoft.Extensions.Logging.dll /reference:/home/quinngil/.nuget/packages/microsoft.extensions.logging.eventlog/9.0.0/lib/net9.0/Microsoft.Extensions.Logging.EventLog.dll /reference:/home/quinngil/.nuget/packages/microsoft.extensions.logging.eventsource/9.0.0/lib/net9.0/Microsoft.Extensions.Logging.EventSource.dll /reference:/home/quinngil/.nuget/packages/microsoft.extensions.options.configurationextensions/9.0.0/lib/net9.0/Microsoft.Extensions.Options.ConfigurationExtensions.dll /reference:/home/quinngil/.nuget/packages/microsoft.extensions.options/9.0.0/lib/net9.0/Microsoft.Extensions.Options.dll /reference:/home/quinngil/.nuget/packages/microsoft.extensions.primitives/9.0.5/lib/net9.0/Microsoft.Extensions.Primitives.dll /reference:/home/quinngil/.nuget/packages/microsoft.identitymodel.abstractions/8.0.1/lib/net9.0/Microsoft.IdentityModel.Abstractions.dll /reference:/home/quinngil/.nuget/packages/microsoft.identitymodel.jsonwebtokens/8.0.1/lib/net9.0/Microsoft.IdentityModel.JsonWebTokens.dll /reference:/home/quinngil/.nuget/packages/microsoft.identitymodel.logging/8.0.1/lib/net9.0/Microsoft.IdentityModel.Logging.dll /reference:/home/quinngil/.nuget/packages/microsoft.identitymodel.tokens/8.0.1/lib/net9.0/Microsoft.IdentityModel.Tokens.dll /reference:/usr/share/dotnet/packs/Microsoft.NETCore.App.Ref/9.0.4/ref/net9.0/Microsoft.VisualBasic.Core.dll /reference:/usr/share/dotnet/packs/Microsoft.NETCore.App.Ref/9.0.4/ref/net9.0/Microsoft.VisualBasic.dll /reference:/usr/share/dotnet/packs/Microsoft.NETCore.App.Ref/9.0.4/ref/net9.0/Microsoft.Win32.Primitives.dll /reference:/usr/share/dotnet/packs/Microsoft.NETCore.App.Ref/9.0.4/ref/net9.0/Microsoft.Win32.Registry.dll /reference:/home/quinngil/.nuget/packages/microsoft.win32.systemevents/6.0.0/lib/net6.0/Microsoft.Win32.SystemEvents.dll /reference:/usr/share/dotnet/packs/Microsoft.NETCore.App.Ref/9.0.4/ref/net9.0/mscorlib.dll /reference:/usr/share/dotnet/packs/Microsoft.NETCore.App.Ref/9.0.4/ref/net9.0/netstandard.dll /reference:/home/quinngil/.nuget/packages/newtonsoft.json/13.0.3/lib/net6.0/Newtonsoft.Json.dll /reference:/home/quinngil/.nuget/packages/polly.core/8.5.2/lib/net8.0/Polly.Core.dll /reference:/home/quinngil/.nuget/packages/polly/8.5.2/lib/net6.0/Polly.dll /reference:/home/quinngil/.nuget/packages/polly.ratelimiting/8.5.2/lib/net8.0/Polly.RateLimiting.dll /reference:/usr/share/dotnet/packs/Microsoft.NETCore.App.Ref/9.0.4/ref/net9.0/System.AppContext.dll /reference:/usr/share/dotnet/packs/Microsoft.NETCore.App.Ref/9.0.4/ref/net9.0/System.Buffers.dll /reference:/home/quinngil/.nuget/packages/system.clientmodel/1.5.1/lib/net8.0/System.ClientModel.dll /reference:/usr/share/dotnet/packs/Microsoft.NETCore.App.Ref/9.0.4/ref/net9.0/System.Collections.Concurrent.dll /reference:/usr/share/dotnet/packs/Microsoft.NETCore.App.Ref/9.0.4/ref/net9.0/System.Collections.dll /reference:/usr/share/dotnet/packs/Microsoft.NETCore.App.Ref/9.0.4/ref/net9.0/System.Collections.Immutable.dll /reference:/usr/share/dotnet/packs/Microsoft.NETCore.App.Ref/9.0.4/ref/net9.0/System.Collections.NonGeneric.dll /reference:/usr/share/dotnet/packs/Microsoft.NETCore.App.Ref/9.0.4/ref/net9.0/System.Collections.Specialized.dll /reference:/usr/share/dotnet/packs/Microsoft.NETCore.App.Ref/9.0.4/ref/net9.0/System.ComponentModel.Annotations.dll /reference:/usr/share/dotnet/packs/Microsoft.NETCore.App.Ref/9.0.4/ref/net9.0/System.ComponentModel.DataAnnotations.dll /reference:/usr/share/dotnet/packs/Microsoft.NETCore.App.Ref/9.0.4/ref/net9.0/System.ComponentModel.dll /reference:/usr/share/dotnet/packs/Microsoft.NETCore.App.Ref/9.0.4/ref/net9.0/System.ComponentModel.EventBasedAsync.dll /reference:/usr/share/dotnet/packs/Microsoft.NETCore.App.Ref/9.0.4/ref/net9.0/System.ComponentModel.Primitives.dll /reference:/usr/share/dotnet/packs/Microsoft.NETCore.App.Ref/9.0.4/ref/net9.0/System.ComponentModel.TypeConverter.dll /reference:/home/quinngil/.nuget/packages/system.configuration.configurationmanager/6.0.0/lib/net6.0/System.Configuration.ConfigurationManager.dll /reference:/usr/share/dotnet/packs/Microsoft.NETCore.App.Ref/9.0.4/ref/net9.0/System.Configuration.dll /reference:/usr/share/dotnet/packs/Microsoft.NETCore.App.Ref/9.0.4/ref/net9.0/System.Console.dll /reference:/usr/share/dotnet/packs/Microsoft.NETCore.App.Ref/9.0.4/ref/net9.0/System.Core.dll /reference:/usr/share/dotnet/packs/Microsoft.NETCore.App.Ref/9.0.4/ref/net9.0/System.Data.Common.dll /reference:/usr/share/dotnet/packs/Microsoft.NETCore.App.Ref/9.0.4/ref/net9.0/System.Data.DataSetExtensions.dll /reference:/usr/share/dotnet/packs/Microsoft.NETCore.App.Ref/9.0.4/ref/net9.0/System.Data.dll /reference:/usr/share/dotnet/packs/Microsoft.NETCore.App.Ref/9.0.4/ref/net9.0/System.Diagnostics.Contracts.dll /reference:/usr/share/dotnet/packs/Microsoft.NETCore.App.Ref/9.0.4/ref/net9.0/System.Diagnostics.Debug.dll /reference:/usr/share/dotnet/packs/Microsoft.NETCore.App.Ref/9.0.4/ref/net9.0/System.Diagnostics.DiagnosticSource.dll /reference:/home/quinngil/.nuget/packages/system.diagnostics.eventlog/9.0.0/lib/net9.0/System.Diagnostics.EventLog.dll /reference:/usr/share/dotnet/packs/Microsoft.NETCore.App.Ref/9.0.4/ref/net9.0/System.Diagnostics.FileVersionInfo.dll /reference:/usr/share/dotnet/packs/Microsoft.NETCore.App.Ref/9.0.4/ref/net9.0/System.Diagnostics.Process.dll /reference:/usr/share/dotnet/packs/Microsoft.NETCore.App.Ref/9.0.4/ref/net9.0/System.Diagnostics.StackTrace.dll /reference:/usr/share/dotnet/packs/Microsoft.NETCore.App.Ref/9.0.4/ref/net9.0/System.Diagnostics.TextWriterTraceListener.dll /reference:/usr/share/dotnet/packs/Microsoft.NETCore.App.Ref/9.0.4/ref/net9.0/System.Diagnostics.Tools.dll /reference:/usr/share/dotnet/packs/Microsoft.NETCore.App.Ref/9.0.4/ref/net9.0/System.Diagnostics.TraceSource.dll /reference:/usr/share/dotnet/packs/Microsoft.NETCore.App.Ref/9.0.4/ref/net9.0/System.Diagnostics.Tracing.dll /reference:/usr/share/dotnet/packs/Microsoft.NETCore.App.Ref/9.0.4/ref/net9.0/System.dll /reference:/home/quinngil/.nuget/packages/system.drawing.common/6.0.0/lib/net6.0/System.Drawing.Common.dll /reference:/usr/share/dotnet/packs/Microsoft.NETCore.App.Ref/9.0.4/ref/net9.0/System.Drawing.dll /reference:/usr/share/dotnet/packs/Microsoft.NETCore.App.Ref/9.0.4/ref/net9.0/System.Drawing.Primitives.dll /reference:/usr/share/dotnet/packs/Microsoft.NETCore.App.Ref/9.0.4/ref/net9.0/System.Dynamic.Runtime.dll /reference:/usr/share/dotnet/packs/Microsoft.NETCore.App.Ref/9.0.4/ref/net9.0/System.Formats.Asn1.dll /reference:/usr/share/dotnet/packs/Microsoft.NETCore.App.Ref/9.0.4/ref/net9.0/System.Formats.Tar.dll /reference:/usr/share/dotnet/packs/Microsoft.NETCore.App.Ref/9.0.4/ref/net9.0/System.Globalization.Calendars.dll /reference:/usr/share/dotnet/packs/Microsoft.NETCore.App.Ref/9.0.4/ref/net9.0/System.Globalization.dll /reference:/usr/share/dotnet/packs/Microsoft.NETCore.App.Ref/9.0.4/ref/net9.0/System.Globalization.Extensions.dll /reference:/home/quinngil/.nuget/packages/system.identitymodel.tokens.jwt/8.0.1/lib/net9.0/System.IdentityModel.Tokens.Jwt.dll /reference:/usr/share/dotnet/packs/Microsoft.NETCore.App.Ref/9.0.4/ref/net9.0/System.IO.Compression.Brotli.dll /reference:/usr/share/dotnet/packs/Microsoft.NETCore.App.Ref/9.0.4/ref/net9.0/System.IO.Compression.dll /reference:/usr/share/dotnet/packs/Microsoft.NETCore.App.Ref/9.0.4/ref/net9.0/System.IO.Compression.FileSystem.dll /reference:/usr/share/dotnet/packs/Microsoft.NETCore.App.Ref/9.0.4/ref/net9.0/System.IO.Compression.ZipFile.dll /reference:/usr/share/dotnet/packs/Microsoft.NETCore.App.Ref/9.0.4/ref/net9.0/System.IO.dll /reference:/usr/share/dotnet/packs/Microsoft.NETCore.App.Ref/9.0.4/ref/net9.0/System.IO.FileSystem.AccessControl.dll /reference:/usr/share/dotnet/packs/Microsoft.NETCore.App.Ref/9.0.4/ref/net9.0/System.IO.FileSystem.dll /reference:/usr/share/dotnet/packs/Microsoft.NETCore.App.Ref/9.0.4/ref/net9.0/System.IO.FileSystem.DriveInfo.dll /reference:/usr/share/dotnet/packs/Microsoft.NETCore.App.Ref/9.0.4/ref/net9.0/System.IO.FileSystem.Primitives.dll /reference:/usr/share/dotnet/packs/Microsoft.NETCore.App.Ref/9.0.4/ref/net9.0/System.IO.FileSystem.Watcher.dll /reference:/usr/share/dotnet/packs/Microsoft.NETCore.App.Ref/9.0.4/ref/net9.0/System.IO.IsolatedStorage.dll /reference:/usr/share/dotnet/packs/Microsoft.NETCore.App.Ref/9.0.4/ref/net9.0/System.IO.MemoryMappedFiles.dll /reference:/usr/share/dotnet/packs/Microsoft.NETCore.App.Ref/9.0.4/ref/net9.0/System.IO.Pipelines.dll /reference:/usr/share/dotnet/packs/Microsoft.NETCore.App.Ref/9.0.4/ref/net9.0/System.IO.Pipes.AccessControl.dll /reference:/usr/share/dotnet/packs/Microsoft.NETCore.App.Ref/9.0.4/ref/net9.0/System.IO.Pipes.dll /reference:/usr/share/dotnet/packs/Microsoft.NETCore.App.Ref/9.0.4/ref/net9.0/System.IO.UnmanagedMemoryStream.dll /reference:/usr/share/dotnet/packs/Microsoft.NETCore.App.Ref/9.0.4/ref/net9.0/System.Linq.dll /reference:/usr/share/dotnet/packs/Microsoft.NETCore.App.Ref/9.0.4/ref/net9.0/System.Linq.Expressions.dll /reference:/usr/share/dotnet/packs/Microsoft.NETCore.App.Ref/9.0.4/ref/net9.0/System.Linq.Parallel.dll /reference:/usr/share/dotnet/packs/Microsoft.NETCore.App.Ref/9.0.4/ref/net9.0/System.Linq.Queryable.dll /reference:/home/quinngil/.nuget/packages/system.memory.data/8.0.1/lib/net8.0/System.Memory.Data.dll /reference:/usr/share/dotnet/packs/Microsoft.NETCore.App.Ref/9.0.4/ref/net9.0/System.Memory.dll /reference:/usr/share/dotnet/packs/Microsoft.NETCore.App.Ref/9.0.4/ref/net9.0/System.Net.dll /reference:/usr/share/dotnet/packs/Microsoft.NETCore.App.Ref/9.0.4/ref/net9.0/System.Net.Http.dll /reference:/usr/share/dotnet/packs/Microsoft.NETCore.App.Ref/9.0.4/ref/net9.0/System.Net.Http.Json.dll /reference:/usr/share/dotnet/packs/Microsoft.NETCore.App.Ref/9.0.4/ref/net9.0/System.Net.HttpListener.dll /reference:/usr/share/dotnet/packs/Microsoft.NETCore.App.Ref/9.0.4/ref/net9.0/System.Net.Mail.dll /reference:/usr/share/dotnet/packs/Microsoft.NETCore.App.Ref/9.0.4/ref/net9.0/System.Net.NameResolution.dll /reference:/usr/share/dotnet/packs/Microsoft.NETCore.App.Ref/9.0.4/ref/net9.0/System.Net.NetworkInformation.dll /reference:/usr/share/dotnet/packs/Microsoft.NETCore.App.Ref/9.0.4/ref/net9.0/System.Net.Ping.dll /reference:/usr/share/dotnet/packs/Microsoft.NETCore.App.Ref/9.0.4/ref/net9.0/System.Net.Primitives.dll /reference:/usr/share/dotnet/packs/Microsoft.NETCore.App.Ref/9.0.4/ref/net9.0/System.Net.Quic.dll /reference:/usr/share/dotnet/packs/Microsoft.NETCore.App.Ref/9.0.4/ref/net9.0/System.Net.Requests.dll /reference:/usr/share/dotnet/packs/Microsoft.NETCore.App.Ref/9.0.4/ref/net9.0/System.Net.Security.dll /reference:/usr/share/dotnet/packs/Microsoft.NETCore.App.Ref/9.0.4/ref/net9.0/System.Net.ServicePoint.dll /reference:/usr/share/dotnet/packs/Microsoft.NETCore.App.Ref/9.0.4/ref/net9.0/System.Net.Sockets.dll /reference:/usr/share/dotnet/packs/Microsoft.NETCore.App.Ref/9.0.4/ref/net9.0/System.Net.WebClient.dll /reference:/usr/share/dotnet/packs/Microsoft.NETCore.App.Ref/9.0.4/ref/net9.0/System.Net.WebHeaderCollection.dll /reference:/usr/share/dotnet/packs/Microsoft.NETCore.App.Ref/9.0.4/ref/net9.0/System.Net.WebProxy.dll /reference:/usr/share/dotnet/packs/Microsoft.NETCore.App.Ref/9.0.4/ref/net9.0/System.Net.WebSockets.Client.dll /reference:/usr/share/dotnet/packs/Microsoft.NETCore.App.Ref/9.0.4/ref/net9.0/System.Net.WebSockets.dll /reference:/usr/share/dotnet/packs/Microsoft.NETCore.App.Ref/9.0.4/ref/net9.0/System.Numerics.dll /reference:/usr/share/dotnet/packs/Microsoft.NETCore.App.Ref/9.0.4/ref/net9.0/System.Numerics.Vectors.dll /reference:/usr/share/dotnet/packs/Microsoft.NETCore.App.Ref/9.0.4/ref/net9.0/System.ObjectModel.dll /reference:/usr/share/dotnet/packs/Microsoft.NETCore.App.Ref/9.0.4/ref/net9.0/System.Reflection.DispatchProxy.dll /reference:/usr/share/dotnet/packs/Microsoft.NETCore.App.Ref/9.0.4/ref/net9.0/System.Reflection.dll /reference:/usr/share/dotnet/packs/Microsoft.NETCore.App.Ref/9.0.4/ref/net9.0/System.Reflection.Emit.dll /reference:/usr/share/dotnet/packs/Microsoft.NETCore.App.Ref/9.0.4/ref/net9.0/System.Reflection.Emit.ILGeneration.dll /reference:/usr/share/dotnet/packs/Microsoft.NETCore.App.Ref/9.0.4/ref/net9.0/System.Reflection.Emit.Lightweight.dll /reference:/usr/share/dotnet/packs/Microsoft.NETCore.App.Ref/9.0.4/ref/net9.0/System.Reflection.Extensions.dll /reference:/usr/share/dotnet/packs/Microsoft.NETCore.App.Ref/9.0.4/ref/net9.0/System.Reflection.Metadata.dll /reference:/usr/share/dotnet/packs/Microsoft.NETCore.App.Ref/9.0.4/ref/net9.0/System.Reflection.Primitives.dll /reference:/usr/share/dotnet/packs/Microsoft.NETCore.App.Ref/9.0.4/ref/net9.0/System.Reflection.TypeExtensions.dll /reference:/usr/share/dotnet/packs/Microsoft.NETCore.App.Ref/9.0.4/ref/net9.0/System.Resources.Reader.dll /reference:/usr/share/dotnet/packs/Microsoft.NETCore.App.Ref/9.0.4/ref/net9.0/System.Resources.ResourceManager.dll /reference:/usr/share/dotnet/packs/Microsoft.NETCore.App.Ref/9.0.4/ref/net9.0/System.Resources.Writer.dll /reference:/usr/share/dotnet/packs/Microsoft.NETCore.App.Ref/9.0.4/ref/net9.0/System.Runtime.CompilerServices.Unsafe.dll /reference:/usr/share/dotnet/packs/Microsoft.NETCore.App.Ref/9.0.4/ref/net9.0/System.Runtime.CompilerServices.VisualC.dll /reference:/usr/share/dotnet/packs/Microsoft.NETCore.App.Ref/9.0.4/ref/net9.0/System.Runtime.dll /reference:/usr/share/dotnet/packs/Microsoft.NETCore.App.Ref/9.0.4/ref/net9.0/System.Runtime.Extensions.dll /reference:/usr/share/dotnet/packs/Microsoft.NETCore.App.Ref/9.0.4/ref/net9.0/System.Runtime.Handles.dll /reference:/usr/share/dotnet/packs/Microsoft.NETCore.App.Ref/9.0.4/ref/net9.0/System.Runtime.InteropServices.dll /reference:/usr/share/dotnet/packs/Microsoft.NETCore.App.Ref/9.0.4/ref/net9.0/System.Runtime.InteropServices.JavaScript.dll /reference:/usr/share/dotnet/packs/Microsoft.NETCore.App.Ref/9.0.4/ref/net9.0/System.Runtime.InteropServices.RuntimeInformation.dll /reference:/usr/share/dotnet/packs/Microsoft.NETCore.App.Ref/9.0.4/ref/net9.0/System.Runtime.Intrinsics.dll /reference:/usr/share/dotnet/packs/Microsoft.NETCore.App.Ref/9.0.4/ref/net9.0/System.Runtime.Loader.dll /reference:/usr/share/dotnet/packs/Microsoft.NETCore.App.Ref/9.0.4/ref/net9.0/System.Runtime.Numerics.dll /reference:/usr/share/dotnet/packs/Microsoft.NETCore.App.Ref/9.0.4/ref/net9.0/System.Runtime.Serialization.dll /reference:/usr/share/dotnet/packs/Microsoft.NETCore.App.Ref/9.0.4/ref/net9.0/System.Runtime.Serialization.Formatters.dll /reference:/usr/share/dotnet/packs/Microsoft.NETCore.App.Ref/9.0.4/ref/net9.0/System.Runtime.Serialization.Json.dll /reference:/usr/share/dotnet/packs/Microsoft.NETCore.App.Ref/9.0.4/ref/net9.0/System.Runtime.Serialization.Primitives.dll /reference:/usr/share/dotnet/packs/Microsoft.NETCore.App.Ref/9.0.4/ref/net9.0/System.Runtime.Serialization.Xml.dll /reference:/usr/share/dotnet/packs/Microsoft.NETCore.App.Ref/9.0.4/ref/net9.0/System.Security.AccessControl.dll /reference:/usr/share/dotnet/packs/Microsoft.NETCore.App.Ref/9.0.4/ref/net9.0/System.Security.Claims.dll /reference:/usr/share/dotnet/packs/Microsoft.NETCore.App.Ref/9.0.4/ref/net9.0/System.Security.Cryptography.Algorithms.dll /reference:/usr/share/dotnet/packs/Microsoft.NETCore.App.Ref/9.0.4/ref/net9.0/System.Security.Cryptography.Cng.dll /reference:/usr/share/dotnet/packs/Microsoft.NETCore.App.Ref/9.0.4/ref/net9.0/System.Security.Cryptography.Csp.dll /reference:/usr/share/dotnet/packs/Microsoft.NETCore.App.Ref/9.0.4/ref/net9.0/System.Security.Cryptography.dll /reference:/usr/share/dotnet/packs/Microsoft.NETCore.App.Ref/9.0.4/ref/net9.0/System.Security.Cryptography.Encoding.dll /reference:/usr/share/dotnet/packs/Microsoft.NETCore.App.Ref/9.0.4/ref/net9.0/System.Security.Cryptography.OpenSsl.dll /reference:/usr/share/dotnet/packs/Microsoft.NETCore.App.Ref/9.0.4/ref/net9.0/System.Security.Cryptography.Primitives.dll /reference:/home/quinngil/.nuget/packages/system.security.cryptography.protecteddata/6.0.0/lib/net6.0/System.Security.Cryptography.ProtectedData.dll /reference:/usr/share/dotnet/packs/Microsoft.NETCore.App.Ref/9.0.4/ref/net9.0/System.Security.Cryptography.X509Certificates.dll /reference:/usr/share/dotnet/packs/Microsoft.NETCore.App.Ref/9.0.4/ref/net9.0/System.Security.dll /reference:/home/quinngil/.nuget/packages/system.security.permissions/6.0.0/lib/net6.0/System.Security.Permissions.dll /reference:/usr/share/dotnet/packs/Microsoft.NETCore.App.Ref/9.0.4/ref/net9.0/System.Security.Principal.dll /reference:/usr/share/dotnet/packs/Microsoft.NETCore.App.Ref/9.0.4/ref/net9.0/System.Security.Principal.Windows.dll /reference:/usr/share/dotnet/packs/Microsoft.NETCore.App.Ref/9.0.4/ref/net9.0/System.Security.SecureString.dll /reference:/usr/share/dotnet/packs/Microsoft.NETCore.App.Ref/9.0.4/ref/net9.0/System.ServiceModel.Web.dll /reference:/usr/share/dotnet/packs/Microsoft.NETCore.App.Ref/9.0.4/ref/net9.0/System.ServiceProcess.dll /reference:/usr/share/dotnet/packs/Microsoft.NETCore.App.Ref/9.0.4/ref/net9.0/System.Text.Encoding.CodePages.dll /reference:/usr/share/dotnet/packs/Microsoft.NETCore.App.Ref/9.0.4/ref/net9.0/System.Text.Encoding.dll /reference:/usr/share/dotnet/packs/Microsoft.NETCore.App.Ref/9.0.4/ref/net9.0/System.Text.Encoding.Extensions.dll /reference:/usr/share/dotnet/packs/Microsoft.NETCore.App.Ref/9.0.4/ref/net9.0/System.Text.Encodings.Web.dll /reference:/home/quinngil/.nuget/packages/system.text.json/9.0.8/lib/net9.0/System.Text.Json.dll /reference:/usr/share/dotnet/packs/Microsoft.NETCore.App.Ref/9.0.4/ref/net9.0/System.Text.RegularExpressions.dll /reference:/usr/share/dotnet/packs/Microsoft.NETCore.App.Ref/9.0.4/ref/net9.0/System.Threading.Channels.dll /reference:/usr/share/dotnet/packs/Microsoft.NETCore.App.Ref/9.0.4/ref/net9.0/System.Threading.dll /reference:/usr/share/dotnet/packs/Microsoft.NETCore.App.Ref/9.0.4/ref/net9.0/System.Threading.Overlapped.dll /reference:/home/quinngil/.nuget/packages/system.threading.ratelimiting/8.0.0/lib/net8.0/System.Threading.RateLimiting.dll /reference:/usr/share/dotnet/packs/Microsoft.NETCore.App.Ref/9.0.4/ref/net9.0/System.Threading.Tasks.Dataflow.dll /reference:/usr/share/dotnet/packs/Microsoft.NETCore.App.Ref/9.0.4/ref/net9.0/System.Threading.Tasks.dll /reference:/usr/share/dotnet/packs/Microsoft.NETCore.App.Ref/9.0.4/ref/net9.0/System.Threading.Tasks.Extensions.dll /reference:/usr/share/dotnet/packs/Microsoft.NETCore.App.Ref/9.0.4/ref/net9.0/System.Threading.Tasks.Parallel.dll /reference:/usr/share/dotnet/packs/Microsoft.NETCore.App.Ref/9.0.4/ref/net9.0/System.Threading.Thread.dll /reference:/usr/share/dotnet/packs/Microsoft.NETCore.App.Ref/9.0.4/ref/net9.0/System.Threading.ThreadPool.dll /reference:/usr/share/dotnet/packs/Microsoft.NETCore.App.Ref/9.0.4/ref/net9.0/System.Threading.Timer.dll /reference:/usr/share/dotnet/packs/Microsoft.NETCore.App.Ref/9.0.4/ref/net9.0/System.Transactions.dll /reference:/usr/share/dotnet/packs/Microsoft.NETCore.App.Ref/9.0.4/ref/net9.0/System.Transactions.Local.dll /reference:/usr/share/dotnet/packs/Microsoft.NETCore.App.Ref/9.0.4/ref/net9.0/System.ValueTuple.dll /reference:/usr/share/dotnet/packs/Microsoft.NETCore.App.Ref/9.0.4/ref/net9.0/System.Web.dll /reference:/usr/share/dotnet/packs/Microsoft.NETCore.App.Ref/9.0.4/ref/net9.0/System.Web.HttpUtility.dll /reference:/usr/share/dotnet/packs/Microsoft.NETCore.App.Ref/9.0.4/ref/net9.0/System.Windows.dll /reference:/home/quinngil/.nuget/packages/system.windows.extensions/6.0.0/lib/net6.0/System.Windows.Extensions.dll /reference:/usr/share/dotnet/packs/Microsoft.NETCore.App.Ref/9.0.4/ref/net9.0/System.Xml.dll /reference:/usr/share/dotnet/packs/Microsoft.NETCore.App.Ref/9.0.4/ref/net9.0/System.Xml.Linq.dll /reference:/usr/share/dotnet/packs/Microsoft.NETCore.App.Ref/9.0.4/ref/net9.0/System.Xml.ReaderWriter.dll /reference:/usr/share/dotnet/packs/Microsoft.NETCore.App.Ref/9.0.4/ref/net9.0/System.Xml.Serialization.dll /reference:/usr/share/dotnet/packs/Microsoft.NETCore.App.Ref/9.0.4/ref/net9.0/System.Xml.XDocument.dll /reference:/usr/share/dotnet/packs/Microsoft.NETCore.App.Ref/9.0.4/ref/net9.0/System.Xml.XmlDocument.dll /reference:/usr/share/dotnet/packs/Microsoft.NETCore.App.Ref/9.0.4/ref/net9.0/System.Xml.XmlSerializer.dll /reference:/usr/share/dotnet/packs/Microsoft.NETCore.App.Ref/9.0.4/ref/net9.0/System.Xml.XPath.dll /reference:/usr/share/dotnet/packs/Microsoft.NETCore.App.Ref/9.0.4/ref/net9.0/System.Xml.XPath.XDocument.dll /reference:/usr/share/dotnet/packs/Microsoft.NETCore.App.Ref/9.0.4/ref/net9.0/WindowsBase.dll /debug- /debug:portable /filealign:512 /optimize+ /out:obj/Release/net9.0/Example.Scryfall.CosmosIngestion.dll /refout:obj/Release/net9.0/refint/Example.Scryfall.CosmosIngestion.dll /reportanalyzer /target:exe /warnaserror+ /utf8output /deterministic+ /sourcelink:obj/Release/net9.0/Example.Scryfall.CosmosIngestion.sourcelink.json /langversion:latest /features:strict /embed:"obj/Release/net9.0/.NETCoreApp,Version=v9.0.AssemblyAttributes.cs" /embed:obj/Release/net9.0/Example.Scryfall.CosmosIngestion.AssemblyInfo.cs /analyzerconfig:/mnt/d/src/MtgDiscoveryVibeWorkspace/IMPLS/src/.editorconfig /analyzerconfig:obj/Release/net9.0/Example.Scryfall.CosmosIngestion.GeneratedMSBuildEditorConfig.editorconfig /analyzerconfig:/usr/share/dotnet/sdk/9.0.203/Sdks/Microsoft.NET.Sdk/analyzers/build/config/analysislevel_9_all_warnaserror.globalconfig /analyzer:/usr/share/dotnet/sdk/9.0.203/Sdks/Microsoft.NET.Sdk/targets/../analyzers/Microsoft.CodeAnalysis.CSharp.NetAnalyzers.dll /analyzer:/usr/share/dotnet/sdk/9.0.203/Sdks/Microsoft.NET.Sdk/targets/../analyzers/Microsoft.CodeAnalysis.NetAnalyzers.dll /analyzer:/usr/share/dotnet/sdk/9.0.203/Sdks/Microsoft.NET.Sdk/targets/../codestyle/cs/Microsoft.CodeAnalysis.CodeStyle.dll /analyzer:/usr/share/dotnet/sdk/9.0.203/Sdks/Microsoft.NET.Sdk/targets/../codestyle/cs/Microsoft.CodeAnalysis.CodeStyle.Fixes.dll /analyzer:/usr/share/dotnet/sdk/9.0.203/Sdks/Microsoft.NET.Sdk/targets/../codestyle/cs/Microsoft.CodeAnalysis.CSharp.CodeStyle.dll /analyzer:/usr/share/dotnet/sdk/9.0.203/Sdks/Microsoft.NET.Sdk/targets/../codestyle/cs/Microsoft.CodeAnalysis.CSharp.CodeStyle.Fixes.dll /analyzer:/home/quinngil/.nuget/packages/microsoft.codeanalysis.bannedapianalyzers/4.14.0/analyzers/dotnet/cs/Microsoft.CodeAnalysis.BannedApiAnalyzers.dll /analyzer:/home/quinngil/.nuget/packages/microsoft.codeanalysis.bannedapianalyzers/4.14.0/analyzers/dotnet/cs/Microsoft.CodeAnalysis.CSharp.BannedApiAnalyzers.dll /analyzer:/home/quinngil/.nuget/packages/microsoft.extensions.logging.abstractions/9.0.0/analyzers/dotnet/roslyn4.4/cs/Microsoft.Extensions.Logging.Generators.dll /analyzer:/home/quinngil/.nuget/packages/microsoft.extensions.options/9.0.0/analyzers/dotnet/roslyn4.4/cs/Microsoft.Extensions.Options.SourceGeneration.dll /analyzer:/home/quinngil/.nuget/packages/system.clientmodel/1.5.1/analyzers/dotnet/cs/System.ClientModel.SourceGeneration.dll /analyzer:/home/quinngil/.nuget/packages/system.text.json/9.0.8/analyzers/dotnet/roslyn4.4/cs/System.Text.Json.SourceGeneration.dll /analyzer:/usr/share/dotnet/packs/Microsoft.NETCore.App.Ref/9.0.4/analyzers/dotnet/cs/Microsoft.Interop.ComInterfaceGenerator.dll /analyzer:/usr/share/dotnet/packs/Microsoft.NETCore.App.Ref/9.0.4/analyzers/dotnet/cs/Microsoft.Interop.JavaScript.JSImportGenerator.dll /analyzer:/usr/share/dotnet/packs/Microsoft.NETCore.App.Ref/9.0.4/analyzers/dotnet/cs/Microsoft.Interop.LibraryImportGenerator.dll /analyzer:/usr/share/dotnet/packs/Microsoft.NETCore.App.Ref/9.0.4/analyzers/dotnet/cs/Microsoft.Interop.SourceGeneration.dll /analyzer:/usr/share/dotnet/packs/Microsoft.NETCore.App.Ref/9.0.4/analyzers/dotnet/cs/System.Text.RegularExpressions.Generator.dll /additionalfile:/mnt/d/src/MtgDiscoveryVibeWorkspace/IMPLS/src/BannedSymbols.txt /additionalfile:/mnt/d/src/MtgDiscoveryVibeWorkspace/IMPLS/src/.editorconfig Program.cs ScryfallCosmosIngestionApplication.cs "obj/Release/net9.0/.NETCoreApp,Version=v9.0.AssemblyAttributes.cs" obj/Release/net9.0/Example.Scryfall.CosmosIngestion.AssemblyInfo.cs /warnaserror+:NU1605,SYSLIB0011
     8>_CopyFilesMarkedCopyLocal:
         Copying file from "/mnt/d/src/MtgDiscoveryVibeWorkspace/IMPLS/src/Lib.Scryfall.Shared/bin/Release/net9.0/Lib.Scryfall.Shared.dll" to "/mnt/d/src/MtgDiscoveryVibeWorkspace/IMPLS/src/Example.Scryfall.ApiDemo/bin/Release/net9.0/Lib.Scryfall.Shared.dll".
         Copying file from "/mnt/d/src/MtgDiscoveryVibeWorkspace/IMPLS/src/Example.Core/bin/Release/net9.0/Example.Core.dll" to "/mnt/d/src/MtgDiscoveryVibeWorkspace/IMPLS/src/Example.Scryfall.ApiDemo/bin/Release/net9.0/Example.Core.dll".
         Copying file from "/mnt/d/src/MtgDiscoveryVibeWorkspace/IMPLS/src/Lib.Cosmos/bin/Release/net9.0/Lib.Cosmos.dll" to "/mnt/d/src/MtgDiscoveryVibeWorkspace/IMPLS/src/Example.Scryfall.ApiDemo/bin/Release/net9.0/Lib.Cosmos.dll".
         Copying file from "/mnt/d/src/MtgDiscoveryVibeWorkspace/IMPLS/src/Lib.Scryfall.Ingestion/bin/Release/net9.0/Lib.Scryfall.Ingestion.dll" to "/mnt/d/src/MtgDiscoveryVibeWorkspace/IMPLS/src/Example.Scryfall.ApiDemo/bin/Release/net9.0/Lib.Scryfall.Ingestion.dll".
         Copying file from "/mnt/d/src/MtgDiscoveryVibeWorkspace/IMPLS/src/Lib.Adapter.Scryfall.Cosmos/bin/Release/net9.0/Lib.Adapter.Scryfall.Cosmos.dll" to "/mnt/d/src/MtgDiscoveryVibeWorkspace/IMPLS/src/Example.Scryfall.ApiDemo/bin/Release/net9.0/Lib.Adapter.Scryfall.Cosmos.dll".
         Copying file from "/mnt/d/src/MtgDiscoveryVibeWorkspace/IMPLS/src/Lib.Shared.Abstractions/bin/Release/net9.0/Lib.Shared.Abstractions.dll" to "/mnt/d/src/MtgDiscoveryVibeWorkspace/IMPLS/src/Example.Scryfall.ApiDemo/bin/Release/net9.0/Lib.Shared.Abstractions.dll".
         Copying file from "/mnt/d/src/MtgDiscoveryVibeWorkspace/IMPLS/src/Lib.Scryfall.Ingestion/bin/Release/net9.0/Lib.Scryfall.Ingestion.pdb" to "/mnt/d/src/MtgDiscoveryVibeWorkspace/IMPLS/src/Example.Scryfall.ApiDemo/bin/Release/net9.0/Lib.Scryfall.Ingestion.pdb".
         Copying file from "/mnt/d/src/MtgDiscoveryVibeWorkspace/IMPLS/src/Lib.Universal/bin/Release/net9.0/Lib.Universal.dll" to "/mnt/d/src/MtgDiscoveryVibeWorkspace/IMPLS/src/Example.Scryfall.ApiDemo/bin/Release/net9.0/Lib.Universal.dll".
         Copying file from "/mnt/d/src/MtgDiscoveryVibeWorkspace/IMPLS/src/Example.Core/bin/Release/net9.0/Example.Core.pdb" to "/mnt/d/src/MtgDiscoveryVibeWorkspace/IMPLS/src/Example.Scryfall.ApiDemo/bin/Release/net9.0/Example.Core.pdb".
         Copying file from "/mnt/d/src/MtgDiscoveryVibeWorkspace/IMPLS/src/Lib.Adapter.Scryfall.Cosmos/bin/Release/net9.0/Lib.Adapter.Scryfall.Cosmos.pdb" to "/mnt/d/src/MtgDiscoveryVibeWorkspace/IMPLS/src/Example.Scryfall.ApiDemo/bin/Release/net9.0/Lib.Adapter.Scryfall.Cosmos.pdb".
         Copying file from "/mnt/d/src/MtgDiscoveryVibeWorkspace/IMPLS/src/Lib.Cosmos/bin/Release/net9.0/Lib.Cosmos.pdb" to "/mnt/d/src/MtgDiscoveryVibeWorkspace/IMPLS/src/Example.Scryfall.ApiDemo/bin/Release/net9.0/Lib.Cosmos.pdb".
         Copying file from "/mnt/d/src/MtgDiscoveryVibeWorkspace/IMPLS/src/Lib.Scryfall.Shared/bin/Release/net9.0/Lib.Scryfall.Shared.pdb" to "/mnt/d/src/MtgDiscoveryVibeWorkspace/IMPLS/src/Example.Scryfall.ApiDemo/bin/Release/net9.0/Lib.Scryfall.Shared.pdb".
         Copying file from "/mnt/d/src/MtgDiscoveryVibeWorkspace/IMPLS/src/Lib.Shared.Abstractions/bin/Release/net9.0/Lib.Shared.Abstractions.pdb" to "/mnt/d/src/MtgDiscoveryVibeWorkspace/IMPLS/src/Example.Scryfall.ApiDemo/bin/Release/net9.0/Lib.Shared.Abstractions.pdb".
         Copying file from "/mnt/d/src/MtgDiscoveryVibeWorkspace/IMPLS/src/Lib.Universal/bin/Release/net9.0/Lib.Universal.pdb" to "/mnt/d/src/MtgDiscoveryVibeWorkspace/IMPLS/src/Example.Scryfall.ApiDemo/bin/Release/net9.0/Lib.Universal.pdb".
    26>CoreCompile:
         CompilerServer: server - server processed compilation - Example.Scryfall.BulkIngestion (net9.0)
     8>_CopyFilesMarkedCopyLocal:
         Touching "/mnt/d/src/MtgDiscoveryVibeWorkspace/IMPLS/src/Example.Scryfall.ApiDemo/obj/Release/net9.0/Example..BC705CD2.Up2Date".
    23>CopyFilesToOutputDirectory:
         Copying file from "/mnt/d/src/MtgDiscoveryVibeWorkspace/IMPLS/src/Lib.Shared.Invocation.Tests/obj/Release/net9.0/Lib.Shared.Invocation.Tests.dll" to "/mnt/d/src/MtgDiscoveryVibeWorkspace/IMPLS/src/Lib.Shared.Invocation.Tests/bin/Release/net9.0/Lib.Shared.Invocation.Tests.dll".
    26>_CopyFilesMarkedCopyLocal:
         Copying file from "/mnt/d/src/MtgDiscoveryVibeWorkspace/IMPLS/src/Lib.Scryfall.Ingestion/bin/Release/net9.0/Lib.Scryfall.Ingestion.dll" to "/mnt/d/src/MtgDiscoveryVibeWorkspace/IMPLS/src/Example.Scryfall.BulkIngestion/bin/Release/net9.0/Lib.Scryfall.Ingestion.dll".
         Copying file from "/mnt/d/src/MtgDiscoveryVibeWorkspace/IMPLS/src/Lib.Scryfall.Shared/bin/Release/net9.0/Lib.Scryfall.Shared.dll" to "/mnt/d/src/MtgDiscoveryVibeWorkspace/IMPLS/src/Example.Scryfall.BulkIngestion/bin/Release/net9.0/Lib.Scryfall.Shared.dll".
         Copying file from "/mnt/d/src/MtgDiscoveryVibeWorkspace/IMPLS/src/Example.Core/bin/Release/net9.0/Example.Core.dll" to "/mnt/d/src/MtgDiscoveryVibeWorkspace/IMPLS/src/Example.Scryfall.BulkIngestion/bin/Release/net9.0/Example.Core.dll".
         Copying file from "/mnt/d/src/MtgDiscoveryVibeWorkspace/IMPLS/src/Lib.Adapter.Scryfall.Cosmos/bin/Release/net9.0/Lib.Adapter.Scryfall.Cosmos.dll" to "/mnt/d/src/MtgDiscoveryVibeWorkspace/IMPLS/src/Example.Scryfall.BulkIngestion/bin/Release/net9.0/Lib.Adapter.Scryfall.Cosmos.dll".
         Copying file from "/mnt/d/src/MtgDiscoveryVibeWorkspace/IMPLS/src/Lib.Cosmos/bin/Release/net9.0/Lib.Cosmos.dll" to "/mnt/d/src/MtgDiscoveryVibeWorkspace/IMPLS/src/Example.Scryfall.BulkIngestion/bin/Release/net9.0/Lib.Cosmos.dll".
         Copying file from "/mnt/d/src/MtgDiscoveryVibeWorkspace/IMPLS/src/Lib.Shared.Abstractions/bin/Release/net9.0/Lib.Shared.Abstractions.dll" to "/mnt/d/src/MtgDiscoveryVibeWorkspace/IMPLS/src/Example.Scryfall.BulkIngestion/bin/Release/net9.0/Lib.Shared.Abstractions.dll".
         Copying file from "/mnt/d/src/MtgDiscoveryVibeWorkspace/IMPLS/src/Lib.Universal/bin/Release/net9.0/Lib.Universal.dll" to "/mnt/d/src/MtgDiscoveryVibeWorkspace/IMPLS/src/Example.Scryfall.BulkIngestion/bin/Release/net9.0/Lib.Universal.dll".
         Copying file from "/mnt/d/src/MtgDiscoveryVibeWorkspace/IMPLS/src/Lib.Scryfall.Ingestion/bin/Release/net9.0/Lib.Scryfall.Ingestion.pdb" to "/mnt/d/src/MtgDiscoveryVibeWorkspace/IMPLS/src/Example.Scryfall.BulkIngestion/bin/Release/net9.0/Lib.Scryfall.Ingestion.pdb".
         Copying file from "/mnt/d/src/MtgDiscoveryVibeWorkspace/IMPLS/src/Example.Core/bin/Release/net9.0/Example.Core.pdb" to "/mnt/d/src/MtgDiscoveryVibeWorkspace/IMPLS/src/Example.Scryfall.BulkIngestion/bin/Release/net9.0/Example.Core.pdb".
         Copying file from "/mnt/d/src/MtgDiscoveryVibeWorkspace/IMPLS/src/Lib.Universal/bin/Release/net9.0/Lib.Universal.pdb" to "/mnt/d/src/MtgDiscoveryVibeWorkspace/IMPLS/src/Example.Scryfall.BulkIngestion/bin/Release/net9.0/Lib.Universal.pdb".
     8>_CopyOutOfDateSourceItemsToOutputDirectory:
       Building target "_CopyOutOfDateSourceItemsToOutputDirectory" partially, because some output files are out of date with respect to their input files.
    26>_CopyFilesMarkedCopyLocal:
         Copying file from "/mnt/d/src/MtgDiscoveryVibeWorkspace/IMPLS/src/Lib.Cosmos/bin/Release/net9.0/Lib.Cosmos.pdb" to "/mnt/d/src/MtgDiscoveryVibeWorkspace/IMPLS/src/Example.Scryfall.BulkIngestion/bin/Release/net9.0/Lib.Cosmos.pdb".
         Copying file from "/mnt/d/src/MtgDiscoveryVibeWorkspace/IMPLS/src/Lib.Adapter.Scryfall.Cosmos/bin/Release/net9.0/Lib.Adapter.Scryfall.Cosmos.pdb" to "/mnt/d/src/MtgDiscoveryVibeWorkspace/IMPLS/src/Example.Scryfall.BulkIngestion/bin/Release/net9.0/Lib.Adapter.Scryfall.Cosmos.pdb".
     4>CoreCompile:
         CompilerServer: server - server processed compilation - Example.Scryfall.CosmosIngestion (net9.0)
     8>_CopyOutOfDateSourceItemsToOutputDirectory:
         Copying file from "/mnt/d/src/MtgDiscoveryVibeWorkspace/IMPLS/src/Example.Scryfall.ApiDemo/obj/Release/net9.0/apphost" to "/mnt/d/src/MtgDiscoveryVibeWorkspace/IMPLS/src/Example.Scryfall.ApiDemo/bin/Release/net9.0/Example.Scryfall.ApiDemo".
    26>_CopyFilesMarkedCopyLocal:
         Copying file from "/mnt/d/src/MtgDiscoveryVibeWorkspace/IMPLS/src/Lib.Scryfall.Shared/bin/Release/net9.0/Lib.Scryfall.Shared.pdb" to "/mnt/d/src/MtgDiscoveryVibeWorkspace/IMPLS/src/Example.Scryfall.BulkIngestion/bin/Release/net9.0/Lib.Scryfall.Shared.pdb".
         Copying file from "/mnt/d/src/MtgDiscoveryVibeWorkspace/IMPLS/src/Lib.Shared.Abstractions/bin/Release/net9.0/Lib.Shared.Abstractions.pdb" to "/mnt/d/src/MtgDiscoveryVibeWorkspace/IMPLS/src/Example.Scryfall.BulkIngestion/bin/Release/net9.0/Lib.Shared.Abstractions.pdb".
    23>CopyFilesToOutputDirectory:
         Copying reference assembly from "obj/Release/net9.0/refint/Lib.Shared.Invocation.Tests.dll" to "/mnt/d/src/MtgDiscoveryVibeWorkspace/IMPLS/src/Lib.Shared.Invocation.Tests/obj/Release/net9.0/ref/Lib.Shared.Invocation.Tests.dll".
         Lib.Shared.Invocation.Tests -> /mnt/d/src/MtgDiscoveryVibeWorkspace/IMPLS/src/Lib.Shared.Invocation.Tests/bin/Release/net9.0/Lib.Shared.Invocation.Tests.dll
    26>_CopyFilesMarkedCopyLocal:
         Touching "/mnt/d/src/MtgDiscoveryVibeWorkspace/IMPLS/src/Example.Scryfall.BulkIngestion/obj/Release/net9.0/Example..38A6334C.Up2Date".
    23>CopyFilesToOutputDirectory:
         Copying file from "/mnt/d/src/MtgDiscoveryVibeWorkspace/IMPLS/src/Lib.Shared.Invocation.Tests/obj/Release/net9.0/Lib.Shared.Invocation.Tests.pdb" to "/mnt/d/src/MtgDiscoveryVibeWorkspace/IMPLS/src/Lib.Shared.Invocation.Tests/bin/Release/net9.0/Lib.Shared.Invocation.Tests.pdb".
    37>CopyFilesToOutputDirectory:
         Copying file from "/mnt/d/src/MtgDiscoveryVibeWorkspace/IMPLS/src/Lib.Adapter.UserCards.Tests/obj/Release/net9.0/Lib.Adapter.UserCards.Tests.dll" to "/mnt/d/src/MtgDiscoveryVibeWorkspace/IMPLS/src/Lib.Adapter.UserCards.Tests/bin/Release/net9.0/Lib.Adapter.UserCards.Tests.dll".
     4>_CopyFilesMarkedCopyLocal:
         Copying file from "/mnt/d/src/MtgDiscoveryVibeWorkspace/IMPLS/src/Example.Core/bin/Release/net9.0/Example.Core.dll" to "/mnt/d/src/MtgDiscoveryVibeWorkspace/IMPLS/src/Example.Scryfall.CosmosIngestion/bin/Release/net9.0/Example.Core.dll".
         Copying file from "/mnt/d/src/MtgDiscoveryVibeWorkspace/IMPLS/src/Lib.Scryfall.Ingestion/bin/Release/net9.0/Lib.Scryfall.Ingestion.dll" to "/mnt/d/src/MtgDiscoveryVibeWorkspace/IMPLS/src/Example.Scryfall.CosmosIngestion/bin/Release/net9.0/Lib.Scryfall.Ingestion.dll".
         Copying file from "/mnt/d/src/MtgDiscoveryVibeWorkspace/IMPLS/src/Lib.Cosmos/bin/Release/net9.0/Lib.Cosmos.dll" to "/mnt/d/src/MtgDiscoveryVibeWorkspace/IMPLS/src/Example.Scryfall.CosmosIngestion/bin/Release/net9.0/Lib.Cosmos.dll".
         Copying file from "/mnt/d/src/MtgDiscoveryVibeWorkspace/IMPLS/src/Lib.Adapter.Scryfall.Cosmos/bin/Release/net9.0/Lib.Adapter.Scryfall.Cosmos.dll" to "/mnt/d/src/MtgDiscoveryVibeWorkspace/IMPLS/src/Example.Scryfall.CosmosIngestion/bin/Release/net9.0/Lib.Adapter.Scryfall.Cosmos.dll".
         Copying file from "/mnt/d/src/MtgDiscoveryVibeWorkspace/IMPLS/src/Lib.Scryfall.Shared/bin/Release/net9.0/Lib.Scryfall.Shared.dll" to "/mnt/d/src/MtgDiscoveryVibeWorkspace/IMPLS/src/Example.Scryfall.CosmosIngestion/bin/Release/net9.0/Lib.Scryfall.Shared.dll".
    11>_GenerateSourceLinkFile:
         Updating Source Link file 'obj/Release/net9.0/Lib.Scryfall.Ingestion.Tests.sourcelink.json'.
     4>_CopyFilesMarkedCopyLocal:
         Copying file from "/mnt/d/src/MtgDiscoveryVibeWorkspace/IMPLS/src/Lib.Shared.Abstractions/bin/Release/net9.0/Lib.Shared.Abstractions.dll" to "/mnt/d/src/MtgDiscoveryVibeWorkspace/IMPLS/src/Example.Scryfall.CosmosIngestion/bin/Release/net9.0/Lib.Shared.Abstractions.dll".
    23>Done Building Project "/mnt/d/src/MtgDiscoveryVibeWorkspace/IMPLS/src/Lib.Shared.Invocation.Tests/Lib.Shared.Invocation.Tests.csproj" (default targets).
     4>_CopyFilesMarkedCopyLocal:
         Copying file from "/mnt/d/src/MtgDiscoveryVibeWorkspace/IMPLS/src/Lib.Universal/bin/Release/net9.0/Lib.Universal.dll" to "/mnt/d/src/MtgDiscoveryVibeWorkspace/IMPLS/src/Example.Scryfall.CosmosIngestion/bin/Release/net9.0/Lib.Universal.dll".
         Copying file from "/mnt/d/src/MtgDiscoveryVibeWorkspace/IMPLS/src/Lib.Scryfall.Ingestion/bin/Release/net9.0/Lib.Scryfall.Ingestion.pdb" to "/mnt/d/src/MtgDiscoveryVibeWorkspace/IMPLS/src/Example.Scryfall.CosmosIngestion/bin/Release/net9.0/Lib.Scryfall.Ingestion.pdb".
         Copying file from "/mnt/d/src/MtgDiscoveryVibeWorkspace/IMPLS/src/Lib.Cosmos/bin/Release/net9.0/Lib.Cosmos.pdb" to "/mnt/d/src/MtgDiscoveryVibeWorkspace/IMPLS/src/Example.Scryfall.CosmosIngestion/bin/Release/net9.0/Lib.Cosmos.pdb".
         Copying file from "/mnt/d/src/MtgDiscoveryVibeWorkspace/IMPLS/src/Example.Core/bin/Release/net9.0/Example.Core.pdb" to "/mnt/d/src/MtgDiscoveryVibeWorkspace/IMPLS/src/Example.Scryfall.CosmosIngestion/bin/Release/net9.0/Example.Core.pdb".
         Copying file from "/mnt/d/src/MtgDiscoveryVibeWorkspace/IMPLS/src/Lib.Adapter.Scryfall.Cosmos/bin/Release/net9.0/Lib.Adapter.Scryfall.Cosmos.pdb" to "/mnt/d/src/MtgDiscoveryVibeWorkspace/IMPLS/src/Example.Scryfall.CosmosIngestion/bin/Release/net9.0/Lib.Adapter.Scryfall.Cosmos.pdb".
         Copying file from "/mnt/d/src/MtgDiscoveryVibeWorkspace/IMPLS/src/Lib.Scryfall.Shared/bin/Release/net9.0/Lib.Scryfall.Shared.pdb" to "/mnt/d/src/MtgDiscoveryVibeWorkspace/IMPLS/src/Example.Scryfall.CosmosIngestion/bin/Release/net9.0/Lib.Scryfall.Shared.pdb".
    26>_CopyOutOfDateSourceItemsToOutputDirectory:
       Building target "_CopyOutOfDateSourceItemsToOutputDirectory" partially, because some output files are out of date with respect to their input files.
     4>_CopyFilesMarkedCopyLocal:
         Copying file from "/mnt/d/src/MtgDiscoveryVibeWorkspace/IMPLS/src/Lib.Shared.Abstractions/bin/Release/net9.0/Lib.Shared.Abstractions.pdb" to "/mnt/d/src/MtgDiscoveryVibeWorkspace/IMPLS/src/Example.Scryfall.CosmosIngestion/bin/Release/net9.0/Lib.Shared.Abstractions.pdb".
         Copying file from "/mnt/d/src/MtgDiscoveryVibeWorkspace/IMPLS/src/Lib.Universal/bin/Release/net9.0/Lib.Universal.pdb" to "/mnt/d/src/MtgDiscoveryVibeWorkspace/IMPLS/src/Example.Scryfall.CosmosIngestion/bin/Release/net9.0/Lib.Universal.pdb".
    26>_CopyOutOfDateSourceItemsToOutputDirectory:
         Copying file from "/mnt/d/src/MtgDiscoveryVibeWorkspace/IMPLS/src/Example.Scryfall.BulkIngestion/obj/Release/net9.0/apphost" to "/mnt/d/src/MtgDiscoveryVibeWorkspace/IMPLS/src/Example.Scryfall.BulkIngestion/bin/Release/net9.0/Example.Scryfall.BulkIngestion".
     4>_CopyFilesMarkedCopyLocal:
         Touching "/mnt/d/src/MtgDiscoveryVibeWorkspace/IMPLS/src/Example.Scryfall.CosmosIngestion/obj/Release/net9.0/Example..5E722861.Up2Date".
    37>CopyFilesToOutputDirectory:
         Copying reference assembly from "obj/Release/net9.0/refint/Lib.Adapter.UserCards.Tests.dll" to "/mnt/d/src/MtgDiscoveryVibeWorkspace/IMPLS/src/Lib.Adapter.UserCards.Tests/obj/Release/net9.0/ref/Lib.Adapter.UserCards.Tests.dll".
         Lib.Adapter.UserCards.Tests -> /mnt/d/src/MtgDiscoveryVibeWorkspace/IMPLS/src/Lib.Adapter.UserCards.Tests/bin/Release/net9.0/Lib.Adapter.UserCards.Tests.dll
    26>_CopyOutOfDateSourceItemsToOutputDirectoryAlways:
         Copying file from "/mnt/d/src/MtgDiscoveryVibeWorkspace/IMPLS/src/Example.Scryfall.BulkIngestion/scryfall_set_groupings.json" to "/mnt/d/src/MtgDiscoveryVibeWorkspace/IMPLS/src/Example.Scryfall.BulkIngestion/bin/Release/net9.0/scryfall_set_groupings.json".
         Copying file from "/mnt/d/src/MtgDiscoveryVibeWorkspace/IMPLS/src/Example.Scryfall.BulkIngestion/appsettings.json" to "/mnt/d/src/MtgDiscoveryVibeWorkspace/IMPLS/src/Example.Scryfall.BulkIngestion/bin/Release/net9.0/appsettings.json".
    37>CopyFilesToOutputDirectory:
         Copying file from "/mnt/d/src/MtgDiscoveryVibeWorkspace/IMPLS/src/Lib.Adapter.UserCards.Tests/obj/Release/net9.0/Lib.Adapter.UserCards.Tests.pdb" to "/mnt/d/src/MtgDiscoveryVibeWorkspace/IMPLS/src/Lib.Adapter.UserCards.Tests/bin/Release/net9.0/Lib.Adapter.UserCards.Tests.pdb".
    11>CoreCompile:
         /usr/share/dotnet/dotnet exec "/usr/share/dotnet/sdk/9.0.203/Roslyn/bincore/csc.dll" /noconfig /unsafe- /checked- /nowarn:IDE0290,IDE2001,IDE0005,IDE0046,CA1716,CA1040,CA1056,IDE0060,CA2000,CA1707,CA1515,1701,1702 /fullpaths /nostdlib+ /errorreport:prompt /warn:9 /define:TRACE;RELEASE;NET;NET9_0;NETCOREAPP;NET5_0_OR_GREATER;NET6_0_OR_GREATER;NET7_0_OR_GREATER;NET8_0_OR_GREATER;NET9_0_OR_GREATER;NETCOREAPP1_0_OR_GREATER;NETCOREAPP1_1_OR_GREATER;NETCOREAPP2_0_OR_GREATER;NETCOREAPP2_1_OR_GREATER;NETCOREAPP2_2_OR_GREATER;NETCOREAPP3_0_OR_GREATER;NETCOREAPP3_1_OR_GREATER /highentropyva+ /nullable:warnings /reference:/home/quinngil/.nuget/packages/awesomeassertions/9.1.0/lib/net8.0/AwesomeAssertions.dll /reference:/home/quinngil/.nuget/packages/azure.core/1.47.1/lib/net8.0/Azure.Core.dll /reference:/home/quinngil/.nuget/packages/azure.resourcemanager.authorization/1.1.5/lib/net8.0/Azure.ResourceManager.Authorization.dll /reference:/home/quinngil/.nuget/packages/azure.resourcemanager.cosmosdb/1.3.2/lib/netstandard2.0/Azure.ResourceManager.CosmosDB.dll /reference:/home/quinngil/.nuget/packages/azure.resourcemanager/1.13.2/lib/net8.0/Azure.ResourceManager.dll /reference:/home/quinngil/.nuget/packages/jetbrains.annotations/2025.2.0/lib/netstandard2.0/JetBrains.Annotations.dll /reference:/mnt/d/src/MtgDiscoveryVibeWorkspace/IMPLS/src/Lib.Adapter.Scryfall.Cosmos/obj/Release/net9.0/ref/Lib.Adapter.Scryfall.Cosmos.dll /reference:/mnt/d/src/MtgDiscoveryVibeWorkspace/IMPLS/src/Lib.Cosmos/obj/Release/net9.0/ref/Lib.Cosmos.dll /reference:/mnt/d/src/MtgDiscoveryVibeWorkspace/IMPLS/src/Lib.Scryfall.Ingestion/obj/Release/net9.0/ref/Lib.Scryfall.Ingestion.dll /reference:/mnt/d/src/MtgDiscoveryVibeWorkspace/IMPLS/src/Lib.Scryfall.Shared/obj/Release/net9.0/ref/Lib.Scryfall.Shared.dll /reference:/mnt/d/src/MtgDiscoveryVibeWorkspace/IMPLS/src/Lib.Shared.Abstractions/obj/Release/net9.0/ref/Lib.Shared.Abstractions.dll /reference:/mnt/d/src/MtgDiscoveryVibeWorkspace/IMPLS/src/Lib.Universal/obj/Release/net9.0/ref/Lib.Universal.dll /reference:/home/quinngil/.nuget/packages/microsoft.applicationinsights/2.23.0/lib/netstandard2.0/Microsoft.ApplicationInsights.dll /reference:/home/quinngil/.nuget/packages/microsoft.azure.cosmos/3.52.1/lib/netstandard2.0/Microsoft.Azure.Cosmos.Client.dll /reference:/home/quinngil/.nuget/packages/microsoft.azure.cosmos/3.52.1/lib/netstandard2.0/Microsoft.Azure.Cosmos.Core.dll /reference:/home/quinngil/.nuget/packages/microsoft.azure.cosmos/3.52.1/lib/netstandard2.0/Microsoft.Azure.Cosmos.Direct.dll /reference:/home/quinngil/.nuget/packages/microsoft.azure.cosmos/3.52.1/lib/netstandard2.0/Microsoft.Azure.Cosmos.Serialization.HybridRow.dll /reference:/home/quinngil/.nuget/packages/microsoft.bcl.asyncinterfaces/8.0.0/lib/netstandard2.1/Microsoft.Bcl.AsyncInterfaces.dll /reference:/home/quinngil/.nuget/packages/microsoft.bcl.hashcode/1.1.0/ref/netcoreapp2.1/Microsoft.Bcl.HashCode.dll /reference:/usr/share/dotnet/packs/Microsoft.NETCore.App.Ref/9.0.4/ref/net9.0/Microsoft.CSharp.dll /reference:/home/quinngil/.nuget/packages/microsoft.extensions.caching.abstractions/9.0.0/lib/net9.0/Microsoft.Extensions.Caching.Abstractions.dll /reference:/home/quinngil/.nuget/packages/microsoft.extensions.caching.memory/9.0.0/lib/net9.0/Microsoft.Extensions.Caching.Memory.dll /reference:/home/quinngil/.nuget/packages/microsoft.extensions.configuration.abstractions/9.0.5/lib/net9.0/Microsoft.Extensions.Configuration.Abstractions.dll /reference:/home/quinngil/.nuget/packages/microsoft.extensions.configuration/9.0.5/lib/net9.0/Microsoft.Extensions.Configuration.dll /reference:/home/quinngil/.nuget/packages/microsoft.extensions.dependencyinjection.abstractions/9.0.0/lib/net9.0/Microsoft.Extensions.DependencyInjection.Abstractions.dll /reference:/home/quinngil/.nuget/packages/microsoft.extensions.logging.abstractions/9.0.0/lib/net9.0/Microsoft.Extensions.Logging.Abstractions.dll /reference:/home/quinngil/.nuget/packages/microsoft.extensions.options/9.0.0/lib/net9.0/Microsoft.Extensions.Options.dll /reference:/home/quinngil/.nuget/packages/microsoft.extensions.primitives/9.0.5/lib/net9.0/Microsoft.Extensions.Primitives.dll /reference:/home/quinngil/.nuget/packages/microsoft.identitymodel.abstractions/8.0.1/lib/net9.0/Microsoft.IdentityModel.Abstractions.dll /reference:/home/quinngil/.nuget/packages/microsoft.identitymodel.jsonwebtokens/8.0.1/lib/net9.0/Microsoft.IdentityModel.JsonWebTokens.dll /reference:/home/quinngil/.nuget/packages/microsoft.identitymodel.logging/8.0.1/lib/net9.0/Microsoft.IdentityModel.Logging.dll /reference:/home/quinngil/.nuget/packages/microsoft.identitymodel.tokens/8.0.1/lib/net9.0/Microsoft.IdentityModel.Tokens.dll /reference:/home/quinngil/.nuget/packages/microsoft.testing.platform.msbuild/1.8.1/lib/net9.0/Microsoft.Testing.Extensions.MSBuild.dll /reference:/home/quinngil/.nuget/packages/microsoft.testing.extensions.telemetry/1.8.1/lib/net9.0/Microsoft.Testing.Extensions.Telemetry.dll /reference:/home/quinngil/.nuget/packages/microsoft.testing.extensions.trxreport.abstractions/1.8.1/lib/net9.0/Microsoft.Testing.Extensions.TrxReport.Abstractions.dll /reference:/home/quinngil/.nuget/packages/microsoft.testing.extensions.vstestbridge/1.8.1/lib/net9.0/Microsoft.Testing.Extensions.VSTestBridge.dll /reference:/home/quinngil/.nuget/packages/microsoft.testing.platform/1.8.1/lib/net9.0/Microsoft.Testing.Platform.dll /reference:/home/quinngil/.nuget/packages/microsoft.testplatform.adapterutilities/17.13.0/lib/net9.0/Microsoft.TestPlatform.AdapterUtilities.dll /reference:/home/quinngil/.nuget/packages/microsoft.testplatform.testhost/17.14.1/lib/net8.0/Microsoft.TestPlatform.CommunicationUtilities.dll /reference:/home/quinngil/.nuget/packages/microsoft.testplatform.testhost/17.14.1/lib/net8.0/Microsoft.TestPlatform.CoreUtilities.dll /reference:/home/quinngil/.nuget/packages/microsoft.testplatform.testhost/17.14.1/lib/net8.0/Microsoft.TestPlatform.CrossPlatEngine.dll /reference:/home/quinngil/.nuget/packages/microsoft.testplatform.testhost/17.14.1/lib/net8.0/Microsoft.TestPlatform.PlatformAbstractions.dll /reference:/home/quinngil/.nuget/packages/microsoft.testplatform.testhost/17.14.1/lib/net8.0/Microsoft.TestPlatform.Utilities.dll /reference:/usr/share/dotnet/packs/Microsoft.NETCore.App.Ref/9.0.4/ref/net9.0/Microsoft.VisualBasic.Core.dll /reference:/usr/share/dotnet/packs/Microsoft.NETCore.App.Ref/9.0.4/ref/net9.0/Microsoft.VisualBasic.dll /reference:/home/quinngil/.nuget/packages/microsoft.codecoverage/17.14.1/lib/net8.0/Microsoft.VisualStudio.CodeCoverage.Shim.dll /reference:/home/quinngil/.nuget/packages/microsoft.testplatform.testhost/17.14.1/lib/net8.0/Microsoft.VisualStudio.TestPlatform.Common.dll /reference:/home/quinngil/.nuget/packages/microsoft.testplatform.testhost/17.14.1/lib/net8.0/Microsoft.VisualStudio.TestPlatform.ObjectModel.dll /reference:/home/quinngil/.nuget/packages/mstest.testframework/3.10.1/lib/net9.0/Microsoft.VisualStudio.TestPlatform.TestFramework.dll /reference:/home/quinngil/.nuget/packages/mstest.testframework/3.10.1/buildTransitive/net9.0/Microsoft.VisualStudio.TestPlatform.TestFramework.Extensions.dll /reference:/usr/share/dotnet/packs/Microsoft.NETCore.App.Ref/9.0.4/ref/net9.0/Microsoft.Win32.Primitives.dll /reference:/usr/share/dotnet/packs/Microsoft.NETCore.App.Ref/9.0.4/ref/net9.0/Microsoft.Win32.Registry.dll /reference:/home/quinngil/.nuget/packages/microsoft.win32.systemevents/6.0.0/lib/net6.0/Microsoft.Win32.SystemEvents.dll /reference:/usr/share/dotnet/packs/Microsoft.NETCore.App.Ref/9.0.4/ref/net9.0/mscorlib.dll /reference:/usr/share/dotnet/packs/Microsoft.NETCore.App.Ref/9.0.4/ref/net9.0/netstandard.dll /reference:/home/quinngil/.nuget/packages/newtonsoft.json/13.0.3/lib/net6.0/Newtonsoft.Json.dll /reference:/home/quinngil/.nuget/packages/polly.core/8.5.2/lib/net8.0/Polly.Core.dll /reference:/home/quinngil/.nuget/packages/polly/8.5.2/lib/net6.0/Polly.dll /reference:/home/quinngil/.nuget/packages/polly.ratelimiting/8.5.2/lib/net8.0/Polly.RateLimiting.dll /reference:/usr/share/dotnet/packs/Microsoft.NETCore.App.Ref/9.0.4/ref/net9.0/System.AppContext.dll /reference:/usr/share/dotnet/packs/Microsoft.NETCore.App.Ref/9.0.4/ref/net9.0/System.Buffers.dll /reference:/home/quinngil/.nuget/packages/system.clientmodel/1.5.1/lib/net8.0/System.ClientModel.dll /reference:/usr/share/dotnet/packs/Microsoft.NETCore.App.Ref/9.0.4/ref/net9.0/System.Collections.Concurrent.dll /reference:/usr/share/dotnet/packs/Microsoft.NETCore.App.Ref/9.0.4/ref/net9.0/System.Collections.dll /reference:/usr/share/dotnet/packs/Microsoft.NETCore.App.Ref/9.0.4/ref/net9.0/System.Collections.Immutable.dll /reference:/usr/share/dotnet/packs/Microsoft.NETCore.App.Ref/9.0.4/ref/net9.0/System.Collections.NonGeneric.dll /reference:/usr/share/dotnet/packs/Microsoft.NETCore.App.Ref/9.0.4/ref/net9.0/System.Collections.Specialized.dll /reference:/usr/share/dotnet/packs/Microsoft.NETCore.App.Ref/9.0.4/ref/net9.0/System.ComponentModel.Annotations.dll /reference:/usr/share/dotnet/packs/Microsoft.NETCore.App.Ref/9.0.4/ref/net9.0/System.ComponentModel.DataAnnotations.dll /reference:/usr/share/dotnet/packs/Microsoft.NETCore.App.Ref/9.0.4/ref/net9.0/System.ComponentModel.dll /reference:/usr/share/dotnet/packs/Microsoft.NETCore.App.Ref/9.0.4/ref/net9.0/System.ComponentModel.EventBasedAsync.dll /reference:/usr/share/dotnet/packs/Microsoft.NETCore.App.Ref/9.0.4/ref/net9.0/System.ComponentModel.Primitives.dll /reference:/usr/share/dotnet/packs/Microsoft.NETCore.App.Ref/9.0.4/ref/net9.0/System.ComponentModel.TypeConverter.dll /reference:/home/quinngil/.nuget/packages/system.configuration.configurationmanager/6.0.0/lib/net6.0/System.Configuration.ConfigurationManager.dll /reference:/usr/share/dotnet/packs/Microsoft.NETCore.App.Ref/9.0.4/ref/net9.0/System.Configuration.dll /reference:/usr/share/dotnet/packs/Microsoft.NETCore.App.Ref/9.0.4/ref/net9.0/System.Console.dll /reference:/usr/share/dotnet/packs/Microsoft.NETCore.App.Ref/9.0.4/ref/net9.0/System.Core.dll /reference:/usr/share/dotnet/packs/Microsoft.NETCore.App.Ref/9.0.4/ref/net9.0/System.Data.Common.dll /reference:/usr/share/dotnet/packs/Microsoft.NETCore.App.Ref/9.0.4/ref/net9.0/System.Data.DataSetExtensions.dll /reference:/usr/share/dotnet/packs/Microsoft.NETCore.App.Ref/9.0.4/ref/net9.0/System.Data.dll /reference:/usr/share/dotnet/packs/Microsoft.NETCore.App.Ref/9.0.4/ref/net9.0/System.Diagnostics.Contracts.dll /reference:/usr/share/dotnet/packs/Microsoft.NETCore.App.Ref/9.0.4/ref/net9.0/System.Diagnostics.Debug.dll /reference:/usr/share/dotnet/packs/Microsoft.NETCore.App.Ref/9.0.4/ref/net9.0/System.Diagnostics.DiagnosticSource.dll /reference:/usr/share/dotnet/packs/Microsoft.NETCore.App.Ref/9.0.4/ref/net9.0/System.Diagnostics.FileVersionInfo.dll /reference:/usr/share/dotnet/packs/Microsoft.NETCore.App.Ref/9.0.4/ref/net9.0/System.Diagnostics.Process.dll /reference:/usr/share/dotnet/packs/Microsoft.NETCore.App.Ref/9.0.4/ref/net9.0/System.Diagnostics.StackTrace.dll /reference:/usr/share/dotnet/packs/Microsoft.NETCore.App.Ref/9.0.4/ref/net9.0/System.Diagnostics.TextWriterTraceListener.dll /reference:/usr/share/dotnet/packs/Microsoft.NETCore.App.Ref/9.0.4/ref/net9.0/System.Diagnostics.Tools.dll /reference:/usr/share/dotnet/packs/Microsoft.NETCore.App.Ref/9.0.4/ref/net9.0/System.Diagnostics.TraceSource.dll /reference:/usr/share/dotnet/packs/Microsoft.NETCore.App.Ref/9.0.4/ref/net9.0/System.Diagnostics.Tracing.dll /reference:/usr/share/dotnet/packs/Microsoft.NETCore.App.Ref/9.0.4/ref/net9.0/System.dll /reference:/home/quinngil/.nuget/packages/system.drawing.common/6.0.0/lib/net6.0/System.Drawing.Common.dll /reference:/usr/share/dotnet/packs/Microsoft.NETCore.App.Ref/9.0.4/ref/net9.0/System.Drawing.dll /reference:/usr/share/dotnet/packs/Microsoft.NETCore.App.Ref/9.0.4/ref/net9.0/System.Drawing.Primitives.dll /reference:/usr/share/dotnet/packs/Microsoft.NETCore.App.Ref/9.0.4/ref/net9.0/System.Dynamic.Runtime.dll /reference:/usr/share/dotnet/packs/Microsoft.NETCore.App.Ref/9.0.4/ref/net9.0/System.Formats.Asn1.dll /reference:/usr/share/dotnet/packs/Microsoft.NETCore.App.Ref/9.0.4/ref/net9.0/System.Formats.Tar.dll /reference:/usr/share/dotnet/packs/Microsoft.NETCore.App.Ref/9.0.4/ref/net9.0/System.Globalization.Calendars.dll /reference:/usr/share/dotnet/packs/Microsoft.NETCore.App.Ref/9.0.4/ref/net9.0/System.Globalization.dll /reference:/usr/share/dotnet/packs/Microsoft.NETCore.App.Ref/9.0.4/ref/net9.0/System.Globalization.Extensions.dll /reference:/home/quinngil/.nuget/packages/system.identitymodel.tokens.jwt/8.0.1/lib/net9.0/System.IdentityModel.Tokens.Jwt.dll /reference:/usr/share/dotnet/packs/Microsoft.NETCore.App.Ref/9.0.4/ref/net9.0/System.IO.Compression.Brotli.dll /reference:/usr/share/dotnet/packs/Microsoft.NETCore.App.Ref/9.0.4/ref/net9.0/System.IO.Compression.dll /reference:/usr/share/dotnet/packs/Microsoft.NETCore.App.Ref/9.0.4/ref/net9.0/System.IO.Compression.FileSystem.dll /reference:/usr/share/dotnet/packs/Microsoft.NETCore.App.Ref/9.0.4/ref/net9.0/System.IO.Compression.ZipFile.dll /reference:/usr/share/dotnet/packs/Microsoft.NETCore.App.Ref/9.0.4/ref/net9.0/System.IO.dll /reference:/usr/share/dotnet/packs/Microsoft.NETCore.App.Ref/9.0.4/ref/net9.0/System.IO.FileSystem.AccessControl.dll /reference:/usr/share/dotnet/packs/Microsoft.NETCore.App.Ref/9.0.4/ref/net9.0/System.IO.FileSystem.dll /reference:/usr/share/dotnet/packs/Microsoft.NETCore.App.Ref/9.0.4/ref/net9.0/System.IO.FileSystem.DriveInfo.dll /reference:/usr/share/dotnet/packs/Microsoft.NETCore.App.Ref/9.0.4/ref/net9.0/System.IO.FileSystem.Primitives.dll /reference:/usr/share/dotnet/packs/Microsoft.NETCore.App.Ref/9.0.4/ref/net9.0/System.IO.FileSystem.Watcher.dll /reference:/usr/share/dotnet/packs/Microsoft.NETCore.App.Ref/9.0.4/ref/net9.0/System.IO.IsolatedStorage.dll /reference:/usr/share/dotnet/packs/Microsoft.NETCore.App.Ref/9.0.4/ref/net9.0/System.IO.MemoryMappedFiles.dll /reference:/usr/share/dotnet/packs/Microsoft.NETCore.App.Ref/9.0.4/ref/net9.0/System.IO.Pipelines.dll /reference:/usr/share/dotnet/packs/Microsoft.NETCore.App.Ref/9.0.4/ref/net9.0/System.IO.Pipes.AccessControl.dll /reference:/usr/share/dotnet/packs/Microsoft.NETCore.App.Ref/9.0.4/ref/net9.0/System.IO.Pipes.dll /reference:/usr/share/dotnet/packs/Microsoft.NETCore.App.Ref/9.0.4/ref/net9.0/System.IO.UnmanagedMemoryStream.dll /reference:/usr/share/dotnet/packs/Microsoft.NETCore.App.Ref/9.0.4/ref/net9.0/System.Linq.dll /reference:/usr/share/dotnet/packs/Microsoft.NETCore.App.Ref/9.0.4/ref/net9.0/System.Linq.Expressions.dll /reference:/usr/share/dotnet/packs/Microsoft.NETCore.App.Ref/9.0.4/ref/net9.0/System.Linq.Parallel.dll /reference:/usr/share/dotnet/packs/Microsoft.NETCore.App.Ref/9.0.4/ref/net9.0/System.Linq.Queryable.dll /reference:/home/quinngil/.nuget/packages/system.memory.data/8.0.1/lib/net8.0/System.Memory.Data.dll /reference:/usr/share/dotnet/packs/Microsoft.NETCore.App.Ref/9.0.4/ref/net9.0/System.Memory.dll /reference:/usr/share/dotnet/packs/Microsoft.NETCore.App.Ref/9.0.4/ref/net9.0/System.Net.dll /reference:/usr/share/dotnet/packs/Microsoft.NETCore.App.Ref/9.0.4/ref/net9.0/System.Net.Http.dll /reference:/usr/share/dotnet/packs/Microsoft.NETCore.App.Ref/9.0.4/ref/net9.0/System.Net.Http.Json.dll /reference:/usr/share/dotnet/packs/Microsoft.NETCore.App.Ref/9.0.4/ref/net9.0/System.Net.HttpListener.dll /reference:/usr/share/dotnet/packs/Microsoft.NETCore.App.Ref/9.0.4/ref/net9.0/System.Net.Mail.dll /reference:/usr/share/dotnet/packs/Microsoft.NETCore.App.Ref/9.0.4/ref/net9.0/System.Net.NameResolution.dll /reference:/usr/share/dotnet/packs/Microsoft.NETCore.App.Ref/9.0.4/ref/net9.0/System.Net.NetworkInformation.dll /reference:/usr/share/dotnet/packs/Microsoft.NETCore.App.Ref/9.0.4/ref/net9.0/System.Net.Ping.dll /reference:/usr/share/dotnet/packs/Microsoft.NETCore.App.Ref/9.0.4/ref/net9.0/System.Net.Primitives.dll /reference:/usr/share/dotnet/packs/Microsoft.NETCore.App.Ref/9.0.4/ref/net9.0/System.Net.Quic.dll /reference:/usr/share/dotnet/packs/Microsoft.NETCore.App.Ref/9.0.4/ref/net9.0/System.Net.Requests.dll /reference:/usr/share/dotnet/packs/Microsoft.NETCore.App.Ref/9.0.4/ref/net9.0/System.Net.Security.dll /reference:/usr/share/dotnet/packs/Microsoft.NETCore.App.Ref/9.0.4/ref/net9.0/System.Net.ServicePoint.dll /reference:/usr/share/dotnet/packs/Microsoft.NETCore.App.Ref/9.0.4/ref/net9.0/System.Net.Sockets.dll /reference:/usr/share/dotnet/packs/Microsoft.NETCore.App.Ref/9.0.4/ref/net9.0/System.Net.WebClient.dll /reference:/usr/share/dotnet/packs/Microsoft.NETCore.App.Ref/9.0.4/ref/net9.0/System.Net.WebHeaderCollection.dll /reference:/usr/share/dotnet/packs/Microsoft.NETCore.App.Ref/9.0.4/ref/net9.0/System.Net.WebProxy.dll /reference:/usr/share/dotnet/packs/Microsoft.NETCore.App.Ref/9.0.4/ref/net9.0/System.Net.WebSockets.Client.dll /reference:/usr/share/dotnet/packs/Microsoft.NETCore.App.Ref/9.0.4/ref/net9.0/System.Net.WebSockets.dll /reference:/usr/share/dotnet/packs/Microsoft.NETCore.App.Ref/9.0.4/ref/net9.0/System.Numerics.dll /reference:/usr/share/dotnet/packs/Microsoft.NETCore.App.Ref/9.0.4/ref/net9.0/System.Numerics.Vectors.dll /reference:/usr/share/dotnet/packs/Microsoft.NETCore.App.Ref/9.0.4/ref/net9.0/System.ObjectModel.dll /reference:/usr/share/dotnet/packs/Microsoft.NETCore.App.Ref/9.0.4/ref/net9.0/System.Reflection.DispatchProxy.dll /reference:/usr/share/dotnet/packs/Microsoft.NETCore.App.Ref/9.0.4/ref/net9.0/System.Reflection.dll /reference:/usr/share/dotnet/packs/Microsoft.NETCore.App.Ref/9.0.4/ref/net9.0/System.Reflection.Emit.dll /reference:/usr/share/dotnet/packs/Microsoft.NETCore.App.Ref/9.0.4/ref/net9.0/System.Reflection.Emit.ILGeneration.dll /reference:/usr/share/dotnet/packs/Microsoft.NETCore.App.Ref/9.0.4/ref/net9.0/System.Reflection.Emit.Lightweight.dll /reference:/usr/share/dotnet/packs/Microsoft.NETCore.App.Ref/9.0.4/ref/net9.0/System.Reflection.Extensions.dll /reference:/usr/share/dotnet/packs/Microsoft.NETCore.App.Ref/9.0.4/ref/net9.0/System.Reflection.Metadata.dll /reference:/usr/share/dotnet/packs/Microsoft.NETCore.App.Ref/9.0.4/ref/net9.0/System.Reflection.Primitives.dll /reference:/usr/share/dotnet/packs/Microsoft.NETCore.App.Ref/9.0.4/ref/net9.0/System.Reflection.TypeExtensions.dll /reference:/usr/share/dotnet/packs/Microsoft.NETCore.App.Ref/9.0.4/ref/net9.0/System.Resources.Reader.dll /reference:/usr/share/dotnet/packs/Microsoft.NETCore.App.Ref/9.0.4/ref/net9.0/System.Resources.ResourceManager.dll /reference:/usr/share/dotnet/packs/Microsoft.NETCore.App.Ref/9.0.4/ref/net9.0/System.Resources.Writer.dll /reference:/usr/share/dotnet/packs/Microsoft.NETCore.App.Ref/9.0.4/ref/net9.0/System.Runtime.CompilerServices.Unsafe.dll /reference:/usr/share/dotnet/packs/Microsoft.NETCore.App.Ref/9.0.4/ref/net9.0/System.Runtime.CompilerServices.VisualC.dll /reference:/usr/share/dotnet/packs/Microsoft.NETCore.App.Ref/9.0.4/ref/net9.0/System.Runtime.dll /reference:/usr/share/dotnet/packs/Microsoft.NETCore.App.Ref/9.0.4/ref/net9.0/System.Runtime.Extensions.dll /reference:/usr/share/dotnet/packs/Microsoft.NETCore.App.Ref/9.0.4/ref/net9.0/System.Runtime.Handles.dll /reference:/usr/share/dotnet/packs/Microsoft.NETCore.App.Ref/9.0.4/ref/net9.0/System.Runtime.InteropServices.dll /reference:/usr/share/dotnet/packs/Microsoft.NETCore.App.Ref/9.0.4/ref/net9.0/System.Runtime.InteropServices.JavaScript.dll /reference:/usr/share/dotnet/packs/Microsoft.NETCore.App.Ref/9.0.4/ref/net9.0/System.Runtime.InteropServices.RuntimeInformation.dll /reference:/usr/share/dotnet/packs/Microsoft.NETCore.App.Ref/9.0.4/ref/net9.0/System.Runtime.Intrinsics.dll /reference:/usr/share/dotnet/packs/Microsoft.NETCore.App.Ref/9.0.4/ref/net9.0/System.Runtime.Loader.dll /reference:/usr/share/dotnet/packs/Microsoft.NETCore.App.Ref/9.0.4/ref/net9.0/System.Runtime.Numerics.dll /reference:/usr/share/dotnet/packs/Microsoft.NETCore.App.Ref/9.0.4/ref/net9.0/System.Runtime.Serialization.dll /reference:/usr/share/dotnet/packs/Microsoft.NETCore.App.Ref/9.0.4/ref/net9.0/System.Runtime.Serialization.Formatters.dll /reference:/usr/share/dotnet/packs/Microsoft.NETCore.App.Ref/9.0.4/ref/net9.0/System.Runtime.Serialization.Json.dll /reference:/usr/share/dotnet/packs/Microsoft.NETCore.App.Ref/9.0.4/ref/net9.0/System.Runtime.Serialization.Primitives.dll /reference:/usr/share/dotnet/packs/Microsoft.NETCore.App.Ref/9.0.4/ref/net9.0/System.Runtime.Serialization.Xml.dll /reference:/usr/share/dotnet/packs/Microsoft.NETCore.App.Ref/9.0.4/ref/net9.0/System.Security.AccessControl.dll /reference:/usr/share/dotnet/packs/Microsoft.NETCore.App.Ref/9.0.4/ref/net9.0/System.Security.Claims.dll /reference:/usr/share/dotnet/packs/Microsoft.NETCore.App.Ref/9.0.4/ref/net9.0/System.Security.Cryptography.Algorithms.dll /reference:/usr/share/dotnet/packs/Microsoft.NETCore.App.Ref/9.0.4/ref/net9.0/System.Security.Cryptography.Cng.dll /reference:/usr/share/dotnet/packs/Microsoft.NETCore.App.Ref/9.0.4/ref/net9.0/System.Security.Cryptography.Csp.dll /reference:/usr/share/dotnet/packs/Microsoft.NETCore.App.Ref/9.0.4/ref/net9.0/System.Security.Cryptography.dll /reference:/usr/share/dotnet/packs/Microsoft.NETCore.App.Ref/9.0.4/ref/net9.0/System.Security.Cryptography.Encoding.dll /reference:/usr/share/dotnet/packs/Microsoft.NETCore.App.Ref/9.0.4/ref/net9.0/System.Security.Cryptography.OpenSsl.dll /reference:/usr/share/dotnet/packs/Microsoft.NETCore.App.Ref/9.0.4/ref/net9.0/System.Security.Cryptography.Primitives.dll /reference:/home/quinngil/.nuget/packages/system.security.cryptography.protecteddata/6.0.0/lib/net6.0/System.Security.Cryptography.ProtectedData.dll /reference:/usr/share/dotnet/packs/Microsoft.NETCore.App.Ref/9.0.4/ref/net9.0/System.Security.Cryptography.X509Certificates.dll /reference:/usr/share/dotnet/packs/Microsoft.NETCore.App.Ref/9.0.4/ref/net9.0/System.Security.dll /reference:/home/quinngil/.nuget/packages/system.security.permissions/6.0.0/lib/net6.0/System.Security.Permissions.dll /reference:/usr/share/dotnet/packs/Microsoft.NETCore.App.Ref/9.0.4/ref/net9.0/System.Security.Principal.dll /reference:/usr/share/dotnet/packs/Microsoft.NETCore.App.Ref/9.0.4/ref/net9.0/System.Security.Principal.Windows.dll /reference:/usr/share/dotnet/packs/Microsoft.NETCore.App.Ref/9.0.4/ref/net9.0/System.Security.SecureString.dll /reference:/usr/share/dotnet/packs/Microsoft.NETCore.App.Ref/9.0.4/ref/net9.0/System.ServiceModel.Web.dll /reference:/usr/share/dotnet/packs/Microsoft.NETCore.App.Ref/9.0.4/ref/net9.0/System.ServiceProcess.dll /reference:/usr/share/dotnet/packs/Microsoft.NETCore.App.Ref/9.0.4/ref/net9.0/System.Text.Encoding.CodePages.dll /reference:/usr/share/dotnet/packs/Microsoft.NETCore.App.Ref/9.0.4/ref/net9.0/System.Text.Encoding.dll /reference:/usr/share/dotnet/packs/Microsoft.NETCore.App.Ref/9.0.4/ref/net9.0/System.Text.Encoding.Extensions.dll /reference:/usr/share/dotnet/packs/Microsoft.NETCore.App.Ref/9.0.4/ref/net9.0/System.Text.Encodings.Web.dll /reference:/home/quinngil/.nuget/packages/system.text.json/9.0.8/lib/net9.0/System.Text.Json.dll /reference:/usr/share/dotnet/packs/Microsoft.NETCore.App.Ref/9.0.4/ref/net9.0/System.Text.RegularExpressions.dll /reference:/usr/share/dotnet/packs/Microsoft.NETCore.App.Ref/9.0.4/ref/net9.0/System.Threading.Channels.dll /reference:/usr/share/dotnet/packs/Microsoft.NETCore.App.Ref/9.0.4/ref/net9.0/System.Threading.dll /reference:/usr/share/dotnet/packs/Microsoft.NETCore.App.Ref/9.0.4/ref/net9.0/System.Threading.Overlapped.dll /reference:/home/quinngil/.nuget/packages/system.threading.ratelimiting/8.0.0/lib/net8.0/System.Threading.RateLimiting.dll /reference:/usr/share/dotnet/packs/Microsoft.NETCore.App.Ref/9.0.4/ref/net9.0/System.Threading.Tasks.Dataflow.dll /reference:/usr/share/dotnet/packs/Microsoft.NETCore.App.Ref/9.0.4/ref/net9.0/System.Threading.Tasks.dll /reference:/usr/share/dotnet/packs/Microsoft.NETCore.App.Ref/9.0.4/ref/net9.0/System.Threading.Tasks.Extensions.dll /reference:/usr/share/dotnet/packs/Microsoft.NETCore.App.Ref/9.0.4/ref/net9.0/System.Threading.Tasks.Parallel.dll /reference:/usr/share/dotnet/packs/Microsoft.NETCore.App.Ref/9.0.4/ref/net9.0/System.Threading.Thread.dll /reference:/usr/share/dotnet/packs/Microsoft.NETCore.App.Ref/9.0.4/ref/net9.0/System.Threading.ThreadPool.dll /reference:/usr/share/dotnet/packs/Microsoft.NETCore.App.Ref/9.0.4/ref/net9.0/System.Threading.Timer.dll /reference:/usr/share/dotnet/packs/Microsoft.NETCore.App.Ref/9.0.4/ref/net9.0/System.Transactions.dll /reference:/usr/share/dotnet/packs/Microsoft.NETCore.App.Ref/9.0.4/ref/net9.0/System.Transactions.Local.dll /reference:/usr/share/dotnet/packs/Microsoft.NETCore.App.Ref/9.0.4/ref/net9.0/System.ValueTuple.dll /reference:/usr/share/dotnet/packs/Microsoft.NETCore.App.Ref/9.0.4/ref/net9.0/System.Web.dll /reference:/usr/share/dotnet/packs/Microsoft.NETCore.App.Ref/9.0.4/ref/net9.0/System.Web.HttpUtility.dll /reference:/usr/share/dotnet/packs/Microsoft.NETCore.App.Ref/9.0.4/ref/net9.0/System.Windows.dll /reference:/home/quinngil/.nuget/packages/system.windows.extensions/6.0.0/lib/net6.0/System.Windows.Extensions.dll /reference:/usr/share/dotnet/packs/Microsoft.NETCore.App.Ref/9.0.4/ref/net9.0/System.Xml.dll /reference:/usr/share/dotnet/packs/Microsoft.NETCore.App.Ref/9.0.4/ref/net9.0/System.Xml.Linq.dll /reference:/usr/share/dotnet/packs/Microsoft.NETCore.App.Ref/9.0.4/ref/net9.0/System.Xml.ReaderWriter.dll /reference:/usr/share/dotnet/packs/Microsoft.NETCore.App.Ref/9.0.4/ref/net9.0/System.Xml.Serialization.dll /reference:/usr/share/dotnet/packs/Microsoft.NETCore.App.Ref/9.0.4/ref/net9.0/System.Xml.XDocument.dll /reference:/usr/share/dotnet/packs/Microsoft.NETCore.App.Ref/9.0.4/ref/net9.0/System.Xml.XmlDocument.dll /reference:/usr/share/dotnet/packs/Microsoft.NETCore.App.Ref/9.0.4/ref/net9.0/System.Xml.XmlSerializer.dll /reference:/usr/share/dotnet/packs/Microsoft.NETCore.App.Ref/9.0.4/ref/net9.0/System.Xml.XPath.dll /reference:/usr/share/dotnet/packs/Microsoft.NETCore.App.Ref/9.0.4/ref/net9.0/System.Xml.XPath.XDocument.dll /reference:/mnt/d/src/MtgDiscoveryVibeWorkspace/IMPLS/src/TestConvenience.Core/obj/Release/net9.0/ref/TestConvenience.Core.dll /reference:/home/quinngil/.nuget/packages/microsoft.testplatform.testhost/17.14.1/lib/net8.0/testhost.dll /reference:/usr/share/dotnet/packs/Microsoft.NETCore.App.Ref/9.0.4/ref/net9.0/WindowsBase.dll /debug- /debug:portable /filealign:512 /optimize+ /out:obj/Release/net9.0/Lib.Scryfall.Ingestion.Tests.dll /refout:obj/Release/net9.0/refint/Lib.Scryfall.Ingestion.Tests.dll /reportanalyzer /target:exe /warnaserror+ /utf8output /deterministic+ /sourcelink:obj/Release/net9.0/Lib.Scryfall.Ingestion.Tests.sourcelink.json /langversion:latest /features:strict /embed:/home/quinngil/.nuget/packages/microsoft.net.test.sdk/17.14.1/build/net8.0/Microsoft.NET.Test.Sdk.Program.cs /embed:obj/Release/net9.0/Lib.Scryfall.Ingestion.Tests.GlobalUsings.g.cs /embed:"obj/Release/net9.0/.NETCoreApp,Version=v9.0.AssemblyAttributes.cs" /embed:obj/Release/net9.0/Lib.Scryfall.Ingestion.Tests.AssemblyInfo.cs /analyzerconfig:/mnt/d/src/MtgDiscoveryVibeWorkspace/IMPLS/src/.editorconfig /analyzerconfig:/home/quinngil/.nuget/packages/mstest.analyzers/3.10.1/buildTransitive/../globalconfigs/mstest-default.globalconfig /analyzerconfig:obj/Release/net9.0/Lib.Scryfall.Ingestion.Tests.GeneratedMSBuildEditorConfig.editorconfig /analyzerconfig:/usr/share/dotnet/sdk/9.0.203/Sdks/Microsoft.NET.Sdk/analyzers/build/config/analysislevel_9_all_warnaserror.globalconfig /analyzer:/usr/share/dotnet/sdk/9.0.203/Sdks/Microsoft.NET.Sdk/targets/../analyzers/Microsoft.CodeAnalysis.CSharp.NetAnalyzers.dll /analyzer:/usr/share/dotnet/sdk/9.0.203/Sdks/Microsoft.NET.Sdk/targets/../analyzers/Microsoft.CodeAnalysis.NetAnalyzers.dll /analyzer:/usr/share/dotnet/sdk/9.0.203/Sdks/Microsoft.NET.Sdk/targets/../codestyle/cs/Microsoft.CodeAnalysis.CodeStyle.dll /analyzer:/usr/share/dotnet/sdk/9.0.203/Sdks/Microsoft.NET.Sdk/targets/../codestyle/cs/Microsoft.CodeAnalysis.CodeStyle.Fixes.dll /analyzer:/usr/share/dotnet/sdk/9.0.203/Sdks/Microsoft.NET.Sdk/targets/../codestyle/cs/Microsoft.CodeAnalysis.CSharp.CodeStyle.dll /analyzer:/usr/share/dotnet/sdk/9.0.203/Sdks/Microsoft.NET.Sdk/targets/../codestyle/cs/Microsoft.CodeAnalysis.CSharp.CodeStyle.Fixes.dll /analyzer:/home/quinngil/.nuget/packages/microsoft.codeanalysis.bannedapianalyzers/4.14.0/analyzers/dotnet/cs/Microsoft.CodeAnalysis.BannedApiAnalyzers.dll /analyzer:/home/quinngil/.nuget/packages/microsoft.codeanalysis.bannedapianalyzers/4.14.0/analyzers/dotnet/cs/Microsoft.CodeAnalysis.CSharp.BannedApiAnalyzers.dll /analyzer:/home/quinngil/.nuget/packages/microsoft.extensions.logging.abstractions/9.0.0/analyzers/dotnet/roslyn4.4/cs/Microsoft.Extensions.Logging.Generators.dll /analyzer:/home/quinngil/.nuget/packages/microsoft.extensions.options/9.0.0/analyzers/dotnet/roslyn4.4/cs/Microsoft.Extensions.Options.SourceGeneration.dll /analyzer:/home/quinngil/.nuget/packages/mstest.analyzers/3.10.1/analyzers/dotnet/cs/MSTest.Analyzers.CodeFixes.dll /analyzer:/home/quinngil/.nuget/packages/mstest.analyzers/3.10.1/analyzers/dotnet/cs/MSTest.Analyzers.dll /analyzer:/home/quinngil/.nuget/packages/system.clientmodel/1.5.1/analyzers/dotnet/cs/System.ClientModel.SourceGeneration.dll /analyzer:/home/quinngil/.nuget/packages/system.text.json/9.0.8/analyzers/dotnet/roslyn4.4/cs/System.Text.Json.SourceGeneration.dll /analyzer:/usr/share/dotnet/packs/Microsoft.NETCore.App.Ref/9.0.4/analyzers/dotnet/cs/Microsoft.Interop.ComInterfaceGenerator.dll /analyzer:/usr/share/dotnet/packs/Microsoft.NETCore.App.Ref/9.0.4/analyzers/dotnet/cs/Microsoft.Interop.JavaScript.JSImportGenerator.dll /analyzer:/usr/share/dotnet/packs/Microsoft.NETCore.App.Ref/9.0.4/analyzers/dotnet/cs/Microsoft.Interop.LibraryImportGenerator.dll /analyzer:/usr/share/dotnet/packs/Microsoft.NETCore.App.Ref/9.0.4/analyzers/dotnet/cs/Microsoft.Interop.SourceGeneration.dll /analyzer:/usr/share/dotnet/packs/Microsoft.NETCore.App.Ref/9.0.4/analyzers/dotnet/cs/System.Text.RegularExpressions.Generator.dll /additionalfile:/mnt/d/src/MtgDiscoveryVibeWorkspace/IMPLS/src/BannedSymbols.txt /additionalfile:/mnt/d/src/MtgDiscoveryVibeWorkspace/IMPLS/src/.editorconfig Fakes/HttpClientFake.cs Fakes/ScryfallListPagingFake.cs Fakes/ScryfallRateLimiterFake.cs Fakes/ScryfallSetFake.cs Fakes/TestDtoTransformerFake.cs Internal/Collections/HttpScryfallCollectionTests.cs Internal/Collections/ScryfallCardDtoTransformerTests.cs Internal/Collections/ScryfallSetDtoTransformerTests.cs Internal/Dtos/ScryfallObjectListDtoTests.cs Internal/Http/RateLimitedHttpClientTests.cs Internal/Http/ScryfallRateLimiterTests.cs /home/quinngil/.nuget/packages/microsoft.net.test.sdk/17.14.1/build/net8.0/Microsoft.NET.Test.Sdk.Program.cs obj/Release/net9.0/Lib.Scryfall.Ingestion.Tests.GlobalUsings.g.cs "obj/Release/net9.0/.NETCoreApp,Version=v9.0.AssemblyAttributes.cs" obj/Release/net9.0/Lib.Scryfall.Ingestion.Tests.AssemblyInfo.cs /warnaserror+:NU1605,SYSLIB0011
    37>Done Building Project "/mnt/d/src/MtgDiscoveryVibeWorkspace/IMPLS/src/Lib.Adapter.UserCards.Tests/Lib.Adapter.UserCards.Tests.csproj" (default targets).
     4>_CopyOutOfDateSourceItemsToOutputDirectory:
       Building target "_CopyOutOfDateSourceItemsToOutputDirectory" partially, because some output files are out of date with respect to their input files.
         Copying file from "/mnt/d/src/MtgDiscoveryVibeWorkspace/IMPLS/src/Example.Scryfall.CosmosIngestion/obj/Release/net9.0/apphost" to "/mnt/d/src/MtgDiscoveryVibeWorkspace/IMPLS/src/Example.Scryfall.CosmosIngestion/bin/Release/net9.0/Example.Scryfall.CosmosIngestion".
       _CopyOutOfDateSourceItemsToOutputDirectoryAlways:
         Copying file from "/mnt/d/src/MtgDiscoveryVibeWorkspace/IMPLS/src/Example.Scryfall.CosmosIngestion/scryfall_set_groupings.json" to "/mnt/d/src/MtgDiscoveryVibeWorkspace/IMPLS/src/Example.Scryfall.CosmosIngestion/bin/Release/net9.0/scryfall_set_groupings.json".
         Copying file from "/mnt/d/src/MtgDiscoveryVibeWorkspace/IMPLS/src/Example.Scryfall.CosmosIngestion/appsettings.json" to "/mnt/d/src/MtgDiscoveryVibeWorkspace/IMPLS/src/Example.Scryfall.CosmosIngestion/bin/Release/net9.0/appsettings.json".
     8>CopyFilesToOutputDirectory:
         Copying file from "/mnt/d/src/MtgDiscoveryVibeWorkspace/IMPLS/src/Example.Scryfall.ApiDemo/obj/Release/net9.0/Example.Scryfall.ApiDemo.dll" to "/mnt/d/src/MtgDiscoveryVibeWorkspace/IMPLS/src/Example.Scryfall.ApiDemo/bin/Release/net9.0/Example.Scryfall.ApiDemo.dll".
         Copying reference assembly from "obj/Release/net9.0/refint/Example.Scryfall.ApiDemo.dll" to "/mnt/d/src/MtgDiscoveryVibeWorkspace/IMPLS/src/Example.Scryfall.ApiDemo/obj/Release/net9.0/ref/Example.Scryfall.ApiDemo.dll".
         Example.Scryfall.ApiDemo -> /mnt/d/src/MtgDiscoveryVibeWorkspace/IMPLS/src/Example.Scryfall.ApiDemo/bin/Release/net9.0/Example.Scryfall.ApiDemo.dll
         Copying file from "/mnt/d/src/MtgDiscoveryVibeWorkspace/IMPLS/src/Example.Scryfall.ApiDemo/obj/Release/net9.0/Example.Scryfall.ApiDemo.pdb" to "/mnt/d/src/MtgDiscoveryVibeWorkspace/IMPLS/src/Example.Scryfall.ApiDemo/bin/Release/net9.0/Example.Scryfall.ApiDemo.pdb".
    26>CopyFilesToOutputDirectory:
         Copying file from "/mnt/d/src/MtgDiscoveryVibeWorkspace/IMPLS/src/Example.Scryfall.BulkIngestion/obj/Release/net9.0/Example.Scryfall.BulkIngestion.dll" to "/mnt/d/src/MtgDiscoveryVibeWorkspace/IMPLS/src/Example.Scryfall.BulkIngestion/bin/Release/net9.0/Example.Scryfall.BulkIngestion.dll".
    11>CoreCompile:
         CompilerServer: server - server processed compilation - Lib.Scryfall.Ingestion.Tests (net9.0)
     8>Done Building Project "/mnt/d/src/MtgDiscoveryVibeWorkspace/IMPLS/src/Example.Scryfall.ApiDemo/Example.Scryfall.ApiDemo.csproj" (default targets).
    26>CopyFilesToOutputDirectory:
         Copying reference assembly from "obj/Release/net9.0/refint/Example.Scryfall.BulkIngestion.dll" to "/mnt/d/src/MtgDiscoveryVibeWorkspace/IMPLS/src/Example.Scryfall.BulkIngestion/obj/Release/net9.0/ref/Example.Scryfall.BulkIngestion.dll".
         Example.Scryfall.BulkIngestion -> /mnt/d/src/MtgDiscoveryVibeWorkspace/IMPLS/src/Example.Scryfall.BulkIngestion/bin/Release/net9.0/Example.Scryfall.BulkIngestion.dll
         Copying file from "/mnt/d/src/MtgDiscoveryVibeWorkspace/IMPLS/src/Example.Scryfall.BulkIngestion/obj/Release/net9.0/Example.Scryfall.BulkIngestion.pdb" to "/mnt/d/src/MtgDiscoveryVibeWorkspace/IMPLS/src/Example.Scryfall.BulkIngestion/bin/Release/net9.0/Example.Scryfall.BulkIngestion.pdb".
   1:2>Project "/mnt/d/src/MtgDiscoveryVibeWorkspace/IMPLS/src/MtgDiscoveryVibe.sln" (1:2) is building "/mnt/d/src/MtgDiscoveryVibeWorkspace/IMPLS/src/Lib.Aggregator.Artists/Lib.Aggregator.Artists.csproj" (31:7) on node 4 (default targets).
    31>GenerateTargetFrameworkMonikerAttribute:
       Skipping target "GenerateTargetFrameworkMonikerAttribute" because all output files are up-to-date with respect to the input files.
    11>_CopyFilesMarkedCopyLocal:
         Copying file from "/mnt/d/src/MtgDiscoveryVibeWorkspace/IMPLS/src/Lib.Adapter.Scryfall.Cosmos/bin/Release/net9.0/Lib.Adapter.Scryfall.Cosmos.dll" to "/mnt/d/src/MtgDiscoveryVibeWorkspace/IMPLS/src/Lib.Scryfall.Ingestion.Tests/bin/Release/net9.0/Lib.Adapter.Scryfall.Cosmos.dll".
         Copying file from "/mnt/d/src/MtgDiscoveryVibeWorkspace/IMPLS/src/Lib.Scryfall.Ingestion/bin/Release/net9.0/Lib.Scryfall.Ingestion.dll" to "/mnt/d/src/MtgDiscoveryVibeWorkspace/IMPLS/src/Lib.Scryfall.Ingestion.Tests/bin/Release/net9.0/Lib.Scryfall.Ingestion.dll".
         Copying file from "/mnt/d/src/MtgDiscoveryVibeWorkspace/IMPLS/src/Lib.Cosmos/bin/Release/net9.0/Lib.Cosmos.dll" to "/mnt/d/src/MtgDiscoveryVibeWorkspace/IMPLS/src/Lib.Scryfall.Ingestion.Tests/bin/Release/net9.0/Lib.Cosmos.dll".
         Copying file from "/mnt/d/src/MtgDiscoveryVibeWorkspace/IMPLS/src/Lib.Scryfall.Shared/bin/Release/net9.0/Lib.Scryfall.Shared.dll" to "/mnt/d/src/MtgDiscoveryVibeWorkspace/IMPLS/src/Lib.Scryfall.Ingestion.Tests/bin/Release/net9.0/Lib.Scryfall.Shared.dll".
         Copying file from "/mnt/d/src/MtgDiscoveryVibeWorkspace/IMPLS/src/Lib.Shared.Abstractions/bin/Release/net9.0/Lib.Shared.Abstractions.dll" to "/mnt/d/src/MtgDiscoveryVibeWorkspace/IMPLS/src/Lib.Scryfall.Ingestion.Tests/bin/Release/net9.0/Lib.Shared.Abstractions.dll".
         Copying file from "/mnt/d/src/MtgDiscoveryVibeWorkspace/IMPLS/src/Lib.Universal/bin/Release/net9.0/Lib.Universal.dll" to "/mnt/d/src/MtgDiscoveryVibeWorkspace/IMPLS/src/Lib.Scryfall.Ingestion.Tests/bin/Release/net9.0/Lib.Universal.dll".
         Copying file from "/mnt/d/src/MtgDiscoveryVibeWorkspace/IMPLS/src/TestConvenience.Core/bin/Release/net9.0/TestConvenience.Core.dll" to "/mnt/d/src/MtgDiscoveryVibeWorkspace/IMPLS/src/Lib.Scryfall.Ingestion.Tests/bin/Release/net9.0/TestConvenience.Core.dll".
         Copying file from "/mnt/d/src/MtgDiscoveryVibeWorkspace/IMPLS/src/Lib.Scryfall.Ingestion/bin/Release/net9.0/Lib.Scryfall.Ingestion.pdb" to "/mnt/d/src/MtgDiscoveryVibeWorkspace/IMPLS/src/Lib.Scryfall.Ingestion.Tests/bin/Release/net9.0/Lib.Scryfall.Ingestion.pdb".
         Copying file from "/mnt/d/src/MtgDiscoveryVibeWorkspace/IMPLS/src/TestConvenience.Core/bin/Release/net9.0/TestConvenience.Core.pdb" to "/mnt/d/src/MtgDiscoveryVibeWorkspace/IMPLS/src/Lib.Scryfall.Ingestion.Tests/bin/Release/net9.0/TestConvenience.Core.pdb".
     4>CopyFilesToOutputDirectory:
         Copying file from "/mnt/d/src/MtgDiscoveryVibeWorkspace/IMPLS/src/Example.Scryfall.CosmosIngestion/obj/Release/net9.0/Example.Scryfall.CosmosIngestion.dll" to "/mnt/d/src/MtgDiscoveryVibeWorkspace/IMPLS/src/Example.Scryfall.CosmosIngestion/bin/Release/net9.0/Example.Scryfall.CosmosIngestion.dll".
    26>Done Building Project "/mnt/d/src/MtgDiscoveryVibeWorkspace/IMPLS/src/Example.Scryfall.BulkIngestion/Example.Scryfall.BulkIngestion.csproj" (default targets).
    11>_CopyFilesMarkedCopyLocal:
         Copying file from "/mnt/d/src/MtgDiscoveryVibeWorkspace/IMPLS/src/Lib.Cosmos/bin/Release/net9.0/Lib.Cosmos.pdb" to "/mnt/d/src/MtgDiscoveryVibeWorkspace/IMPLS/src/Lib.Scryfall.Ingestion.Tests/bin/Release/net9.0/Lib.Cosmos.pdb".
         Copying file from "/mnt/d/src/MtgDiscoveryVibeWorkspace/IMPLS/src/Lib.Adapter.Scryfall.Cosmos/bin/Release/net9.0/Lib.Adapter.Scryfall.Cosmos.pdb" to "/mnt/d/src/MtgDiscoveryVibeWorkspace/IMPLS/src/Lib.Scryfall.Ingestion.Tests/bin/Release/net9.0/Lib.Adapter.Scryfall.Cosmos.pdb".
         Copying file from "/mnt/d/src/MtgDiscoveryVibeWorkspace/IMPLS/src/Lib.Scryfall.Shared/bin/Release/net9.0/Lib.Scryfall.Shared.pdb" to "/mnt/d/src/MtgDiscoveryVibeWorkspace/IMPLS/src/Lib.Scryfall.Ingestion.Tests/bin/Release/net9.0/Lib.Scryfall.Shared.pdb".
         Copying file from "/mnt/d/src/MtgDiscoveryVibeWorkspace/IMPLS/src/Lib.Universal/bin/Release/net9.0/Lib.Universal.pdb" to "/mnt/d/src/MtgDiscoveryVibeWorkspace/IMPLS/src/Lib.Scryfall.Ingestion.Tests/bin/Release/net9.0/Lib.Universal.pdb".
         Copying file from "/mnt/d/src/MtgDiscoveryVibeWorkspace/IMPLS/src/Lib.Shared.Abstractions/bin/Release/net9.0/Lib.Shared.Abstractions.pdb" to "/mnt/d/src/MtgDiscoveryVibeWorkspace/IMPLS/src/Lib.Scryfall.Ingestion.Tests/bin/Release/net9.0/Lib.Shared.Abstractions.pdb".
         Touching "/mnt/d/src/MtgDiscoveryVibeWorkspace/IMPLS/src/Lib.Scryfall.Ingestion.Tests/obj/Release/net9.0/Lib.Scry.9E84DD61.Up2Date".
    31>CoreGenerateAssemblyInfo:
         Could not infer the type of parameter "#1" because the attribute type is unknown. The value will be treated as a string.
         Could not infer the type of parameter "#1" because the attribute type is unknown. The value will be treated as a string.
     4>CopyFilesToOutputDirectory:
         Copying reference assembly from "obj/Release/net9.0/refint/Example.Scryfall.CosmosIngestion.dll" to "/mnt/d/src/MtgDiscoveryVibeWorkspace/IMPLS/src/Example.Scryfall.CosmosIngestion/obj/Release/net9.0/ref/Example.Scryfall.CosmosIngestion.dll".
         Example.Scryfall.CosmosIngestion -> /mnt/d/src/MtgDiscoveryVibeWorkspace/IMPLS/src/Example.Scryfall.CosmosIngestion/bin/Release/net9.0/Example.Scryfall.CosmosIngestion.dll
         Copying file from "/mnt/d/src/MtgDiscoveryVibeWorkspace/IMPLS/src/Example.Scryfall.CosmosIngestion/obj/Release/net9.0/Example.Scryfall.CosmosIngestion.pdb" to "/mnt/d/src/MtgDiscoveryVibeWorkspace/IMPLS/src/Example.Scryfall.CosmosIngestion/bin/Release/net9.0/Example.Scryfall.CosmosIngestion.pdb".
     4>Done Building Project "/mnt/d/src/MtgDiscoveryVibeWorkspace/IMPLS/src/Example.Scryfall.CosmosIngestion/Example.Scryfall.CosmosIngestion.csproj" (default targets).
    31>_GenerateSourceLinkFile:
         Updating Source Link file 'obj/Release/net9.0/Lib.Aggregator.Artists.sourcelink.json'.
    11>_CopyOutOfDateSourceItemsToOutputDirectory:
       Building target "_CopyOutOfDateSourceItemsToOutputDirectory" partially, because some output files are out of date with respect to their input files.
         Copying file from "/mnt/d/src/MtgDiscoveryVibeWorkspace/IMPLS/src/TestConvenience.Core/bin/Release/net9.0/TestConvenience.Core.deps.json" to "/mnt/d/src/MtgDiscoveryVibeWorkspace/IMPLS/src/Lib.Scryfall.Ingestion.Tests/bin/Release/net9.0/TestConvenience.Core.deps.json".
         Copying file from "/mnt/d/src/MtgDiscoveryVibeWorkspace/IMPLS/src/TestConvenience.Core/bin/Release/net9.0/TestConvenience.Core.runtimeconfig.json" to "/mnt/d/src/MtgDiscoveryVibeWorkspace/IMPLS/src/Lib.Scryfall.Ingestion.Tests/bin/Release/net9.0/TestConvenience.Core.runtimeconfig.json".
    31>CoreCompile:
         /usr/share/dotnet/dotnet exec "/usr/share/dotnet/sdk/9.0.203/Roslyn/bincore/csc.dll" /noconfig /unsafe- /checked- /nowarn:IDE0290,IDE2001,IDE0005,IDE0046,CA1716,CA1040,CA1056,1701,1702 /fullpaths /nostdlib+ /errorreport:prompt /warn:9 /define:TRACE;RELEASE;NET;NET9_0;NETCOREAPP;NET5_0_OR_GREATER;NET6_0_OR_GREATER;NET7_0_OR_GREATER;NET8_0_OR_GREATER;NET9_0_OR_GREATER;NETCOREAPP1_0_OR_GREATER;NETCOREAPP1_1_OR_GREATER;NETCOREAPP2_0_OR_GREATER;NETCOREAPP2_1_OR_GREATER;NETCOREAPP2_2_OR_GREATER;NETCOREAPP3_0_OR_GREATER;NETCOREAPP3_1_OR_GREATER /highentropyva+ /nullable:warnings /reference:/home/quinngil/.nuget/packages/azure.core/1.47.1/lib/net8.0/Azure.Core.dll /reference:/home/quinngil/.nuget/packages/azure.resourcemanager.authorization/1.1.5/lib/net8.0/Azure.ResourceManager.Authorization.dll /reference:/home/quinngil/.nuget/packages/azure.resourcemanager.cosmosdb/1.3.2/lib/netstandard2.0/Azure.ResourceManager.CosmosDB.dll /reference:/home/quinngil/.nuget/packages/azure.resourcemanager/1.13.2/lib/net8.0/Azure.ResourceManager.dll /reference:/mnt/d/src/MtgDiscoveryVibeWorkspace/IMPLS/src/Lib.Adapter.Artists/obj/Release/net9.0/ref/Lib.Adapter.Artists.dll /reference:/mnt/d/src/MtgDiscoveryVibeWorkspace/IMPLS/src/Lib.Adapter.Scryfall.Cosmos/obj/Release/net9.0/ref/Lib.Adapter.Scryfall.Cosmos.dll /reference:/mnt/d/src/MtgDiscoveryVibeWorkspace/IMPLS/src/Lib.Aggregator.Scryfall.Shared/obj/Release/net9.0/ref/Lib.Aggregator.Scryfall.Shared.dll /reference:/mnt/d/src/MtgDiscoveryVibeWorkspace/IMPLS/src/Lib.Cosmos/obj/Release/net9.0/ref/Lib.Cosmos.dll /reference:/mnt/d/src/MtgDiscoveryVibeWorkspace/IMPLS/src/Lib.Scryfall.Shared/obj/Release/net9.0/ref/Lib.Scryfall.Shared.dll /reference:/mnt/d/src/MtgDiscoveryVibeWorkspace/IMPLS/src/Lib.Shared.Abstractions/obj/Release/net9.0/ref/Lib.Shared.Abstractions.dll /reference:/mnt/d/src/MtgDiscoveryVibeWorkspace/IMPLS/src/Lib.Shared.DataModels/obj/Release/net9.0/ref/Lib.Shared.DataModels.dll /reference:/mnt/d/src/MtgDiscoveryVibeWorkspace/IMPLS/src/Lib.Shared.Invocation/obj/Release/net9.0/ref/Lib.Shared.Invocation.dll /reference:/mnt/d/src/MtgDiscoveryVibeWorkspace/IMPLS/src/Lib.Universal/obj/Release/net9.0/ref/Lib.Universal.dll /reference:/home/quinngil/.nuget/packages/microsoft.azure.cosmos/3.52.1/lib/netstandard2.0/Microsoft.Azure.Cosmos.Client.dll /reference:/home/quinngil/.nuget/packages/microsoft.azure.cosmos/3.52.1/lib/netstandard2.0/Microsoft.Azure.Cosmos.Core.dll /reference:/home/quinngil/.nuget/packages/microsoft.azure.cosmos/3.52.1/lib/netstandard2.0/Microsoft.Azure.Cosmos.Direct.dll /reference:/home/quinngil/.nuget/packages/microsoft.azure.cosmos/3.52.1/lib/netstandard2.0/Microsoft.Azure.Cosmos.Serialization.HybridRow.dll /reference:/home/quinngil/.nuget/packages/microsoft.bcl.asyncinterfaces/8.0.0/lib/netstandard2.1/Microsoft.Bcl.AsyncInterfaces.dll /reference:/home/quinngil/.nuget/packages/microsoft.bcl.hashcode/1.1.0/ref/netcoreapp2.1/Microsoft.Bcl.HashCode.dll /reference:/usr/share/dotnet/packs/Microsoft.NETCore.App.Ref/9.0.4/ref/net9.0/Microsoft.CSharp.dll /reference:/home/quinngil/.nuget/packages/microsoft.extensions.caching.abstractions/9.0.0/lib/net9.0/Microsoft.Extensions.Caching.Abstractions.dll /reference:/home/quinngil/.nuget/packages/microsoft.extensions.caching.memory/9.0.0/lib/net9.0/Microsoft.Extensions.Caching.Memory.dll /reference:/home/quinngil/.nuget/packages/microsoft.extensions.configuration.abstractions/9.0.5/lib/net9.0/Microsoft.Extensions.Configuration.Abstractions.dll /reference:/home/quinngil/.nuget/packages/microsoft.extensions.dependencyinjection.abstractions/9.0.0/lib/net9.0/Microsoft.Extensions.DependencyInjection.Abstractions.dll /reference:/home/quinngil/.nuget/packages/microsoft.extensions.logging.abstractions/9.0.0/lib/net9.0/Microsoft.Extensions.Logging.Abstractions.dll /reference:/home/quinngil/.nuget/packages/microsoft.extensions.options/9.0.0/lib/net9.0/Microsoft.Extensions.Options.dll /reference:/home/quinngil/.nuget/packages/microsoft.extensions.primitives/9.0.5/lib/net9.0/Microsoft.Extensions.Primitives.dll /reference:/home/quinngil/.nuget/packages/microsoft.identitymodel.abstractions/8.0.1/lib/net9.0/Microsoft.IdentityModel.Abstractions.dll /reference:/home/quinngil/.nuget/packages/microsoft.identitymodel.jsonwebtokens/8.0.1/lib/net9.0/Microsoft.IdentityModel.JsonWebTokens.dll /reference:/home/quinngil/.nuget/packages/microsoft.identitymodel.logging/8.0.1/lib/net9.0/Microsoft.IdentityModel.Logging.dll /reference:/home/quinngil/.nuget/packages/microsoft.identitymodel.tokens/8.0.1/lib/net9.0/Microsoft.IdentityModel.Tokens.dll /reference:/usr/share/dotnet/packs/Microsoft.NETCore.App.Ref/9.0.4/ref/net9.0/Microsoft.VisualBasic.Core.dll /reference:/usr/share/dotnet/packs/Microsoft.NETCore.App.Ref/9.0.4/ref/net9.0/Microsoft.VisualBasic.dll /reference:/usr/share/dotnet/packs/Microsoft.NETCore.App.Ref/9.0.4/ref/net9.0/Microsoft.Win32.Primitives.dll /reference:/usr/share/dotnet/packs/Microsoft.NETCore.App.Ref/9.0.4/ref/net9.0/Microsoft.Win32.Registry.dll /reference:/home/quinngil/.nuget/packages/microsoft.win32.systemevents/6.0.0/lib/net6.0/Microsoft.Win32.SystemEvents.dll /reference:/usr/share/dotnet/packs/Microsoft.NETCore.App.Ref/9.0.4/ref/net9.0/mscorlib.dll /reference:/usr/share/dotnet/packs/Microsoft.NETCore.App.Ref/9.0.4/ref/net9.0/netstandard.dll /reference:/home/quinngil/.nuget/packages/newtonsoft.json/13.0.3/lib/net6.0/Newtonsoft.Json.dll /reference:/usr/share/dotnet/packs/Microsoft.NETCore.App.Ref/9.0.4/ref/net9.0/System.AppContext.dll /reference:/usr/share/dotnet/packs/Microsoft.NETCore.App.Ref/9.0.4/ref/net9.0/System.Buffers.dll /reference:/home/quinngil/.nuget/packages/system.clientmodel/1.5.1/lib/net8.0/System.ClientModel.dll /reference:/usr/share/dotnet/packs/Microsoft.NETCore.App.Ref/9.0.4/ref/net9.0/System.Collections.Concurrent.dll /reference:/usr/share/dotnet/packs/Microsoft.NETCore.App.Ref/9.0.4/ref/net9.0/System.Collections.dll /reference:/usr/share/dotnet/packs/Microsoft.NETCore.App.Ref/9.0.4/ref/net9.0/System.Collections.Immutable.dll /reference:/usr/share/dotnet/packs/Microsoft.NETCore.App.Ref/9.0.4/ref/net9.0/System.Collections.NonGeneric.dll /reference:/usr/share/dotnet/packs/Microsoft.NETCore.App.Ref/9.0.4/ref/net9.0/System.Collections.Specialized.dll /reference:/usr/share/dotnet/packs/Microsoft.NETCore.App.Ref/9.0.4/ref/net9.0/System.ComponentModel.Annotations.dll /reference:/usr/share/dotnet/packs/Microsoft.NETCore.App.Ref/9.0.4/ref/net9.0/System.ComponentModel.DataAnnotations.dll /reference:/usr/share/dotnet/packs/Microsoft.NETCore.App.Ref/9.0.4/ref/net9.0/System.ComponentModel.dll /reference:/usr/share/dotnet/packs/Microsoft.NETCore.App.Ref/9.0.4/ref/net9.0/System.ComponentModel.EventBasedAsync.dll /reference:/usr/share/dotnet/packs/Microsoft.NETCore.App.Ref/9.0.4/ref/net9.0/System.ComponentModel.Primitives.dll /reference:/usr/share/dotnet/packs/Microsoft.NETCore.App.Ref/9.0.4/ref/net9.0/System.ComponentModel.TypeConverter.dll /reference:/home/quinngil/.nuget/packages/system.configuration.configurationmanager/6.0.0/lib/net6.0/System.Configuration.ConfigurationManager.dll /reference:/usr/share/dotnet/packs/Microsoft.NETCore.App.Ref/9.0.4/ref/net9.0/System.Configuration.dll /reference:/usr/share/dotnet/packs/Microsoft.NETCore.App.Ref/9.0.4/ref/net9.0/System.Console.dll /reference:/usr/share/dotnet/packs/Microsoft.NETCore.App.Ref/9.0.4/ref/net9.0/System.Core.dll /reference:/usr/share/dotnet/packs/Microsoft.NETCore.App.Ref/9.0.4/ref/net9.0/System.Data.Common.dll /reference:/usr/share/dotnet/packs/Microsoft.NETCore.App.Ref/9.0.4/ref/net9.0/System.Data.DataSetExtensions.dll /reference:/usr/share/dotnet/packs/Microsoft.NETCore.App.Ref/9.0.4/ref/net9.0/System.Data.dll /reference:/usr/share/dotnet/packs/Microsoft.NETCore.App.Ref/9.0.4/ref/net9.0/System.Diagnostics.Contracts.dll /reference:/usr/share/dotnet/packs/Microsoft.NETCore.App.Ref/9.0.4/ref/net9.0/System.Diagnostics.Debug.dll /reference:/usr/share/dotnet/packs/Microsoft.NETCore.App.Ref/9.0.4/ref/net9.0/System.Diagnostics.DiagnosticSource.dll /reference:/usr/share/dotnet/packs/Microsoft.NETCore.App.Ref/9.0.4/ref/net9.0/System.Diagnostics.FileVersionInfo.dll /reference:/usr/share/dotnet/packs/Microsoft.NETCore.App.Ref/9.0.4/ref/net9.0/System.Diagnostics.Process.dll /reference:/usr/share/dotnet/packs/Microsoft.NETCore.App.Ref/9.0.4/ref/net9.0/System.Diagnostics.StackTrace.dll /reference:/usr/share/dotnet/packs/Microsoft.NETCore.App.Ref/9.0.4/ref/net9.0/System.Diagnostics.TextWriterTraceListener.dll /reference:/usr/share/dotnet/packs/Microsoft.NETCore.App.Ref/9.0.4/ref/net9.0/System.Diagnostics.Tools.dll /reference:/usr/share/dotnet/packs/Microsoft.NETCore.App.Ref/9.0.4/ref/net9.0/System.Diagnostics.TraceSource.dll /reference:/usr/share/dotnet/packs/Microsoft.NETCore.App.Ref/9.0.4/ref/net9.0/System.Diagnostics.Tracing.dll /reference:/usr/share/dotnet/packs/Microsoft.NETCore.App.Ref/9.0.4/ref/net9.0/System.dll /reference:/home/quinngil/.nuget/packages/system.drawing.common/6.0.0/lib/net6.0/System.Drawing.Common.dll /reference:/usr/share/dotnet/packs/Microsoft.NETCore.App.Ref/9.0.4/ref/net9.0/System.Drawing.dll /reference:/usr/share/dotnet/packs/Microsoft.NETCore.App.Ref/9.0.4/ref/net9.0/System.Drawing.Primitives.dll /reference:/usr/share/dotnet/packs/Microsoft.NETCore.App.Ref/9.0.4/ref/net9.0/System.Dynamic.Runtime.dll /reference:/usr/share/dotnet/packs/Microsoft.NETCore.App.Ref/9.0.4/ref/net9.0/System.Formats.Asn1.dll /reference:/usr/share/dotnet/packs/Microsoft.NETCore.App.Ref/9.0.4/ref/net9.0/System.Formats.Tar.dll /reference:/usr/share/dotnet/packs/Microsoft.NETCore.App.Ref/9.0.4/ref/net9.0/System.Globalization.Calendars.dll /reference:/usr/share/dotnet/packs/Microsoft.NETCore.App.Ref/9.0.4/ref/net9.0/System.Globalization.dll /reference:/usr/share/dotnet/packs/Microsoft.NETCore.App.Ref/9.0.4/ref/net9.0/System.Globalization.Extensions.dll /reference:/home/quinngil/.nuget/packages/system.identitymodel.tokens.jwt/8.0.1/lib/net9.0/System.IdentityModel.Tokens.Jwt.dll /reference:/usr/share/dotnet/packs/Microsoft.NETCore.App.Ref/9.0.4/ref/net9.0/System.IO.Compression.Brotli.dll /reference:/usr/share/dotnet/packs/Microsoft.NETCore.App.Ref/9.0.4/ref/net9.0/System.IO.Compression.dll /reference:/usr/share/dotnet/packs/Microsoft.NETCore.App.Ref/9.0.4/ref/net9.0/System.IO.Compression.FileSystem.dll /reference:/usr/share/dotnet/packs/Microsoft.NETCore.App.Ref/9.0.4/ref/net9.0/System.IO.Compression.ZipFile.dll /reference:/usr/share/dotnet/packs/Microsoft.NETCore.App.Ref/9.0.4/ref/net9.0/System.IO.dll /reference:/usr/share/dotnet/packs/Microsoft.NETCore.App.Ref/9.0.4/ref/net9.0/System.IO.FileSystem.AccessControl.dll /reference:/usr/share/dotnet/packs/Microsoft.NETCore.App.Ref/9.0.4/ref/net9.0/System.IO.FileSystem.dll /reference:/usr/share/dotnet/packs/Microsoft.NETCore.App.Ref/9.0.4/ref/net9.0/System.IO.FileSystem.DriveInfo.dll /reference:/usr/share/dotnet/packs/Microsoft.NETCore.App.Ref/9.0.4/ref/net9.0/System.IO.FileSystem.Primitives.dll /reference:/usr/share/dotnet/packs/Microsoft.NETCore.App.Ref/9.0.4/ref/net9.0/System.IO.FileSystem.Watcher.dll /reference:/usr/share/dotnet/packs/Microsoft.NETCore.App.Ref/9.0.4/ref/net9.0/System.IO.IsolatedStorage.dll /reference:/usr/share/dotnet/packs/Microsoft.NETCore.App.Ref/9.0.4/ref/net9.0/System.IO.MemoryMappedFiles.dll /reference:/usr/share/dotnet/packs/Microsoft.NETCore.App.Ref/9.0.4/ref/net9.0/System.IO.Pipelines.dll /reference:/usr/share/dotnet/packs/Microsoft.NETCore.App.Ref/9.0.4/ref/net9.0/System.IO.Pipes.AccessControl.dll /reference:/usr/share/dotnet/packs/Microsoft.NETCore.App.Ref/9.0.4/ref/net9.0/System.IO.Pipes.dll /reference:/usr/share/dotnet/packs/Microsoft.NETCore.App.Ref/9.0.4/ref/net9.0/System.IO.UnmanagedMemoryStream.dll /reference:/usr/share/dotnet/packs/Microsoft.NETCore.App.Ref/9.0.4/ref/net9.0/System.Linq.dll /reference:/usr/share/dotnet/packs/Microsoft.NETCore.App.Ref/9.0.4/ref/net9.0/System.Linq.Expressions.dll /reference:/usr/share/dotnet/packs/Microsoft.NETCore.App.Ref/9.0.4/ref/net9.0/System.Linq.Parallel.dll /reference:/usr/share/dotnet/packs/Microsoft.NETCore.App.Ref/9.0.4/ref/net9.0/System.Linq.Queryable.dll /reference:/home/quinngil/.nuget/packages/system.memory.data/8.0.1/lib/net8.0/System.Memory.Data.dll /reference:/usr/share/dotnet/packs/Microsoft.NETCore.App.Ref/9.0.4/ref/net9.0/System.Memory.dll /reference:/usr/share/dotnet/packs/Microsoft.NETCore.App.Ref/9.0.4/ref/net9.0/System.Net.dll /reference:/usr/share/dotnet/packs/Microsoft.NETCore.App.Ref/9.0.4/ref/net9.0/System.Net.Http.dll /reference:/usr/share/dotnet/packs/Microsoft.NETCore.App.Ref/9.0.4/ref/net9.0/System.Net.Http.Json.dll /reference:/usr/share/dotnet/packs/Microsoft.NETCore.App.Ref/9.0.4/ref/net9.0/System.Net.HttpListener.dll /reference:/usr/share/dotnet/packs/Microsoft.NETCore.App.Ref/9.0.4/ref/net9.0/System.Net.Mail.dll /reference:/usr/share/dotnet/packs/Microsoft.NETCore.App.Ref/9.0.4/ref/net9.0/System.Net.NameResolution.dll /reference:/usr/share/dotnet/packs/Microsoft.NETCore.App.Ref/9.0.4/ref/net9.0/System.Net.NetworkInformation.dll /reference:/usr/share/dotnet/packs/Microsoft.NETCore.App.Ref/9.0.4/ref/net9.0/System.Net.Ping.dll /reference:/usr/share/dotnet/packs/Microsoft.NETCore.App.Ref/9.0.4/ref/net9.0/System.Net.Primitives.dll /reference:/usr/share/dotnet/packs/Microsoft.NETCore.App.Ref/9.0.4/ref/net9.0/System.Net.Quic.dll /reference:/usr/share/dotnet/packs/Microsoft.NETCore.App.Ref/9.0.4/ref/net9.0/System.Net.Requests.dll /reference:/usr/share/dotnet/packs/Microsoft.NETCore.App.Ref/9.0.4/ref/net9.0/System.Net.Security.dll /reference:/usr/share/dotnet/packs/Microsoft.NETCore.App.Ref/9.0.4/ref/net9.0/System.Net.ServicePoint.dll /reference:/usr/share/dotnet/packs/Microsoft.NETCore.App.Ref/9.0.4/ref/net9.0/System.Net.Sockets.dll /reference:/usr/share/dotnet/packs/Microsoft.NETCore.App.Ref/9.0.4/ref/net9.0/System.Net.WebClient.dll /reference:/usr/share/dotnet/packs/Microsoft.NETCore.App.Ref/9.0.4/ref/net9.0/System.Net.WebHeaderCollection.dll /reference:/usr/share/dotnet/packs/Microsoft.NETCore.App.Ref/9.0.4/ref/net9.0/System.Net.WebProxy.dll /reference:/usr/share/dotnet/packs/Microsoft.NETCore.App.Ref/9.0.4/ref/net9.0/System.Net.WebSockets.Client.dll /reference:/usr/share/dotnet/packs/Microsoft.NETCore.App.Ref/9.0.4/ref/net9.0/System.Net.WebSockets.dll /reference:/usr/share/dotnet/packs/Microsoft.NETCore.App.Ref/9.0.4/ref/net9.0/System.Numerics.dll /reference:/usr/share/dotnet/packs/Microsoft.NETCore.App.Ref/9.0.4/ref/net9.0/System.Numerics.Vectors.dll /reference:/usr/share/dotnet/packs/Microsoft.NETCore.App.Ref/9.0.4/ref/net9.0/System.ObjectModel.dll /reference:/usr/share/dotnet/packs/Microsoft.NETCore.App.Ref/9.0.4/ref/net9.0/System.Reflection.DispatchProxy.dll /reference:/usr/share/dotnet/packs/Microsoft.NETCore.App.Ref/9.0.4/ref/net9.0/System.Reflection.dll /reference:/usr/share/dotnet/packs/Microsoft.NETCore.App.Ref/9.0.4/ref/net9.0/System.Reflection.Emit.dll /reference:/usr/share/dotnet/packs/Microsoft.NETCore.App.Ref/9.0.4/ref/net9.0/System.Reflection.Emit.ILGeneration.dll /reference:/usr/share/dotnet/packs/Microsoft.NETCore.App.Ref/9.0.4/ref/net9.0/System.Reflection.Emit.Lightweight.dll /reference:/usr/share/dotnet/packs/Microsoft.NETCore.App.Ref/9.0.4/ref/net9.0/System.Reflection.Extensions.dll /reference:/usr/share/dotnet/packs/Microsoft.NETCore.App.Ref/9.0.4/ref/net9.0/System.Reflection.Metadata.dll /reference:/usr/share/dotnet/packs/Microsoft.NETCore.App.Ref/9.0.4/ref/net9.0/System.Reflection.Primitives.dll /reference:/usr/share/dotnet/packs/Microsoft.NETCore.App.Ref/9.0.4/ref/net9.0/System.Reflection.TypeExtensions.dll /reference:/usr/share/dotnet/packs/Microsoft.NETCore.App.Ref/9.0.4/ref/net9.0/System.Resources.Reader.dll /reference:/usr/share/dotnet/packs/Microsoft.NETCore.App.Ref/9.0.4/ref/net9.0/System.Resources.ResourceManager.dll /reference:/usr/share/dotnet/packs/Microsoft.NETCore.App.Ref/9.0.4/ref/net9.0/System.Resources.Writer.dll /reference:/usr/share/dotnet/packs/Microsoft.NETCore.App.Ref/9.0.4/ref/net9.0/System.Runtime.CompilerServices.Unsafe.dll /reference:/usr/share/dotnet/packs/Microsoft.NETCore.App.Ref/9.0.4/ref/net9.0/System.Runtime.CompilerServices.VisualC.dll /reference:/usr/share/dotnet/packs/Microsoft.NETCore.App.Ref/9.0.4/ref/net9.0/System.Runtime.dll /reference:/usr/share/dotnet/packs/Microsoft.NETCore.App.Ref/9.0.4/ref/net9.0/System.Runtime.Extensions.dll /reference:/usr/share/dotnet/packs/Microsoft.NETCore.App.Ref/9.0.4/ref/net9.0/System.Runtime.Handles.dll /reference:/usr/share/dotnet/packs/Microsoft.NETCore.App.Ref/9.0.4/ref/net9.0/System.Runtime.InteropServices.dll /reference:/usr/share/dotnet/packs/Microsoft.NETCore.App.Ref/9.0.4/ref/net9.0/System.Runtime.InteropServices.JavaScript.dll /reference:/usr/share/dotnet/packs/Microsoft.NETCore.App.Ref/9.0.4/ref/net9.0/System.Runtime.InteropServices.RuntimeInformation.dll /reference:/usr/share/dotnet/packs/Microsoft.NETCore.App.Ref/9.0.4/ref/net9.0/System.Runtime.Intrinsics.dll /reference:/usr/share/dotnet/packs/Microsoft.NETCore.App.Ref/9.0.4/ref/net9.0/System.Runtime.Loader.dll /reference:/usr/share/dotnet/packs/Microsoft.NETCore.App.Ref/9.0.4/ref/net9.0/System.Runtime.Numerics.dll /reference:/usr/share/dotnet/packs/Microsoft.NETCore.App.Ref/9.0.4/ref/net9.0/System.Runtime.Serialization.dll /reference:/usr/share/dotnet/packs/Microsoft.NETCore.App.Ref/9.0.4/ref/net9.0/System.Runtime.Serialization.Formatters.dll /reference:/usr/share/dotnet/packs/Microsoft.NETCore.App.Ref/9.0.4/ref/net9.0/System.Runtime.Serialization.Json.dll /reference:/usr/share/dotnet/packs/Microsoft.NETCore.App.Ref/9.0.4/ref/net9.0/System.Runtime.Serialization.Primitives.dll /reference:/usr/share/dotnet/packs/Microsoft.NETCore.App.Ref/9.0.4/ref/net9.0/System.Runtime.Serialization.Xml.dll /reference:/usr/share/dotnet/packs/Microsoft.NETCore.App.Ref/9.0.4/ref/net9.0/System.Security.AccessControl.dll /reference:/usr/share/dotnet/packs/Microsoft.NETCore.App.Ref/9.0.4/ref/net9.0/System.Security.Claims.dll /reference:/usr/share/dotnet/packs/Microsoft.NETCore.App.Ref/9.0.4/ref/net9.0/System.Security.Cryptography.Algorithms.dll /reference:/usr/share/dotnet/packs/Microsoft.NETCore.App.Ref/9.0.4/ref/net9.0/System.Security.Cryptography.Cng.dll /reference:/usr/share/dotnet/packs/Microsoft.NETCore.App.Ref/9.0.4/ref/net9.0/System.Security.Cryptography.Csp.dll /reference:/usr/share/dotnet/packs/Microsoft.NETCore.App.Ref/9.0.4/ref/net9.0/System.Security.Cryptography.dll /reference:/usr/share/dotnet/packs/Microsoft.NETCore.App.Ref/9.0.4/ref/net9.0/System.Security.Cryptography.Encoding.dll /reference:/usr/share/dotnet/packs/Microsoft.NETCore.App.Ref/9.0.4/ref/net9.0/System.Security.Cryptography.OpenSsl.dll /reference:/usr/share/dotnet/packs/Microsoft.NETCore.App.Ref/9.0.4/ref/net9.0/System.Security.Cryptography.Primitives.dll /reference:/home/quinngil/.nuget/packages/system.security.cryptography.protecteddata/6.0.0/lib/net6.0/System.Security.Cryptography.ProtectedData.dll /reference:/usr/share/dotnet/packs/Microsoft.NETCore.App.Ref/9.0.4/ref/net9.0/System.Security.Cryptography.X509Certificates.dll /reference:/usr/share/dotnet/packs/Microsoft.NETCore.App.Ref/9.0.4/ref/net9.0/System.Security.dll /reference:/home/quinngil/.nuget/packages/system.security.permissions/6.0.0/lib/net6.0/System.Security.Permissions.dll /reference:/usr/share/dotnet/packs/Microsoft.NETCore.App.Ref/9.0.4/ref/net9.0/System.Security.Principal.dll /reference:/usr/share/dotnet/packs/Microsoft.NETCore.App.Ref/9.0.4/ref/net9.0/System.Security.Principal.Windows.dll /reference:/usr/share/dotnet/packs/Microsoft.NETCore.App.Ref/9.0.4/ref/net9.0/System.Security.SecureString.dll /reference:/usr/share/dotnet/packs/Microsoft.NETCore.App.Ref/9.0.4/ref/net9.0/System.ServiceModel.Web.dll /reference:/usr/share/dotnet/packs/Microsoft.NETCore.App.Ref/9.0.4/ref/net9.0/System.ServiceProcess.dll /reference:/usr/share/dotnet/packs/Microsoft.NETCore.App.Ref/9.0.4/ref/net9.0/System.Text.Encoding.CodePages.dll /reference:/usr/share/dotnet/packs/Microsoft.NETCore.App.Ref/9.0.4/ref/net9.0/System.Text.Encoding.dll /reference:/usr/share/dotnet/packs/Microsoft.NETCore.App.Ref/9.0.4/ref/net9.0/System.Text.Encoding.Extensions.dll /reference:/usr/share/dotnet/packs/Microsoft.NETCore.App.Ref/9.0.4/ref/net9.0/System.Text.Encodings.Web.dll /reference:/home/quinngil/.nuget/packages/system.text.json/9.0.8/lib/net9.0/System.Text.Json.dll /reference:/usr/share/dotnet/packs/Microsoft.NETCore.App.Ref/9.0.4/ref/net9.0/System.Text.RegularExpressions.dll /reference:/usr/share/dotnet/packs/Microsoft.NETCore.App.Ref/9.0.4/ref/net9.0/System.Threading.Channels.dll /reference:/usr/share/dotnet/packs/Microsoft.NETCore.App.Ref/9.0.4/ref/net9.0/System.Threading.dll /reference:/usr/share/dotnet/packs/Microsoft.NETCore.App.Ref/9.0.4/ref/net9.0/System.Threading.Overlapped.dll /reference:/usr/share/dotnet/packs/Microsoft.NETCore.App.Ref/9.0.4/ref/net9.0/System.Threading.Tasks.Dataflow.dll /reference:/usr/share/dotnet/packs/Microsoft.NETCore.App.Ref/9.0.4/ref/net9.0/System.Threading.Tasks.dll /reference:/usr/share/dotnet/packs/Microsoft.NETCore.App.Ref/9.0.4/ref/net9.0/System.Threading.Tasks.Extensions.dll /reference:/usr/share/dotnet/packs/Microsoft.NETCore.App.Ref/9.0.4/ref/net9.0/System.Threading.Tasks.Parallel.dll /reference:/usr/share/dotnet/packs/Microsoft.NETCore.App.Ref/9.0.4/ref/net9.0/System.Threading.Thread.dll /reference:/usr/share/dotnet/packs/Microsoft.NETCore.App.Ref/9.0.4/ref/net9.0/System.Threading.ThreadPool.dll /reference:/usr/share/dotnet/packs/Microsoft.NETCore.App.Ref/9.0.4/ref/net9.0/System.Threading.Timer.dll /reference:/usr/share/dotnet/packs/Microsoft.NETCore.App.Ref/9.0.4/ref/net9.0/System.Transactions.dll /reference:/usr/share/dotnet/packs/Microsoft.NETCore.App.Ref/9.0.4/ref/net9.0/System.Transactions.Local.dll /reference:/usr/share/dotnet/packs/Microsoft.NETCore.App.Ref/9.0.4/ref/net9.0/System.ValueTuple.dll /reference:/usr/share/dotnet/packs/Microsoft.NETCore.App.Ref/9.0.4/ref/net9.0/System.Web.dll /reference:/usr/share/dotnet/packs/Microsoft.NETCore.App.Ref/9.0.4/ref/net9.0/System.Web.HttpUtility.dll /reference:/usr/share/dotnet/packs/Microsoft.NETCore.App.Ref/9.0.4/ref/net9.0/System.Windows.dll /reference:/home/quinngil/.nuget/packages/system.windows.extensions/6.0.0/lib/net6.0/System.Windows.Extensions.dll /reference:/usr/share/dotnet/packs/Microsoft.NETCore.App.Ref/9.0.4/ref/net9.0/System.Xml.dll /reference:/usr/share/dotnet/packs/Microsoft.NETCore.App.Ref/9.0.4/ref/net9.0/System.Xml.Linq.dll /reference:/usr/share/dotnet/packs/Microsoft.NETCore.App.Ref/9.0.4/ref/net9.0/System.Xml.ReaderWriter.dll /reference:/usr/share/dotnet/packs/Microsoft.NETCore.App.Ref/9.0.4/ref/net9.0/System.Xml.Serialization.dll /reference:/usr/share/dotnet/packs/Microsoft.NETCore.App.Ref/9.0.4/ref/net9.0/System.Xml.XDocument.dll /reference:/usr/share/dotnet/packs/Microsoft.NETCore.App.Ref/9.0.4/ref/net9.0/System.Xml.XmlDocument.dll /reference:/usr/share/dotnet/packs/Microsoft.NETCore.App.Ref/9.0.4/ref/net9.0/System.Xml.XmlSerializer.dll /reference:/usr/share/dotnet/packs/Microsoft.NETCore.App.Ref/9.0.4/ref/net9.0/System.Xml.XPath.dll /reference:/usr/share/dotnet/packs/Microsoft.NETCore.App.Ref/9.0.4/ref/net9.0/System.Xml.XPath.XDocument.dll /reference:/usr/share/dotnet/packs/Microsoft.NETCore.App.Ref/9.0.4/ref/net9.0/WindowsBase.dll /debug- /debug:portable /filealign:512 /optimize+ /out:obj/Release/net9.0/Lib.Aggregator.Artists.dll /refout:obj/Release/net9.0/refint/Lib.Aggregator.Artists.dll /reportanalyzer /target:library /warnaserror+ /utf8output /deterministic+ /sourcelink:obj/Release/net9.0/Lib.Aggregator.Artists.sourcelink.json /langversion:latest /features:strict /embed:"obj/Release/net9.0/.NETCoreApp,Version=v9.0.AssemblyAttributes.cs" /embed:obj/Release/net9.0/Lib.Aggregator.Artists.AssemblyInfo.cs /analyzerconfig:/mnt/d/src/MtgDiscoveryVibeWorkspace/IMPLS/src/.editorconfig /analyzerconfig:obj/Release/net9.0/Lib.Aggregator.Artists.GeneratedMSBuildEditorConfig.editorconfig /analyzerconfig:/usr/share/dotnet/sdk/9.0.203/Sdks/Microsoft.NET.Sdk/analyzers/build/config/analysislevel_9_all_warnaserror.globalconfig /analyzer:/usr/share/dotnet/sdk/9.0.203/Sdks/Microsoft.NET.Sdk/targets/../analyzers/Microsoft.CodeAnalysis.CSharp.NetAnalyzers.dll /analyzer:/usr/share/dotnet/sdk/9.0.203/Sdks/Microsoft.NET.Sdk/targets/../analyzers/Microsoft.CodeAnalysis.NetAnalyzers.dll /analyzer:/usr/share/dotnet/sdk/9.0.203/Sdks/Microsoft.NET.Sdk/targets/../codestyle/cs/Microsoft.CodeAnalysis.CodeStyle.dll /analyzer:/usr/share/dotnet/sdk/9.0.203/Sdks/Microsoft.NET.Sdk/targets/../codestyle/cs/Microsoft.CodeAnalysis.CodeStyle.Fixes.dll /analyzer:/usr/share/dotnet/sdk/9.0.203/Sdks/Microsoft.NET.Sdk/targets/../codestyle/cs/Microsoft.CodeAnalysis.CSharp.CodeStyle.dll /analyzer:/usr/share/dotnet/sdk/9.0.203/Sdks/Microsoft.NET.Sdk/targets/../codestyle/cs/Microsoft.CodeAnalysis.CSharp.CodeStyle.Fixes.dll /analyzer:/home/quinngil/.nuget/packages/microsoft.codeanalysis.bannedapianalyzers/4.14.0/analyzers/dotnet/cs/Microsoft.CodeAnalysis.BannedApiAnalyzers.dll /analyzer:/home/quinngil/.nuget/packages/microsoft.codeanalysis.bannedapianalyzers/4.14.0/analyzers/dotnet/cs/Microsoft.CodeAnalysis.CSharp.BannedApiAnalyzers.dll /analyzer:/home/quinngil/.nuget/packages/microsoft.extensions.logging.abstractions/9.0.0/analyzers/dotnet/roslyn4.4/cs/Microsoft.Extensions.Logging.Generators.dll /analyzer:/home/quinngil/.nuget/packages/microsoft.extensions.options/9.0.0/analyzers/dotnet/roslyn4.4/cs/Microsoft.Extensions.Options.SourceGeneration.dll /analyzer:/home/quinngil/.nuget/packages/system.clientmodel/1.5.1/analyzers/dotnet/cs/System.ClientModel.SourceGeneration.dll /analyzer:/home/quinngil/.nuget/packages/system.text.json/9.0.8/analyzers/dotnet/roslyn4.4/cs/System.Text.Json.SourceGeneration.dll /analyzer:/usr/share/dotnet/packs/Microsoft.NETCore.App.Ref/9.0.4/analyzers/dotnet/cs/Microsoft.Interop.ComInterfaceGenerator.dll /analyzer:/usr/share/dotnet/packs/Microsoft.NETCore.App.Ref/9.0.4/analyzers/dotnet/cs/Microsoft.Interop.JavaScript.JSImportGenerator.dll /analyzer:/usr/share/dotnet/packs/Microsoft.NETCore.App.Ref/9.0.4/analyzers/dotnet/cs/Microsoft.Interop.LibraryImportGenerator.dll /analyzer:/usr/share/dotnet/packs/Microsoft.NETCore.App.Ref/9.0.4/analyzers/dotnet/cs/Microsoft.Interop.SourceGeneration.dll /analyzer:/usr/share/dotnet/packs/Microsoft.NETCore.App.Ref/9.0.4/analyzers/dotnet/cs/System.Text.RegularExpressions.Generator.dll /additionalfile:/mnt/d/src/MtgDiscoveryVibeWorkspace/IMPLS/src/BannedSymbols.txt /additionalfile:/mnt/d/src/MtgDiscoveryVibeWorkspace/IMPLS/src/.editorconfig Apis/ArtistAggregatorService.cs Apis/IArtistAggregatorService.cs Entities/ArtistIdItrEntity.cs Entities/ArtistSearchResultCollectionItrEntity.cs Entities/ArtistSearchResultItrEntity.cs Operations/ArtistAggregatorOperationException.cs Queries/QueryArtistAggregatorService.cs "obj/Release/net9.0/.NETCoreApp,Version=v9.0.AssemblyAttributes.cs" obj/Release/net9.0/Lib.Aggregator.Artists.AssemblyInfo.cs /warnaserror+:NU1605,SYSLIB0011
   1:2>Project "/mnt/d/src/MtgDiscoveryVibeWorkspace/IMPLS/src/MtgDiscoveryVibe.sln" (1:2) is building "/mnt/d/src/MtgDiscoveryVibeWorkspace/IMPLS/src/Lib.Aggregator.User/Lib.Aggregator.User.csproj" (32:7) on node 1 (default targets).
    32>GenerateTargetFrameworkMonikerAttribute:
       Skipping target "GenerateTargetFrameworkMonikerAttribute" because all output files are up-to-date with respect to the input files.
    31>CoreCompile:
         CompilerServer: server - server processed compilation - Lib.Aggregator.Artists (net9.0)
       _CopyFilesMarkedCopyLocal:
         Copying file from "/mnt/d/src/MtgDiscoveryVibeWorkspace/IMPLS/src/Lib.Aggregator.Scryfall.Shared/bin/Release/net9.0/Lib.Aggregator.Scryfall.Shared.dll" to "/mnt/d/src/MtgDiscoveryVibeWorkspace/IMPLS/src/Lib.Aggregator.Artists/bin/Release/net9.0/Lib.Aggregator.Scryfall.Shared.dll".
         Copying file from "/mnt/d/src/MtgDiscoveryVibeWorkspace/IMPLS/src/Lib.Adapter.Artists/bin/Release/net9.0/Lib.Adapter.Artists.dll" to "/mnt/d/src/MtgDiscoveryVibeWorkspace/IMPLS/src/Lib.Aggregator.Artists/bin/Release/net9.0/Lib.Adapter.Artists.dll".
         Copying file from "/mnt/d/src/MtgDiscoveryVibeWorkspace/IMPLS/src/Lib.Cosmos/bin/Release/net9.0/Lib.Cosmos.dll" to "/mnt/d/src/MtgDiscoveryVibeWorkspace/IMPLS/src/Lib.Aggregator.Artists/bin/Release/net9.0/Lib.Cosmos.dll".
         Copying file from "/mnt/d/src/MtgDiscoveryVibeWorkspace/IMPLS/src/Lib.Adapter.Scryfall.Cosmos/bin/Release/net9.0/Lib.Adapter.Scryfall.Cosmos.dll" to "/mnt/d/src/MtgDiscoveryVibeWorkspace/IMPLS/src/Lib.Aggregator.Artists/bin/Release/net9.0/Lib.Adapter.Scryfall.Cosmos.dll".
         Copying file from "/mnt/d/src/MtgDiscoveryVibeWorkspace/IMPLS/src/Lib.Shared.Abstractions/bin/Release/net9.0/Lib.Shared.Abstractions.dll" to "/mnt/d/src/MtgDiscoveryVibeWorkspace/IMPLS/src/Lib.Aggregator.Artists/bin/Release/net9.0/Lib.Shared.Abstractions.dll".
         Copying file from "/mnt/d/src/MtgDiscoveryVibeWorkspace/IMPLS/src/Lib.Scryfall.Shared/bin/Release/net9.0/Lib.Scryfall.Shared.dll" to "/mnt/d/src/MtgDiscoveryVibeWorkspace/IMPLS/src/Lib.Aggregator.Artists/bin/Release/net9.0/Lib.Scryfall.Shared.dll".
         Copying file from "/mnt/d/src/MtgDiscoveryVibeWorkspace/IMPLS/src/Lib.Shared.DataModels/bin/Release/net9.0/Lib.Shared.DataModels.dll" to "/mnt/d/src/MtgDiscoveryVibeWorkspace/IMPLS/src/Lib.Aggregator.Artists/bin/Release/net9.0/Lib.Shared.DataModels.dll".
         Copying file from "/mnt/d/src/MtgDiscoveryVibeWorkspace/IMPLS/src/Lib.Shared.Invocation/bin/Release/net9.0/Lib.Shared.Invocation.dll" to "/mnt/d/src/MtgDiscoveryVibeWorkspace/IMPLS/src/Lib.Aggregator.Artists/bin/Release/net9.0/Lib.Shared.Invocation.dll".
         Copying file from "/mnt/d/src/MtgDiscoveryVibeWorkspace/IMPLS/src/Lib.Universal/bin/Release/net9.0/Lib.Universal.dll" to "/mnt/d/src/MtgDiscoveryVibeWorkspace/IMPLS/src/Lib.Aggregator.Artists/bin/Release/net9.0/Lib.Universal.dll".
         Copying file from "/mnt/d/src/MtgDiscoveryVibeWorkspace/IMPLS/src/Lib.Adapter.Scryfall.Cosmos/bin/Release/net9.0/Lib.Adapter.Scryfall.Cosmos.pdb" to "/mnt/d/src/MtgDiscoveryVibeWorkspace/IMPLS/src/Lib.Aggregator.Artists/bin/Release/net9.0/Lib.Adapter.Scryfall.Cosmos.pdb".
         Copying file from "/mnt/d/src/MtgDiscoveryVibeWorkspace/IMPLS/src/Lib.Shared.DataModels/bin/Release/net9.0/Lib.Shared.DataModels.pdb" to "/mnt/d/src/MtgDiscoveryVibeWorkspace/IMPLS/src/Lib.Aggregator.Artists/bin/Release/net9.0/Lib.Shared.DataModels.pdb".
    11>CopyFilesToOutputDirectory:
         Copying file from "/mnt/d/src/MtgDiscoveryVibeWorkspace/IMPLS/src/Lib.Scryfall.Ingestion.Tests/obj/Release/net9.0/Lib.Scryfall.Ingestion.Tests.dll" to "/mnt/d/src/MtgDiscoveryVibeWorkspace/IMPLS/src/Lib.Scryfall.Ingestion.Tests/bin/Release/net9.0/Lib.Scryfall.Ingestion.Tests.dll".
    31>_CopyFilesMarkedCopyLocal:
         Copying file from "/mnt/d/src/MtgDiscoveryVibeWorkspace/IMPLS/src/Lib.Shared.Invocation/bin/Release/net9.0/Lib.Shared.Invocation.pdb" to "/mnt/d/src/MtgDiscoveryVibeWorkspace/IMPLS/src/Lib.Aggregator.Artists/bin/Release/net9.0/Lib.Shared.Invocation.pdb".
    32>CoreGenerateAssemblyInfo:
         Could not infer the type of parameter "#1" because the attribute type is unknown. The value will be treated as a string.
         Could not infer the type of parameter "#1" because the attribute type is unknown. The value will be treated as a string.
    39>CoreGenerateAssemblyInfo:
         Could not infer the type of parameter "#1" because the attribute type is unknown. The value will be treated as a string.
         Could not infer the type of parameter "#1" because the attribute type is unknown. The value will be treated as a string.
    31>_CopyFilesMarkedCopyLocal:
         Copying file from "/mnt/d/src/MtgDiscoveryVibeWorkspace/IMPLS/src/Lib.Adapter.Artists/bin/Release/net9.0/Lib.Adapter.Artists.pdb" to "/mnt/d/src/MtgDiscoveryVibeWorkspace/IMPLS/src/Lib.Aggregator.Artists/bin/Release/net9.0/Lib.Adapter.Artists.pdb".
         Copying file from "/mnt/d/src/MtgDiscoveryVibeWorkspace/IMPLS/src/Lib.Aggregator.Scryfall.Shared/bin/Release/net9.0/Lib.Aggregator.Scryfall.Shared.pdb" to "/mnt/d/src/MtgDiscoveryVibeWorkspace/IMPLS/src/Lib.Aggregator.Artists/bin/Release/net9.0/Lib.Aggregator.Scryfall.Shared.pdb".
         Copying file from "/mnt/d/src/MtgDiscoveryVibeWorkspace/IMPLS/src/Lib.Universal/bin/Release/net9.0/Lib.Universal.pdb" to "/mnt/d/src/MtgDiscoveryVibeWorkspace/IMPLS/src/Lib.Aggregator.Artists/bin/Release/net9.0/Lib.Universal.pdb".
         Copying file from "/mnt/d/src/MtgDiscoveryVibeWorkspace/IMPLS/src/Lib.Cosmos/bin/Release/net9.0/Lib.Cosmos.pdb" to "/mnt/d/src/MtgDiscoveryVibeWorkspace/IMPLS/src/Lib.Aggregator.Artists/bin/Release/net9.0/Lib.Cosmos.pdb".
         Copying file from "/mnt/d/src/MtgDiscoveryVibeWorkspace/IMPLS/src/Lib.Scryfall.Shared/bin/Release/net9.0/Lib.Scryfall.Shared.pdb" to "/mnt/d/src/MtgDiscoveryVibeWorkspace/IMPLS/src/Lib.Aggregator.Artists/bin/Release/net9.0/Lib.Scryfall.Shared.pdb".
         Copying file from "/mnt/d/src/MtgDiscoveryVibeWorkspace/IMPLS/src/Lib.Shared.Abstractions/bin/Release/net9.0/Lib.Shared.Abstractions.pdb" to "/mnt/d/src/MtgDiscoveryVibeWorkspace/IMPLS/src/Lib.Aggregator.Artists/bin/Release/net9.0/Lib.Shared.Abstractions.pdb".
         Touching "/mnt/d/src/MtgDiscoveryVibeWorkspace/IMPLS/src/Lib.Aggregator.Artists/obj/Release/net9.0/Lib.Aggr.07CB99A2.Up2Date".
   1:2>Project "/mnt/d/src/MtgDiscoveryVibeWorkspace/IMPLS/src/MtgDiscoveryVibe.sln" (1:2) is building "/mnt/d/src/MtgDiscoveryVibeWorkspace/IMPLS/src/Lib.Aggregator.Cards/Lib.Aggregator.Cards.csproj" (19:8) on node 15 (default targets).
    19>GenerateTargetFrameworkMonikerAttribute:
       Skipping target "GenerateTargetFrameworkMonikerAttribute" because all output files are up-to-date with respect to the input files.
    11>CopyFilesToOutputDirectory:
         Copying reference assembly from "obj/Release/net9.0/refint/Lib.Scryfall.Ingestion.Tests.dll" to "/mnt/d/src/MtgDiscoveryVibeWorkspace/IMPLS/src/Lib.Scryfall.Ingestion.Tests/obj/Release/net9.0/ref/Lib.Scryfall.Ingestion.Tests.dll".
         Lib.Scryfall.Ingestion.Tests -> /mnt/d/src/MtgDiscoveryVibeWorkspace/IMPLS/src/Lib.Scryfall.Ingestion.Tests/bin/Release/net9.0/Lib.Scryfall.Ingestion.Tests.dll
    39>_GenerateSourceLinkFile:
         Updating Source Link file 'obj/Release/net9.0/Lib.Domain.UserCards.sourcelink.json'.
    32>_GenerateSourceLinkFile:
         Updating Source Link file 'obj/Release/net9.0/Lib.Aggregator.User.sourcelink.json'.
    11>CopyFilesToOutputDirectory:
         Copying file from "/mnt/d/src/MtgDiscoveryVibeWorkspace/IMPLS/src/Lib.Scryfall.Ingestion.Tests/obj/Release/net9.0/Lib.Scryfall.Ingestion.Tests.pdb" to "/mnt/d/src/MtgDiscoveryVibeWorkspace/IMPLS/src/Lib.Scryfall.Ingestion.Tests/bin/Release/net9.0/Lib.Scryfall.Ingestion.Tests.pdb".
    39>CoreCompile:
         /usr/share/dotnet/dotnet exec "/usr/share/dotnet/sdk/9.0.203/Roslyn/bincore/csc.dll" /noconfig /unsafe- /checked- /nowarn:IDE0290,IDE2001,IDE0005,IDE0046,CA1716,CA1040,CA1056,1701,1702 /fullpaths /nostdlib+ /errorreport:prompt /warn:9 /define:TRACE;RELEASE;NET;NET9_0;NETCOREAPP;NET5_0_OR_GREATER;NET6_0_OR_GREATER;NET7_0_OR_GREATER;NET8_0_OR_GREATER;NET9_0_OR_GREATER;NETCOREAPP1_0_OR_GREATER;NETCOREAPP1_1_OR_GREATER;NETCOREAPP2_0_OR_GREATER;NETCOREAPP2_1_OR_GREATER;NETCOREAPP2_2_OR_GREATER;NETCOREAPP3_0_OR_GREATER;NETCOREAPP3_1_OR_GREATER /highentropyva+ /nullable:warnings /reference:/home/quinngil/.nuget/packages/azure.core/1.47.1/lib/net8.0/Azure.Core.dll /reference:/home/quinngil/.nuget/packages/azure.resourcemanager.authorization/1.1.5/lib/net8.0/Azure.ResourceManager.Authorization.dll /reference:/home/quinngil/.nuget/packages/azure.resourcemanager.cosmosdb/1.3.2/lib/netstandard2.0/Azure.ResourceManager.CosmosDB.dll /reference:/home/quinngil/.nuget/packages/azure.resourcemanager/1.13.2/lib/net8.0/Azure.ResourceManager.dll /reference:/mnt/d/src/MtgDiscoveryVibeWorkspace/IMPLS/src/Lib.Adapter.Scryfall.Cosmos/obj/Release/net9.0/ref/Lib.Adapter.Scryfall.Cosmos.dll /reference:/mnt/d/src/MtgDiscoveryVibeWorkspace/IMPLS/src/Lib.Adapter.UserCards/obj/Release/net9.0/ref/Lib.Adapter.UserCards.dll /reference:/mnt/d/src/MtgDiscoveryVibeWorkspace/IMPLS/src/Lib.Aggregator.UserCards/obj/Debug/net9.0/ref/Lib.Aggregator.UserCards.dll /reference:/mnt/d/src/MtgDiscoveryVibeWorkspace/IMPLS/src/Lib.Cosmos/obj/Release/net9.0/ref/Lib.Cosmos.dll /reference:/mnt/d/src/MtgDiscoveryVibeWorkspace/IMPLS/src/Lib.Scryfall.Shared/obj/Release/net9.0/ref/Lib.Scryfall.Shared.dll /reference:/mnt/d/src/MtgDiscoveryVibeWorkspace/IMPLS/src/Lib.Shared.Abstractions/obj/Release/net9.0/ref/Lib.Shared.Abstractions.dll /reference:/mnt/d/src/MtgDiscoveryVibeWorkspace/IMPLS/src/Lib.Shared.DataModels/obj/Release/net9.0/ref/Lib.Shared.DataModels.dll /reference:/mnt/d/src/MtgDiscoveryVibeWorkspace/IMPLS/src/Lib.Shared.Invocation/obj/Release/net9.0/ref/Lib.Shared.Invocation.dll /reference:/mnt/d/src/MtgDiscoveryVibeWorkspace/IMPLS/src/Lib.Universal/obj/Release/net9.0/ref/Lib.Universal.dll /reference:/home/quinngil/.nuget/packages/microsoft.azure.cosmos/3.52.1/lib/netstandard2.0/Microsoft.Azure.Cosmos.Client.dll /reference:/home/quinngil/.nuget/packages/microsoft.azure.cosmos/3.52.1/lib/netstandard2.0/Microsoft.Azure.Cosmos.Core.dll /reference:/home/quinngil/.nuget/packages/microsoft.azure.cosmos/3.52.1/lib/netstandard2.0/Microsoft.Azure.Cosmos.Direct.dll /reference:/home/quinngil/.nuget/packages/microsoft.azure.cosmos/3.52.1/lib/netstandard2.0/Microsoft.Azure.Cosmos.Serialization.HybridRow.dll /reference:/home/quinngil/.nuget/packages/microsoft.bcl.asyncinterfaces/8.0.0/lib/netstandard2.1/Microsoft.Bcl.AsyncInterfaces.dll /reference:/home/quinngil/.nuget/packages/microsoft.bcl.hashcode/1.1.0/ref/netcoreapp2.1/Microsoft.Bcl.HashCode.dll /reference:/usr/share/dotnet/packs/Microsoft.NETCore.App.Ref/9.0.4/ref/net9.0/Microsoft.CSharp.dll /reference:/home/quinngil/.nuget/packages/microsoft.extensions.caching.abstractions/9.0.0/lib/net9.0/Microsoft.Extensions.Caching.Abstractions.dll /reference:/home/quinngil/.nuget/packages/microsoft.extensions.caching.memory/9.0.0/lib/net9.0/Microsoft.Extensions.Caching.Memory.dll /reference:/home/quinngil/.nuget/packages/microsoft.extensions.configuration.abstractions/9.0.5/lib/net9.0/Microsoft.Extensions.Configuration.Abstractions.dll /reference:/home/quinngil/.nuget/packages/microsoft.extensions.dependencyinjection.abstractions/9.0.0/lib/net9.0/Microsoft.Extensions.DependencyInjection.Abstractions.dll /reference:/home/quinngil/.nuget/packages/microsoft.extensions.logging.abstractions/9.0.0/lib/net9.0/Microsoft.Extensions.Logging.Abstractions.dll /reference:/home/quinngil/.nuget/packages/microsoft.extensions.options/9.0.0/lib/net9.0/Microsoft.Extensions.Options.dll /reference:/home/quinngil/.nuget/packages/microsoft.extensions.primitives/9.0.5/lib/net9.0/Microsoft.Extensions.Primitives.dll /reference:/home/quinngil/.nuget/packages/microsoft.identitymodel.abstractions/8.0.1/lib/net9.0/Microsoft.IdentityModel.Abstractions.dll /reference:/home/quinngil/.nuget/packages/microsoft.identitymodel.jsonwebtokens/8.0.1/lib/net9.0/Microsoft.IdentityModel.JsonWebTokens.dll /reference:/home/quinngil/.nuget/packages/microsoft.identitymodel.logging/8.0.1/lib/net9.0/Microsoft.IdentityModel.Logging.dll /reference:/home/quinngil/.nuget/packages/microsoft.identitymodel.tokens/8.0.1/lib/net9.0/Microsoft.IdentityModel.Tokens.dll /reference:/usr/share/dotnet/packs/Microsoft.NETCore.App.Ref/9.0.4/ref/net9.0/Microsoft.VisualBasic.Core.dll /reference:/usr/share/dotnet/packs/Microsoft.NETCore.App.Ref/9.0.4/ref/net9.0/Microsoft.VisualBasic.dll /reference:/usr/share/dotnet/packs/Microsoft.NETCore.App.Ref/9.0.4/ref/net9.0/Microsoft.Win32.Primitives.dll /reference:/usr/share/dotnet/packs/Microsoft.NETCore.App.Ref/9.0.4/ref/net9.0/Microsoft.Win32.Registry.dll /reference:/home/quinngil/.nuget/packages/microsoft.win32.systemevents/6.0.0/lib/net6.0/Microsoft.Win32.SystemEvents.dll /reference:/usr/share/dotnet/packs/Microsoft.NETCore.App.Ref/9.0.4/ref/net9.0/mscorlib.dll /reference:/usr/share/dotnet/packs/Microsoft.NETCore.App.Ref/9.0.4/ref/net9.0/netstandard.dll /reference:/home/quinngil/.nuget/packages/newtonsoft.json/13.0.3/lib/net6.0/Newtonsoft.Json.dll /reference:/usr/share/dotnet/packs/Microsoft.NETCore.App.Ref/9.0.4/ref/net9.0/System.AppContext.dll /reference:/usr/share/dotnet/packs/Microsoft.NETCore.App.Ref/9.0.4/ref/net9.0/System.Buffers.dll /reference:/home/quinngil/.nuget/packages/system.clientmodel/1.5.1/lib/net8.0/System.ClientModel.dll /reference:/usr/share/dotnet/packs/Microsoft.NETCore.App.Ref/9.0.4/ref/net9.0/System.Collections.Concurrent.dll /reference:/usr/share/dotnet/packs/Microsoft.NETCore.App.Ref/9.0.4/ref/net9.0/System.Collections.dll /reference:/usr/share/dotnet/packs/Microsoft.NETCore.App.Ref/9.0.4/ref/net9.0/System.Collections.Immutable.dll /reference:/usr/share/dotnet/packs/Microsoft.NETCore.App.Ref/9.0.4/ref/net9.0/System.Collections.NonGeneric.dll /reference:/usr/share/dotnet/packs/Microsoft.NETCore.App.Ref/9.0.4/ref/net9.0/System.Collections.Specialized.dll /reference:/usr/share/dotnet/packs/Microsoft.NETCore.App.Ref/9.0.4/ref/net9.0/System.ComponentModel.Annotations.dll /reference:/usr/share/dotnet/packs/Microsoft.NETCore.App.Ref/9.0.4/ref/net9.0/System.ComponentModel.DataAnnotations.dll /reference:/usr/share/dotnet/packs/Microsoft.NETCore.App.Ref/9.0.4/ref/net9.0/System.ComponentModel.dll /reference:/usr/share/dotnet/packs/Microsoft.NETCore.App.Ref/9.0.4/ref/net9.0/System.ComponentModel.EventBasedAsync.dll /reference:/usr/share/dotnet/packs/Microsoft.NETCore.App.Ref/9.0.4/ref/net9.0/System.ComponentModel.Primitives.dll /reference:/usr/share/dotnet/packs/Microsoft.NETCore.App.Ref/9.0.4/ref/net9.0/System.ComponentModel.TypeConverter.dll /reference:/home/quinngil/.nuget/packages/system.configuration.configurationmanager/6.0.0/lib/net6.0/System.Configuration.ConfigurationManager.dll /reference:/usr/share/dotnet/packs/Microsoft.NETCore.App.Ref/9.0.4/ref/net9.0/System.Configuration.dll /reference:/usr/share/dotnet/packs/Microsoft.NETCore.App.Ref/9.0.4/ref/net9.0/System.Console.dll /reference:/usr/share/dotnet/packs/Microsoft.NETCore.App.Ref/9.0.4/ref/net9.0/System.Core.dll /reference:/usr/share/dotnet/packs/Microsoft.NETCore.App.Ref/9.0.4/ref/net9.0/System.Data.Common.dll /reference:/usr/share/dotnet/packs/Microsoft.NETCore.App.Ref/9.0.4/ref/net9.0/System.Data.DataSetExtensions.dll /reference:/usr/share/dotnet/packs/Microsoft.NETCore.App.Ref/9.0.4/ref/net9.0/System.Data.dll /reference:/usr/share/dotnet/packs/Microsoft.NETCore.App.Ref/9.0.4/ref/net9.0/System.Diagnostics.Contracts.dll /reference:/usr/share/dotnet/packs/Microsoft.NETCore.App.Ref/9.0.4/ref/net9.0/System.Diagnostics.Debug.dll /reference:/usr/share/dotnet/packs/Microsoft.NETCore.App.Ref/9.0.4/ref/net9.0/System.Diagnostics.DiagnosticSource.dll /reference:/usr/share/dotnet/packs/Microsoft.NETCore.App.Ref/9.0.4/ref/net9.0/System.Diagnostics.FileVersionInfo.dll /reference:/usr/share/dotnet/packs/Microsoft.NETCore.App.Ref/9.0.4/ref/net9.0/System.Diagnostics.Process.dll /reference:/usr/share/dotnet/packs/Microsoft.NETCore.App.Ref/9.0.4/ref/net9.0/System.Diagnostics.StackTrace.dll /reference:/usr/share/dotnet/packs/Microsoft.NETCore.App.Ref/9.0.4/ref/net9.0/System.Diagnostics.TextWriterTraceListener.dll /reference:/usr/share/dotnet/packs/Microsoft.NETCore.App.Ref/9.0.4/ref/net9.0/System.Diagnostics.Tools.dll /reference:/usr/share/dotnet/packs/Microsoft.NETCore.App.Ref/9.0.4/ref/net9.0/System.Diagnostics.TraceSource.dll /reference:/usr/share/dotnet/packs/Microsoft.NETCore.App.Ref/9.0.4/ref/net9.0/System.Diagnostics.Tracing.dll /reference:/usr/share/dotnet/packs/Microsoft.NETCore.App.Ref/9.0.4/ref/net9.0/System.dll /reference:/home/quinngil/.nuget/packages/system.drawing.common/6.0.0/lib/net6.0/System.Drawing.Common.dll /reference:/usr/share/dotnet/packs/Microsoft.NETCore.App.Ref/9.0.4/ref/net9.0/System.Drawing.dll /reference:/usr/share/dotnet/packs/Microsoft.NETCore.App.Ref/9.0.4/ref/net9.0/System.Drawing.Primitives.dll /reference:/usr/share/dotnet/packs/Microsoft.NETCore.App.Ref/9.0.4/ref/net9.0/System.Dynamic.Runtime.dll /reference:/usr/share/dotnet/packs/Microsoft.NETCore.App.Ref/9.0.4/ref/net9.0/System.Formats.Asn1.dll /reference:/usr/share/dotnet/packs/Microsoft.NETCore.App.Ref/9.0.4/ref/net9.0/System.Formats.Tar.dll /reference:/usr/share/dotnet/packs/Microsoft.NETCore.App.Ref/9.0.4/ref/net9.0/System.Globalization.Calendars.dll /reference:/usr/share/dotnet/packs/Microsoft.NETCore.App.Ref/9.0.4/ref/net9.0/System.Globalization.dll /reference:/usr/share/dotnet/packs/Microsoft.NETCore.App.Ref/9.0.4/ref/net9.0/System.Globalization.Extensions.dll /reference:/home/quinngil/.nuget/packages/system.identitymodel.tokens.jwt/8.0.1/lib/net9.0/System.IdentityModel.Tokens.Jwt.dll /reference:/usr/share/dotnet/packs/Microsoft.NETCore.App.Ref/9.0.4/ref/net9.0/System.IO.Compression.Brotli.dll /reference:/usr/share/dotnet/packs/Microsoft.NETCore.App.Ref/9.0.4/ref/net9.0/System.IO.Compression.dll /reference:/usr/share/dotnet/packs/Microsoft.NETCore.App.Ref/9.0.4/ref/net9.0/System.IO.Compression.FileSystem.dll /reference:/usr/share/dotnet/packs/Microsoft.NETCore.App.Ref/9.0.4/ref/net9.0/System.IO.Compression.ZipFile.dll /reference:/usr/share/dotnet/packs/Microsoft.NETCore.App.Ref/9.0.4/ref/net9.0/System.IO.dll /reference:/usr/share/dotnet/packs/Microsoft.NETCore.App.Ref/9.0.4/ref/net9.0/System.IO.FileSystem.AccessControl.dll /reference:/usr/share/dotnet/packs/Microsoft.NETCore.App.Ref/9.0.4/ref/net9.0/System.IO.FileSystem.dll /reference:/usr/share/dotnet/packs/Microsoft.NETCore.App.Ref/9.0.4/ref/net9.0/System.IO.FileSystem.DriveInfo.dll /reference:/usr/share/dotnet/packs/Microsoft.NETCore.App.Ref/9.0.4/ref/net9.0/System.IO.FileSystem.Primitives.dll /reference:/usr/share/dotnet/packs/Microsoft.NETCore.App.Ref/9.0.4/ref/net9.0/System.IO.FileSystem.Watcher.dll /reference:/usr/share/dotnet/packs/Microsoft.NETCore.App.Ref/9.0.4/ref/net9.0/System.IO.IsolatedStorage.dll /reference:/usr/share/dotnet/packs/Microsoft.NETCore.App.Ref/9.0.4/ref/net9.0/System.IO.MemoryMappedFiles.dll /reference:/usr/share/dotnet/packs/Microsoft.NETCore.App.Ref/9.0.4/ref/net9.0/System.IO.Pipelines.dll /reference:/usr/share/dotnet/packs/Microsoft.NETCore.App.Ref/9.0.4/ref/net9.0/System.IO.Pipes.AccessControl.dll /reference:/usr/share/dotnet/packs/Microsoft.NETCore.App.Ref/9.0.4/ref/net9.0/System.IO.Pipes.dll /reference:/usr/share/dotnet/packs/Microsoft.NETCore.App.Ref/9.0.4/ref/net9.0/System.IO.UnmanagedMemoryStream.dll /reference:/usr/share/dotnet/packs/Microsoft.NETCore.App.Ref/9.0.4/ref/net9.0/System.Linq.dll /reference:/usr/share/dotnet/packs/Microsoft.NETCore.App.Ref/9.0.4/ref/net9.0/System.Linq.Expressions.dll /reference:/usr/share/dotnet/packs/Microsoft.NETCore.App.Ref/9.0.4/ref/net9.0/System.Linq.Parallel.dll /reference:/usr/share/dotnet/packs/Microsoft.NETCore.App.Ref/9.0.4/ref/net9.0/System.Linq.Queryable.dll /reference:/home/quinngil/.nuget/packages/system.memory.data/8.0.1/lib/net8.0/System.Memory.Data.dll /reference:/usr/share/dotnet/packs/Microsoft.NETCore.App.Ref/9.0.4/ref/net9.0/System.Memory.dll /reference:/usr/share/dotnet/packs/Microsoft.NETCore.App.Ref/9.0.4/ref/net9.0/System.Net.dll /reference:/usr/share/dotnet/packs/Microsoft.NETCore.App.Ref/9.0.4/ref/net9.0/System.Net.Http.dll /reference:/usr/share/dotnet/packs/Microsoft.NETCore.App.Ref/9.0.4/ref/net9.0/System.Net.Http.Json.dll /reference:/usr/share/dotnet/packs/Microsoft.NETCore.App.Ref/9.0.4/ref/net9.0/System.Net.HttpListener.dll /reference:/usr/share/dotnet/packs/Microsoft.NETCore.App.Ref/9.0.4/ref/net9.0/System.Net.Mail.dll /reference:/usr/share/dotnet/packs/Microsoft.NETCore.App.Ref/9.0.4/ref/net9.0/System.Net.NameResolution.dll /reference:/usr/share/dotnet/packs/Microsoft.NETCore.App.Ref/9.0.4/ref/net9.0/System.Net.NetworkInformation.dll /reference:/usr/share/dotnet/packs/Microsoft.NETCore.App.Ref/9.0.4/ref/net9.0/System.Net.Ping.dll /reference:/usr/share/dotnet/packs/Microsoft.NETCore.App.Ref/9.0.4/ref/net9.0/System.Net.Primitives.dll /reference:/usr/share/dotnet/packs/Microsoft.NETCore.App.Ref/9.0.4/ref/net9.0/System.Net.Quic.dll /reference:/usr/share/dotnet/packs/Microsoft.NETCore.App.Ref/9.0.4/ref/net9.0/System.Net.Requests.dll /reference:/usr/share/dotnet/packs/Microsoft.NETCore.App.Ref/9.0.4/ref/net9.0/System.Net.Security.dll /reference:/usr/share/dotnet/packs/Microsoft.NETCore.App.Ref/9.0.4/ref/net9.0/System.Net.ServicePoint.dll /reference:/usr/share/dotnet/packs/Microsoft.NETCore.App.Ref/9.0.4/ref/net9.0/System.Net.Sockets.dll /reference:/usr/share/dotnet/packs/Microsoft.NETCore.App.Ref/9.0.4/ref/net9.0/System.Net.WebClient.dll /reference:/usr/share/dotnet/packs/Microsoft.NETCore.App.Ref/9.0.4/ref/net9.0/System.Net.WebHeaderCollection.dll /reference:/usr/share/dotnet/packs/Microsoft.NETCore.App.Ref/9.0.4/ref/net9.0/System.Net.WebProxy.dll /reference:/usr/share/dotnet/packs/Microsoft.NETCore.App.Ref/9.0.4/ref/net9.0/System.Net.WebSockets.Client.dll /reference:/usr/share/dotnet/packs/Microsoft.NETCore.App.Ref/9.0.4/ref/net9.0/System.Net.WebSockets.dll /reference:/usr/share/dotnet/packs/Microsoft.NETCore.App.Ref/9.0.4/ref/net9.0/System.Numerics.dll /reference:/usr/share/dotnet/packs/Microsoft.NETCore.App.Ref/9.0.4/ref/net9.0/System.Numerics.Vectors.dll /reference:/usr/share/dotnet/packs/Microsoft.NETCore.App.Ref/9.0.4/ref/net9.0/System.ObjectModel.dll /reference:/usr/share/dotnet/packs/Microsoft.NETCore.App.Ref/9.0.4/ref/net9.0/System.Reflection.DispatchProxy.dll /reference:/usr/share/dotnet/packs/Microsoft.NETCore.App.Ref/9.0.4/ref/net9.0/System.Reflection.dll /reference:/usr/share/dotnet/packs/Microsoft.NETCore.App.Ref/9.0.4/ref/net9.0/System.Reflection.Emit.dll /reference:/usr/share/dotnet/packs/Microsoft.NETCore.App.Ref/9.0.4/ref/net9.0/System.Reflection.Emit.ILGeneration.dll /reference:/usr/share/dotnet/packs/Microsoft.NETCore.App.Ref/9.0.4/ref/net9.0/System.Reflection.Emit.Lightweight.dll /reference:/usr/share/dotnet/packs/Microsoft.NETCore.App.Ref/9.0.4/ref/net9.0/System.Reflection.Extensions.dll /reference:/usr/share/dotnet/packs/Microsoft.NETCore.App.Ref/9.0.4/ref/net9.0/System.Reflection.Metadata.dll /reference:/usr/share/dotnet/packs/Microsoft.NETCore.App.Ref/9.0.4/ref/net9.0/System.Reflection.Primitives.dll /reference:/usr/share/dotnet/packs/Microsoft.NETCore.App.Ref/9.0.4/ref/net9.0/System.Reflection.TypeExtensions.dll /reference:/usr/share/dotnet/packs/Microsoft.NETCore.App.Ref/9.0.4/ref/net9.0/System.Resources.Reader.dll /reference:/usr/share/dotnet/packs/Microsoft.NETCore.App.Ref/9.0.4/ref/net9.0/System.Resources.ResourceManager.dll /reference:/usr/share/dotnet/packs/Microsoft.NETCore.App.Ref/9.0.4/ref/net9.0/System.Resources.Writer.dll /reference:/usr/share/dotnet/packs/Microsoft.NETCore.App.Ref/9.0.4/ref/net9.0/System.Runtime.CompilerServices.Unsafe.dll /reference:/usr/share/dotnet/packs/Microsoft.NETCore.App.Ref/9.0.4/ref/net9.0/System.Runtime.CompilerServices.VisualC.dll /reference:/usr/share/dotnet/packs/Microsoft.NETCore.App.Ref/9.0.4/ref/net9.0/System.Runtime.dll /reference:/usr/share/dotnet/packs/Microsoft.NETCore.App.Ref/9.0.4/ref/net9.0/System.Runtime.Extensions.dll /reference:/usr/share/dotnet/packs/Microsoft.NETCore.App.Ref/9.0.4/ref/net9.0/System.Runtime.Handles.dll /reference:/usr/share/dotnet/packs/Microsoft.NETCore.App.Ref/9.0.4/ref/net9.0/System.Runtime.InteropServices.dll /reference:/usr/share/dotnet/packs/Microsoft.NETCore.App.Ref/9.0.4/ref/net9.0/System.Runtime.InteropServices.JavaScript.dll /reference:/usr/share/dotnet/packs/Microsoft.NETCore.App.Ref/9.0.4/ref/net9.0/System.Runtime.InteropServices.RuntimeInformation.dll /reference:/usr/share/dotnet/packs/Microsoft.NETCore.App.Ref/9.0.4/ref/net9.0/System.Runtime.Intrinsics.dll /reference:/usr/share/dotnet/packs/Microsoft.NETCore.App.Ref/9.0.4/ref/net9.0/System.Runtime.Loader.dll /reference:/usr/share/dotnet/packs/Microsoft.NETCore.App.Ref/9.0.4/ref/net9.0/System.Runtime.Numerics.dll /reference:/usr/share/dotnet/packs/Microsoft.NETCore.App.Ref/9.0.4/ref/net9.0/System.Runtime.Serialization.dll /reference:/usr/share/dotnet/packs/Microsoft.NETCore.App.Ref/9.0.4/ref/net9.0/System.Runtime.Serialization.Formatters.dll /reference:/usr/share/dotnet/packs/Microsoft.NETCore.App.Ref/9.0.4/ref/net9.0/System.Runtime.Serialization.Json.dll /reference:/usr/share/dotnet/packs/Microsoft.NETCore.App.Ref/9.0.4/ref/net9.0/System.Runtime.Serialization.Primitives.dll /reference:/usr/share/dotnet/packs/Microsoft.NETCore.App.Ref/9.0.4/ref/net9.0/System.Runtime.Serialization.Xml.dll /reference:/usr/share/dotnet/packs/Microsoft.NETCore.App.Ref/9.0.4/ref/net9.0/System.Security.AccessControl.dll /reference:/usr/share/dotnet/packs/Microsoft.NETCore.App.Ref/9.0.4/ref/net9.0/System.Security.Claims.dll /reference:/usr/share/dotnet/packs/Microsoft.NETCore.App.Ref/9.0.4/ref/net9.0/System.Security.Cryptography.Algorithms.dll /reference:/usr/share/dotnet/packs/Microsoft.NETCore.App.Ref/9.0.4/ref/net9.0/System.Security.Cryptography.Cng.dll /reference:/usr/share/dotnet/packs/Microsoft.NETCore.App.Ref/9.0.4/ref/net9.0/System.Security.Cryptography.Csp.dll /reference:/usr/share/dotnet/packs/Microsoft.NETCore.App.Ref/9.0.4/ref/net9.0/System.Security.Cryptography.dll /reference:/usr/share/dotnet/packs/Microsoft.NETCore.App.Ref/9.0.4/ref/net9.0/System.Security.Cryptography.Encoding.dll /reference:/usr/share/dotnet/packs/Microsoft.NETCore.App.Ref/9.0.4/ref/net9.0/System.Security.Cryptography.OpenSsl.dll /reference:/usr/share/dotnet/packs/Microsoft.NETCore.App.Ref/9.0.4/ref/net9.0/System.Security.Cryptography.Primitives.dll /reference:/home/quinngil/.nuget/packages/system.security.cryptography.protecteddata/6.0.0/lib/net6.0/System.Security.Cryptography.ProtectedData.dll /reference:/usr/share/dotnet/packs/Microsoft.NETCore.App.Ref/9.0.4/ref/net9.0/System.Security.Cryptography.X509Certificates.dll /reference:/usr/share/dotnet/packs/Microsoft.NETCore.App.Ref/9.0.4/ref/net9.0/System.Security.dll /reference:/home/quinngil/.nuget/packages/system.security.permissions/6.0.0/lib/net6.0/System.Security.Permissions.dll /reference:/usr/share/dotnet/packs/Microsoft.NETCore.App.Ref/9.0.4/ref/net9.0/System.Security.Principal.dll /reference:/usr/share/dotnet/packs/Microsoft.NETCore.App.Ref/9.0.4/ref/net9.0/System.Security.Principal.Windows.dll /reference:/usr/share/dotnet/packs/Microsoft.NETCore.App.Ref/9.0.4/ref/net9.0/System.Security.SecureString.dll /reference:/usr/share/dotnet/packs/Microsoft.NETCore.App.Ref/9.0.4/ref/net9.0/System.ServiceModel.Web.dll /reference:/usr/share/dotnet/packs/Microsoft.NETCore.App.Ref/9.0.4/ref/net9.0/System.ServiceProcess.dll /reference:/usr/share/dotnet/packs/Microsoft.NETCore.App.Ref/9.0.4/ref/net9.0/System.Text.Encoding.CodePages.dll /reference:/usr/share/dotnet/packs/Microsoft.NETCore.App.Ref/9.0.4/ref/net9.0/System.Text.Encoding.dll /reference:/usr/share/dotnet/packs/Microsoft.NETCore.App.Ref/9.0.4/ref/net9.0/System.Text.Encoding.Extensions.dll /reference:/usr/share/dotnet/packs/Microsoft.NETCore.App.Ref/9.0.4/ref/net9.0/System.Text.Encodings.Web.dll /reference:/home/quinngil/.nuget/packages/system.text.json/9.0.8/lib/net9.0/System.Text.Json.dll /reference:/usr/share/dotnet/packs/Microsoft.NETCore.App.Ref/9.0.4/ref/net9.0/System.Text.RegularExpressions.dll /reference:/usr/share/dotnet/packs/Microsoft.NETCore.App.Ref/9.0.4/ref/net9.0/System.Threading.Channels.dll /reference:/usr/share/dotnet/packs/Microsoft.NETCore.App.Ref/9.0.4/ref/net9.0/System.Threading.dll /reference:/usr/share/dotnet/packs/Microsoft.NETCore.App.Ref/9.0.4/ref/net9.0/System.Threading.Overlapped.dll /reference:/usr/share/dotnet/packs/Microsoft.NETCore.App.Ref/9.0.4/ref/net9.0/System.Threading.Tasks.Dataflow.dll /reference:/usr/share/dotnet/packs/Microsoft.NETCore.App.Ref/9.0.4/ref/net9.0/System.Threading.Tasks.dll /reference:/usr/share/dotnet/packs/Microsoft.NETCore.App.Ref/9.0.4/ref/net9.0/System.Threading.Tasks.Extensions.dll /reference:/usr/share/dotnet/packs/Microsoft.NETCore.App.Ref/9.0.4/ref/net9.0/System.Threading.Tasks.Parallel.dll /reference:/usr/share/dotnet/packs/Microsoft.NETCore.App.Ref/9.0.4/ref/net9.0/System.Threading.Thread.dll /reference:/usr/share/dotnet/packs/Microsoft.NETCore.App.Ref/9.0.4/ref/net9.0/System.Threading.ThreadPool.dll /reference:/usr/share/dotnet/packs/Microsoft.NETCore.App.Ref/9.0.4/ref/net9.0/System.Threading.Timer.dll /reference:/usr/share/dotnet/packs/Microsoft.NETCore.App.Ref/9.0.4/ref/net9.0/System.Transactions.dll /reference:/usr/share/dotnet/packs/Microsoft.NETCore.App.Ref/9.0.4/ref/net9.0/System.Transactions.Local.dll /reference:/usr/share/dotnet/packs/Microsoft.NETCore.App.Ref/9.0.4/ref/net9.0/System.ValueTuple.dll /reference:/usr/share/dotnet/packs/Microsoft.NETCore.App.Ref/9.0.4/ref/net9.0/System.Web.dll /reference:/usr/share/dotnet/packs/Microsoft.NETCore.App.Ref/9.0.4/ref/net9.0/System.Web.HttpUtility.dll /reference:/usr/share/dotnet/packs/Microsoft.NETCore.App.Ref/9.0.4/ref/net9.0/System.Windows.dll /reference:/home/quinngil/.nuget/packages/system.windows.extensions/6.0.0/lib/net6.0/System.Windows.Extensions.dll /reference:/usr/share/dotnet/packs/Microsoft.NETCore.App.Ref/9.0.4/ref/net9.0/System.Xml.dll /reference:/usr/share/dotnet/packs/Microsoft.NETCore.App.Ref/9.0.4/ref/net9.0/System.Xml.Linq.dll /reference:/usr/share/dotnet/packs/Microsoft.NETCore.App.Ref/9.0.4/ref/net9.0/System.Xml.ReaderWriter.dll /reference:/usr/share/dotnet/packs/Microsoft.NETCore.App.Ref/9.0.4/ref/net9.0/System.Xml.Serialization.dll /reference:/usr/share/dotnet/packs/Microsoft.NETCore.App.Ref/9.0.4/ref/net9.0/System.Xml.XDocument.dll /reference:/usr/share/dotnet/packs/Microsoft.NETCore.App.Ref/9.0.4/ref/net9.0/System.Xml.XmlDocument.dll /reference:/usr/share/dotnet/packs/Microsoft.NETCore.App.Ref/9.0.4/ref/net9.0/System.Xml.XmlSerializer.dll /reference:/usr/share/dotnet/packs/Microsoft.NETCore.App.Ref/9.0.4/ref/net9.0/System.Xml.XPath.dll /reference:/usr/share/dotnet/packs/Microsoft.NETCore.App.Ref/9.0.4/ref/net9.0/System.Xml.XPath.XDocument.dll /reference:/usr/share/dotnet/packs/Microsoft.NETCore.App.Ref/9.0.4/ref/net9.0/WindowsBase.dll /debug- /debug:portable /filealign:512 /optimize+ /out:obj/Release/net9.0/Lib.Domain.UserCards.dll /refout:obj/Release/net9.0/refint/Lib.Domain.UserCards.dll /reportanalyzer /target:library /warnaserror+ /utf8output /deterministic+ /sourcelink:obj/Release/net9.0/Lib.Domain.UserCards.sourcelink.json /langversion:latest /features:strict /embed:"obj/Release/net9.0/.NETCoreApp,Version=v9.0.AssemblyAttributes.cs" /embed:obj/Release/net9.0/Lib.Domain.UserCards.AssemblyInfo.cs /analyzerconfig:/mnt/d/src/MtgDiscoveryVibeWorkspace/IMPLS/src/.editorconfig /analyzerconfig:obj/Release/net9.0/Lib.Domain.UserCards.GeneratedMSBuildEditorConfig.editorconfig /analyzerconfig:/usr/share/dotnet/sdk/9.0.203/Sdks/Microsoft.NET.Sdk/analyzers/build/config/analysislevel_9_all_warnaserror.globalconfig /analyzer:/usr/share/dotnet/sdk/9.0.203/Sdks/Microsoft.NET.Sdk/targets/../analyzers/Microsoft.CodeAnalysis.CSharp.NetAnalyzers.dll /analyzer:/usr/share/dotnet/sdk/9.0.203/Sdks/Microsoft.NET.Sdk/targets/../analyzers/Microsoft.CodeAnalysis.NetAnalyzers.dll /analyzer:/usr/share/dotnet/sdk/9.0.203/Sdks/Microsoft.NET.Sdk/targets/../codestyle/cs/Microsoft.CodeAnalysis.CodeStyle.dll /analyzer:/usr/share/dotnet/sdk/9.0.203/Sdks/Microsoft.NET.Sdk/targets/../codestyle/cs/Microsoft.CodeAnalysis.CodeStyle.Fixes.dll /analyzer:/usr/share/dotnet/sdk/9.0.203/Sdks/Microsoft.NET.Sdk/targets/../codestyle/cs/Microsoft.CodeAnalysis.CSharp.CodeStyle.dll /analyzer:/usr/share/dotnet/sdk/9.0.203/Sdks/Microsoft.NET.Sdk/targets/../codestyle/cs/Microsoft.CodeAnalysis.CSharp.CodeStyle.Fixes.dll /analyzer:/home/quinngil/.nuget/packages/microsoft.codeanalysis.bannedapianalyzers/4.14.0/analyzers/dotnet/cs/Microsoft.CodeAnalysis.BannedApiAnalyzers.dll /analyzer:/home/quinngil/.nuget/packages/microsoft.codeanalysis.bannedapianalyzers/4.14.0/analyzers/dotnet/cs/Microsoft.CodeAnalysis.CSharp.BannedApiAnalyzers.dll /analyzer:/home/quinngil/.nuget/packages/microsoft.extensions.logging.abstractions/9.0.0/analyzers/dotnet/roslyn4.4/cs/Microsoft.Extensions.Logging.Generators.dll /analyzer:/home/quinngil/.nuget/packages/microsoft.extensions.options/9.0.0/analyzers/dotnet/roslyn4.4/cs/Microsoft.Extensions.Options.SourceGeneration.dll /analyzer:/home/quinngil/.nuget/packages/system.clientmodel/1.5.1/analyzers/dotnet/cs/System.ClientModel.SourceGeneration.dll /analyzer:/home/quinngil/.nuget/packages/system.text.json/9.0.8/analyzers/dotnet/roslyn4.4/cs/System.Text.Json.SourceGeneration.dll /analyzer:/usr/share/dotnet/packs/Microsoft.NETCore.App.Ref/9.0.4/analyzers/dotnet/cs/Microsoft.Interop.ComInterfaceGenerator.dll /analyzer:/usr/share/dotnet/packs/Microsoft.NETCore.App.Ref/9.0.4/analyzers/dotnet/cs/Microsoft.Interop.JavaScript.JSImportGenerator.dll /analyzer:/usr/share/dotnet/packs/Microsoft.NETCore.App.Ref/9.0.4/analyzers/dotnet/cs/Microsoft.Interop.LibraryImportGenerator.dll /analyzer:/usr/share/dotnet/packs/Microsoft.NETCore.App.Ref/9.0.4/analyzers/dotnet/cs/Microsoft.Interop.SourceGeneration.dll /analyzer:/usr/share/dotnet/packs/Microsoft.NETCore.App.Ref/9.0.4/analyzers/dotnet/cs/System.Text.RegularExpressions.Generator.dll /additionalfile:/mnt/d/src/MtgDiscoveryVibeWorkspace/IMPLS/src/BannedSymbols.txt /additionalfile:/mnt/d/src/MtgDiscoveryVibeWorkspace/IMPLS/src/.editorconfig Apis/IUserCardsDomainService.cs Apis/UserCardsDomainService.cs "obj/Release/net9.0/.NETCoreApp,Version=v9.0.AssemblyAttributes.cs" obj/Release/net9.0/Lib.Domain.UserCards.AssemblyInfo.cs /warnaserror+:NU1605,SYSLIB0011
    31>_CopyOutOfDateSourceItemsToOutputDirectory:
       Skipping target "_CopyOutOfDateSourceItemsToOutputDirectory" because all output files are up-to-date with respect to the input files.
    19>CoreGenerateAssemblyInfo:
         Could not infer the type of parameter "#1" because the attribute type is unknown. The value will be treated as a string.
         Could not infer the type of parameter "#1" because the attribute type is unknown. The value will be treated as a string.
    11>Done Building Project "/mnt/d/src/MtgDiscoveryVibeWorkspace/IMPLS/src/Lib.Scryfall.Ingestion.Tests/Lib.Scryfall.Ingestion.Tests.csproj" (default targets).
    32>CoreCompile:
         /usr/share/dotnet/dotnet exec "/usr/share/dotnet/sdk/9.0.203/Roslyn/bincore/csc.dll" /noconfig /unsafe- /checked- /nowarn:IDE0290,IDE2001,IDE0005,IDE0046,CA1716,CA1040,CA1056,1701,1702 /fullpaths /nostdlib+ /errorreport:prompt /warn:9 /define:TRACE;RELEASE;NET;NET9_0;NETCOREAPP;NET5_0_OR_GREATER;NET6_0_OR_GREATER;NET7_0_OR_GREATER;NET8_0_OR_GREATER;NET9_0_OR_GREATER;NETCOREAPP1_0_OR_GREATER;NETCOREAPP1_1_OR_GREATER;NETCOREAPP2_0_OR_GREATER;NETCOREAPP2_1_OR_GREATER;NETCOREAPP2_2_OR_GREATER;NETCOREAPP3_0_OR_GREATER;NETCOREAPP3_1_OR_GREATER /highentropyva+ /nullable:warnings /reference:/home/quinngil/.nuget/packages/azure.core/1.47.1/lib/net8.0/Azure.Core.dll /reference:/home/quinngil/.nuget/packages/azure.resourcemanager.authorization/1.1.5/lib/net8.0/Azure.ResourceManager.Authorization.dll /reference:/home/quinngil/.nuget/packages/azure.resourcemanager.cosmosdb/1.3.2/lib/netstandard2.0/Azure.ResourceManager.CosmosDB.dll /reference:/home/quinngil/.nuget/packages/azure.resourcemanager/1.13.2/lib/net8.0/Azure.ResourceManager.dll /reference:/mnt/d/src/MtgDiscoveryVibeWorkspace/IMPLS/src/Lib.Adapter.Scryfall.Cosmos/obj/Release/net9.0/ref/Lib.Adapter.Scryfall.Cosmos.dll /reference:/mnt/d/src/MtgDiscoveryVibeWorkspace/IMPLS/src/Lib.Adapter.User/obj/Release/net9.0/ref/Lib.Adapter.User.dll /reference:/mnt/d/src/MtgDiscoveryVibeWorkspace/IMPLS/src/Lib.Aggregator.Scryfall.Shared/obj/Release/net9.0/ref/Lib.Aggregator.Scryfall.Shared.dll /reference:/mnt/d/src/MtgDiscoveryVibeWorkspace/IMPLS/src/Lib.Cosmos/obj/Release/net9.0/ref/Lib.Cosmos.dll /reference:/mnt/d/src/MtgDiscoveryVibeWorkspace/IMPLS/src/Lib.Scryfall.Shared/obj/Release/net9.0/ref/Lib.Scryfall.Shared.dll /reference:/mnt/d/src/MtgDiscoveryVibeWorkspace/IMPLS/src/Lib.Shared.Abstractions/obj/Release/net9.0/ref/Lib.Shared.Abstractions.dll /reference:/mnt/d/src/MtgDiscoveryVibeWorkspace/IMPLS/src/Lib.Shared.DataModels/obj/Release/net9.0/ref/Lib.Shared.DataModels.dll /reference:/mnt/d/src/MtgDiscoveryVibeWorkspace/IMPLS/src/Lib.Shared.Invocation/obj/Release/net9.0/ref/Lib.Shared.Invocation.dll /reference:/mnt/d/src/MtgDiscoveryVibeWorkspace/IMPLS/src/Lib.Universal/obj/Release/net9.0/ref/Lib.Universal.dll /reference:/home/quinngil/.nuget/packages/microsoft.azure.cosmos/3.52.1/lib/netstandard2.0/Microsoft.Azure.Cosmos.Client.dll /reference:/home/quinngil/.nuget/packages/microsoft.azure.cosmos/3.52.1/lib/netstandard2.0/Microsoft.Azure.Cosmos.Core.dll /reference:/home/quinngil/.nuget/packages/microsoft.azure.cosmos/3.52.1/lib/netstandard2.0/Microsoft.Azure.Cosmos.Direct.dll /reference:/home/quinngil/.nuget/packages/microsoft.azure.cosmos/3.52.1/lib/netstandard2.0/Microsoft.Azure.Cosmos.Serialization.HybridRow.dll /reference:/home/quinngil/.nuget/packages/microsoft.bcl.asyncinterfaces/8.0.0/lib/netstandard2.1/Microsoft.Bcl.AsyncInterfaces.dll /reference:/home/quinngil/.nuget/packages/microsoft.bcl.hashcode/1.1.0/ref/netcoreapp2.1/Microsoft.Bcl.HashCode.dll /reference:/usr/share/dotnet/packs/Microsoft.NETCore.App.Ref/9.0.4/ref/net9.0/Microsoft.CSharp.dll /reference:/home/quinngil/.nuget/packages/microsoft.extensions.caching.abstractions/9.0.0/lib/net9.0/Microsoft.Extensions.Caching.Abstractions.dll /reference:/home/quinngil/.nuget/packages/microsoft.extensions.caching.memory/9.0.0/lib/net9.0/Microsoft.Extensions.Caching.Memory.dll /reference:/home/quinngil/.nuget/packages/microsoft.extensions.configuration.abstractions/9.0.5/lib/net9.0/Microsoft.Extensions.Configuration.Abstractions.dll /reference:/home/quinngil/.nuget/packages/microsoft.extensions.dependencyinjection.abstractions/9.0.0/lib/net9.0/Microsoft.Extensions.DependencyInjection.Abstractions.dll /reference:/home/quinngil/.nuget/packages/microsoft.extensions.logging.abstractions/9.0.0/lib/net9.0/Microsoft.Extensions.Logging.Abstractions.dll /reference:/home/quinngil/.nuget/packages/microsoft.extensions.options/9.0.0/lib/net9.0/Microsoft.Extensions.Options.dll /reference:/home/quinngil/.nuget/packages/microsoft.extensions.primitives/9.0.5/lib/net9.0/Microsoft.Extensions.Primitives.dll /reference:/home/quinngil/.nuget/packages/microsoft.identitymodel.abstractions/8.0.1/lib/net9.0/Microsoft.IdentityModel.Abstractions.dll /reference:/home/quinngil/.nuget/packages/microsoft.identitymodel.jsonwebtokens/8.0.1/lib/net9.0/Microsoft.IdentityModel.JsonWebTokens.dll /reference:/home/quinngil/.nuget/packages/microsoft.identitymodel.logging/8.0.1/lib/net9.0/Microsoft.IdentityModel.Logging.dll /reference:/home/quinngil/.nuget/packages/microsoft.identitymodel.tokens/8.0.1/lib/net9.0/Microsoft.IdentityModel.Tokens.dll /reference:/usr/share/dotnet/packs/Microsoft.NETCore.App.Ref/9.0.4/ref/net9.0/Microsoft.VisualBasic.Core.dll /reference:/usr/share/dotnet/packs/Microsoft.NETCore.App.Ref/9.0.4/ref/net9.0/Microsoft.VisualBasic.dll /reference:/usr/share/dotnet/packs/Microsoft.NETCore.App.Ref/9.0.4/ref/net9.0/Microsoft.Win32.Primitives.dll /reference:/usr/share/dotnet/packs/Microsoft.NETCore.App.Ref/9.0.4/ref/net9.0/Microsoft.Win32.Registry.dll /reference:/home/quinngil/.nuget/packages/microsoft.win32.systemevents/6.0.0/lib/net6.0/Microsoft.Win32.SystemEvents.dll /reference:/usr/share/dotnet/packs/Microsoft.NETCore.App.Ref/9.0.4/ref/net9.0/mscorlib.dll /reference:/usr/share/dotnet/packs/Microsoft.NETCore.App.Ref/9.0.4/ref/net9.0/netstandard.dll /reference:/home/quinngil/.nuget/packages/newtonsoft.json/13.0.3/lib/net6.0/Newtonsoft.Json.dll /reference:/usr/share/dotnet/packs/Microsoft.NETCore.App.Ref/9.0.4/ref/net9.0/System.AppContext.dll /reference:/usr/share/dotnet/packs/Microsoft.NETCore.App.Ref/9.0.4/ref/net9.0/System.Buffers.dll /reference:/home/quinngil/.nuget/packages/system.clientmodel/1.5.1/lib/net8.0/System.ClientModel.dll /reference:/usr/share/dotnet/packs/Microsoft.NETCore.App.Ref/9.0.4/ref/net9.0/System.Collections.Concurrent.dll /reference:/usr/share/dotnet/packs/Microsoft.NETCore.App.Ref/9.0.4/ref/net9.0/System.Collections.dll /reference:/usr/share/dotnet/packs/Microsoft.NETCore.App.Ref/9.0.4/ref/net9.0/System.Collections.Immutable.dll /reference:/usr/share/dotnet/packs/Microsoft.NETCore.App.Ref/9.0.4/ref/net9.0/System.Collections.NonGeneric.dll /reference:/usr/share/dotnet/packs/Microsoft.NETCore.App.Ref/9.0.4/ref/net9.0/System.Collections.Specialized.dll /reference:/usr/share/dotnet/packs/Microsoft.NETCore.App.Ref/9.0.4/ref/net9.0/System.ComponentModel.Annotations.dll /reference:/usr/share/dotnet/packs/Microsoft.NETCore.App.Ref/9.0.4/ref/net9.0/System.ComponentModel.DataAnnotations.dll /reference:/usr/share/dotnet/packs/Microsoft.NETCore.App.Ref/9.0.4/ref/net9.0/System.ComponentModel.dll /reference:/usr/share/dotnet/packs/Microsoft.NETCore.App.Ref/9.0.4/ref/net9.0/System.ComponentModel.EventBasedAsync.dll /reference:/usr/share/dotnet/packs/Microsoft.NETCore.App.Ref/9.0.4/ref/net9.0/System.ComponentModel.Primitives.dll /reference:/usr/share/dotnet/packs/Microsoft.NETCore.App.Ref/9.0.4/ref/net9.0/System.ComponentModel.TypeConverter.dll /reference:/home/quinngil/.nuget/packages/system.configuration.configurationmanager/6.0.0/lib/net6.0/System.Configuration.ConfigurationManager.dll /reference:/usr/share/dotnet/packs/Microsoft.NETCore.App.Ref/9.0.4/ref/net9.0/System.Configuration.dll /reference:/usr/share/dotnet/packs/Microsoft.NETCore.App.Ref/9.0.4/ref/net9.0/System.Console.dll /reference:/usr/share/dotnet/packs/Microsoft.NETCore.App.Ref/9.0.4/ref/net9.0/System.Core.dll /reference:/usr/share/dotnet/packs/Microsoft.NETCore.App.Ref/9.0.4/ref/net9.0/System.Data.Common.dll /reference:/usr/share/dotnet/packs/Microsoft.NETCore.App.Ref/9.0.4/ref/net9.0/System.Data.DataSetExtensions.dll /reference:/usr/share/dotnet/packs/Microsoft.NETCore.App.Ref/9.0.4/ref/net9.0/System.Data.dll /reference:/usr/share/dotnet/packs/Microsoft.NETCore.App.Ref/9.0.4/ref/net9.0/System.Diagnostics.Contracts.dll /reference:/usr/share/dotnet/packs/Microsoft.NETCore.App.Ref/9.0.4/ref/net9.0/System.Diagnostics.Debug.dll /reference:/usr/share/dotnet/packs/Microsoft.NETCore.App.Ref/9.0.4/ref/net9.0/System.Diagnostics.DiagnosticSource.dll /reference:/usr/share/dotnet/packs/Microsoft.NETCore.App.Ref/9.0.4/ref/net9.0/System.Diagnostics.FileVersionInfo.dll /reference:/usr/share/dotnet/packs/Microsoft.NETCore.App.Ref/9.0.4/ref/net9.0/System.Diagnostics.Process.dll /reference:/usr/share/dotnet/packs/Microsoft.NETCore.App.Ref/9.0.4/ref/net9.0/System.Diagnostics.StackTrace.dll /reference:/usr/share/dotnet/packs/Microsoft.NETCore.App.Ref/9.0.4/ref/net9.0/System.Diagnostics.TextWriterTraceListener.dll /reference:/usr/share/dotnet/packs/Microsoft.NETCore.App.Ref/9.0.4/ref/net9.0/System.Diagnostics.Tools.dll /reference:/usr/share/dotnet/packs/Microsoft.NETCore.App.Ref/9.0.4/ref/net9.0/System.Diagnostics.TraceSource.dll /reference:/usr/share/dotnet/packs/Microsoft.NETCore.App.Ref/9.0.4/ref/net9.0/System.Diagnostics.Tracing.dll /reference:/usr/share/dotnet/packs/Microsoft.NETCore.App.Ref/9.0.4/ref/net9.0/System.dll /reference:/home/quinngil/.nuget/packages/system.drawing.common/6.0.0/lib/net6.0/System.Drawing.Common.dll /reference:/usr/share/dotnet/packs/Microsoft.NETCore.App.Ref/9.0.4/ref/net9.0/System.Drawing.dll /reference:/usr/share/dotnet/packs/Microsoft.NETCore.App.Ref/9.0.4/ref/net9.0/System.Drawing.Primitives.dll /reference:/usr/share/dotnet/packs/Microsoft.NETCore.App.Ref/9.0.4/ref/net9.0/System.Dynamic.Runtime.dll /reference:/usr/share/dotnet/packs/Microsoft.NETCore.App.Ref/9.0.4/ref/net9.0/System.Formats.Asn1.dll /reference:/usr/share/dotnet/packs/Microsoft.NETCore.App.Ref/9.0.4/ref/net9.0/System.Formats.Tar.dll /reference:/usr/share/dotnet/packs/Microsoft.NETCore.App.Ref/9.0.4/ref/net9.0/System.Globalization.Calendars.dll /reference:/usr/share/dotnet/packs/Microsoft.NETCore.App.Ref/9.0.4/ref/net9.0/System.Globalization.dll /reference:/usr/share/dotnet/packs/Microsoft.NETCore.App.Ref/9.0.4/ref/net9.0/System.Globalization.Extensions.dll /reference:/home/quinngil/.nuget/packages/system.identitymodel.tokens.jwt/8.0.1/lib/net9.0/System.IdentityModel.Tokens.Jwt.dll /reference:/usr/share/dotnet/packs/Microsoft.NETCore.App.Ref/9.0.4/ref/net9.0/System.IO.Compression.Brotli.dll /reference:/usr/share/dotnet/packs/Microsoft.NETCore.App.Ref/9.0.4/ref/net9.0/System.IO.Compression.dll /reference:/usr/share/dotnet/packs/Microsoft.NETCore.App.Ref/9.0.4/ref/net9.0/System.IO.Compression.FileSystem.dll /reference:/usr/share/dotnet/packs/Microsoft.NETCore.App.Ref/9.0.4/ref/net9.0/System.IO.Compression.ZipFile.dll /reference:/usr/share/dotnet/packs/Microsoft.NETCore.App.Ref/9.0.4/ref/net9.0/System.IO.dll /reference:/usr/share/dotnet/packs/Microsoft.NETCore.App.Ref/9.0.4/ref/net9.0/System.IO.FileSystem.AccessControl.dll /reference:/usr/share/dotnet/packs/Microsoft.NETCore.App.Ref/9.0.4/ref/net9.0/System.IO.FileSystem.dll /reference:/usr/share/dotnet/packs/Microsoft.NETCore.App.Ref/9.0.4/ref/net9.0/System.IO.FileSystem.DriveInfo.dll /reference:/usr/share/dotnet/packs/Microsoft.NETCore.App.Ref/9.0.4/ref/net9.0/System.IO.FileSystem.Primitives.dll /reference:/usr/share/dotnet/packs/Microsoft.NETCore.App.Ref/9.0.4/ref/net9.0/System.IO.FileSystem.Watcher.dll /reference:/usr/share/dotnet/packs/Microsoft.NETCore.App.Ref/9.0.4/ref/net9.0/System.IO.IsolatedStorage.dll /reference:/usr/share/dotnet/packs/Microsoft.NETCore.App.Ref/9.0.4/ref/net9.0/System.IO.MemoryMappedFiles.dll /reference:/usr/share/dotnet/packs/Microsoft.NETCore.App.Ref/9.0.4/ref/net9.0/System.IO.Pipelines.dll /reference:/usr/share/dotnet/packs/Microsoft.NETCore.App.Ref/9.0.4/ref/net9.0/System.IO.Pipes.AccessControl.dll /reference:/usr/share/dotnet/packs/Microsoft.NETCore.App.Ref/9.0.4/ref/net9.0/System.IO.Pipes.dll /reference:/usr/share/dotnet/packs/Microsoft.NETCore.App.Ref/9.0.4/ref/net9.0/System.IO.UnmanagedMemoryStream.dll /reference:/usr/share/dotnet/packs/Microsoft.NETCore.App.Ref/9.0.4/ref/net9.0/System.Linq.dll /reference:/usr/share/dotnet/packs/Microsoft.NETCore.App.Ref/9.0.4/ref/net9.0/System.Linq.Expressions.dll /reference:/usr/share/dotnet/packs/Microsoft.NETCore.App.Ref/9.0.4/ref/net9.0/System.Linq.Parallel.dll /reference:/usr/share/dotnet/packs/Microsoft.NETCore.App.Ref/9.0.4/ref/net9.0/System.Linq.Queryable.dll /reference:/home/quinngil/.nuget/packages/system.memory.data/8.0.1/lib/net8.0/System.Memory.Data.dll /reference:/usr/share/dotnet/packs/Microsoft.NETCore.App.Ref/9.0.4/ref/net9.0/System.Memory.dll /reference:/usr/share/dotnet/packs/Microsoft.NETCore.App.Ref/9.0.4/ref/net9.0/System.Net.dll /reference:/usr/share/dotnet/packs/Microsoft.NETCore.App.Ref/9.0.4/ref/net9.0/System.Net.Http.dll /reference:/usr/share/dotnet/packs/Microsoft.NETCore.App.Ref/9.0.4/ref/net9.0/System.Net.Http.Json.dll /reference:/usr/share/dotnet/packs/Microsoft.NETCore.App.Ref/9.0.4/ref/net9.0/System.Net.HttpListener.dll /reference:/usr/share/dotnet/packs/Microsoft.NETCore.App.Ref/9.0.4/ref/net9.0/System.Net.Mail.dll /reference:/usr/share/dotnet/packs/Microsoft.NETCore.App.Ref/9.0.4/ref/net9.0/System.Net.NameResolution.dll /reference:/usr/share/dotnet/packs/Microsoft.NETCore.App.Ref/9.0.4/ref/net9.0/System.Net.NetworkInformation.dll /reference:/usr/share/dotnet/packs/Microsoft.NETCore.App.Ref/9.0.4/ref/net9.0/System.Net.Ping.dll /reference:/usr/share/dotnet/packs/Microsoft.NETCore.App.Ref/9.0.4/ref/net9.0/System.Net.Primitives.dll /reference:/usr/share/dotnet/packs/Microsoft.NETCore.App.Ref/9.0.4/ref/net9.0/System.Net.Quic.dll /reference:/usr/share/dotnet/packs/Microsoft.NETCore.App.Ref/9.0.4/ref/net9.0/System.Net.Requests.dll /reference:/usr/share/dotnet/packs/Microsoft.NETCore.App.Ref/9.0.4/ref/net9.0/System.Net.Security.dll /reference:/usr/share/dotnet/packs/Microsoft.NETCore.App.Ref/9.0.4/ref/net9.0/System.Net.ServicePoint.dll /reference:/usr/share/dotnet/packs/Microsoft.NETCore.App.Ref/9.0.4/ref/net9.0/System.Net.Sockets.dll /reference:/usr/share/dotnet/packs/Microsoft.NETCore.App.Ref/9.0.4/ref/net9.0/System.Net.WebClient.dll /reference:/usr/share/dotnet/packs/Microsoft.NETCore.App.Ref/9.0.4/ref/net9.0/System.Net.WebHeaderCollection.dll /reference:/usr/share/dotnet/packs/Microsoft.NETCore.App.Ref/9.0.4/ref/net9.0/System.Net.WebProxy.dll /reference:/usr/share/dotnet/packs/Microsoft.NETCore.App.Ref/9.0.4/ref/net9.0/System.Net.WebSockets.Client.dll /reference:/usr/share/dotnet/packs/Microsoft.NETCore.App.Ref/9.0.4/ref/net9.0/System.Net.WebSockets.dll /reference:/usr/share/dotnet/packs/Microsoft.NETCore.App.Ref/9.0.4/ref/net9.0/System.Numerics.dll /reference:/usr/share/dotnet/packs/Microsoft.NETCore.App.Ref/9.0.4/ref/net9.0/System.Numerics.Vectors.dll /reference:/usr/share/dotnet/packs/Microsoft.NETCore.App.Ref/9.0.4/ref/net9.0/System.ObjectModel.dll /reference:/usr/share/dotnet/packs/Microsoft.NETCore.App.Ref/9.0.4/ref/net9.0/System.Reflection.DispatchProxy.dll /reference:/usr/share/dotnet/packs/Microsoft.NETCore.App.Ref/9.0.4/ref/net9.0/System.Reflection.dll /reference:/usr/share/dotnet/packs/Microsoft.NETCore.App.Ref/9.0.4/ref/net9.0/System.Reflection.Emit.dll /reference:/usr/share/dotnet/packs/Microsoft.NETCore.App.Ref/9.0.4/ref/net9.0/System.Reflection.Emit.ILGeneration.dll /reference:/usr/share/dotnet/packs/Microsoft.NETCore.App.Ref/9.0.4/ref/net9.0/System.Reflection.Emit.Lightweight.dll /reference:/usr/share/dotnet/packs/Microsoft.NETCore.App.Ref/9.0.4/ref/net9.0/System.Reflection.Extensions.dll /reference:/usr/share/dotnet/packs/Microsoft.NETCore.App.Ref/9.0.4/ref/net9.0/System.Reflection.Metadata.dll /reference:/usr/share/dotnet/packs/Microsoft.NETCore.App.Ref/9.0.4/ref/net9.0/System.Reflection.Primitives.dll /reference:/usr/share/dotnet/packs/Microsoft.NETCore.App.Ref/9.0.4/ref/net9.0/System.Reflection.TypeExtensions.dll /reference:/usr/share/dotnet/packs/Microsoft.NETCore.App.Ref/9.0.4/ref/net9.0/System.Resources.Reader.dll /reference:/usr/share/dotnet/packs/Microsoft.NETCore.App.Ref/9.0.4/ref/net9.0/System.Resources.ResourceManager.dll /reference:/usr/share/dotnet/packs/Microsoft.NETCore.App.Ref/9.0.4/ref/net9.0/System.Resources.Writer.dll /reference:/usr/share/dotnet/packs/Microsoft.NETCore.App.Ref/9.0.4/ref/net9.0/System.Runtime.CompilerServices.Unsafe.dll /reference:/usr/share/dotnet/packs/Microsoft.NETCore.App.Ref/9.0.4/ref/net9.0/System.Runtime.CompilerServices.VisualC.dll /reference:/usr/share/dotnet/packs/Microsoft.NETCore.App.Ref/9.0.4/ref/net9.0/System.Runtime.dll /reference:/usr/share/dotnet/packs/Microsoft.NETCore.App.Ref/9.0.4/ref/net9.0/System.Runtime.Extensions.dll /reference:/usr/share/dotnet/packs/Microsoft.NETCore.App.Ref/9.0.4/ref/net9.0/System.Runtime.Handles.dll /reference:/usr/share/dotnet/packs/Microsoft.NETCore.App.Ref/9.0.4/ref/net9.0/System.Runtime.InteropServices.dll /reference:/usr/share/dotnet/packs/Microsoft.NETCore.App.Ref/9.0.4/ref/net9.0/System.Runtime.InteropServices.JavaScript.dll /reference:/usr/share/dotnet/packs/Microsoft.NETCore.App.Ref/9.0.4/ref/net9.0/System.Runtime.InteropServices.RuntimeInformation.dll /reference:/usr/share/dotnet/packs/Microsoft.NETCore.App.Ref/9.0.4/ref/net9.0/System.Runtime.Intrinsics.dll /reference:/usr/share/dotnet/packs/Microsoft.NETCore.App.Ref/9.0.4/ref/net9.0/System.Runtime.Loader.dll /reference:/usr/share/dotnet/packs/Microsoft.NETCore.App.Ref/9.0.4/ref/net9.0/System.Runtime.Numerics.dll /reference:/usr/share/dotnet/packs/Microsoft.NETCore.App.Ref/9.0.4/ref/net9.0/System.Runtime.Serialization.dll /reference:/usr/share/dotnet/packs/Microsoft.NETCore.App.Ref/9.0.4/ref/net9.0/System.Runtime.Serialization.Formatters.dll /reference:/usr/share/dotnet/packs/Microsoft.NETCore.App.Ref/9.0.4/ref/net9.0/System.Runtime.Serialization.Json.dll /reference:/usr/share/dotnet/packs/Microsoft.NETCore.App.Ref/9.0.4/ref/net9.0/System.Runtime.Serialization.Primitives.dll /reference:/usr/share/dotnet/packs/Microsoft.NETCore.App.Ref/9.0.4/ref/net9.0/System.Runtime.Serialization.Xml.dll /reference:/usr/share/dotnet/packs/Microsoft.NETCore.App.Ref/9.0.4/ref/net9.0/System.Security.AccessControl.dll /reference:/usr/share/dotnet/packs/Microsoft.NETCore.App.Ref/9.0.4/ref/net9.0/System.Security.Claims.dll /reference:/usr/share/dotnet/packs/Microsoft.NETCore.App.Ref/9.0.4/ref/net9.0/System.Security.Cryptography.Algorithms.dll /reference:/usr/share/dotnet/packs/Microsoft.NETCore.App.Ref/9.0.4/ref/net9.0/System.Security.Cryptography.Cng.dll /reference:/usr/share/dotnet/packs/Microsoft.NETCore.App.Ref/9.0.4/ref/net9.0/System.Security.Cryptography.Csp.dll /reference:/usr/share/dotnet/packs/Microsoft.NETCore.App.Ref/9.0.4/ref/net9.0/System.Security.Cryptography.dll /reference:/usr/share/dotnet/packs/Microsoft.NETCore.App.Ref/9.0.4/ref/net9.0/System.Security.Cryptography.Encoding.dll /reference:/usr/share/dotnet/packs/Microsoft.NETCore.App.Ref/9.0.4/ref/net9.0/System.Security.Cryptography.OpenSsl.dll /reference:/usr/share/dotnet/packs/Microsoft.NETCore.App.Ref/9.0.4/ref/net9.0/System.Security.Cryptography.Primitives.dll /reference:/home/quinngil/.nuget/packages/system.security.cryptography.protecteddata/6.0.0/lib/net6.0/System.Security.Cryptography.ProtectedData.dll /reference:/usr/share/dotnet/packs/Microsoft.NETCore.App.Ref/9.0.4/ref/net9.0/System.Security.Cryptography.X509Certificates.dll /reference:/usr/share/dotnet/packs/Microsoft.NETCore.App.Ref/9.0.4/ref/net9.0/System.Security.dll /reference:/home/quinngil/.nuget/packages/system.security.permissions/6.0.0/lib/net6.0/System.Security.Permissions.dll /reference:/usr/share/dotnet/packs/Microsoft.NETCore.App.Ref/9.0.4/ref/net9.0/System.Security.Principal.dll /reference:/usr/share/dotnet/packs/Microsoft.NETCore.App.Ref/9.0.4/ref/net9.0/System.Security.Principal.Windows.dll /reference:/usr/share/dotnet/packs/Microsoft.NETCore.App.Ref/9.0.4/ref/net9.0/System.Security.SecureString.dll /reference:/usr/share/dotnet/packs/Microsoft.NETCore.App.Ref/9.0.4/ref/net9.0/System.ServiceModel.Web.dll /reference:/usr/share/dotnet/packs/Microsoft.NETCore.App.Ref/9.0.4/ref/net9.0/System.ServiceProcess.dll /reference:/usr/share/dotnet/packs/Microsoft.NETCore.App.Ref/9.0.4/ref/net9.0/System.Text.Encoding.CodePages.dll /reference:/usr/share/dotnet/packs/Microsoft.NETCore.App.Ref/9.0.4/ref/net9.0/System.Text.Encoding.dll /reference:/usr/share/dotnet/packs/Microsoft.NETCore.App.Ref/9.0.4/ref/net9.0/System.Text.Encoding.Extensions.dll /reference:/usr/share/dotnet/packs/Microsoft.NETCore.App.Ref/9.0.4/ref/net9.0/System.Text.Encodings.Web.dll /reference:/home/quinngil/.nuget/packages/system.text.json/9.0.8/lib/net9.0/System.Text.Json.dll /reference:/usr/share/dotnet/packs/Microsoft.NETCore.App.Ref/9.0.4/ref/net9.0/System.Text.RegularExpressions.dll /reference:/usr/share/dotnet/packs/Microsoft.NETCore.App.Ref/9.0.4/ref/net9.0/System.Threading.Channels.dll /reference:/usr/share/dotnet/packs/Microsoft.NETCore.App.Ref/9.0.4/ref/net9.0/System.Threading.dll /reference:/usr/share/dotnet/packs/Microsoft.NETCore.App.Ref/9.0.4/ref/net9.0/System.Threading.Overlapped.dll /reference:/usr/share/dotnet/packs/Microsoft.NETCore.App.Ref/9.0.4/ref/net9.0/System.Threading.Tasks.Dataflow.dll /reference:/usr/share/dotnet/packs/Microsoft.NETCore.App.Ref/9.0.4/ref/net9.0/System.Threading.Tasks.dll /reference:/usr/share/dotnet/packs/Microsoft.NETCore.App.Ref/9.0.4/ref/net9.0/System.Threading.Tasks.Extensions.dll /reference:/usr/share/dotnet/packs/Microsoft.NETCore.App.Ref/9.0.4/ref/net9.0/System.Threading.Tasks.Parallel.dll /reference:/usr/share/dotnet/packs/Microsoft.NETCore.App.Ref/9.0.4/ref/net9.0/System.Threading.Thread.dll /reference:/usr/share/dotnet/packs/Microsoft.NETCore.App.Ref/9.0.4/ref/net9.0/System.Threading.ThreadPool.dll /reference:/usr/share/dotnet/packs/Microsoft.NETCore.App.Ref/9.0.4/ref/net9.0/System.Threading.Timer.dll /reference:/usr/share/dotnet/packs/Microsoft.NETCore.App.Ref/9.0.4/ref/net9.0/System.Transactions.dll /reference:/usr/share/dotnet/packs/Microsoft.NETCore.App.Ref/9.0.4/ref/net9.0/System.Transactions.Local.dll /reference:/usr/share/dotnet/packs/Microsoft.NETCore.App.Ref/9.0.4/ref/net9.0/System.ValueTuple.dll /reference:/usr/share/dotnet/packs/Microsoft.NETCore.App.Ref/9.0.4/ref/net9.0/System.Web.dll /reference:/usr/share/dotnet/packs/Microsoft.NETCore.App.Ref/9.0.4/ref/net9.0/System.Web.HttpUtility.dll /reference:/usr/share/dotnet/packs/Microsoft.NETCore.App.Ref/9.0.4/ref/net9.0/System.Windows.dll /reference:/home/quinngil/.nuget/packages/system.windows.extensions/6.0.0/lib/net6.0/System.Windows.Extensions.dll /reference:/usr/share/dotnet/packs/Microsoft.NETCore.App.Ref/9.0.4/ref/net9.0/System.Xml.dll /reference:/usr/share/dotnet/packs/Microsoft.NETCore.App.Ref/9.0.4/ref/net9.0/System.Xml.Linq.dll /reference:/usr/share/dotnet/packs/Microsoft.NETCore.App.Ref/9.0.4/ref/net9.0/System.Xml.ReaderWriter.dll /reference:/usr/share/dotnet/packs/Microsoft.NETCore.App.Ref/9.0.4/ref/net9.0/System.Xml.Serialization.dll /reference:/usr/share/dotnet/packs/Microsoft.NETCore.App.Ref/9.0.4/ref/net9.0/System.Xml.XDocument.dll /reference:/usr/share/dotnet/packs/Microsoft.NETCore.App.Ref/9.0.4/ref/net9.0/System.Xml.XmlDocument.dll /reference:/usr/share/dotnet/packs/Microsoft.NETCore.App.Ref/9.0.4/ref/net9.0/System.Xml.XmlSerializer.dll /reference:/usr/share/dotnet/packs/Microsoft.NETCore.App.Ref/9.0.4/ref/net9.0/System.Xml.XPath.dll /reference:/usr/share/dotnet/packs/Microsoft.NETCore.App.Ref/9.0.4/ref/net9.0/System.Xml.XPath.XDocument.dll /reference:/usr/share/dotnet/packs/Microsoft.NETCore.App.Ref/9.0.4/ref/net9.0/WindowsBase.dll /debug- /debug:portable /filealign:512 /optimize+ /out:obj/Release/net9.0/Lib.Aggregator.User.dll /refout:obj/Release/net9.0/refint/Lib.Aggregator.User.dll /reportanalyzer /target:library /warnaserror+ /utf8output /deterministic+ /sourcelink:obj/Release/net9.0/Lib.Aggregator.User.sourcelink.json /langversion:latest /features:strict /embed:"obj/Release/net9.0/.NETCoreApp,Version=v9.0.AssemblyAttributes.cs" /embed:obj/Release/net9.0/Lib.Aggregator.User.AssemblyInfo.cs /analyzerconfig:/mnt/d/src/MtgDiscoveryVibeWorkspace/IMPLS/src/.editorconfig /analyzerconfig:obj/Release/net9.0/Lib.Aggregator.User.GeneratedMSBuildEditorConfig.editorconfig /analyzerconfig:/usr/share/dotnet/sdk/9.0.203/Sdks/Microsoft.NET.Sdk/analyzers/build/config/analysislevel_9_all_warnaserror.globalconfig /analyzer:/usr/share/dotnet/sdk/9.0.203/Sdks/Microsoft.NET.Sdk/targets/../analyzers/Microsoft.CodeAnalysis.CSharp.NetAnalyzers.dll /analyzer:/usr/share/dotnet/sdk/9.0.203/Sdks/Microsoft.NET.Sdk/targets/../analyzers/Microsoft.CodeAnalysis.NetAnalyzers.dll /analyzer:/usr/share/dotnet/sdk/9.0.203/Sdks/Microsoft.NET.Sdk/targets/../codestyle/cs/Microsoft.CodeAnalysis.CodeStyle.dll /analyzer:/usr/share/dotnet/sdk/9.0.203/Sdks/Microsoft.NET.Sdk/targets/../codestyle/cs/Microsoft.CodeAnalysis.CodeStyle.Fixes.dll /analyzer:/usr/share/dotnet/sdk/9.0.203/Sdks/Microsoft.NET.Sdk/targets/../codestyle/cs/Microsoft.CodeAnalysis.CSharp.CodeStyle.dll /analyzer:/usr/share/dotnet/sdk/9.0.203/Sdks/Microsoft.NET.Sdk/targets/../codestyle/cs/Microsoft.CodeAnalysis.CSharp.CodeStyle.Fixes.dll /analyzer:/home/quinngil/.nuget/packages/microsoft.codeanalysis.bannedapianalyzers/4.14.0/analyzers/dotnet/cs/Microsoft.CodeAnalysis.BannedApiAnalyzers.dll /analyzer:/home/quinngil/.nuget/packages/microsoft.codeanalysis.bannedapianalyzers/4.14.0/analyzers/dotnet/cs/Microsoft.CodeAnalysis.CSharp.BannedApiAnalyzers.dll /analyzer:/home/quinngil/.nuget/packages/microsoft.extensions.logging.abstractions/9.0.0/analyzers/dotnet/roslyn4.4/cs/Microsoft.Extensions.Logging.Generators.dll /analyzer:/home/quinngil/.nuget/packages/microsoft.extensions.options/9.0.0/analyzers/dotnet/roslyn4.4/cs/Microsoft.Extensions.Options.SourceGeneration.dll /analyzer:/home/quinngil/.nuget/packages/system.clientmodel/1.5.1/analyzers/dotnet/cs/System.ClientModel.SourceGeneration.dll /analyzer:/home/quinngil/.nuget/packages/system.text.json/9.0.8/analyzers/dotnet/roslyn4.4/cs/System.Text.Json.SourceGeneration.dll /analyzer:/usr/share/dotnet/packs/Microsoft.NETCore.App.Ref/9.0.4/analyzers/dotnet/cs/Microsoft.Interop.ComInterfaceGenerator.dll /analyzer:/usr/share/dotnet/packs/Microsoft.NETCore.App.Ref/9.0.4/analyzers/dotnet/cs/Microsoft.Interop.JavaScript.JSImportGenerator.dll /analyzer:/usr/share/dotnet/packs/Microsoft.NETCore.App.Ref/9.0.4/analyzers/dotnet/cs/Microsoft.Interop.LibraryImportGenerator.dll /analyzer:/usr/share/dotnet/packs/Microsoft.NETCore.App.Ref/9.0.4/analyzers/dotnet/cs/Microsoft.Interop.SourceGeneration.dll /analyzer:/usr/share/dotnet/packs/Microsoft.NETCore.App.Ref/9.0.4/analyzers/dotnet/cs/System.Text.RegularExpressions.Generator.dll /additionalfile:/mnt/d/src/MtgDiscoveryVibeWorkspace/IMPLS/src/BannedSymbols.txt /additionalfile:/mnt/d/src/MtgDiscoveryVibeWorkspace/IMPLS/src/.editorconfig Apis/IUserAggregatorService.cs Apis/UserAggregatorService.cs "obj/Release/net9.0/.NETCoreApp,Version=v9.0.AssemblyAttributes.cs" obj/Release/net9.0/Lib.Aggregator.User.AssemblyInfo.cs /warnaserror+:NU1605,SYSLIB0011
    19>_GenerateSourceLinkFile:
         Updating Source Link file 'obj/Release/net9.0/Lib.Aggregator.Cards.sourcelink.json'.
    39>CoreCompile:
         CompilerServer: server - server processed compilation - Lib.Domain.UserCards (net9.0)
       _CopyFilesMarkedCopyLocal:
         Copying file from "/mnt/d/src/MtgDiscoveryVibeWorkspace/IMPLS/src/Lib.Shared.Abstractions/bin/Release/net9.0/Lib.Shared.Abstractions.dll" to "/mnt/d/src/MtgDiscoveryVibeWorkspace/IMPLS/src/Lib.Domain.UserCards/bin/Release/net9.0/Lib.Shared.Abstractions.dll".
         Copying file from "/mnt/d/src/MtgDiscoveryVibeWorkspace/IMPLS/src/Lib.Aggregator.UserCards/bin/Debug/net9.0/Lib.Aggregator.UserCards.dll" to "/mnt/d/src/MtgDiscoveryVibeWorkspace/IMPLS/src/Lib.Domain.UserCards/bin/Release/net9.0/Lib.Aggregator.UserCards.dll".
         Copying file from "/mnt/d/src/MtgDiscoveryVibeWorkspace/IMPLS/src/Lib.Adapter.UserCards/bin/Release/net9.0/Lib.Adapter.UserCards.dll" to "/mnt/d/src/MtgDiscoveryVibeWorkspace/IMPLS/src/Lib.Domain.UserCards/bin/Release/net9.0/Lib.Adapter.UserCards.dll".
         Copying file from "/mnt/d/src/MtgDiscoveryVibeWorkspace/IMPLS/src/Lib.Scryfall.Shared/bin/Release/net9.0/Lib.Scryfall.Shared.dll" to "/mnt/d/src/MtgDiscoveryVibeWorkspace/IMPLS/src/Lib.Domain.UserCards/bin/Release/net9.0/Lib.Scryfall.Shared.dll".
         Copying file from "/mnt/d/src/MtgDiscoveryVibeWorkspace/IMPLS/src/Lib.Adapter.Scryfall.Cosmos/bin/Release/net9.0/Lib.Adapter.Scryfall.Cosmos.dll" to "/mnt/d/src/MtgDiscoveryVibeWorkspace/IMPLS/src/Lib.Domain.UserCards/bin/Release/net9.0/Lib.Adapter.Scryfall.Cosmos.dll".
         Copying file from "/mnt/d/src/MtgDiscoveryVibeWorkspace/IMPLS/src/Lib.Cosmos/bin/Release/net9.0/Lib.Cosmos.dll" to "/mnt/d/src/MtgDiscoveryVibeWorkspace/IMPLS/src/Lib.Domain.UserCards/bin/Release/net9.0/Lib.Cosmos.dll".
         Copying file from "/mnt/d/src/MtgDiscoveryVibeWorkspace/IMPLS/src/Lib.Shared.DataModels/bin/Release/net9.0/Lib.Shared.DataModels.dll" to "/mnt/d/src/MtgDiscoveryVibeWorkspace/IMPLS/src/Lib.Domain.UserCards/bin/Release/net9.0/Lib.Shared.DataModels.dll".
         Copying file from "/mnt/d/src/MtgDiscoveryVibeWorkspace/IMPLS/src/Lib.Shared.DataModels/bin/Release/net9.0/Lib.Shared.DataModels.pdb" to "/mnt/d/src/MtgDiscoveryVibeWorkspace/IMPLS/src/Lib.Domain.UserCards/bin/Release/net9.0/Lib.Shared.DataModels.pdb".
         Copying file from "/mnt/d/src/MtgDiscoveryVibeWorkspace/IMPLS/src/Lib.Shared.Invocation/bin/Release/net9.0/Lib.Shared.Invocation.dll" to "/mnt/d/src/MtgDiscoveryVibeWorkspace/IMPLS/src/Lib.Domain.UserCards/bin/Release/net9.0/Lib.Shared.Invocation.dll".
         Copying file from "/mnt/d/src/MtgDiscoveryVibeWorkspace/IMPLS/src/Lib.Universal/bin/Release/net9.0/Lib.Universal.dll" to "/mnt/d/src/MtgDiscoveryVibeWorkspace/IMPLS/src/Lib.Domain.UserCards/bin/Release/net9.0/Lib.Universal.dll".
         Copying file from "/mnt/d/src/MtgDiscoveryVibeWorkspace/IMPLS/src/Lib.Shared.Invocation/bin/Release/net9.0/Lib.Shared.Invocation.pdb" to "/mnt/d/src/MtgDiscoveryVibeWorkspace/IMPLS/src/Lib.Domain.UserCards/bin/Release/net9.0/Lib.Shared.Invocation.pdb".
    19>CoreCompile:
         /usr/share/dotnet/dotnet exec "/usr/share/dotnet/sdk/9.0.203/Roslyn/bincore/csc.dll" /noconfig /unsafe- /checked- /nowarn:IDE0290,IDE2001,IDE0005,IDE0046,CA1716,CA1040,CA1056,1701,1702 /fullpaths /nostdlib+ /errorreport:prompt /warn:9 /define:TRACE;RELEASE;NET;NET9_0;NETCOREAPP;NET5_0_OR_GREATER;NET6_0_OR_GREATER;NET7_0_OR_GREATER;NET8_0_OR_GREATER;NET9_0_OR_GREATER;NETCOREAPP1_0_OR_GREATER;NETCOREAPP1_1_OR_GREATER;NETCOREAPP2_0_OR_GREATER;NETCOREAPP2_1_OR_GREATER;NETCOREAPP2_2_OR_GREATER;NETCOREAPP3_0_OR_GREATER;NETCOREAPP3_1_OR_GREATER /highentropyva+ /nullable:warnings /reference:/home/quinngil/.nuget/packages/azure.core/1.47.1/lib/net8.0/Azure.Core.dll /reference:/home/quinngil/.nuget/packages/azure.resourcemanager.authorization/1.1.5/lib/net8.0/Azure.ResourceManager.Authorization.dll /reference:/home/quinngil/.nuget/packages/azure.resourcemanager.cosmosdb/1.3.2/lib/netstandard2.0/Azure.ResourceManager.CosmosDB.dll /reference:/home/quinngil/.nuget/packages/azure.resourcemanager/1.13.2/lib/net8.0/Azure.ResourceManager.dll /reference:/mnt/d/src/MtgDiscoveryVibeWorkspace/IMPLS/src/Lib.Adapter.Cards/obj/Release/net9.0/ref/Lib.Adapter.Cards.dll /reference:/mnt/d/src/MtgDiscoveryVibeWorkspace/IMPLS/src/Lib.Adapter.Scryfall.Cosmos/obj/Release/net9.0/ref/Lib.Adapter.Scryfall.Cosmos.dll /reference:/mnt/d/src/MtgDiscoveryVibeWorkspace/IMPLS/src/Lib.Aggregator.Scryfall.Shared/obj/Release/net9.0/ref/Lib.Aggregator.Scryfall.Shared.dll /reference:/mnt/d/src/MtgDiscoveryVibeWorkspace/IMPLS/src/Lib.Cosmos/obj/Release/net9.0/ref/Lib.Cosmos.dll /reference:/mnt/d/src/MtgDiscoveryVibeWorkspace/IMPLS/src/Lib.Scryfall.Shared/obj/Release/net9.0/ref/Lib.Scryfall.Shared.dll /reference:/mnt/d/src/MtgDiscoveryVibeWorkspace/IMPLS/src/Lib.Shared.Abstractions/obj/Release/net9.0/ref/Lib.Shared.Abstractions.dll /reference:/mnt/d/src/MtgDiscoveryVibeWorkspace/IMPLS/src/Lib.Shared.DataModels/obj/Release/net9.0/ref/Lib.Shared.DataModels.dll /reference:/mnt/d/src/MtgDiscoveryVibeWorkspace/IMPLS/src/Lib.Shared.Invocation/obj/Release/net9.0/ref/Lib.Shared.Invocation.dll /reference:/mnt/d/src/MtgDiscoveryVibeWorkspace/IMPLS/src/Lib.Universal/obj/Release/net9.0/ref/Lib.Universal.dll /reference:/home/quinngil/.nuget/packages/microsoft.azure.cosmos/3.52.1/lib/netstandard2.0/Microsoft.Azure.Cosmos.Client.dll /reference:/home/quinngil/.nuget/packages/microsoft.azure.cosmos/3.52.1/lib/netstandard2.0/Microsoft.Azure.Cosmos.Core.dll /reference:/home/quinngil/.nuget/packages/microsoft.azure.cosmos/3.52.1/lib/netstandard2.0/Microsoft.Azure.Cosmos.Direct.dll /reference:/home/quinngil/.nuget/packages/microsoft.azure.cosmos/3.52.1/lib/netstandard2.0/Microsoft.Azure.Cosmos.Serialization.HybridRow.dll /reference:/home/quinngil/.nuget/packages/microsoft.bcl.asyncinterfaces/8.0.0/lib/netstandard2.1/Microsoft.Bcl.AsyncInterfaces.dll /reference:/home/quinngil/.nuget/packages/microsoft.bcl.hashcode/1.1.0/ref/netcoreapp2.1/Microsoft.Bcl.HashCode.dll /reference:/usr/share/dotnet/packs/Microsoft.NETCore.App.Ref/9.0.4/ref/net9.0/Microsoft.CSharp.dll /reference:/home/quinngil/.nuget/packages/microsoft.extensions.caching.abstractions/9.0.0/lib/net9.0/Microsoft.Extensions.Caching.Abstractions.dll /reference:/home/quinngil/.nuget/packages/microsoft.extensions.caching.memory/9.0.0/lib/net9.0/Microsoft.Extensions.Caching.Memory.dll /reference:/home/quinngil/.nuget/packages/microsoft.extensions.configuration.abstractions/9.0.5/lib/net9.0/Microsoft.Extensions.Configuration.Abstractions.dll /reference:/home/quinngil/.nuget/packages/microsoft.extensions.dependencyinjection.abstractions/9.0.0/lib/net9.0/Microsoft.Extensions.DependencyInjection.Abstractions.dll /reference:/home/quinngil/.nuget/packages/microsoft.extensions.logging.abstractions/9.0.0/lib/net9.0/Microsoft.Extensions.Logging.Abstractions.dll /reference:/home/quinngil/.nuget/packages/microsoft.extensions.options/9.0.0/lib/net9.0/Microsoft.Extensions.Options.dll /reference:/home/quinngil/.nuget/packages/microsoft.extensions.primitives/9.0.5/lib/net9.0/Microsoft.Extensions.Primitives.dll /reference:/home/quinngil/.nuget/packages/microsoft.identitymodel.abstractions/8.0.1/lib/net9.0/Microsoft.IdentityModel.Abstractions.dll /reference:/home/quinngil/.nuget/packages/microsoft.identitymodel.jsonwebtokens/8.0.1/lib/net9.0/Microsoft.IdentityModel.JsonWebTokens.dll /reference:/home/quinngil/.nuget/packages/microsoft.identitymodel.logging/8.0.1/lib/net9.0/Microsoft.IdentityModel.Logging.dll /reference:/home/quinngil/.nuget/packages/microsoft.identitymodel.tokens/8.0.1/lib/net9.0/Microsoft.IdentityModel.Tokens.dll /reference:/usr/share/dotnet/packs/Microsoft.NETCore.App.Ref/9.0.4/ref/net9.0/Microsoft.VisualBasic.Core.dll /reference:/usr/share/dotnet/packs/Microsoft.NETCore.App.Ref/9.0.4/ref/net9.0/Microsoft.VisualBasic.dll /reference:/usr/share/dotnet/packs/Microsoft.NETCore.App.Ref/9.0.4/ref/net9.0/Microsoft.Win32.Primitives.dll /reference:/usr/share/dotnet/packs/Microsoft.NETCore.App.Ref/9.0.4/ref/net9.0/Microsoft.Win32.Registry.dll /reference:/home/quinngil/.nuget/packages/microsoft.win32.systemevents/6.0.0/lib/net6.0/Microsoft.Win32.SystemEvents.dll /reference:/usr/share/dotnet/packs/Microsoft.NETCore.App.Ref/9.0.4/ref/net9.0/mscorlib.dll /reference:/usr/share/dotnet/packs/Microsoft.NETCore.App.Ref/9.0.4/ref/net9.0/netstandard.dll /reference:/home/quinngil/.nuget/packages/newtonsoft.json/13.0.3/lib/net6.0/Newtonsoft.Json.dll /reference:/usr/share/dotnet/packs/Microsoft.NETCore.App.Ref/9.0.4/ref/net9.0/System.AppContext.dll /reference:/usr/share/dotnet/packs/Microsoft.NETCore.App.Ref/9.0.4/ref/net9.0/System.Buffers.dll /reference:/home/quinngil/.nuget/packages/system.clientmodel/1.5.1/lib/net8.0/System.ClientModel.dll /reference:/usr/share/dotnet/packs/Microsoft.NETCore.App.Ref/9.0.4/ref/net9.0/System.Collections.Concurrent.dll /reference:/usr/share/dotnet/packs/Microsoft.NETCore.App.Ref/9.0.4/ref/net9.0/System.Collections.dll /reference:/usr/share/dotnet/packs/Microsoft.NETCore.App.Ref/9.0.4/ref/net9.0/System.Collections.Immutable.dll /reference:/usr/share/dotnet/packs/Microsoft.NETCore.App.Ref/9.0.4/ref/net9.0/System.Collections.NonGeneric.dll /reference:/usr/share/dotnet/packs/Microsoft.NETCore.App.Ref/9.0.4/ref/net9.0/System.Collections.Specialized.dll /reference:/usr/share/dotnet/packs/Microsoft.NETCore.App.Ref/9.0.4/ref/net9.0/System.ComponentModel.Annotations.dll /reference:/usr/share/dotnet/packs/Microsoft.NETCore.App.Ref/9.0.4/ref/net9.0/System.ComponentModel.DataAnnotations.dll /reference:/usr/share/dotnet/packs/Microsoft.NETCore.App.Ref/9.0.4/ref/net9.0/System.ComponentModel.dll /reference:/usr/share/dotnet/packs/Microsoft.NETCore.App.Ref/9.0.4/ref/net9.0/System.ComponentModel.EventBasedAsync.dll /reference:/usr/share/dotnet/packs/Microsoft.NETCore.App.Ref/9.0.4/ref/net9.0/System.ComponentModel.Primitives.dll /reference:/usr/share/dotnet/packs/Microsoft.NETCore.App.Ref/9.0.4/ref/net9.0/System.ComponentModel.TypeConverter.dll /reference:/home/quinngil/.nuget/packages/system.configuration.configurationmanager/6.0.0/lib/net6.0/System.Configuration.ConfigurationManager.dll /reference:/usr/share/dotnet/packs/Microsoft.NETCore.App.Ref/9.0.4/ref/net9.0/System.Configuration.dll /reference:/usr/share/dotnet/packs/Microsoft.NETCore.App.Ref/9.0.4/ref/net9.0/System.Console.dll /reference:/usr/share/dotnet/packs/Microsoft.NETCore.App.Ref/9.0.4/ref/net9.0/System.Core.dll /reference:/usr/share/dotnet/packs/Microsoft.NETCore.App.Ref/9.0.4/ref/net9.0/System.Data.Common.dll /reference:/usr/share/dotnet/packs/Microsoft.NETCore.App.Ref/9.0.4/ref/net9.0/System.Data.DataSetExtensions.dll /reference:/usr/share/dotnet/packs/Microsoft.NETCore.App.Ref/9.0.4/ref/net9.0/System.Data.dll /reference:/usr/share/dotnet/packs/Microsoft.NETCore.App.Ref/9.0.4/ref/net9.0/System.Diagnostics.Contracts.dll /reference:/usr/share/dotnet/packs/Microsoft.NETCore.App.Ref/9.0.4/ref/net9.0/System.Diagnostics.Debug.dll /reference:/usr/share/dotnet/packs/Microsoft.NETCore.App.Ref/9.0.4/ref/net9.0/System.Diagnostics.DiagnosticSource.dll /reference:/usr/share/dotnet/packs/Microsoft.NETCore.App.Ref/9.0.4/ref/net9.0/System.Diagnostics.FileVersionInfo.dll /reference:/usr/share/dotnet/packs/Microsoft.NETCore.App.Ref/9.0.4/ref/net9.0/System.Diagnostics.Process.dll /reference:/usr/share/dotnet/packs/Microsoft.NETCore.App.Ref/9.0.4/ref/net9.0/System.Diagnostics.StackTrace.dll /reference:/usr/share/dotnet/packs/Microsoft.NETCore.App.Ref/9.0.4/ref/net9.0/System.Diagnostics.TextWriterTraceListener.dll /reference:/usr/share/dotnet/packs/Microsoft.NETCore.App.Ref/9.0.4/ref/net9.0/System.Diagnostics.Tools.dll /reference:/usr/share/dotnet/packs/Microsoft.NETCore.App.Ref/9.0.4/ref/net9.0/System.Diagnostics.TraceSource.dll /reference:/usr/share/dotnet/packs/Microsoft.NETCore.App.Ref/9.0.4/ref/net9.0/System.Diagnostics.Tracing.dll /reference:/usr/share/dotnet/packs/Microsoft.NETCore.App.Ref/9.0.4/ref/net9.0/System.dll /reference:/home/quinngil/.nuget/packages/system.drawing.common/6.0.0/lib/net6.0/System.Drawing.Common.dll /reference:/usr/share/dotnet/packs/Microsoft.NETCore.App.Ref/9.0.4/ref/net9.0/System.Drawing.dll /reference:/usr/share/dotnet/packs/Microsoft.NETCore.App.Ref/9.0.4/ref/net9.0/System.Drawing.Primitives.dll /reference:/usr/share/dotnet/packs/Microsoft.NETCore.App.Ref/9.0.4/ref/net9.0/System.Dynamic.Runtime.dll /reference:/usr/share/dotnet/packs/Microsoft.NETCore.App.Ref/9.0.4/ref/net9.0/System.Formats.Asn1.dll /reference:/usr/share/dotnet/packs/Microsoft.NETCore.App.Ref/9.0.4/ref/net9.0/System.Formats.Tar.dll /reference:/usr/share/dotnet/packs/Microsoft.NETCore.App.Ref/9.0.4/ref/net9.0/System.Globalization.Calendars.dll /reference:/usr/share/dotnet/packs/Microsoft.NETCore.App.Ref/9.0.4/ref/net9.0/System.Globalization.dll /reference:/usr/share/dotnet/packs/Microsoft.NETCore.App.Ref/9.0.4/ref/net9.0/System.Globalization.Extensions.dll /reference:/home/quinngil/.nuget/packages/system.identitymodel.tokens.jwt/8.0.1/lib/net9.0/System.IdentityModel.Tokens.Jwt.dll /reference:/usr/share/dotnet/packs/Microsoft.NETCore.App.Ref/9.0.4/ref/net9.0/System.IO.Compression.Brotli.dll /reference:/usr/share/dotnet/packs/Microsoft.NETCore.App.Ref/9.0.4/ref/net9.0/System.IO.Compression.dll /reference:/usr/share/dotnet/packs/Microsoft.NETCore.App.Ref/9.0.4/ref/net9.0/System.IO.Compression.FileSystem.dll /reference:/usr/share/dotnet/packs/Microsoft.NETCore.App.Ref/9.0.4/ref/net9.0/System.IO.Compression.ZipFile.dll /reference:/usr/share/dotnet/packs/Microsoft.NETCore.App.Ref/9.0.4/ref/net9.0/System.IO.dll /reference:/usr/share/dotnet/packs/Microsoft.NETCore.App.Ref/9.0.4/ref/net9.0/System.IO.FileSystem.AccessControl.dll /reference:/usr/share/dotnet/packs/Microsoft.NETCore.App.Ref/9.0.4/ref/net9.0/System.IO.FileSystem.dll /reference:/usr/share/dotnet/packs/Microsoft.NETCore.App.Ref/9.0.4/ref/net9.0/System.IO.FileSystem.DriveInfo.dll /reference:/usr/share/dotnet/packs/Microsoft.NETCore.App.Ref/9.0.4/ref/net9.0/System.IO.FileSystem.Primitives.dll /reference:/usr/share/dotnet/packs/Microsoft.NETCore.App.Ref/9.0.4/ref/net9.0/System.IO.FileSystem.Watcher.dll /reference:/usr/share/dotnet/packs/Microsoft.NETCore.App.Ref/9.0.4/ref/net9.0/System.IO.IsolatedStorage.dll /reference:/usr/share/dotnet/packs/Microsoft.NETCore.App.Ref/9.0.4/ref/net9.0/System.IO.MemoryMappedFiles.dll /reference:/usr/share/dotnet/packs/Microsoft.NETCore.App.Ref/9.0.4/ref/net9.0/System.IO.Pipelines.dll /reference:/usr/share/dotnet/packs/Microsoft.NETCore.App.Ref/9.0.4/ref/net9.0/System.IO.Pipes.AccessControl.dll /reference:/usr/share/dotnet/packs/Microsoft.NETCore.App.Ref/9.0.4/ref/net9.0/System.IO.Pipes.dll /reference:/usr/share/dotnet/packs/Microsoft.NETCore.App.Ref/9.0.4/ref/net9.0/System.IO.UnmanagedMemoryStream.dll /reference:/usr/share/dotnet/packs/Microsoft.NETCore.App.Ref/9.0.4/ref/net9.0/System.Linq.dll /reference:/usr/share/dotnet/packs/Microsoft.NETCore.App.Ref/9.0.4/ref/net9.0/System.Linq.Expressions.dll /reference:/usr/share/dotnet/packs/Microsoft.NETCore.App.Ref/9.0.4/ref/net9.0/System.Linq.Parallel.dll /reference:/usr/share/dotnet/packs/Microsoft.NETCore.App.Ref/9.0.4/ref/net9.0/System.Linq.Queryable.dll /reference:/home/quinngil/.nuget/packages/system.memory.data/8.0.1/lib/net8.0/System.Memory.Data.dll /reference:/usr/share/dotnet/packs/Microsoft.NETCore.App.Ref/9.0.4/ref/net9.0/System.Memory.dll /reference:/usr/share/dotnet/packs/Microsoft.NETCore.App.Ref/9.0.4/ref/net9.0/System.Net.dll /reference:/usr/share/dotnet/packs/Microsoft.NETCore.App.Ref/9.0.4/ref/net9.0/System.Net.Http.dll /reference:/usr/share/dotnet/packs/Microsoft.NETCore.App.Ref/9.0.4/ref/net9.0/System.Net.Http.Json.dll /reference:/usr/share/dotnet/packs/Microsoft.NETCore.App.Ref/9.0.4/ref/net9.0/System.Net.HttpListener.dll /reference:/usr/share/dotnet/packs/Microsoft.NETCore.App.Ref/9.0.4/ref/net9.0/System.Net.Mail.dll /reference:/usr/share/dotnet/packs/Microsoft.NETCore.App.Ref/9.0.4/ref/net9.0/System.Net.NameResolution.dll /reference:/usr/share/dotnet/packs/Microsoft.NETCore.App.Ref/9.0.4/ref/net9.0/System.Net.NetworkInformation.dll /reference:/usr/share/dotnet/packs/Microsoft.NETCore.App.Ref/9.0.4/ref/net9.0/System.Net.Ping.dll /reference:/usr/share/dotnet/packs/Microsoft.NETCore.App.Ref/9.0.4/ref/net9.0/System.Net.Primitives.dll /reference:/usr/share/dotnet/packs/Microsoft.NETCore.App.Ref/9.0.4/ref/net9.0/System.Net.Quic.dll /reference:/usr/share/dotnet/packs/Microsoft.NETCore.App.Ref/9.0.4/ref/net9.0/System.Net.Requests.dll /reference:/usr/share/dotnet/packs/Microsoft.NETCore.App.Ref/9.0.4/ref/net9.0/System.Net.Security.dll /reference:/usr/share/dotnet/packs/Microsoft.NETCore.App.Ref/9.0.4/ref/net9.0/System.Net.ServicePoint.dll /reference:/usr/share/dotnet/packs/Microsoft.NETCore.App.Ref/9.0.4/ref/net9.0/System.Net.Sockets.dll /reference:/usr/share/dotnet/packs/Microsoft.NETCore.App.Ref/9.0.4/ref/net9.0/System.Net.WebClient.dll /reference:/usr/share/dotnet/packs/Microsoft.NETCore.App.Ref/9.0.4/ref/net9.0/System.Net.WebHeaderCollection.dll /reference:/usr/share/dotnet/packs/Microsoft.NETCore.App.Ref/9.0.4/ref/net9.0/System.Net.WebProxy.dll /reference:/usr/share/dotnet/packs/Microsoft.NETCore.App.Ref/9.0.4/ref/net9.0/System.Net.WebSockets.Client.dll /reference:/usr/share/dotnet/packs/Microsoft.NETCore.App.Ref/9.0.4/ref/net9.0/System.Net.WebSockets.dll /reference:/usr/share/dotnet/packs/Microsoft.NETCore.App.Ref/9.0.4/ref/net9.0/System.Numerics.dll /reference:/usr/share/dotnet/packs/Microsoft.NETCore.App.Ref/9.0.4/ref/net9.0/System.Numerics.Vectors.dll /reference:/usr/share/dotnet/packs/Microsoft.NETCore.App.Ref/9.0.4/ref/net9.0/System.ObjectModel.dll /reference:/usr/share/dotnet/packs/Microsoft.NETCore.App.Ref/9.0.4/ref/net9.0/System.Reflection.DispatchProxy.dll /reference:/usr/share/dotnet/packs/Microsoft.NETCore.App.Ref/9.0.4/ref/net9.0/System.Reflection.dll /reference:/usr/share/dotnet/packs/Microsoft.NETCore.App.Ref/9.0.4/ref/net9.0/System.Reflection.Emit.dll /reference:/usr/share/dotnet/packs/Microsoft.NETCore.App.Ref/9.0.4/ref/net9.0/System.Reflection.Emit.ILGeneration.dll /reference:/usr/share/dotnet/packs/Microsoft.NETCore.App.Ref/9.0.4/ref/net9.0/System.Reflection.Emit.Lightweight.dll /reference:/usr/share/dotnet/packs/Microsoft.NETCore.App.Ref/9.0.4/ref/net9.0/System.Reflection.Extensions.dll /reference:/usr/share/dotnet/packs/Microsoft.NETCore.App.Ref/9.0.4/ref/net9.0/System.Reflection.Metadata.dll /reference:/usr/share/dotnet/packs/Microsoft.NETCore.App.Ref/9.0.4/ref/net9.0/System.Reflection.Primitives.dll /reference:/usr/share/dotnet/packs/Microsoft.NETCore.App.Ref/9.0.4/ref/net9.0/System.Reflection.TypeExtensions.dll /reference:/usr/share/dotnet/packs/Microsoft.NETCore.App.Ref/9.0.4/ref/net9.0/System.Resources.Reader.dll /reference:/usr/share/dotnet/packs/Microsoft.NETCore.App.Ref/9.0.4/ref/net9.0/System.Resources.ResourceManager.dll /reference:/usr/share/dotnet/packs/Microsoft.NETCore.App.Ref/9.0.4/ref/net9.0/System.Resources.Writer.dll /reference:/usr/share/dotnet/packs/Microsoft.NETCore.App.Ref/9.0.4/ref/net9.0/System.Runtime.CompilerServices.Unsafe.dll /reference:/usr/share/dotnet/packs/Microsoft.NETCore.App.Ref/9.0.4/ref/net9.0/System.Runtime.CompilerServices.VisualC.dll /reference:/usr/share/dotnet/packs/Microsoft.NETCore.App.Ref/9.0.4/ref/net9.0/System.Runtime.dll /reference:/usr/share/dotnet/packs/Microsoft.NETCore.App.Ref/9.0.4/ref/net9.0/System.Runtime.Extensions.dll /reference:/usr/share/dotnet/packs/Microsoft.NETCore.App.Ref/9.0.4/ref/net9.0/System.Runtime.Handles.dll /reference:/usr/share/dotnet/packs/Microsoft.NETCore.App.Ref/9.0.4/ref/net9.0/System.Runtime.InteropServices.dll /reference:/usr/share/dotnet/packs/Microsoft.NETCore.App.Ref/9.0.4/ref/net9.0/System.Runtime.InteropServices.JavaScript.dll /reference:/usr/share/dotnet/packs/Microsoft.NETCore.App.Ref/9.0.4/ref/net9.0/System.Runtime.InteropServices.RuntimeInformation.dll /reference:/usr/share/dotnet/packs/Microsoft.NETCore.App.Ref/9.0.4/ref/net9.0/System.Runtime.Intrinsics.dll /reference:/usr/share/dotnet/packs/Microsoft.NETCore.App.Ref/9.0.4/ref/net9.0/System.Runtime.Loader.dll /reference:/usr/share/dotnet/packs/Microsoft.NETCore.App.Ref/9.0.4/ref/net9.0/System.Runtime.Numerics.dll /reference:/usr/share/dotnet/packs/Microsoft.NETCore.App.Ref/9.0.4/ref/net9.0/System.Runtime.Serialization.dll /reference:/usr/share/dotnet/packs/Microsoft.NETCore.App.Ref/9.0.4/ref/net9.0/System.Runtime.Serialization.Formatters.dll /reference:/usr/share/dotnet/packs/Microsoft.NETCore.App.Ref/9.0.4/ref/net9.0/System.Runtime.Serialization.Json.dll /reference:/usr/share/dotnet/packs/Microsoft.NETCore.App.Ref/9.0.4/ref/net9.0/System.Runtime.Serialization.Primitives.dll /reference:/usr/share/dotnet/packs/Microsoft.NETCore.App.Ref/9.0.4/ref/net9.0/System.Runtime.Serialization.Xml.dll /reference:/usr/share/dotnet/packs/Microsoft.NETCore.App.Ref/9.0.4/ref/net9.0/System.Security.AccessControl.dll /reference:/usr/share/dotnet/packs/Microsoft.NETCore.App.Ref/9.0.4/ref/net9.0/System.Security.Claims.dll /reference:/usr/share/dotnet/packs/Microsoft.NETCore.App.Ref/9.0.4/ref/net9.0/System.Security.Cryptography.Algorithms.dll /reference:/usr/share/dotnet/packs/Microsoft.NETCore.App.Ref/9.0.4/ref/net9.0/System.Security.Cryptography.Cng.dll /reference:/usr/share/dotnet/packs/Microsoft.NETCore.App.Ref/9.0.4/ref/net9.0/System.Security.Cryptography.Csp.dll /reference:/usr/share/dotnet/packs/Microsoft.NETCore.App.Ref/9.0.4/ref/net9.0/System.Security.Cryptography.dll /reference:/usr/share/dotnet/packs/Microsoft.NETCore.App.Ref/9.0.4/ref/net9.0/System.Security.Cryptography.Encoding.dll /reference:/usr/share/dotnet/packs/Microsoft.NETCore.App.Ref/9.0.4/ref/net9.0/System.Security.Cryptography.OpenSsl.dll /reference:/usr/share/dotnet/packs/Microsoft.NETCore.App.Ref/9.0.4/ref/net9.0/System.Security.Cryptography.Primitives.dll /reference:/home/quinngil/.nuget/packages/system.security.cryptography.protecteddata/6.0.0/lib/net6.0/System.Security.Cryptography.ProtectedData.dll /reference:/usr/share/dotnet/packs/Microsoft.NETCore.App.Ref/9.0.4/ref/net9.0/System.Security.Cryptography.X509Certificates.dll /reference:/usr/share/dotnet/packs/Microsoft.NETCore.App.Ref/9.0.4/ref/net9.0/System.Security.dll /reference:/home/quinngil/.nuget/packages/system.security.permissions/6.0.0/lib/net6.0/System.Security.Permissions.dll /reference:/usr/share/dotnet/packs/Microsoft.NETCore.App.Ref/9.0.4/ref/net9.0/System.Security.Principal.dll /reference:/usr/share/dotnet/packs/Microsoft.NETCore.App.Ref/9.0.4/ref/net9.0/System.Security.Principal.Windows.dll /reference:/usr/share/dotnet/packs/Microsoft.NETCore.App.Ref/9.0.4/ref/net9.0/System.Security.SecureString.dll /reference:/usr/share/dotnet/packs/Microsoft.NETCore.App.Ref/9.0.4/ref/net9.0/System.ServiceModel.Web.dll /reference:/usr/share/dotnet/packs/Microsoft.NETCore.App.Ref/9.0.4/ref/net9.0/System.ServiceProcess.dll /reference:/usr/share/dotnet/packs/Microsoft.NETCore.App.Ref/9.0.4/ref/net9.0/System.Text.Encoding.CodePages.dll /reference:/usr/share/dotnet/packs/Microsoft.NETCore.App.Ref/9.0.4/ref/net9.0/System.Text.Encoding.dll /reference:/usr/share/dotnet/packs/Microsoft.NETCore.App.Ref/9.0.4/ref/net9.0/System.Text.Encoding.Extensions.dll /reference:/usr/share/dotnet/packs/Microsoft.NETCore.App.Ref/9.0.4/ref/net9.0/System.Text.Encodings.Web.dll /reference:/home/quinngil/.nuget/packages/system.text.json/9.0.8/lib/net9.0/System.Text.Json.dll /reference:/usr/share/dotnet/packs/Microsoft.NETCore.App.Ref/9.0.4/ref/net9.0/System.Text.RegularExpressions.dll /reference:/usr/share/dotnet/packs/Microsoft.NETCore.App.Ref/9.0.4/ref/net9.0/System.Threading.Channels.dll /reference:/usr/share/dotnet/packs/Microsoft.NETCore.App.Ref/9.0.4/ref/net9.0/System.Threading.dll /reference:/usr/share/dotnet/packs/Microsoft.NETCore.App.Ref/9.0.4/ref/net9.0/System.Threading.Overlapped.dll /reference:/usr/share/dotnet/packs/Microsoft.NETCore.App.Ref/9.0.4/ref/net9.0/System.Threading.Tasks.Dataflow.dll /reference:/usr/share/dotnet/packs/Microsoft.NETCore.App.Ref/9.0.4/ref/net9.0/System.Threading.Tasks.dll /reference:/usr/share/dotnet/packs/Microsoft.NETCore.App.Ref/9.0.4/ref/net9.0/System.Threading.Tasks.Extensions.dll /reference:/usr/share/dotnet/packs/Microsoft.NETCore.App.Ref/9.0.4/ref/net9.0/System.Threading.Tasks.Parallel.dll /reference:/usr/share/dotnet/packs/Microsoft.NETCore.App.Ref/9.0.4/ref/net9.0/System.Threading.Thread.dll /reference:/usr/share/dotnet/packs/Microsoft.NETCore.App.Ref/9.0.4/ref/net9.0/System.Threading.ThreadPool.dll /reference:/usr/share/dotnet/packs/Microsoft.NETCore.App.Ref/9.0.4/ref/net9.0/System.Threading.Timer.dll /reference:/usr/share/dotnet/packs/Microsoft.NETCore.App.Ref/9.0.4/ref/net9.0/System.Transactions.dll /reference:/usr/share/dotnet/packs/Microsoft.NETCore.App.Ref/9.0.4/ref/net9.0/System.Transactions.Local.dll /reference:/usr/share/dotnet/packs/Microsoft.NETCore.App.Ref/9.0.4/ref/net9.0/System.ValueTuple.dll /reference:/usr/share/dotnet/packs/Microsoft.NETCore.App.Ref/9.0.4/ref/net9.0/System.Web.dll /reference:/usr/share/dotnet/packs/Microsoft.NETCore.App.Ref/9.0.4/ref/net9.0/System.Web.HttpUtility.dll /reference:/usr/share/dotnet/packs/Microsoft.NETCore.App.Ref/9.0.4/ref/net9.0/System.Windows.dll /reference:/home/quinngil/.nuget/packages/system.windows.extensions/6.0.0/lib/net6.0/System.Windows.Extensions.dll /reference:/usr/share/dotnet/packs/Microsoft.NETCore.App.Ref/9.0.4/ref/net9.0/System.Xml.dll /reference:/usr/share/dotnet/packs/Microsoft.NETCore.App.Ref/9.0.4/ref/net9.0/System.Xml.Linq.dll /reference:/usr/share/dotnet/packs/Microsoft.NETCore.App.Ref/9.0.4/ref/net9.0/System.Xml.ReaderWriter.dll /reference:/usr/share/dotnet/packs/Microsoft.NETCore.App.Ref/9.0.4/ref/net9.0/System.Xml.Serialization.dll /reference:/usr/share/dotnet/packs/Microsoft.NETCore.App.Ref/9.0.4/ref/net9.0/System.Xml.XDocument.dll /reference:/usr/share/dotnet/packs/Microsoft.NETCore.App.Ref/9.0.4/ref/net9.0/System.Xml.XmlDocument.dll /reference:/usr/share/dotnet/packs/Microsoft.NETCore.App.Ref/9.0.4/ref/net9.0/System.Xml.XmlSerializer.dll /reference:/usr/share/dotnet/packs/Microsoft.NETCore.App.Ref/9.0.4/ref/net9.0/System.Xml.XPath.dll /reference:/usr/share/dotnet/packs/Microsoft.NETCore.App.Ref/9.0.4/ref/net9.0/System.Xml.XPath.XDocument.dll /reference:/usr/share/dotnet/packs/Microsoft.NETCore.App.Ref/9.0.4/ref/net9.0/WindowsBase.dll /debug- /debug:portable /filealign:512 /optimize+ /out:obj/Release/net9.0/Lib.Aggregator.Cards.dll /refout:obj/Release/net9.0/refint/Lib.Aggregator.Cards.dll /reportanalyzer /target:library /warnaserror+ /utf8output /deterministic+ /sourcelink:obj/Release/net9.0/Lib.Aggregator.Cards.sourcelink.json /langversion:latest /features:strict /embed:"obj/Release/net9.0/.NETCoreApp,Version=v9.0.AssemblyAttributes.cs" /embed:obj/Release/net9.0/Lib.Aggregator.Cards.AssemblyInfo.cs /analyzerconfig:/mnt/d/src/MtgDiscoveryVibeWorkspace/IMPLS/src/.editorconfig /analyzerconfig:obj/Release/net9.0/Lib.Aggregator.Cards.GeneratedMSBuildEditorConfig.editorconfig /analyzerconfig:/usr/share/dotnet/sdk/9.0.203/Sdks/Microsoft.NET.Sdk/analyzers/build/config/analysislevel_9_all_warnaserror.globalconfig /analyzer:/usr/share/dotnet/sdk/9.0.203/Sdks/Microsoft.NET.Sdk/targets/../analyzers/Microsoft.CodeAnalysis.CSharp.NetAnalyzers.dll /analyzer:/usr/share/dotnet/sdk/9.0.203/Sdks/Microsoft.NET.Sdk/targets/../analyzers/Microsoft.CodeAnalysis.NetAnalyzers.dll /analyzer:/usr/share/dotnet/sdk/9.0.203/Sdks/Microsoft.NET.Sdk/targets/../codestyle/cs/Microsoft.CodeAnalysis.CodeStyle.dll /analyzer:/usr/share/dotnet/sdk/9.0.203/Sdks/Microsoft.NET.Sdk/targets/../codestyle/cs/Microsoft.CodeAnalysis.CodeStyle.Fixes.dll /analyzer:/usr/share/dotnet/sdk/9.0.203/Sdks/Microsoft.NET.Sdk/targets/../codestyle/cs/Microsoft.CodeAnalysis.CSharp.CodeStyle.dll /analyzer:/usr/share/dotnet/sdk/9.0.203/Sdks/Microsoft.NET.Sdk/targets/../codestyle/cs/Microsoft.CodeAnalysis.CSharp.CodeStyle.Fixes.dll /analyzer:/home/quinngil/.nuget/packages/microsoft.codeanalysis.bannedapianalyzers/4.14.0/analyzers/dotnet/cs/Microsoft.CodeAnalysis.BannedApiAnalyzers.dll /analyzer:/home/quinngil/.nuget/packages/microsoft.codeanalysis.bannedapianalyzers/4.14.0/analyzers/dotnet/cs/Microsoft.CodeAnalysis.CSharp.BannedApiAnalyzers.dll /analyzer:/home/quinngil/.nuget/packages/microsoft.extensions.logging.abstractions/9.0.0/analyzers/dotnet/roslyn4.4/cs/Microsoft.Extensions.Logging.Generators.dll /analyzer:/home/quinngil/.nuget/packages/microsoft.extensions.options/9.0.0/analyzers/dotnet/roslyn4.4/cs/Microsoft.Extensions.Options.SourceGeneration.dll /analyzer:/home/quinngil/.nuget/packages/system.clientmodel/1.5.1/analyzers/dotnet/cs/System.ClientModel.SourceGeneration.dll /analyzer:/home/quinngil/.nuget/packages/system.text.json/9.0.8/analyzers/dotnet/roslyn4.4/cs/System.Text.Json.SourceGeneration.dll /analyzer:/usr/share/dotnet/packs/Microsoft.NETCore.App.Ref/9.0.4/analyzers/dotnet/cs/Microsoft.Interop.ComInterfaceGenerator.dll /analyzer:/usr/share/dotnet/packs/Microsoft.NETCore.App.Ref/9.0.4/analyzers/dotnet/cs/Microsoft.Interop.JavaScript.JSImportGenerator.dll /analyzer:/usr/share/dotnet/packs/Microsoft.NETCore.App.Ref/9.0.4/analyzers/dotnet/cs/Microsoft.Interop.LibraryImportGenerator.dll /analyzer:/usr/share/dotnet/packs/Microsoft.NETCore.App.Ref/9.0.4/analyzers/dotnet/cs/Microsoft.Interop.SourceGeneration.dll /analyzer:/usr/share/dotnet/packs/Microsoft.NETCore.App.Ref/9.0.4/analyzers/dotnet/cs/System.Text.RegularExpressions.Generator.dll /additionalfile:/mnt/d/src/MtgDiscoveryVibeWorkspace/IMPLS/src/BannedSymbols.txt /additionalfile:/mnt/d/src/MtgDiscoveryVibeWorkspace/IMPLS/src/.editorconfig Apis/CardAggregatorService.cs Apis/ICardAggregatorService.cs Entities/CardNameItrEntity.cs Entities/CardNameSearchResultCollectionItrEntity.cs Entities/CardNameSearchResultItrEntity.cs Exceptions/CardAggregatorOperationException.cs Queries/Mappers/QueryCardsIdsToReadPointItemsMapper.cs Queries/QueryCardAggregatorService.cs "obj/Release/net9.0/.NETCoreApp,Version=v9.0.AssemblyAttributes.cs" obj/Release/net9.0/Lib.Aggregator.Cards.AssemblyInfo.cs /warnaserror+:NU1605,SYSLIB0011
    39>_CopyFilesMarkedCopyLocal:
         Copying file from "/mnt/d/src/MtgDiscoveryVibeWorkspace/IMPLS/src/Lib.Adapter.Scryfall.Cosmos/bin/Release/net9.0/Lib.Adapter.Scryfall.Cosmos.pdb" to "/mnt/d/src/MtgDiscoveryVibeWorkspace/IMPLS/src/Lib.Domain.UserCards/bin/Release/net9.0/Lib.Adapter.Scryfall.Cosmos.pdb".
         Copying file from "/mnt/d/src/MtgDiscoveryVibeWorkspace/IMPLS/src/Lib.Adapter.UserCards/bin/Release/net9.0/Lib.Adapter.UserCards.pdb" to "/mnt/d/src/MtgDiscoveryVibeWorkspace/IMPLS/src/Lib.Domain.UserCards/bin/Release/net9.0/Lib.Adapter.UserCards.pdb".
         Copying file from "/mnt/d/src/MtgDiscoveryVibeWorkspace/IMPLS/src/Lib.Cosmos/bin/Release/net9.0/Lib.Cosmos.pdb" to "/mnt/d/src/MtgDiscoveryVibeWorkspace/IMPLS/src/Lib.Domain.UserCards/bin/Release/net9.0/Lib.Cosmos.pdb".
         Copying file from "/mnt/d/src/MtgDiscoveryVibeWorkspace/IMPLS/src/Lib.Scryfall.Shared/bin/Release/net9.0/Lib.Scryfall.Shared.pdb" to "/mnt/d/src/MtgDiscoveryVibeWorkspace/IMPLS/src/Lib.Domain.UserCards/bin/Release/net9.0/Lib.Scryfall.Shared.pdb".
         Copying file from "/mnt/d/src/MtgDiscoveryVibeWorkspace/IMPLS/src/Lib.Universal/bin/Release/net9.0/Lib.Universal.pdb" to "/mnt/d/src/MtgDiscoveryVibeWorkspace/IMPLS/src/Lib.Domain.UserCards/bin/Release/net9.0/Lib.Universal.pdb".
         Copying file from "/mnt/d/src/MtgDiscoveryVibeWorkspace/IMPLS/src/Lib.Shared.Abstractions/bin/Release/net9.0/Lib.Shared.Abstractions.pdb" to "/mnt/d/src/MtgDiscoveryVibeWorkspace/IMPLS/src/Lib.Domain.UserCards/bin/Release/net9.0/Lib.Shared.Abstractions.pdb".
         Copying file from "/mnt/d/src/MtgDiscoveryVibeWorkspace/IMPLS/src/Lib.Aggregator.UserCards/bin/Debug/net9.0/Lib.Aggregator.UserCards.pdb" to "/mnt/d/src/MtgDiscoveryVibeWorkspace/IMPLS/src/Lib.Domain.UserCards/bin/Release/net9.0/Lib.Aggregator.UserCards.pdb".
    32>CoreCompile:
         CompilerServer: server - server processed compilation - Lib.Aggregator.User (net9.0)
       _CopyFilesMarkedCopyLocal:
         Copying file from "/mnt/d/src/MtgDiscoveryVibeWorkspace/IMPLS/src/Lib.Adapter.User/bin/Release/net9.0/Lib.Adapter.User.dll" to "/mnt/d/src/MtgDiscoveryVibeWorkspace/IMPLS/src/Lib.Aggregator.User/bin/Release/net9.0/Lib.Adapter.User.dll".
    39>_CopyFilesMarkedCopyLocal:
         Creating "/mnt/d/src/MtgDiscoveryVibeWorkspace/IMPLS/src/Lib.Domain.UserCards/obj/Release/net9.0/Lib.Doma.4292A04D.Up2Date" because "AlwaysCreate" was specified.
    32>_CopyFilesMarkedCopyLocal:
         Copying file from "/mnt/d/src/MtgDiscoveryVibeWorkspace/IMPLS/src/Lib.Scryfall.Shared/bin/Release/net9.0/Lib.Scryfall.Shared.dll" to "/mnt/d/src/MtgDiscoveryVibeWorkspace/IMPLS/src/Lib.Aggregator.User/bin/Release/net9.0/Lib.Scryfall.Shared.dll".
         Copying file from "/mnt/d/src/MtgDiscoveryVibeWorkspace/IMPLS/src/Lib.Aggregator.Scryfall.Shared/bin/Release/net9.0/Lib.Aggregator.Scryfall.Shared.dll" to "/mnt/d/src/MtgDiscoveryVibeWorkspace/IMPLS/src/Lib.Aggregator.User/bin/Release/net9.0/Lib.Aggregator.Scryfall.Shared.dll".
         Copying file from "/mnt/d/src/MtgDiscoveryVibeWorkspace/IMPLS/src/Lib.Adapter.Scryfall.Cosmos/bin/Release/net9.0/Lib.Adapter.Scryfall.Cosmos.dll" to "/mnt/d/src/MtgDiscoveryVibeWorkspace/IMPLS/src/Lib.Aggregator.User/bin/Release/net9.0/Lib.Adapter.Scryfall.Cosmos.dll".
         Copying file from "/mnt/d/src/MtgDiscoveryVibeWorkspace/IMPLS/src/Lib.Cosmos/bin/Release/net9.0/Lib.Cosmos.dll" to "/mnt/d/src/MtgDiscoveryVibeWorkspace/IMPLS/src/Lib.Aggregator.User/bin/Release/net9.0/Lib.Cosmos.dll".
    39>_CopyFilesMarkedCopyLocal:
         Touching "/mnt/d/src/MtgDiscoveryVibeWorkspace/IMPLS/src/Lib.Domain.UserCards/obj/Release/net9.0/Lib.Doma.4292A04D.Up2Date".
    32>_CopyFilesMarkedCopyLocal:
         Copying file from "/mnt/d/src/MtgDiscoveryVibeWorkspace/IMPLS/src/Lib.Shared.Abstractions/bin/Release/net9.0/Lib.Shared.Abstractions.dll" to "/mnt/d/src/MtgDiscoveryVibeWorkspace/IMPLS/src/Lib.Aggregator.User/bin/Release/net9.0/Lib.Shared.Abstractions.dll".
    31>CopyFilesToOutputDirectory:
         Copying file from "/mnt/d/src/MtgDiscoveryVibeWorkspace/IMPLS/src/Lib.Aggregator.Artists/obj/Release/net9.0/Lib.Aggregator.Artists.dll" to "/mnt/d/src/MtgDiscoveryVibeWorkspace/IMPLS/src/Lib.Aggregator.Artists/bin/Release/net9.0/Lib.Aggregator.Artists.dll".
    32>_CopyFilesMarkedCopyLocal:
         Copying file from "/mnt/d/src/MtgDiscoveryVibeWorkspace/IMPLS/src/Lib.Shared.DataModels/bin/Release/net9.0/Lib.Shared.DataModels.dll" to "/mnt/d/src/MtgDiscoveryVibeWorkspace/IMPLS/src/Lib.Aggregator.User/bin/Release/net9.0/Lib.Shared.DataModels.dll".
         Copying file from "/mnt/d/src/MtgDiscoveryVibeWorkspace/IMPLS/src/Lib.Shared.Invocation/bin/Release/net9.0/Lib.Shared.Invocation.dll" to "/mnt/d/src/MtgDiscoveryVibeWorkspace/IMPLS/src/Lib.Aggregator.User/bin/Release/net9.0/Lib.Shared.Invocation.dll".
         Copying file from "/mnt/d/src/MtgDiscoveryVibeWorkspace/IMPLS/src/Lib.Shared.DataModels/bin/Release/net9.0/Lib.Shared.DataModels.pdb" to "/mnt/d/src/MtgDiscoveryVibeWorkspace/IMPLS/src/Lib.Aggregator.User/bin/Release/net9.0/Lib.Shared.DataModels.pdb".
         Copying file from "/mnt/d/src/MtgDiscoveryVibeWorkspace/IMPLS/src/Lib.Universal/bin/Release/net9.0/Lib.Universal.dll" to "/mnt/d/src/MtgDiscoveryVibeWorkspace/IMPLS/src/Lib.Aggregator.User/bin/Release/net9.0/Lib.Universal.dll".
         Copying file from "/mnt/d/src/MtgDiscoveryVibeWorkspace/IMPLS/src/Lib.Shared.Invocation/bin/Release/net9.0/Lib.Shared.Invocation.pdb" to "/mnt/d/src/MtgDiscoveryVibeWorkspace/IMPLS/src/Lib.Aggregator.User/bin/Release/net9.0/Lib.Shared.Invocation.pdb".
         Copying file from "/mnt/d/src/MtgDiscoveryVibeWorkspace/IMPLS/src/Lib.Adapter.Scryfall.Cosmos/bin/Release/net9.0/Lib.Adapter.Scryfall.Cosmos.pdb" to "/mnt/d/src/MtgDiscoveryVibeWorkspace/IMPLS/src/Lib.Aggregator.User/bin/Release/net9.0/Lib.Adapter.Scryfall.Cosmos.pdb".
         Copying file from "/mnt/d/src/MtgDiscoveryVibeWorkspace/IMPLS/src/Lib.Adapter.User/bin/Release/net9.0/Lib.Adapter.User.pdb" to "/mnt/d/src/MtgDiscoveryVibeWorkspace/IMPLS/src/Lib.Aggregator.User/bin/Release/net9.0/Lib.Adapter.User.pdb".
         Copying file from "/mnt/d/src/MtgDiscoveryVibeWorkspace/IMPLS/src/Lib.Aggregator.Scryfall.Shared/bin/Release/net9.0/Lib.Aggregator.Scryfall.Shared.pdb" to "/mnt/d/src/MtgDiscoveryVibeWorkspace/IMPLS/src/Lib.Aggregator.User/bin/Release/net9.0/Lib.Aggregator.Scryfall.Shared.pdb".
         Copying file from "/mnt/d/src/MtgDiscoveryVibeWorkspace/IMPLS/src/Lib.Cosmos/bin/Release/net9.0/Lib.Cosmos.pdb" to "/mnt/d/src/MtgDiscoveryVibeWorkspace/IMPLS/src/Lib.Aggregator.User/bin/Release/net9.0/Lib.Cosmos.pdb".
         Copying file from "/mnt/d/src/MtgDiscoveryVibeWorkspace/IMPLS/src/Lib.Scryfall.Shared/bin/Release/net9.0/Lib.Scryfall.Shared.pdb" to "/mnt/d/src/MtgDiscoveryVibeWorkspace/IMPLS/src/Lib.Aggregator.User/bin/Release/net9.0/Lib.Scryfall.Shared.pdb".
         Copying file from "/mnt/d/src/MtgDiscoveryVibeWorkspace/IMPLS/src/Lib.Shared.Abstractions/bin/Release/net9.0/Lib.Shared.Abstractions.pdb" to "/mnt/d/src/MtgDiscoveryVibeWorkspace/IMPLS/src/Lib.Aggregator.User/bin/Release/net9.0/Lib.Shared.Abstractions.pdb".
         Copying file from "/mnt/d/src/MtgDiscoveryVibeWorkspace/IMPLS/src/Lib.Universal/bin/Release/net9.0/Lib.Universal.pdb" to "/mnt/d/src/MtgDiscoveryVibeWorkspace/IMPLS/src/Lib.Aggregator.User/bin/Release/net9.0/Lib.Universal.pdb".
    31>CopyFilesToOutputDirectory:
         Copying reference assembly from "obj/Release/net9.0/refint/Lib.Aggregator.Artists.dll" to "/mnt/d/src/MtgDiscoveryVibeWorkspace/IMPLS/src/Lib.Aggregator.Artists/obj/Release/net9.0/ref/Lib.Aggregator.Artists.dll".
    39>_CopyOutOfDateSourceItemsToOutputDirectory:
         Copying file from "/home/quinngil/.nuget/packages/microsoft.azure.cosmos/3.52.1/runtimes/win-x64/native/Microsoft.Azure.Cosmos.ServiceInterop.dll" to "/mnt/d/src/MtgDiscoveryVibeWorkspace/IMPLS/src/Lib.Domain.UserCards/bin/Release/net9.0/Microsoft.Azure.Cosmos.ServiceInterop.dll".
         Copying file from "/home/quinngil/.nuget/packages/microsoft.azure.cosmos/3.52.1/runtimes/win-x64/native/vcruntime140_1.dll" to "/mnt/d/src/MtgDiscoveryVibeWorkspace/IMPLS/src/Lib.Domain.UserCards/bin/Release/net9.0/vcruntime140_1.dll".
         Copying file from "/home/quinngil/.nuget/packages/microsoft.azure.cosmos/3.52.1/runtimes/win-x64/native/vcruntime140.dll" to "/mnt/d/src/MtgDiscoveryVibeWorkspace/IMPLS/src/Lib.Domain.UserCards/bin/Release/net9.0/vcruntime140.dll".
         Copying file from "/home/quinngil/.nuget/packages/microsoft.azure.cosmos/3.52.1/runtimes/win-x64/native/msvcp140.dll" to "/mnt/d/src/MtgDiscoveryVibeWorkspace/IMPLS/src/Lib.Domain.UserCards/bin/Release/net9.0/msvcp140.dll".
         Copying file from "/home/quinngil/.nuget/packages/microsoft.azure.cosmos/3.52.1/runtimes/win-x64/native/Cosmos.CRTCompat.dll" to "/mnt/d/src/MtgDiscoveryVibeWorkspace/IMPLS/src/Lib.Domain.UserCards/bin/Release/net9.0/Cosmos.CRTCompat.dll".
    32>_CopyFilesMarkedCopyLocal:
         Touching "/mnt/d/src/MtgDiscoveryVibeWorkspace/IMPLS/src/Lib.Aggregator.User/obj/Release/net9.0/Lib.Aggr.0F693E3A.Up2Date".
    31>CopyFilesToOutputDirectory:
         Lib.Aggregator.Artists -> /mnt/d/src/MtgDiscoveryVibeWorkspace/IMPLS/src/Lib.Aggregator.Artists/bin/Release/net9.0/Lib.Aggregator.Artists.dll
         Copying file from "/mnt/d/src/MtgDiscoveryVibeWorkspace/IMPLS/src/Lib.Aggregator.Artists/obj/Release/net9.0/Lib.Aggregator.Artists.pdb" to "/mnt/d/src/MtgDiscoveryVibeWorkspace/IMPLS/src/Lib.Aggregator.Artists/bin/Release/net9.0/Lib.Aggregator.Artists.pdb".
    31>Done Building Project "/mnt/d/src/MtgDiscoveryVibeWorkspace/IMPLS/src/Lib.Aggregator.Artists/Lib.Aggregator.Artists.csproj" (default targets).
    32>_CopyOutOfDateSourceItemsToOutputDirectory:
       Skipping target "_CopyOutOfDateSourceItemsToOutputDirectory" because all output files are up-to-date with respect to the input files.
    19>CoreCompile:
         CompilerServer: server - server processed compilation - Lib.Aggregator.Cards (net9.0)
       _CopyFilesMarkedCopyLocal:
         Copying file from "/mnt/d/src/MtgDiscoveryVibeWorkspace/IMPLS/src/Lib.Aggregator.Scryfall.Shared/bin/Release/net9.0/Lib.Aggregator.Scryfall.Shared.dll" to "/mnt/d/src/MtgDiscoveryVibeWorkspace/IMPLS/src/Lib.Aggregator.Cards/bin/Release/net9.0/Lib.Aggregator.Scryfall.Shared.dll".
         Copying file from "/mnt/d/src/MtgDiscoveryVibeWorkspace/IMPLS/src/Lib.Adapter.Scryfall.Cosmos/bin/Release/net9.0/Lib.Adapter.Scryfall.Cosmos.dll" to "/mnt/d/src/MtgDiscoveryVibeWorkspace/IMPLS/src/Lib.Aggregator.Cards/bin/Release/net9.0/Lib.Adapter.Scryfall.Cosmos.dll".
         Copying file from "/mnt/d/src/MtgDiscoveryVibeWorkspace/IMPLS/src/Lib.Scryfall.Shared/bin/Release/net9.0/Lib.Scryfall.Shared.dll" to "/mnt/d/src/MtgDiscoveryVibeWorkspace/IMPLS/src/Lib.Aggregator.Cards/bin/Release/net9.0/Lib.Scryfall.Shared.dll".
         Copying file from "/mnt/d/src/MtgDiscoveryVibeWorkspace/IMPLS/src/Lib.Adapter.Cards/bin/Release/net9.0/Lib.Adapter.Cards.dll" to "/mnt/d/src/MtgDiscoveryVibeWorkspace/IMPLS/src/Lib.Aggregator.Cards/bin/Release/net9.0/Lib.Adapter.Cards.dll".
         Copying file from "/mnt/d/src/MtgDiscoveryVibeWorkspace/IMPLS/src/Lib.Shared.Abstractions/bin/Release/net9.0/Lib.Shared.Abstractions.dll" to "/mnt/d/src/MtgDiscoveryVibeWorkspace/IMPLS/src/Lib.Aggregator.Cards/bin/Release/net9.0/Lib.Shared.Abstractions.dll".
         Copying file from "/mnt/d/src/MtgDiscoveryVibeWorkspace/IMPLS/src/Lib.Cosmos/bin/Release/net9.0/Lib.Cosmos.dll" to "/mnt/d/src/MtgDiscoveryVibeWorkspace/IMPLS/src/Lib.Aggregator.Cards/bin/Release/net9.0/Lib.Cosmos.dll".
         Copying file from "/mnt/d/src/MtgDiscoveryVibeWorkspace/IMPLS/src/Lib.Shared.DataModels/bin/Release/net9.0/Lib.Shared.DataModels.dll" to "/mnt/d/src/MtgDiscoveryVibeWorkspace/IMPLS/src/Lib.Aggregator.Cards/bin/Release/net9.0/Lib.Shared.DataModels.dll".
         Copying file from "/mnt/d/src/MtgDiscoveryVibeWorkspace/IMPLS/src/Lib.Shared.DataModels/bin/Release/net9.0/Lib.Shared.DataModels.pdb" to "/mnt/d/src/MtgDiscoveryVibeWorkspace/IMPLS/src/Lib.Aggregator.Cards/bin/Release/net9.0/Lib.Shared.DataModels.pdb".
         Copying file from "/mnt/d/src/MtgDiscoveryVibeWorkspace/IMPLS/src/Lib.Shared.Invocation/bin/Release/net9.0/Lib.Shared.Invocation.dll" to "/mnt/d/src/MtgDiscoveryVibeWorkspace/IMPLS/src/Lib.Aggregator.Cards/bin/Release/net9.0/Lib.Shared.Invocation.dll".
         Copying file from "/mnt/d/src/MtgDiscoveryVibeWorkspace/IMPLS/src/Lib.Universal/bin/Release/net9.0/Lib.Universal.dll" to "/mnt/d/src/MtgDiscoveryVibeWorkspace/IMPLS/src/Lib.Aggregator.Cards/bin/Release/net9.0/Lib.Universal.dll".
         Copying file from "/mnt/d/src/MtgDiscoveryVibeWorkspace/IMPLS/src/Lib.Adapter.Scryfall.Cosmos/bin/Release/net9.0/Lib.Adapter.Scryfall.Cosmos.pdb" to "/mnt/d/src/MtgDiscoveryVibeWorkspace/IMPLS/src/Lib.Aggregator.Cards/bin/Release/net9.0/Lib.Adapter.Scryfall.Cosmos.pdb".
         Copying file from "/mnt/d/src/MtgDiscoveryVibeWorkspace/IMPLS/src/Lib.Cosmos/bin/Release/net9.0/Lib.Cosmos.pdb" to "/mnt/d/src/MtgDiscoveryVibeWorkspace/IMPLS/src/Lib.Aggregator.Cards/bin/Release/net9.0/Lib.Cosmos.pdb".
         Copying file from "/mnt/d/src/MtgDiscoveryVibeWorkspace/IMPLS/src/Lib.Shared.Invocation/bin/Release/net9.0/Lib.Shared.Invocation.pdb" to "/mnt/d/src/MtgDiscoveryVibeWorkspace/IMPLS/src/Lib.Aggregator.Cards/bin/Release/net9.0/Lib.Shared.Invocation.pdb".
         Copying file from "/mnt/d/src/MtgDiscoveryVibeWorkspace/IMPLS/src/Lib.Universal/bin/Release/net9.0/Lib.Universal.pdb" to "/mnt/d/src/MtgDiscoveryVibeWorkspace/IMPLS/src/Lib.Aggregator.Cards/bin/Release/net9.0/Lib.Universal.pdb".
         Copying file from "/mnt/d/src/MtgDiscoveryVibeWorkspace/IMPLS/src/Lib.Aggregator.Scryfall.Shared/bin/Release/net9.0/Lib.Aggregator.Scryfall.Shared.pdb" to "/mnt/d/src/MtgDiscoveryVibeWorkspace/IMPLS/src/Lib.Aggregator.Cards/bin/Release/net9.0/Lib.Aggregator.Scryfall.Shared.pdb".
         Copying file from "/mnt/d/src/MtgDiscoveryVibeWorkspace/IMPLS/src/Lib.Adapter.Cards/bin/Release/net9.0/Lib.Adapter.Cards.pdb" to "/mnt/d/src/MtgDiscoveryVibeWorkspace/IMPLS/src/Lib.Aggregator.Cards/bin/Release/net9.0/Lib.Adapter.Cards.pdb".
         Copying file from "/mnt/d/src/MtgDiscoveryVibeWorkspace/IMPLS/src/Lib.Shared.Abstractions/bin/Release/net9.0/Lib.Shared.Abstractions.pdb" to "/mnt/d/src/MtgDiscoveryVibeWorkspace/IMPLS/src/Lib.Aggregator.Cards/bin/Release/net9.0/Lib.Shared.Abstractions.pdb".
         Copying file from "/mnt/d/src/MtgDiscoveryVibeWorkspace/IMPLS/src/Lib.Scryfall.Shared/bin/Release/net9.0/Lib.Scryfall.Shared.pdb" to "/mnt/d/src/MtgDiscoveryVibeWorkspace/IMPLS/src/Lib.Aggregator.Cards/bin/Release/net9.0/Lib.Scryfall.Shared.pdb".
         Touching "/mnt/d/src/MtgDiscoveryVibeWorkspace/IMPLS/src/Lib.Aggregator.Cards/obj/Release/net9.0/Lib.Aggr.D74E320B.Up2Date".
    39>CopyFilesToOutputDirectory:
         Copying file from "/mnt/d/src/MtgDiscoveryVibeWorkspace/IMPLS/src/Lib.Domain.UserCards/obj/Release/net9.0/Lib.Domain.UserCards.dll" to "/mnt/d/src/MtgDiscoveryVibeWorkspace/IMPLS/src/Lib.Domain.UserCards/bin/Release/net9.0/Lib.Domain.UserCards.dll".
    32>CopyFilesToOutputDirectory:
         Copying file from "/mnt/d/src/MtgDiscoveryVibeWorkspace/IMPLS/src/Lib.Aggregator.User/obj/Release/net9.0/Lib.Aggregator.User.dll" to "/mnt/d/src/MtgDiscoveryVibeWorkspace/IMPLS/src/Lib.Aggregator.User/bin/Release/net9.0/Lib.Aggregator.User.dll".
    19>_CopyOutOfDateSourceItemsToOutputDirectory:
       Skipping target "_CopyOutOfDateSourceItemsToOutputDirectory" because all output files are up-to-date with respect to the input files.
    32>CopyFilesToOutputDirectory:
         Copying reference assembly from "obj/Release/net9.0/refint/Lib.Aggregator.User.dll" to "/mnt/d/src/MtgDiscoveryVibeWorkspace/IMPLS/src/Lib.Aggregator.User/obj/Release/net9.0/ref/Lib.Aggregator.User.dll".
         Lib.Aggregator.User -> /mnt/d/src/MtgDiscoveryVibeWorkspace/IMPLS/src/Lib.Aggregator.User/bin/Release/net9.0/Lib.Aggregator.User.dll
         Copying file from "/mnt/d/src/MtgDiscoveryVibeWorkspace/IMPLS/src/Lib.Aggregator.User/obj/Release/net9.0/Lib.Aggregator.User.pdb" to "/mnt/d/src/MtgDiscoveryVibeWorkspace/IMPLS/src/Lib.Aggregator.User/bin/Release/net9.0/Lib.Aggregator.User.pdb".
    32>Done Building Project "/mnt/d/src/MtgDiscoveryVibeWorkspace/IMPLS/src/Lib.Aggregator.User/Lib.Aggregator.User.csproj" (default targets).
    39>CopyFilesToOutputDirectory:
         Copying reference assembly from "obj/Release/net9.0/refint/Lib.Domain.UserCards.dll" to "/mnt/d/src/MtgDiscoveryVibeWorkspace/IMPLS/src/Lib.Domain.UserCards/obj/Release/net9.0/ref/Lib.Domain.UserCards.dll".
         Lib.Domain.UserCards -> /mnt/d/src/MtgDiscoveryVibeWorkspace/IMPLS/src/Lib.Domain.UserCards/bin/Release/net9.0/Lib.Domain.UserCards.dll
         Copying file from "/mnt/d/src/MtgDiscoveryVibeWorkspace/IMPLS/src/Lib.Domain.UserCards/obj/Release/net9.0/Lib.Domain.UserCards.pdb" to "/mnt/d/src/MtgDiscoveryVibeWorkspace/IMPLS/src/Lib.Domain.UserCards/bin/Release/net9.0/Lib.Domain.UserCards.pdb".
    39>Done Building Project "/mnt/d/src/MtgDiscoveryVibeWorkspace/IMPLS/src/Lib.Domain.UserCards/Lib.Domain.UserCards.csproj" (default targets).
    19>CopyFilesToOutputDirectory:
         Copying file from "/mnt/d/src/MtgDiscoveryVibeWorkspace/IMPLS/src/Lib.Aggregator.Cards/obj/Release/net9.0/Lib.Aggregator.Cards.dll" to "/mnt/d/src/MtgDiscoveryVibeWorkspace/IMPLS/src/Lib.Aggregator.Cards/bin/Release/net9.0/Lib.Aggregator.Cards.dll".
         Copying reference assembly from "obj/Release/net9.0/refint/Lib.Aggregator.Cards.dll" to "/mnt/d/src/MtgDiscoveryVibeWorkspace/IMPLS/src/Lib.Aggregator.Cards/obj/Release/net9.0/ref/Lib.Aggregator.Cards.dll".
         Lib.Aggregator.Cards -> /mnt/d/src/MtgDiscoveryVibeWorkspace/IMPLS/src/Lib.Aggregator.Cards/bin/Release/net9.0/Lib.Aggregator.Cards.dll
         Copying file from "/mnt/d/src/MtgDiscoveryVibeWorkspace/IMPLS/src/Lib.Aggregator.Cards/obj/Release/net9.0/Lib.Aggregator.Cards.pdb" to "/mnt/d/src/MtgDiscoveryVibeWorkspace/IMPLS/src/Lib.Aggregator.Cards/bin/Release/net9.0/Lib.Aggregator.Cards.pdb".
    19>Done Building Project "/mnt/d/src/MtgDiscoveryVibeWorkspace/IMPLS/src/Lib.Aggregator.Cards/Lib.Aggregator.Cards.csproj" (default targets).
   1:2>Project "/mnt/d/src/MtgDiscoveryVibeWorkspace/IMPLS/src/MtgDiscoveryVibe.sln" (1:2) is building "/mnt/d/src/MtgDiscoveryVibeWorkspace/IMPLS/src/Lib.Domain.User/Lib.Domain.User.csproj" (29:7) on node 10 (default targets).
    29>GenerateTargetFrameworkMonikerAttribute:
       Skipping target "GenerateTargetFrameworkMonikerAttribute" because all output files are up-to-date with respect to the input files.
       CoreGenerateAssemblyInfo:
         Could not infer the type of parameter "#1" because the attribute type is unknown. The value will be treated as a string.
         Could not infer the type of parameter "#1" because the attribute type is unknown. The value will be treated as a string.
       _GenerateSourceLinkFile:
         Updating Source Link file 'obj/Release/net9.0/Lib.Domain.User.sourcelink.json'.
       CoreCompile:
         /usr/share/dotnet/dotnet exec "/usr/share/dotnet/sdk/9.0.203/Roslyn/bincore/csc.dll" /noconfig /unsafe- /checked- /nowarn:IDE0290,IDE2001,IDE0005,IDE0046,CA1716,CA1040,CA1056,1701,1702 /fullpaths /nostdlib+ /errorreport:prompt /warn:9 /define:TRACE;RELEASE;NET;NET9_0;NETCOREAPP;NET5_0_OR_GREATER;NET6_0_OR_GREATER;NET7_0_OR_GREATER;NET8_0_OR_GREATER;NET9_0_OR_GREATER;NETCOREAPP1_0_OR_GREATER;NETCOREAPP1_1_OR_GREATER;NETCOREAPP2_0_OR_GREATER;NETCOREAPP2_1_OR_GREATER;NETCOREAPP2_2_OR_GREATER;NETCOREAPP3_0_OR_GREATER;NETCOREAPP3_1_OR_GREATER /highentropyva+ /nullable:warnings /reference:/home/quinngil/.nuget/packages/azure.core/1.47.1/lib/net8.0/Azure.Core.dll /reference:/home/quinngil/.nuget/packages/azure.resourcemanager.authorization/1.1.5/lib/net8.0/Azure.ResourceManager.Authorization.dll /reference:/home/quinngil/.nuget/packages/azure.resourcemanager.cosmosdb/1.3.2/lib/netstandard2.0/Azure.ResourceManager.CosmosDB.dll /reference:/home/quinngil/.nuget/packages/azure.resourcemanager/1.13.2/lib/net8.0/Azure.ResourceManager.dll /reference:/mnt/d/src/MtgDiscoveryVibeWorkspace/IMPLS/src/Lib.Adapter.Scryfall.Cosmos/obj/Release/net9.0/ref/Lib.Adapter.Scryfall.Cosmos.dll /reference:/mnt/d/src/MtgDiscoveryVibeWorkspace/IMPLS/src/Lib.Adapter.User/obj/Release/net9.0/ref/Lib.Adapter.User.dll /reference:/mnt/d/src/MtgDiscoveryVibeWorkspace/IMPLS/src/Lib.Aggregator.Scryfall.Shared/obj/Release/net9.0/ref/Lib.Aggregator.Scryfall.Shared.dll /reference:/mnt/d/src/MtgDiscoveryVibeWorkspace/IMPLS/src/Lib.Aggregator.User/obj/Release/net9.0/ref/Lib.Aggregator.User.dll /reference:/mnt/d/src/MtgDiscoveryVibeWorkspace/IMPLS/src/Lib.Cosmos/obj/Release/net9.0/ref/Lib.Cosmos.dll /reference:/mnt/d/src/MtgDiscoveryVibeWorkspace/IMPLS/src/Lib.Scryfall.Shared/obj/Release/net9.0/ref/Lib.Scryfall.Shared.dll /reference:/mnt/d/src/MtgDiscoveryVibeWorkspace/IMPLS/src/Lib.Shared.Abstractions/obj/Release/net9.0/ref/Lib.Shared.Abstractions.dll /reference:/mnt/d/src/MtgDiscoveryVibeWorkspace/IMPLS/src/Lib.Shared.DataModels/obj/Release/net9.0/ref/Lib.Shared.DataModels.dll /reference:/mnt/d/src/MtgDiscoveryVibeWorkspace/IMPLS/src/Lib.Shared.Invocation/obj/Release/net9.0/ref/Lib.Shared.Invocation.dll /reference:/mnt/d/src/MtgDiscoveryVibeWorkspace/IMPLS/src/Lib.Universal/obj/Release/net9.0/ref/Lib.Universal.dll /reference:/home/quinngil/.nuget/packages/microsoft.azure.cosmos/3.52.1/lib/netstandard2.0/Microsoft.Azure.Cosmos.Client.dll /reference:/home/quinngil/.nuget/packages/microsoft.azure.cosmos/3.52.1/lib/netstandard2.0/Microsoft.Azure.Cosmos.Core.dll /reference:/home/quinngil/.nuget/packages/microsoft.azure.cosmos/3.52.1/lib/netstandard2.0/Microsoft.Azure.Cosmos.Direct.dll /reference:/home/quinngil/.nuget/packages/microsoft.azure.cosmos/3.52.1/lib/netstandard2.0/Microsoft.Azure.Cosmos.Serialization.HybridRow.dll /reference:/home/quinngil/.nuget/packages/microsoft.bcl.asyncinterfaces/8.0.0/lib/netstandard2.1/Microsoft.Bcl.AsyncInterfaces.dll /reference:/home/quinngil/.nuget/packages/microsoft.bcl.hashcode/1.1.0/ref/netcoreapp2.1/Microsoft.Bcl.HashCode.dll /reference:/usr/share/dotnet/packs/Microsoft.NETCore.App.Ref/9.0.4/ref/net9.0/Microsoft.CSharp.dll /reference:/home/quinngil/.nuget/packages/microsoft.extensions.caching.abstractions/9.0.0/lib/net9.0/Microsoft.Extensions.Caching.Abstractions.dll /reference:/home/quinngil/.nuget/packages/microsoft.extensions.caching.memory/9.0.0/lib/net9.0/Microsoft.Extensions.Caching.Memory.dll /reference:/home/quinngil/.nuget/packages/microsoft.extensions.configuration.abstractions/9.0.5/lib/net9.0/Microsoft.Extensions.Configuration.Abstractions.dll /reference:/home/quinngil/.nuget/packages/microsoft.extensions.dependencyinjection.abstractions/9.0.0/lib/net9.0/Microsoft.Extensions.DependencyInjection.Abstractions.dll /reference:/home/quinngil/.nuget/packages/microsoft.extensions.logging.abstractions/9.0.0/lib/net9.0/Microsoft.Extensions.Logging.Abstractions.dll /reference:/home/quinngil/.nuget/packages/microsoft.extensions.options/9.0.0/lib/net9.0/Microsoft.Extensions.Options.dll /reference:/home/quinngil/.nuget/packages/microsoft.extensions.primitives/9.0.5/lib/net9.0/Microsoft.Extensions.Primitives.dll /reference:/home/quinngil/.nuget/packages/microsoft.identitymodel.abstractions/8.0.1/lib/net9.0/Microsoft.IdentityModel.Abstractions.dll /reference:/home/quinngil/.nuget/packages/microsoft.identitymodel.jsonwebtokens/8.0.1/lib/net9.0/Microsoft.IdentityModel.JsonWebTokens.dll /reference:/home/quinngil/.nuget/packages/microsoft.identitymodel.logging/8.0.1/lib/net9.0/Microsoft.IdentityModel.Logging.dll /reference:/home/quinngil/.nuget/packages/microsoft.identitymodel.tokens/8.0.1/lib/net9.0/Microsoft.IdentityModel.Tokens.dll /reference:/usr/share/dotnet/packs/Microsoft.NETCore.App.Ref/9.0.4/ref/net9.0/Microsoft.VisualBasic.Core.dll /reference:/usr/share/dotnet/packs/Microsoft.NETCore.App.Ref/9.0.4/ref/net9.0/Microsoft.VisualBasic.dll /reference:/usr/share/dotnet/packs/Microsoft.NETCore.App.Ref/9.0.4/ref/net9.0/Microsoft.Win32.Primitives.dll /reference:/usr/share/dotnet/packs/Microsoft.NETCore.App.Ref/9.0.4/ref/net9.0/Microsoft.Win32.Registry.dll /reference:/home/quinngil/.nuget/packages/microsoft.win32.systemevents/6.0.0/lib/net6.0/Microsoft.Win32.SystemEvents.dll /reference:/usr/share/dotnet/packs/Microsoft.NETCore.App.Ref/9.0.4/ref/net9.0/mscorlib.dll /reference:/usr/share/dotnet/packs/Microsoft.NETCore.App.Ref/9.0.4/ref/net9.0/netstandard.dll /reference:/home/quinngil/.nuget/packages/newtonsoft.json/13.0.3/lib/net6.0/Newtonsoft.Json.dll /reference:/usr/share/dotnet/packs/Microsoft.NETCore.App.Ref/9.0.4/ref/net9.0/System.AppContext.dll /reference:/usr/share/dotnet/packs/Microsoft.NETCore.App.Ref/9.0.4/ref/net9.0/System.Buffers.dll /reference:/home/quinngil/.nuget/packages/system.clientmodel/1.5.1/lib/net8.0/System.ClientModel.dll /reference:/usr/share/dotnet/packs/Microsoft.NETCore.App.Ref/9.0.4/ref/net9.0/System.Collections.Concurrent.dll /reference:/usr/share/dotnet/packs/Microsoft.NETCore.App.Ref/9.0.4/ref/net9.0/System.Collections.dll /reference:/usr/share/dotnet/packs/Microsoft.NETCore.App.Ref/9.0.4/ref/net9.0/System.Collections.Immutable.dll /reference:/usr/share/dotnet/packs/Microsoft.NETCore.App.Ref/9.0.4/ref/net9.0/System.Collections.NonGeneric.dll /reference:/usr/share/dotnet/packs/Microsoft.NETCore.App.Ref/9.0.4/ref/net9.0/System.Collections.Specialized.dll /reference:/usr/share/dotnet/packs/Microsoft.NETCore.App.Ref/9.0.4/ref/net9.0/System.ComponentModel.Annotations.dll /reference:/usr/share/dotnet/packs/Microsoft.NETCore.App.Ref/9.0.4/ref/net9.0/System.ComponentModel.DataAnnotations.dll /reference:/usr/share/dotnet/packs/Microsoft.NETCore.App.Ref/9.0.4/ref/net9.0/System.ComponentModel.dll /reference:/usr/share/dotnet/packs/Microsoft.NETCore.App.Ref/9.0.4/ref/net9.0/System.ComponentModel.EventBasedAsync.dll /reference:/usr/share/dotnet/packs/Microsoft.NETCore.App.Ref/9.0.4/ref/net9.0/System.ComponentModel.Primitives.dll /reference:/usr/share/dotnet/packs/Microsoft.NETCore.App.Ref/9.0.4/ref/net9.0/System.ComponentModel.TypeConverter.dll /reference:/home/quinngil/.nuget/packages/system.configuration.configurationmanager/6.0.0/lib/net6.0/System.Configuration.ConfigurationManager.dll /reference:/usr/share/dotnet/packs/Microsoft.NETCore.App.Ref/9.0.4/ref/net9.0/System.Configuration.dll /reference:/usr/share/dotnet/packs/Microsoft.NETCore.App.Ref/9.0.4/ref/net9.0/System.Console.dll /reference:/usr/share/dotnet/packs/Microsoft.NETCore.App.Ref/9.0.4/ref/net9.0/System.Core.dll /reference:/usr/share/dotnet/packs/Microsoft.NETCore.App.Ref/9.0.4/ref/net9.0/System.Data.Common.dll /reference:/usr/share/dotnet/packs/Microsoft.NETCore.App.Ref/9.0.4/ref/net9.0/System.Data.DataSetExtensions.dll /reference:/usr/share/dotnet/packs/Microsoft.NETCore.App.Ref/9.0.4/ref/net9.0/System.Data.dll /reference:/usr/share/dotnet/packs/Microsoft.NETCore.App.Ref/9.0.4/ref/net9.0/System.Diagnostics.Contracts.dll /reference:/usr/share/dotnet/packs/Microsoft.NETCore.App.Ref/9.0.4/ref/net9.0/System.Diagnostics.Debug.dll /reference:/usr/share/dotnet/packs/Microsoft.NETCore.App.Ref/9.0.4/ref/net9.0/System.Diagnostics.DiagnosticSource.dll /reference:/usr/share/dotnet/packs/Microsoft.NETCore.App.Ref/9.0.4/ref/net9.0/System.Diagnostics.FileVersionInfo.dll /reference:/usr/share/dotnet/packs/Microsoft.NETCore.App.Ref/9.0.4/ref/net9.0/System.Diagnostics.Process.dll /reference:/usr/share/dotnet/packs/Microsoft.NETCore.App.Ref/9.0.4/ref/net9.0/System.Diagnostics.StackTrace.dll /reference:/usr/share/dotnet/packs/Microsoft.NETCore.App.Ref/9.0.4/ref/net9.0/System.Diagnostics.TextWriterTraceListener.dll /reference:/usr/share/dotnet/packs/Microsoft.NETCore.App.Ref/9.0.4/ref/net9.0/System.Diagnostics.Tools.dll /reference:/usr/share/dotnet/packs/Microsoft.NETCore.App.Ref/9.0.4/ref/net9.0/System.Diagnostics.TraceSource.dll /reference:/usr/share/dotnet/packs/Microsoft.NETCore.App.Ref/9.0.4/ref/net9.0/System.Diagnostics.Tracing.dll /reference:/usr/share/dotnet/packs/Microsoft.NETCore.App.Ref/9.0.4/ref/net9.0/System.dll /reference:/home/quinngil/.nuget/packages/system.drawing.common/6.0.0/lib/net6.0/System.Drawing.Common.dll /reference:/usr/share/dotnet/packs/Microsoft.NETCore.App.Ref/9.0.4/ref/net9.0/System.Drawing.dll /reference:/usr/share/dotnet/packs/Microsoft.NETCore.App.Ref/9.0.4/ref/net9.0/System.Drawing.Primitives.dll /reference:/usr/share/dotnet/packs/Microsoft.NETCore.App.Ref/9.0.4/ref/net9.0/System.Dynamic.Runtime.dll /reference:/usr/share/dotnet/packs/Microsoft.NETCore.App.Ref/9.0.4/ref/net9.0/System.Formats.Asn1.dll /reference:/usr/share/dotnet/packs/Microsoft.NETCore.App.Ref/9.0.4/ref/net9.0/System.Formats.Tar.dll /reference:/usr/share/dotnet/packs/Microsoft.NETCore.App.Ref/9.0.4/ref/net9.0/System.Globalization.Calendars.dll /reference:/usr/share/dotnet/packs/Microsoft.NETCore.App.Ref/9.0.4/ref/net9.0/System.Globalization.dll /reference:/usr/share/dotnet/packs/Microsoft.NETCore.App.Ref/9.0.4/ref/net9.0/System.Globalization.Extensions.dll /reference:/home/quinngil/.nuget/packages/system.identitymodel.tokens.jwt/8.0.1/lib/net9.0/System.IdentityModel.Tokens.Jwt.dll /reference:/usr/share/dotnet/packs/Microsoft.NETCore.App.Ref/9.0.4/ref/net9.0/System.IO.Compression.Brotli.dll /reference:/usr/share/dotnet/packs/Microsoft.NETCore.App.Ref/9.0.4/ref/net9.0/System.IO.Compression.dll /reference:/usr/share/dotnet/packs/Microsoft.NETCore.App.Ref/9.0.4/ref/net9.0/System.IO.Compression.FileSystem.dll /reference:/usr/share/dotnet/packs/Microsoft.NETCore.App.Ref/9.0.4/ref/net9.0/System.IO.Compression.ZipFile.dll /reference:/usr/share/dotnet/packs/Microsoft.NETCore.App.Ref/9.0.4/ref/net9.0/System.IO.dll /reference:/usr/share/dotnet/packs/Microsoft.NETCore.App.Ref/9.0.4/ref/net9.0/System.IO.FileSystem.AccessControl.dll /reference:/usr/share/dotnet/packs/Microsoft.NETCore.App.Ref/9.0.4/ref/net9.0/System.IO.FileSystem.dll /reference:/usr/share/dotnet/packs/Microsoft.NETCore.App.Ref/9.0.4/ref/net9.0/System.IO.FileSystem.DriveInfo.dll /reference:/usr/share/dotnet/packs/Microsoft.NETCore.App.Ref/9.0.4/ref/net9.0/System.IO.FileSystem.Primitives.dll /reference:/usr/share/dotnet/packs/Microsoft.NETCore.App.Ref/9.0.4/ref/net9.0/System.IO.FileSystem.Watcher.dll /reference:/usr/share/dotnet/packs/Microsoft.NETCore.App.Ref/9.0.4/ref/net9.0/System.IO.IsolatedStorage.dll /reference:/usr/share/dotnet/packs/Microsoft.NETCore.App.Ref/9.0.4/ref/net9.0/System.IO.MemoryMappedFiles.dll /reference:/usr/share/dotnet/packs/Microsoft.NETCore.App.Ref/9.0.4/ref/net9.0/System.IO.Pipelines.dll /reference:/usr/share/dotnet/packs/Microsoft.NETCore.App.Ref/9.0.4/ref/net9.0/System.IO.Pipes.AccessControl.dll /reference:/usr/share/dotnet/packs/Microsoft.NETCore.App.Ref/9.0.4/ref/net9.0/System.IO.Pipes.dll /reference:/usr/share/dotnet/packs/Microsoft.NETCore.App.Ref/9.0.4/ref/net9.0/System.IO.UnmanagedMemoryStream.dll /reference:/usr/share/dotnet/packs/Microsoft.NETCore.App.Ref/9.0.4/ref/net9.0/System.Linq.dll /reference:/usr/share/dotnet/packs/Microsoft.NETCore.App.Ref/9.0.4/ref/net9.0/System.Linq.Expressions.dll /reference:/usr/share/dotnet/packs/Microsoft.NETCore.App.Ref/9.0.4/ref/net9.0/System.Linq.Parallel.dll /reference:/usr/share/dotnet/packs/Microsoft.NETCore.App.Ref/9.0.4/ref/net9.0/System.Linq.Queryable.dll /reference:/home/quinngil/.nuget/packages/system.memory.data/8.0.1/lib/net8.0/System.Memory.Data.dll /reference:/usr/share/dotnet/packs/Microsoft.NETCore.App.Ref/9.0.4/ref/net9.0/System.Memory.dll /reference:/usr/share/dotnet/packs/Microsoft.NETCore.App.Ref/9.0.4/ref/net9.0/System.Net.dll /reference:/usr/share/dotnet/packs/Microsoft.NETCore.App.Ref/9.0.4/ref/net9.0/System.Net.Http.dll /reference:/usr/share/dotnet/packs/Microsoft.NETCore.App.Ref/9.0.4/ref/net9.0/System.Net.Http.Json.dll /reference:/usr/share/dotnet/packs/Microsoft.NETCore.App.Ref/9.0.4/ref/net9.0/System.Net.HttpListener.dll /reference:/usr/share/dotnet/packs/Microsoft.NETCore.App.Ref/9.0.4/ref/net9.0/System.Net.Mail.dll /reference:/usr/share/dotnet/packs/Microsoft.NETCore.App.Ref/9.0.4/ref/net9.0/System.Net.NameResolution.dll /reference:/usr/share/dotnet/packs/Microsoft.NETCore.App.Ref/9.0.4/ref/net9.0/System.Net.NetworkInformation.dll /reference:/usr/share/dotnet/packs/Microsoft.NETCore.App.Ref/9.0.4/ref/net9.0/System.Net.Ping.dll /reference:/usr/share/dotnet/packs/Microsoft.NETCore.App.Ref/9.0.4/ref/net9.0/System.Net.Primitives.dll /reference:/usr/share/dotnet/packs/Microsoft.NETCore.App.Ref/9.0.4/ref/net9.0/System.Net.Quic.dll /reference:/usr/share/dotnet/packs/Microsoft.NETCore.App.Ref/9.0.4/ref/net9.0/System.Net.Requests.dll /reference:/usr/share/dotnet/packs/Microsoft.NETCore.App.Ref/9.0.4/ref/net9.0/System.Net.Security.dll /reference:/usr/share/dotnet/packs/Microsoft.NETCore.App.Ref/9.0.4/ref/net9.0/System.Net.ServicePoint.dll /reference:/usr/share/dotnet/packs/Microsoft.NETCore.App.Ref/9.0.4/ref/net9.0/System.Net.Sockets.dll /reference:/usr/share/dotnet/packs/Microsoft.NETCore.App.Ref/9.0.4/ref/net9.0/System.Net.WebClient.dll /reference:/usr/share/dotnet/packs/Microsoft.NETCore.App.Ref/9.0.4/ref/net9.0/System.Net.WebHeaderCollection.dll /reference:/usr/share/dotnet/packs/Microsoft.NETCore.App.Ref/9.0.4/ref/net9.0/System.Net.WebProxy.dll /reference:/usr/share/dotnet/packs/Microsoft.NETCore.App.Ref/9.0.4/ref/net9.0/System.Net.WebSockets.Client.dll /reference:/usr/share/dotnet/packs/Microsoft.NETCore.App.Ref/9.0.4/ref/net9.0/System.Net.WebSockets.dll /reference:/usr/share/dotnet/packs/Microsoft.NETCore.App.Ref/9.0.4/ref/net9.0/System.Numerics.dll /reference:/usr/share/dotnet/packs/Microsoft.NETCore.App.Ref/9.0.4/ref/net9.0/System.Numerics.Vectors.dll /reference:/usr/share/dotnet/packs/Microsoft.NETCore.App.Ref/9.0.4/ref/net9.0/System.ObjectModel.dll /reference:/usr/share/dotnet/packs/Microsoft.NETCore.App.Ref/9.0.4/ref/net9.0/System.Reflection.DispatchProxy.dll /reference:/usr/share/dotnet/packs/Microsoft.NETCore.App.Ref/9.0.4/ref/net9.0/System.Reflection.dll /reference:/usr/share/dotnet/packs/Microsoft.NETCore.App.Ref/9.0.4/ref/net9.0/System.Reflection.Emit.dll /reference:/usr/share/dotnet/packs/Microsoft.NETCore.App.Ref/9.0.4/ref/net9.0/System.Reflection.Emit.ILGeneration.dll /reference:/usr/share/dotnet/packs/Microsoft.NETCore.App.Ref/9.0.4/ref/net9.0/System.Reflection.Emit.Lightweight.dll /reference:/usr/share/dotnet/packs/Microsoft.NETCore.App.Ref/9.0.4/ref/net9.0/System.Reflection.Extensions.dll /reference:/usr/share/dotnet/packs/Microsoft.NETCore.App.Ref/9.0.4/ref/net9.0/System.Reflection.Metadata.dll /reference:/usr/share/dotnet/packs/Microsoft.NETCore.App.Ref/9.0.4/ref/net9.0/System.Reflection.Primitives.dll /reference:/usr/share/dotnet/packs/Microsoft.NETCore.App.Ref/9.0.4/ref/net9.0/System.Reflection.TypeExtensions.dll /reference:/usr/share/dotnet/packs/Microsoft.NETCore.App.Ref/9.0.4/ref/net9.0/System.Resources.Reader.dll /reference:/usr/share/dotnet/packs/Microsoft.NETCore.App.Ref/9.0.4/ref/net9.0/System.Resources.ResourceManager.dll /reference:/usr/share/dotnet/packs/Microsoft.NETCore.App.Ref/9.0.4/ref/net9.0/System.Resources.Writer.dll /reference:/usr/share/dotnet/packs/Microsoft.NETCore.App.Ref/9.0.4/ref/net9.0/System.Runtime.CompilerServices.Unsafe.dll /reference:/usr/share/dotnet/packs/Microsoft.NETCore.App.Ref/9.0.4/ref/net9.0/System.Runtime.CompilerServices.VisualC.dll /reference:/usr/share/dotnet/packs/Microsoft.NETCore.App.Ref/9.0.4/ref/net9.0/System.Runtime.dll /reference:/usr/share/dotnet/packs/Microsoft.NETCore.App.Ref/9.0.4/ref/net9.0/System.Runtime.Extensions.dll /reference:/usr/share/dotnet/packs/Microsoft.NETCore.App.Ref/9.0.4/ref/net9.0/System.Runtime.Handles.dll /reference:/usr/share/dotnet/packs/Microsoft.NETCore.App.Ref/9.0.4/ref/net9.0/System.Runtime.InteropServices.dll /reference:/usr/share/dotnet/packs/Microsoft.NETCore.App.Ref/9.0.4/ref/net9.0/System.Runtime.InteropServices.JavaScript.dll /reference:/usr/share/dotnet/packs/Microsoft.NETCore.App.Ref/9.0.4/ref/net9.0/System.Runtime.InteropServices.RuntimeInformation.dll /reference:/usr/share/dotnet/packs/Microsoft.NETCore.App.Ref/9.0.4/ref/net9.0/System.Runtime.Intrinsics.dll /reference:/usr/share/dotnet/packs/Microsoft.NETCore.App.Ref/9.0.4/ref/net9.0/System.Runtime.Loader.dll /reference:/usr/share/dotnet/packs/Microsoft.NETCore.App.Ref/9.0.4/ref/net9.0/System.Runtime.Numerics.dll /reference:/usr/share/dotnet/packs/Microsoft.NETCore.App.Ref/9.0.4/ref/net9.0/System.Runtime.Serialization.dll /reference:/usr/share/dotnet/packs/Microsoft.NETCore.App.Ref/9.0.4/ref/net9.0/System.Runtime.Serialization.Formatters.dll /reference:/usr/share/dotnet/packs/Microsoft.NETCore.App.Ref/9.0.4/ref/net9.0/System.Runtime.Serialization.Json.dll /reference:/usr/share/dotnet/packs/Microsoft.NETCore.App.Ref/9.0.4/ref/net9.0/System.Runtime.Serialization.Primitives.dll /reference:/usr/share/dotnet/packs/Microsoft.NETCore.App.Ref/9.0.4/ref/net9.0/System.Runtime.Serialization.Xml.dll /reference:/usr/share/dotnet/packs/Microsoft.NETCore.App.Ref/9.0.4/ref/net9.0/System.Security.AccessControl.dll /reference:/usr/share/dotnet/packs/Microsoft.NETCore.App.Ref/9.0.4/ref/net9.0/System.Security.Claims.dll /reference:/usr/share/dotnet/packs/Microsoft.NETCore.App.Ref/9.0.4/ref/net9.0/System.Security.Cryptography.Algorithms.dll /reference:/usr/share/dotnet/packs/Microsoft.NETCore.App.Ref/9.0.4/ref/net9.0/System.Security.Cryptography.Cng.dll /reference:/usr/share/dotnet/packs/Microsoft.NETCore.App.Ref/9.0.4/ref/net9.0/System.Security.Cryptography.Csp.dll /reference:/usr/share/dotnet/packs/Microsoft.NETCore.App.Ref/9.0.4/ref/net9.0/System.Security.Cryptography.dll /reference:/usr/share/dotnet/packs/Microsoft.NETCore.App.Ref/9.0.4/ref/net9.0/System.Security.Cryptography.Encoding.dll /reference:/usr/share/dotnet/packs/Microsoft.NETCore.App.Ref/9.0.4/ref/net9.0/System.Security.Cryptography.OpenSsl.dll /reference:/usr/share/dotnet/packs/Microsoft.NETCore.App.Ref/9.0.4/ref/net9.0/System.Security.Cryptography.Primitives.dll /reference:/home/quinngil/.nuget/packages/system.security.cryptography.protecteddata/6.0.0/lib/net6.0/System.Security.Cryptography.ProtectedData.dll /reference:/usr/share/dotnet/packs/Microsoft.NETCore.App.Ref/9.0.4/ref/net9.0/System.Security.Cryptography.X509Certificates.dll /reference:/usr/share/dotnet/packs/Microsoft.NETCore.App.Ref/9.0.4/ref/net9.0/System.Security.dll /reference:/home/quinngil/.nuget/packages/system.security.permissions/6.0.0/lib/net6.0/System.Security.Permissions.dll /reference:/usr/share/dotnet/packs/Microsoft.NETCore.App.Ref/9.0.4/ref/net9.0/System.Security.Principal.dll /reference:/usr/share/dotnet/packs/Microsoft.NETCore.App.Ref/9.0.4/ref/net9.0/System.Security.Principal.Windows.dll /reference:/usr/share/dotnet/packs/Microsoft.NETCore.App.Ref/9.0.4/ref/net9.0/System.Security.SecureString.dll /reference:/usr/share/dotnet/packs/Microsoft.NETCore.App.Ref/9.0.4/ref/net9.0/System.ServiceModel.Web.dll /reference:/usr/share/dotnet/packs/Microsoft.NETCore.App.Ref/9.0.4/ref/net9.0/System.ServiceProcess.dll /reference:/usr/share/dotnet/packs/Microsoft.NETCore.App.Ref/9.0.4/ref/net9.0/System.Text.Encoding.CodePages.dll /reference:/usr/share/dotnet/packs/Microsoft.NETCore.App.Ref/9.0.4/ref/net9.0/System.Text.Encoding.dll /reference:/usr/share/dotnet/packs/Microsoft.NETCore.App.Ref/9.0.4/ref/net9.0/System.Text.Encoding.Extensions.dll /reference:/usr/share/dotnet/packs/Microsoft.NETCore.App.Ref/9.0.4/ref/net9.0/System.Text.Encodings.Web.dll /reference:/home/quinngil/.nuget/packages/system.text.json/9.0.8/lib/net9.0/System.Text.Json.dll /reference:/usr/share/dotnet/packs/Microsoft.NETCore.App.Ref/9.0.4/ref/net9.0/System.Text.RegularExpressions.dll /reference:/usr/share/dotnet/packs/Microsoft.NETCore.App.Ref/9.0.4/ref/net9.0/System.Threading.Channels.dll /reference:/usr/share/dotnet/packs/Microsoft.NETCore.App.Ref/9.0.4/ref/net9.0/System.Threading.dll /reference:/usr/share/dotnet/packs/Microsoft.NETCore.App.Ref/9.0.4/ref/net9.0/System.Threading.Overlapped.dll /reference:/usr/share/dotnet/packs/Microsoft.NETCore.App.Ref/9.0.4/ref/net9.0/System.Threading.Tasks.Dataflow.dll /reference:/usr/share/dotnet/packs/Microsoft.NETCore.App.Ref/9.0.4/ref/net9.0/System.Threading.Tasks.dll /reference:/usr/share/dotnet/packs/Microsoft.NETCore.App.Ref/9.0.4/ref/net9.0/System.Threading.Tasks.Extensions.dll /reference:/usr/share/dotnet/packs/Microsoft.NETCore.App.Ref/9.0.4/ref/net9.0/System.Threading.Tasks.Parallel.dll /reference:/usr/share/dotnet/packs/Microsoft.NETCore.App.Ref/9.0.4/ref/net9.0/System.Threading.Thread.dll /reference:/usr/share/dotnet/packs/Microsoft.NETCore.App.Ref/9.0.4/ref/net9.0/System.Threading.ThreadPool.dll /reference:/usr/share/dotnet/packs/Microsoft.NETCore.App.Ref/9.0.4/ref/net9.0/System.Threading.Timer.dll /reference:/usr/share/dotnet/packs/Microsoft.NETCore.App.Ref/9.0.4/ref/net9.0/System.Transactions.dll /reference:/usr/share/dotnet/packs/Microsoft.NETCore.App.Ref/9.0.4/ref/net9.0/System.Transactions.Local.dll /reference:/usr/share/dotnet/packs/Microsoft.NETCore.App.Ref/9.0.4/ref/net9.0/System.ValueTuple.dll /reference:/usr/share/dotnet/packs/Microsoft.NETCore.App.Ref/9.0.4/ref/net9.0/System.Web.dll /reference:/usr/share/dotnet/packs/Microsoft.NETCore.App.Ref/9.0.4/ref/net9.0/System.Web.HttpUtility.dll /reference:/usr/share/dotnet/packs/Microsoft.NETCore.App.Ref/9.0.4/ref/net9.0/System.Windows.dll /reference:/home/quinngil/.nuget/packages/system.windows.extensions/6.0.0/lib/net6.0/System.Windows.Extensions.dll /reference:/usr/share/dotnet/packs/Microsoft.NETCore.App.Ref/9.0.4/ref/net9.0/System.Xml.dll /reference:/usr/share/dotnet/packs/Microsoft.NETCore.App.Ref/9.0.4/ref/net9.0/System.Xml.Linq.dll /reference:/usr/share/dotnet/packs/Microsoft.NETCore.App.Ref/9.0.4/ref/net9.0/System.Xml.ReaderWriter.dll /reference:/usr/share/dotnet/packs/Microsoft.NETCore.App.Ref/9.0.4/ref/net9.0/System.Xml.Serialization.dll /reference:/usr/share/dotnet/packs/Microsoft.NETCore.App.Ref/9.0.4/ref/net9.0/System.Xml.XDocument.dll /reference:/usr/share/dotnet/packs/Microsoft.NETCore.App.Ref/9.0.4/ref/net9.0/System.Xml.XmlDocument.dll /reference:/usr/share/dotnet/packs/Microsoft.NETCore.App.Ref/9.0.4/ref/net9.0/System.Xml.XmlSerializer.dll /reference:/usr/share/dotnet/packs/Microsoft.NETCore.App.Ref/9.0.4/ref/net9.0/System.Xml.XPath.dll /reference:/usr/share/dotnet/packs/Microsoft.NETCore.App.Ref/9.0.4/ref/net9.0/System.Xml.XPath.XDocument.dll /reference:/usr/share/dotnet/packs/Microsoft.NETCore.App.Ref/9.0.4/ref/net9.0/WindowsBase.dll /debug- /debug:portable /filealign:512 /optimize+ /out:obj/Release/net9.0/Lib.Domain.User.dll /refout:obj/Release/net9.0/refint/Lib.Domain.User.dll /reportanalyzer /target:library /warnaserror+ /utf8output /deterministic+ /sourcelink:obj/Release/net9.0/Lib.Domain.User.sourcelink.json /langversion:latest /features:strict /embed:"obj/Release/net9.0/.NETCoreApp,Version=v9.0.AssemblyAttributes.cs" /embed:obj/Release/net9.0/Lib.Domain.User.AssemblyInfo.cs /analyzerconfig:/mnt/d/src/MtgDiscoveryVibeWorkspace/IMPLS/src/.editorconfig /analyzerconfig:obj/Release/net9.0/Lib.Domain.User.GeneratedMSBuildEditorConfig.editorconfig /analyzerconfig:/usr/share/dotnet/sdk/9.0.203/Sdks/Microsoft.NET.Sdk/analyzers/build/config/analysislevel_9_all_warnaserror.globalconfig /analyzer:/usr/share/dotnet/sdk/9.0.203/Sdks/Microsoft.NET.Sdk/targets/../analyzers/Microsoft.CodeAnalysis.CSharp.NetAnalyzers.dll /analyzer:/usr/share/dotnet/sdk/9.0.203/Sdks/Microsoft.NET.Sdk/targets/../analyzers/Microsoft.CodeAnalysis.NetAnalyzers.dll /analyzer:/usr/share/dotnet/sdk/9.0.203/Sdks/Microsoft.NET.Sdk/targets/../codestyle/cs/Microsoft.CodeAnalysis.CodeStyle.dll /analyzer:/usr/share/dotnet/sdk/9.0.203/Sdks/Microsoft.NET.Sdk/targets/../codestyle/cs/Microsoft.CodeAnalysis.CodeStyle.Fixes.dll /analyzer:/usr/share/dotnet/sdk/9.0.203/Sdks/Microsoft.NET.Sdk/targets/../codestyle/cs/Microsoft.CodeAnalysis.CSharp.CodeStyle.dll /analyzer:/usr/share/dotnet/sdk/9.0.203/Sdks/Microsoft.NET.Sdk/targets/../codestyle/cs/Microsoft.CodeAnalysis.CSharp.CodeStyle.Fixes.dll /analyzer:/home/quinngil/.nuget/packages/microsoft.codeanalysis.bannedapianalyzers/4.14.0/analyzers/dotnet/cs/Microsoft.CodeAnalysis.BannedApiAnalyzers.dll /analyzer:/home/quinngil/.nuget/packages/microsoft.codeanalysis.bannedapianalyzers/4.14.0/analyzers/dotnet/cs/Microsoft.CodeAnalysis.CSharp.BannedApiAnalyzers.dll /analyzer:/home/quinngil/.nuget/packages/microsoft.extensions.logging.abstractions/9.0.0/analyzers/dotnet/roslyn4.4/cs/Microsoft.Extensions.Logging.Generators.dll /analyzer:/home/quinngil/.nuget/packages/microsoft.extensions.options/9.0.0/analyzers/dotnet/roslyn4.4/cs/Microsoft.Extensions.Options.SourceGeneration.dll /analyzer:/home/quinngil/.nuget/packages/system.clientmodel/1.5.1/analyzers/dotnet/cs/System.ClientModel.SourceGeneration.dll /analyzer:/home/quinngil/.nuget/packages/system.text.json/9.0.8/analyzers/dotnet/roslyn4.4/cs/System.Text.Json.SourceGeneration.dll /analyzer:/usr/share/dotnet/packs/Microsoft.NETCore.App.Ref/9.0.4/analyzers/dotnet/cs/Microsoft.Interop.ComInterfaceGenerator.dll /analyzer:/usr/share/dotnet/packs/Microsoft.NETCore.App.Ref/9.0.4/analyzers/dotnet/cs/Microsoft.Interop.JavaScript.JSImportGenerator.dll /analyzer:/usr/share/dotnet/packs/Microsoft.NETCore.App.Ref/9.0.4/analyzers/dotnet/cs/Microsoft.Interop.LibraryImportGenerator.dll /analyzer:/usr/share/dotnet/packs/Microsoft.NETCore.App.Ref/9.0.4/analyzers/dotnet/cs/Microsoft.Interop.SourceGeneration.dll /analyzer:/usr/share/dotnet/packs/Microsoft.NETCore.App.Ref/9.0.4/analyzers/dotnet/cs/System.Text.RegularExpressions.Generator.dll /additionalfile:/mnt/d/src/MtgDiscoveryVibeWorkspace/IMPLS/src/BannedSymbols.txt /additionalfile:/mnt/d/src/MtgDiscoveryVibeWorkspace/IMPLS/src/.editorconfig Apis/IUserDomainService.cs Apis/UserDomainService.cs "obj/Release/net9.0/.NETCoreApp,Version=v9.0.AssemblyAttributes.cs" obj/Release/net9.0/Lib.Domain.User.AssemblyInfo.cs /warnaserror+:NU1605,SYSLIB0011
         CompilerServer: server - server processed compilation - Lib.Domain.User (net9.0)
       _CopyFilesMarkedCopyLocal:
         Copying file from "/mnt/d/src/MtgDiscoveryVibeWorkspace/IMPLS/src/Lib.Adapter.Scryfall.Cosmos/bin/Release/net9.0/Lib.Adapter.Scryfall.Cosmos.dll" to "/mnt/d/src/MtgDiscoveryVibeWorkspace/IMPLS/src/Lib.Domain.User/bin/Release/net9.0/Lib.Adapter.Scryfall.Cosmos.dll".
         Copying file from "/mnt/d/src/MtgDiscoveryVibeWorkspace/IMPLS/src/Lib.Aggregator.User/bin/Release/net9.0/Lib.Aggregator.User.dll" to "/mnt/d/src/MtgDiscoveryVibeWorkspace/IMPLS/src/Lib.Domain.User/bin/Release/net9.0/Lib.Aggregator.User.dll".
         Copying file from "/mnt/d/src/MtgDiscoveryVibeWorkspace/IMPLS/src/Lib.Aggregator.Scryfall.Shared/bin/Release/net9.0/Lib.Aggregator.Scryfall.Shared.dll" to "/mnt/d/src/MtgDiscoveryVibeWorkspace/IMPLS/src/Lib.Domain.User/bin/Release/net9.0/Lib.Aggregator.Scryfall.Shared.dll".
         Copying file from "/mnt/d/src/MtgDiscoveryVibeWorkspace/IMPLS/src/Lib.Cosmos/bin/Release/net9.0/Lib.Cosmos.dll" to "/mnt/d/src/MtgDiscoveryVibeWorkspace/IMPLS/src/Lib.Domain.User/bin/Release/net9.0/Lib.Cosmos.dll".
         Copying file from "/mnt/d/src/MtgDiscoveryVibeWorkspace/IMPLS/src/Lib.Adapter.User/bin/Release/net9.0/Lib.Adapter.User.dll" to "/mnt/d/src/MtgDiscoveryVibeWorkspace/IMPLS/src/Lib.Domain.User/bin/Release/net9.0/Lib.Adapter.User.dll".
         Copying file from "/mnt/d/src/MtgDiscoveryVibeWorkspace/IMPLS/src/Lib.Scryfall.Shared/bin/Release/net9.0/Lib.Scryfall.Shared.dll" to "/mnt/d/src/MtgDiscoveryVibeWorkspace/IMPLS/src/Lib.Domain.User/bin/Release/net9.0/Lib.Scryfall.Shared.dll".
   1:2>Project "/mnt/d/src/MtgDiscoveryVibeWorkspace/IMPLS/src/MtgDiscoveryVibe.sln" (1:2) is building "/mnt/d/src/MtgDiscoveryVibeWorkspace/IMPLS/src/Lib.Domain.Artists/Lib.Domain.Artists.csproj" (28:7) on node 13 (default targets).
    28>GenerateTargetFrameworkMonikerAttribute:
       Skipping target "GenerateTargetFrameworkMonikerAttribute" because all output files are up-to-date with respect to the input files.
    29>_CopyFilesMarkedCopyLocal:
         Copying file from "/mnt/d/src/MtgDiscoveryVibeWorkspace/IMPLS/src/Lib.Shared.DataModels/bin/Release/net9.0/Lib.Shared.DataModels.dll" to "/mnt/d/src/MtgDiscoveryVibeWorkspace/IMPLS/src/Lib.Domain.User/bin/Release/net9.0/Lib.Shared.DataModels.dll".
         Copying file from "/mnt/d/src/MtgDiscoveryVibeWorkspace/IMPLS/src/Lib.Shared.Invocation/bin/Release/net9.0/Lib.Shared.Invocation.dll" to "/mnt/d/src/MtgDiscoveryVibeWorkspace/IMPLS/src/Lib.Domain.User/bin/Release/net9.0/Lib.Shared.Invocation.dll".
         Copying file from "/mnt/d/src/MtgDiscoveryVibeWorkspace/IMPLS/src/Lib.Shared.Abstractions/bin/Release/net9.0/Lib.Shared.Abstractions.dll" to "/mnt/d/src/MtgDiscoveryVibeWorkspace/IMPLS/src/Lib.Domain.User/bin/Release/net9.0/Lib.Shared.Abstractions.dll".
         Copying file from "/mnt/d/src/MtgDiscoveryVibeWorkspace/IMPLS/src/Lib.Shared.DataModels/bin/Release/net9.0/Lib.Shared.DataModels.pdb" to "/mnt/d/src/MtgDiscoveryVibeWorkspace/IMPLS/src/Lib.Domain.User/bin/Release/net9.0/Lib.Shared.DataModels.pdb".
         Copying file from "/mnt/d/src/MtgDiscoveryVibeWorkspace/IMPLS/src/Lib.Shared.Invocation/bin/Release/net9.0/Lib.Shared.Invocation.pdb" to "/mnt/d/src/MtgDiscoveryVibeWorkspace/IMPLS/src/Lib.Domain.User/bin/Release/net9.0/Lib.Shared.Invocation.pdb".
         Copying file from "/mnt/d/src/MtgDiscoveryVibeWorkspace/IMPLS/src/Lib.Universal/bin/Release/net9.0/Lib.Universal.dll" to "/mnt/d/src/MtgDiscoveryVibeWorkspace/IMPLS/src/Lib.Domain.User/bin/Release/net9.0/Lib.Universal.dll".
         Copying file from "/mnt/d/src/MtgDiscoveryVibeWorkspace/IMPLS/src/Lib.Aggregator.User/bin/Release/net9.0/Lib.Aggregator.User.pdb" to "/mnt/d/src/MtgDiscoveryVibeWorkspace/IMPLS/src/Lib.Domain.User/bin/Release/net9.0/Lib.Aggregator.User.pdb".
         Copying file from "/mnt/d/src/MtgDiscoveryVibeWorkspace/IMPLS/src/Lib.Adapter.Scryfall.Cosmos/bin/Release/net9.0/Lib.Adapter.Scryfall.Cosmos.pdb" to "/mnt/d/src/MtgDiscoveryVibeWorkspace/IMPLS/src/Lib.Domain.User/bin/Release/net9.0/Lib.Adapter.Scryfall.Cosmos.pdb".
         Copying file from "/mnt/d/src/MtgDiscoveryVibeWorkspace/IMPLS/src/Lib.Adapter.User/bin/Release/net9.0/Lib.Adapter.User.pdb" to "/mnt/d/src/MtgDiscoveryVibeWorkspace/IMPLS/src/Lib.Domain.User/bin/Release/net9.0/Lib.Adapter.User.pdb".
         Copying file from "/mnt/d/src/MtgDiscoveryVibeWorkspace/IMPLS/src/Lib.Aggregator.Scryfall.Shared/bin/Release/net9.0/Lib.Aggregator.Scryfall.Shared.pdb" to "/mnt/d/src/MtgDiscoveryVibeWorkspace/IMPLS/src/Lib.Domain.User/bin/Release/net9.0/Lib.Aggregator.Scryfall.Shared.pdb".
         Copying file from "/mnt/d/src/MtgDiscoveryVibeWorkspace/IMPLS/src/Lib.Cosmos/bin/Release/net9.0/Lib.Cosmos.pdb" to "/mnt/d/src/MtgDiscoveryVibeWorkspace/IMPLS/src/Lib.Domain.User/bin/Release/net9.0/Lib.Cosmos.pdb".
         Copying file from "/mnt/d/src/MtgDiscoveryVibeWorkspace/IMPLS/src/Lib.Scryfall.Shared/bin/Release/net9.0/Lib.Scryfall.Shared.pdb" to "/mnt/d/src/MtgDiscoveryVibeWorkspace/IMPLS/src/Lib.Domain.User/bin/Release/net9.0/Lib.Scryfall.Shared.pdb".
         Copying file from "/mnt/d/src/MtgDiscoveryVibeWorkspace/IMPLS/src/Lib.Shared.Abstractions/bin/Release/net9.0/Lib.Shared.Abstractions.pdb" to "/mnt/d/src/MtgDiscoveryVibeWorkspace/IMPLS/src/Lib.Domain.User/bin/Release/net9.0/Lib.Shared.Abstractions.pdb".
         Copying file from "/mnt/d/src/MtgDiscoveryVibeWorkspace/IMPLS/src/Lib.Universal/bin/Release/net9.0/Lib.Universal.pdb" to "/mnt/d/src/MtgDiscoveryVibeWorkspace/IMPLS/src/Lib.Domain.User/bin/Release/net9.0/Lib.Universal.pdb".
         Touching "/mnt/d/src/MtgDiscoveryVibeWorkspace/IMPLS/src/Lib.Domain.User/obj/Release/net9.0/Lib.Doma.759804D9.Up2Date".
    28>CoreGenerateAssemblyInfo:
         Could not infer the type of parameter "#1" because the attribute type is unknown. The value will be treated as a string.
         Could not infer the type of parameter "#1" because the attribute type is unknown. The value will be treated as a string.
   1:2>Project "/mnt/d/src/MtgDiscoveryVibeWorkspace/IMPLS/src/MtgDiscoveryVibe.sln" (1:2) is building "/mnt/d/src/MtgDiscoveryVibeWorkspace/IMPLS/src/Lib.Domain.Cards/Lib.Domain.Cards.csproj" (16:7) on node 2 (default targets).
    16>GenerateTargetFrameworkMonikerAttribute:
       Skipping target "GenerateTargetFrameworkMonikerAttribute" because all output files are up-to-date with respect to the input files.
    29>_CopyOutOfDateSourceItemsToOutputDirectory:
       Skipping target "_CopyOutOfDateSourceItemsToOutputDirectory" because all output files are up-to-date with respect to the input files.
    16>CoreGenerateAssemblyInfo:
         Could not infer the type of parameter "#1" because the attribute type is unknown. The value will be treated as a string.
         Could not infer the type of parameter "#1" because the attribute type is unknown. The value will be treated as a string.
    28>_GenerateSourceLinkFile:
         Updating Source Link file 'obj/Release/net9.0/Lib.Domain.Artists.sourcelink.json'.
    16>_GenerateSourceLinkFile:
         Updating Source Link file 'obj/Release/net9.0/Lib.Domain.Cards.sourcelink.json'.
    28>CoreCompile:
         /usr/share/dotnet/dotnet exec "/usr/share/dotnet/sdk/9.0.203/Roslyn/bincore/csc.dll" /noconfig /unsafe- /checked- /nowarn:IDE0290,IDE2001,IDE0005,IDE0046,CA1716,CA1040,CA1056,1701,1702 /fullpaths /nostdlib+ /errorreport:prompt /warn:9 /define:TRACE;RELEASE;NET;NET9_0;NETCOREAPP;NET5_0_OR_GREATER;NET6_0_OR_GREATER;NET7_0_OR_GREATER;NET8_0_OR_GREATER;NET9_0_OR_GREATER;NETCOREAPP1_0_OR_GREATER;NETCOREAPP1_1_OR_GREATER;NETCOREAPP2_0_OR_GREATER;NETCOREAPP2_1_OR_GREATER;NETCOREAPP2_2_OR_GREATER;NETCOREAPP3_0_OR_GREATER;NETCOREAPP3_1_OR_GREATER /highentropyva+ /nullable:warnings /reference:/home/quinngil/.nuget/packages/azure.core/1.47.1/lib/net8.0/Azure.Core.dll /reference:/home/quinngil/.nuget/packages/azure.resourcemanager.authorization/1.1.5/lib/net8.0/Azure.ResourceManager.Authorization.dll /reference:/home/quinngil/.nuget/packages/azure.resourcemanager.cosmosdb/1.3.2/lib/netstandard2.0/Azure.ResourceManager.CosmosDB.dll /reference:/home/quinngil/.nuget/packages/azure.resourcemanager/1.13.2/lib/net8.0/Azure.ResourceManager.dll /reference:/mnt/d/src/MtgDiscoveryVibeWorkspace/IMPLS/src/Lib.Adapter.Artists/obj/Release/net9.0/ref/Lib.Adapter.Artists.dll /reference:/mnt/d/src/MtgDiscoveryVibeWorkspace/IMPLS/src/Lib.Adapter.Scryfall.Cosmos/obj/Release/net9.0/ref/Lib.Adapter.Scryfall.Cosmos.dll /reference:/mnt/d/src/MtgDiscoveryVibeWorkspace/IMPLS/src/Lib.Aggregator.Artists/obj/Release/net9.0/ref/Lib.Aggregator.Artists.dll /reference:/mnt/d/src/MtgDiscoveryVibeWorkspace/IMPLS/src/Lib.Aggregator.Scryfall.Shared/obj/Release/net9.0/ref/Lib.Aggregator.Scryfall.Shared.dll /reference:/mnt/d/src/MtgDiscoveryVibeWorkspace/IMPLS/src/Lib.Cosmos/obj/Release/net9.0/ref/Lib.Cosmos.dll /reference:/mnt/d/src/MtgDiscoveryVibeWorkspace/IMPLS/src/Lib.Scryfall.Shared/obj/Release/net9.0/ref/Lib.Scryfall.Shared.dll /reference:/mnt/d/src/MtgDiscoveryVibeWorkspace/IMPLS/src/Lib.Shared.Abstractions/obj/Release/net9.0/ref/Lib.Shared.Abstractions.dll /reference:/mnt/d/src/MtgDiscoveryVibeWorkspace/IMPLS/src/Lib.Shared.DataModels/obj/Release/net9.0/ref/Lib.Shared.DataModels.dll /reference:/mnt/d/src/MtgDiscoveryVibeWorkspace/IMPLS/src/Lib.Shared.Invocation/obj/Release/net9.0/ref/Lib.Shared.Invocation.dll /reference:/mnt/d/src/MtgDiscoveryVibeWorkspace/IMPLS/src/Lib.Universal/obj/Release/net9.0/ref/Lib.Universal.dll /reference:/home/quinngil/.nuget/packages/microsoft.azure.cosmos/3.52.1/lib/netstandard2.0/Microsoft.Azure.Cosmos.Client.dll /reference:/home/quinngil/.nuget/packages/microsoft.azure.cosmos/3.52.1/lib/netstandard2.0/Microsoft.Azure.Cosmos.Core.dll /reference:/home/quinngil/.nuget/packages/microsoft.azure.cosmos/3.52.1/lib/netstandard2.0/Microsoft.Azure.Cosmos.Direct.dll /reference:/home/quinngil/.nuget/packages/microsoft.azure.cosmos/3.52.1/lib/netstandard2.0/Microsoft.Azure.Cosmos.Serialization.HybridRow.dll /reference:/home/quinngil/.nuget/packages/microsoft.bcl.asyncinterfaces/8.0.0/lib/netstandard2.1/Microsoft.Bcl.AsyncInterfaces.dll /reference:/home/quinngil/.nuget/packages/microsoft.bcl.hashcode/1.1.0/ref/netcoreapp2.1/Microsoft.Bcl.HashCode.dll /reference:/usr/share/dotnet/packs/Microsoft.NETCore.App.Ref/9.0.4/ref/net9.0/Microsoft.CSharp.dll /reference:/home/quinngil/.nuget/packages/microsoft.extensions.caching.abstractions/9.0.0/lib/net9.0/Microsoft.Extensions.Caching.Abstractions.dll /reference:/home/quinngil/.nuget/packages/microsoft.extensions.caching.memory/9.0.0/lib/net9.0/Microsoft.Extensions.Caching.Memory.dll /reference:/home/quinngil/.nuget/packages/microsoft.extensions.configuration.abstractions/9.0.5/lib/net9.0/Microsoft.Extensions.Configuration.Abstractions.dll /reference:/home/quinngil/.nuget/packages/microsoft.extensions.dependencyinjection.abstractions/9.0.0/lib/net9.0/Microsoft.Extensions.DependencyInjection.Abstractions.dll /reference:/home/quinngil/.nuget/packages/microsoft.extensions.logging.abstractions/9.0.0/lib/net9.0/Microsoft.Extensions.Logging.Abstractions.dll /reference:/home/quinngil/.nuget/packages/microsoft.extensions.options/9.0.0/lib/net9.0/Microsoft.Extensions.Options.dll /reference:/home/quinngil/.nuget/packages/microsoft.extensions.primitives/9.0.5/lib/net9.0/Microsoft.Extensions.Primitives.dll /reference:/home/quinngil/.nuget/packages/microsoft.identitymodel.abstractions/8.0.1/lib/net9.0/Microsoft.IdentityModel.Abstractions.dll /reference:/home/quinngil/.nuget/packages/microsoft.identitymodel.jsonwebtokens/8.0.1/lib/net9.0/Microsoft.IdentityModel.JsonWebTokens.dll /reference:/home/quinngil/.nuget/packages/microsoft.identitymodel.logging/8.0.1/lib/net9.0/Microsoft.IdentityModel.Logging.dll /reference:/home/quinngil/.nuget/packages/microsoft.identitymodel.tokens/8.0.1/lib/net9.0/Microsoft.IdentityModel.Tokens.dll /reference:/usr/share/dotnet/packs/Microsoft.NETCore.App.Ref/9.0.4/ref/net9.0/Microsoft.VisualBasic.Core.dll /reference:/usr/share/dotnet/packs/Microsoft.NETCore.App.Ref/9.0.4/ref/net9.0/Microsoft.VisualBasic.dll /reference:/usr/share/dotnet/packs/Microsoft.NETCore.App.Ref/9.0.4/ref/net9.0/Microsoft.Win32.Primitives.dll /reference:/usr/share/dotnet/packs/Microsoft.NETCore.App.Ref/9.0.4/ref/net9.0/Microsoft.Win32.Registry.dll /reference:/home/quinngil/.nuget/packages/microsoft.win32.systemevents/6.0.0/lib/net6.0/Microsoft.Win32.SystemEvents.dll /reference:/usr/share/dotnet/packs/Microsoft.NETCore.App.Ref/9.0.4/ref/net9.0/mscorlib.dll /reference:/usr/share/dotnet/packs/Microsoft.NETCore.App.Ref/9.0.4/ref/net9.0/netstandard.dll /reference:/home/quinngil/.nuget/packages/newtonsoft.json/13.0.3/lib/net6.0/Newtonsoft.Json.dll /reference:/usr/share/dotnet/packs/Microsoft.NETCore.App.Ref/9.0.4/ref/net9.0/System.AppContext.dll /reference:/usr/share/dotnet/packs/Microsoft.NETCore.App.Ref/9.0.4/ref/net9.0/System.Buffers.dll /reference:/home/quinngil/.nuget/packages/system.clientmodel/1.5.1/lib/net8.0/System.ClientModel.dll /reference:/usr/share/dotnet/packs/Microsoft.NETCore.App.Ref/9.0.4/ref/net9.0/System.Collections.Concurrent.dll /reference:/usr/share/dotnet/packs/Microsoft.NETCore.App.Ref/9.0.4/ref/net9.0/System.Collections.dll /reference:/usr/share/dotnet/packs/Microsoft.NETCore.App.Ref/9.0.4/ref/net9.0/System.Collections.Immutable.dll /reference:/usr/share/dotnet/packs/Microsoft.NETCore.App.Ref/9.0.4/ref/net9.0/System.Collections.NonGeneric.dll /reference:/usr/share/dotnet/packs/Microsoft.NETCore.App.Ref/9.0.4/ref/net9.0/System.Collections.Specialized.dll /reference:/usr/share/dotnet/packs/Microsoft.NETCore.App.Ref/9.0.4/ref/net9.0/System.ComponentModel.Annotations.dll /reference:/usr/share/dotnet/packs/Microsoft.NETCore.App.Ref/9.0.4/ref/net9.0/System.ComponentModel.DataAnnotations.dll /reference:/usr/share/dotnet/packs/Microsoft.NETCore.App.Ref/9.0.4/ref/net9.0/System.ComponentModel.dll /reference:/usr/share/dotnet/packs/Microsoft.NETCore.App.Ref/9.0.4/ref/net9.0/System.ComponentModel.EventBasedAsync.dll /reference:/usr/share/dotnet/packs/Microsoft.NETCore.App.Ref/9.0.4/ref/net9.0/System.ComponentModel.Primitives.dll /reference:/usr/share/dotnet/packs/Microsoft.NETCore.App.Ref/9.0.4/ref/net9.0/System.ComponentModel.TypeConverter.dll /reference:/home/quinngil/.nuget/packages/system.configuration.configurationmanager/6.0.0/lib/net6.0/System.Configuration.ConfigurationManager.dll /reference:/usr/share/dotnet/packs/Microsoft.NETCore.App.Ref/9.0.4/ref/net9.0/System.Configuration.dll /reference:/usr/share/dotnet/packs/Microsoft.NETCore.App.Ref/9.0.4/ref/net9.0/System.Console.dll /reference:/usr/share/dotnet/packs/Microsoft.NETCore.App.Ref/9.0.4/ref/net9.0/System.Core.dll /reference:/usr/share/dotnet/packs/Microsoft.NETCore.App.Ref/9.0.4/ref/net9.0/System.Data.Common.dll /reference:/usr/share/dotnet/packs/Microsoft.NETCore.App.Ref/9.0.4/ref/net9.0/System.Data.DataSetExtensions.dll /reference:/usr/share/dotnet/packs/Microsoft.NETCore.App.Ref/9.0.4/ref/net9.0/System.Data.dll /reference:/usr/share/dotnet/packs/Microsoft.NETCore.App.Ref/9.0.4/ref/net9.0/System.Diagnostics.Contracts.dll /reference:/usr/share/dotnet/packs/Microsoft.NETCore.App.Ref/9.0.4/ref/net9.0/System.Diagnostics.Debug.dll /reference:/usr/share/dotnet/packs/Microsoft.NETCore.App.Ref/9.0.4/ref/net9.0/System.Diagnostics.DiagnosticSource.dll /reference:/usr/share/dotnet/packs/Microsoft.NETCore.App.Ref/9.0.4/ref/net9.0/System.Diagnostics.FileVersionInfo.dll /reference:/usr/share/dotnet/packs/Microsoft.NETCore.App.Ref/9.0.4/ref/net9.0/System.Diagnostics.Process.dll /reference:/usr/share/dotnet/packs/Microsoft.NETCore.App.Ref/9.0.4/ref/net9.0/System.Diagnostics.StackTrace.dll /reference:/usr/share/dotnet/packs/Microsoft.NETCore.App.Ref/9.0.4/ref/net9.0/System.Diagnostics.TextWriterTraceListener.dll /reference:/usr/share/dotnet/packs/Microsoft.NETCore.App.Ref/9.0.4/ref/net9.0/System.Diagnostics.Tools.dll /reference:/usr/share/dotnet/packs/Microsoft.NETCore.App.Ref/9.0.4/ref/net9.0/System.Diagnostics.TraceSource.dll /reference:/usr/share/dotnet/packs/Microsoft.NETCore.App.Ref/9.0.4/ref/net9.0/System.Diagnostics.Tracing.dll /reference:/usr/share/dotnet/packs/Microsoft.NETCore.App.Ref/9.0.4/ref/net9.0/System.dll /reference:/home/quinngil/.nuget/packages/system.drawing.common/6.0.0/lib/net6.0/System.Drawing.Common.dll /reference:/usr/share/dotnet/packs/Microsoft.NETCore.App.Ref/9.0.4/ref/net9.0/System.Drawing.dll /reference:/usr/share/dotnet/packs/Microsoft.NETCore.App.Ref/9.0.4/ref/net9.0/System.Drawing.Primitives.dll /reference:/usr/share/dotnet/packs/Microsoft.NETCore.App.Ref/9.0.4/ref/net9.0/System.Dynamic.Runtime.dll /reference:/usr/share/dotnet/packs/Microsoft.NETCore.App.Ref/9.0.4/ref/net9.0/System.Formats.Asn1.dll /reference:/usr/share/dotnet/packs/Microsoft.NETCore.App.Ref/9.0.4/ref/net9.0/System.Formats.Tar.dll /reference:/usr/share/dotnet/packs/Microsoft.NETCore.App.Ref/9.0.4/ref/net9.0/System.Globalization.Calendars.dll /reference:/usr/share/dotnet/packs/Microsoft.NETCore.App.Ref/9.0.4/ref/net9.0/System.Globalization.dll /reference:/usr/share/dotnet/packs/Microsoft.NETCore.App.Ref/9.0.4/ref/net9.0/System.Globalization.Extensions.dll /reference:/home/quinngil/.nuget/packages/system.identitymodel.tokens.jwt/8.0.1/lib/net9.0/System.IdentityModel.Tokens.Jwt.dll /reference:/usr/share/dotnet/packs/Microsoft.NETCore.App.Ref/9.0.4/ref/net9.0/System.IO.Compression.Brotli.dll /reference:/usr/share/dotnet/packs/Microsoft.NETCore.App.Ref/9.0.4/ref/net9.0/System.IO.Compression.dll /reference:/usr/share/dotnet/packs/Microsoft.NETCore.App.Ref/9.0.4/ref/net9.0/System.IO.Compression.FileSystem.dll /reference:/usr/share/dotnet/packs/Microsoft.NETCore.App.Ref/9.0.4/ref/net9.0/System.IO.Compression.ZipFile.dll /reference:/usr/share/dotnet/packs/Microsoft.NETCore.App.Ref/9.0.4/ref/net9.0/System.IO.dll /reference:/usr/share/dotnet/packs/Microsoft.NETCore.App.Ref/9.0.4/ref/net9.0/System.IO.FileSystem.AccessControl.dll /reference:/usr/share/dotnet/packs/Microsoft.NETCore.App.Ref/9.0.4/ref/net9.0/System.IO.FileSystem.dll /reference:/usr/share/dotnet/packs/Microsoft.NETCore.App.Ref/9.0.4/ref/net9.0/System.IO.FileSystem.DriveInfo.dll /reference:/usr/share/dotnet/packs/Microsoft.NETCore.App.Ref/9.0.4/ref/net9.0/System.IO.FileSystem.Primitives.dll /reference:/usr/share/dotnet/packs/Microsoft.NETCore.App.Ref/9.0.4/ref/net9.0/System.IO.FileSystem.Watcher.dll /reference:/usr/share/dotnet/packs/Microsoft.NETCore.App.Ref/9.0.4/ref/net9.0/System.IO.IsolatedStorage.dll /reference:/usr/share/dotnet/packs/Microsoft.NETCore.App.Ref/9.0.4/ref/net9.0/System.IO.MemoryMappedFiles.dll /reference:/usr/share/dotnet/packs/Microsoft.NETCore.App.Ref/9.0.4/ref/net9.0/System.IO.Pipelines.dll /reference:/usr/share/dotnet/packs/Microsoft.NETCore.App.Ref/9.0.4/ref/net9.0/System.IO.Pipes.AccessControl.dll /reference:/usr/share/dotnet/packs/Microsoft.NETCore.App.Ref/9.0.4/ref/net9.0/System.IO.Pipes.dll /reference:/usr/share/dotnet/packs/Microsoft.NETCore.App.Ref/9.0.4/ref/net9.0/System.IO.UnmanagedMemoryStream.dll /reference:/usr/share/dotnet/packs/Microsoft.NETCore.App.Ref/9.0.4/ref/net9.0/System.Linq.dll /reference:/usr/share/dotnet/packs/Microsoft.NETCore.App.Ref/9.0.4/ref/net9.0/System.Linq.Expressions.dll /reference:/usr/share/dotnet/packs/Microsoft.NETCore.App.Ref/9.0.4/ref/net9.0/System.Linq.Parallel.dll /reference:/usr/share/dotnet/packs/Microsoft.NETCore.App.Ref/9.0.4/ref/net9.0/System.Linq.Queryable.dll /reference:/home/quinngil/.nuget/packages/system.memory.data/8.0.1/lib/net8.0/System.Memory.Data.dll /reference:/usr/share/dotnet/packs/Microsoft.NETCore.App.Ref/9.0.4/ref/net9.0/System.Memory.dll /reference:/usr/share/dotnet/packs/Microsoft.NETCore.App.Ref/9.0.4/ref/net9.0/System.Net.dll /reference:/usr/share/dotnet/packs/Microsoft.NETCore.App.Ref/9.0.4/ref/net9.0/System.Net.Http.dll /reference:/usr/share/dotnet/packs/Microsoft.NETCore.App.Ref/9.0.4/ref/net9.0/System.Net.Http.Json.dll /reference:/usr/share/dotnet/packs/Microsoft.NETCore.App.Ref/9.0.4/ref/net9.0/System.Net.HttpListener.dll /reference:/usr/share/dotnet/packs/Microsoft.NETCore.App.Ref/9.0.4/ref/net9.0/System.Net.Mail.dll /reference:/usr/share/dotnet/packs/Microsoft.NETCore.App.Ref/9.0.4/ref/net9.0/System.Net.NameResolution.dll /reference:/usr/share/dotnet/packs/Microsoft.NETCore.App.Ref/9.0.4/ref/net9.0/System.Net.NetworkInformation.dll /reference:/usr/share/dotnet/packs/Microsoft.NETCore.App.Ref/9.0.4/ref/net9.0/System.Net.Ping.dll /reference:/usr/share/dotnet/packs/Microsoft.NETCore.App.Ref/9.0.4/ref/net9.0/System.Net.Primitives.dll /reference:/usr/share/dotnet/packs/Microsoft.NETCore.App.Ref/9.0.4/ref/net9.0/System.Net.Quic.dll /reference:/usr/share/dotnet/packs/Microsoft.NETCore.App.Ref/9.0.4/ref/net9.0/System.Net.Requests.dll /reference:/usr/share/dotnet/packs/Microsoft.NETCore.App.Ref/9.0.4/ref/net9.0/System.Net.Security.dll /reference:/usr/share/dotnet/packs/Microsoft.NETCore.App.Ref/9.0.4/ref/net9.0/System.Net.ServicePoint.dll /reference:/usr/share/dotnet/packs/Microsoft.NETCore.App.Ref/9.0.4/ref/net9.0/System.Net.Sockets.dll /reference:/usr/share/dotnet/packs/Microsoft.NETCore.App.Ref/9.0.4/ref/net9.0/System.Net.WebClient.dll /reference:/usr/share/dotnet/packs/Microsoft.NETCore.App.Ref/9.0.4/ref/net9.0/System.Net.WebHeaderCollection.dll /reference:/usr/share/dotnet/packs/Microsoft.NETCore.App.Ref/9.0.4/ref/net9.0/System.Net.WebProxy.dll /reference:/usr/share/dotnet/packs/Microsoft.NETCore.App.Ref/9.0.4/ref/net9.0/System.Net.WebSockets.Client.dll /reference:/usr/share/dotnet/packs/Microsoft.NETCore.App.Ref/9.0.4/ref/net9.0/System.Net.WebSockets.dll /reference:/usr/share/dotnet/packs/Microsoft.NETCore.App.Ref/9.0.4/ref/net9.0/System.Numerics.dll /reference:/usr/share/dotnet/packs/Microsoft.NETCore.App.Ref/9.0.4/ref/net9.0/System.Numerics.Vectors.dll /reference:/usr/share/dotnet/packs/Microsoft.NETCore.App.Ref/9.0.4/ref/net9.0/System.ObjectModel.dll /reference:/usr/share/dotnet/packs/Microsoft.NETCore.App.Ref/9.0.4/ref/net9.0/System.Reflection.DispatchProxy.dll /reference:/usr/share/dotnet/packs/Microsoft.NETCore.App.Ref/9.0.4/ref/net9.0/System.Reflection.dll /reference:/usr/share/dotnet/packs/Microsoft.NETCore.App.Ref/9.0.4/ref/net9.0/System.Reflection.Emit.dll /reference:/usr/share/dotnet/packs/Microsoft.NETCore.App.Ref/9.0.4/ref/net9.0/System.Reflection.Emit.ILGeneration.dll /reference:/usr/share/dotnet/packs/Microsoft.NETCore.App.Ref/9.0.4/ref/net9.0/System.Reflection.Emit.Lightweight.dll /reference:/usr/share/dotnet/packs/Microsoft.NETCore.App.Ref/9.0.4/ref/net9.0/System.Reflection.Extensions.dll /reference:/usr/share/dotnet/packs/Microsoft.NETCore.App.Ref/9.0.4/ref/net9.0/System.Reflection.Metadata.dll /reference:/usr/share/dotnet/packs/Microsoft.NETCore.App.Ref/9.0.4/ref/net9.0/System.Reflection.Primitives.dll /reference:/usr/share/dotnet/packs/Microsoft.NETCore.App.Ref/9.0.4/ref/net9.0/System.Reflection.TypeExtensions.dll /reference:/usr/share/dotnet/packs/Microsoft.NETCore.App.Ref/9.0.4/ref/net9.0/System.Resources.Reader.dll /reference:/usr/share/dotnet/packs/Microsoft.NETCore.App.Ref/9.0.4/ref/net9.0/System.Resources.ResourceManager.dll /reference:/usr/share/dotnet/packs/Microsoft.NETCore.App.Ref/9.0.4/ref/net9.0/System.Resources.Writer.dll /reference:/usr/share/dotnet/packs/Microsoft.NETCore.App.Ref/9.0.4/ref/net9.0/System.Runtime.CompilerServices.Unsafe.dll /reference:/usr/share/dotnet/packs/Microsoft.NETCore.App.Ref/9.0.4/ref/net9.0/System.Runtime.CompilerServices.VisualC.dll /reference:/usr/share/dotnet/packs/Microsoft.NETCore.App.Ref/9.0.4/ref/net9.0/System.Runtime.dll /reference:/usr/share/dotnet/packs/Microsoft.NETCore.App.Ref/9.0.4/ref/net9.0/System.Runtime.Extensions.dll /reference:/usr/share/dotnet/packs/Microsoft.NETCore.App.Ref/9.0.4/ref/net9.0/System.Runtime.Handles.dll /reference:/usr/share/dotnet/packs/Microsoft.NETCore.App.Ref/9.0.4/ref/net9.0/System.Runtime.InteropServices.dll /reference:/usr/share/dotnet/packs/Microsoft.NETCore.App.Ref/9.0.4/ref/net9.0/System.Runtime.InteropServices.JavaScript.dll /reference:/usr/share/dotnet/packs/Microsoft.NETCore.App.Ref/9.0.4/ref/net9.0/System.Runtime.InteropServices.RuntimeInformation.dll /reference:/usr/share/dotnet/packs/Microsoft.NETCore.App.Ref/9.0.4/ref/net9.0/System.Runtime.Intrinsics.dll /reference:/usr/share/dotnet/packs/Microsoft.NETCore.App.Ref/9.0.4/ref/net9.0/System.Runtime.Loader.dll /reference:/usr/share/dotnet/packs/Microsoft.NETCore.App.Ref/9.0.4/ref/net9.0/System.Runtime.Numerics.dll /reference:/usr/share/dotnet/packs/Microsoft.NETCore.App.Ref/9.0.4/ref/net9.0/System.Runtime.Serialization.dll /reference:/usr/share/dotnet/packs/Microsoft.NETCore.App.Ref/9.0.4/ref/net9.0/System.Runtime.Serialization.Formatters.dll /reference:/usr/share/dotnet/packs/Microsoft.NETCore.App.Ref/9.0.4/ref/net9.0/System.Runtime.Serialization.Json.dll /reference:/usr/share/dotnet/packs/Microsoft.NETCore.App.Ref/9.0.4/ref/net9.0/System.Runtime.Serialization.Primitives.dll /reference:/usr/share/dotnet/packs/Microsoft.NETCore.App.Ref/9.0.4/ref/net9.0/System.Runtime.Serialization.Xml.dll /reference:/usr/share/dotnet/packs/Microsoft.NETCore.App.Ref/9.0.4/ref/net9.0/System.Security.AccessControl.dll /reference:/usr/share/dotnet/packs/Microsoft.NETCore.App.Ref/9.0.4/ref/net9.0/System.Security.Claims.dll /reference:/usr/share/dotnet/packs/Microsoft.NETCore.App.Ref/9.0.4/ref/net9.0/System.Security.Cryptography.Algorithms.dll /reference:/usr/share/dotnet/packs/Microsoft.NETCore.App.Ref/9.0.4/ref/net9.0/System.Security.Cryptography.Cng.dll /reference:/usr/share/dotnet/packs/Microsoft.NETCore.App.Ref/9.0.4/ref/net9.0/System.Security.Cryptography.Csp.dll /reference:/usr/share/dotnet/packs/Microsoft.NETCore.App.Ref/9.0.4/ref/net9.0/System.Security.Cryptography.dll /reference:/usr/share/dotnet/packs/Microsoft.NETCore.App.Ref/9.0.4/ref/net9.0/System.Security.Cryptography.Encoding.dll /reference:/usr/share/dotnet/packs/Microsoft.NETCore.App.Ref/9.0.4/ref/net9.0/System.Security.Cryptography.OpenSsl.dll /reference:/usr/share/dotnet/packs/Microsoft.NETCore.App.Ref/9.0.4/ref/net9.0/System.Security.Cryptography.Primitives.dll /reference:/home/quinngil/.nuget/packages/system.security.cryptography.protecteddata/6.0.0/lib/net6.0/System.Security.Cryptography.ProtectedData.dll /reference:/usr/share/dotnet/packs/Microsoft.NETCore.App.Ref/9.0.4/ref/net9.0/System.Security.Cryptography.X509Certificates.dll /reference:/usr/share/dotnet/packs/Microsoft.NETCore.App.Ref/9.0.4/ref/net9.0/System.Security.dll /reference:/home/quinngil/.nuget/packages/system.security.permissions/6.0.0/lib/net6.0/System.Security.Permissions.dll /reference:/usr/share/dotnet/packs/Microsoft.NETCore.App.Ref/9.0.4/ref/net9.0/System.Security.Principal.dll /reference:/usr/share/dotnet/packs/Microsoft.NETCore.App.Ref/9.0.4/ref/net9.0/System.Security.Principal.Windows.dll /reference:/usr/share/dotnet/packs/Microsoft.NETCore.App.Ref/9.0.4/ref/net9.0/System.Security.SecureString.dll /reference:/usr/share/dotnet/packs/Microsoft.NETCore.App.Ref/9.0.4/ref/net9.0/System.ServiceModel.Web.dll /reference:/usr/share/dotnet/packs/Microsoft.NETCore.App.Ref/9.0.4/ref/net9.0/System.ServiceProcess.dll /reference:/usr/share/dotnet/packs/Microsoft.NETCore.App.Ref/9.0.4/ref/net9.0/System.Text.Encoding.CodePages.dll /reference:/usr/share/dotnet/packs/Microsoft.NETCore.App.Ref/9.0.4/ref/net9.0/System.Text.Encoding.dll /reference:/usr/share/dotnet/packs/Microsoft.NETCore.App.Ref/9.0.4/ref/net9.0/System.Text.Encoding.Extensions.dll /reference:/usr/share/dotnet/packs/Microsoft.NETCore.App.Ref/9.0.4/ref/net9.0/System.Text.Encodings.Web.dll /reference:/home/quinngil/.nuget/packages/system.text.json/9.0.8/lib/net9.0/System.Text.Json.dll /reference:/usr/share/dotnet/packs/Microsoft.NETCore.App.Ref/9.0.4/ref/net9.0/System.Text.RegularExpressions.dll /reference:/usr/share/dotnet/packs/Microsoft.NETCore.App.Ref/9.0.4/ref/net9.0/System.Threading.Channels.dll /reference:/usr/share/dotnet/packs/Microsoft.NETCore.App.Ref/9.0.4/ref/net9.0/System.Threading.dll /reference:/usr/share/dotnet/packs/Microsoft.NETCore.App.Ref/9.0.4/ref/net9.0/System.Threading.Overlapped.dll /reference:/usr/share/dotnet/packs/Microsoft.NETCore.App.Ref/9.0.4/ref/net9.0/System.Threading.Tasks.Dataflow.dll /reference:/usr/share/dotnet/packs/Microsoft.NETCore.App.Ref/9.0.4/ref/net9.0/System.Threading.Tasks.dll /reference:/usr/share/dotnet/packs/Microsoft.NETCore.App.Ref/9.0.4/ref/net9.0/System.Threading.Tasks.Extensions.dll /reference:/usr/share/dotnet/packs/Microsoft.NETCore.App.Ref/9.0.4/ref/net9.0/System.Threading.Tasks.Parallel.dll /reference:/usr/share/dotnet/packs/Microsoft.NETCore.App.Ref/9.0.4/ref/net9.0/System.Threading.Thread.dll /reference:/usr/share/dotnet/packs/Microsoft.NETCore.App.Ref/9.0.4/ref/net9.0/System.Threading.ThreadPool.dll /reference:/usr/share/dotnet/packs/Microsoft.NETCore.App.Ref/9.0.4/ref/net9.0/System.Threading.Timer.dll /reference:/usr/share/dotnet/packs/Microsoft.NETCore.App.Ref/9.0.4/ref/net9.0/System.Transactions.dll /reference:/usr/share/dotnet/packs/Microsoft.NETCore.App.Ref/9.0.4/ref/net9.0/System.Transactions.Local.dll /reference:/usr/share/dotnet/packs/Microsoft.NETCore.App.Ref/9.0.4/ref/net9.0/System.ValueTuple.dll /reference:/usr/share/dotnet/packs/Microsoft.NETCore.App.Ref/9.0.4/ref/net9.0/System.Web.dll /reference:/usr/share/dotnet/packs/Microsoft.NETCore.App.Ref/9.0.4/ref/net9.0/System.Web.HttpUtility.dll /reference:/usr/share/dotnet/packs/Microsoft.NETCore.App.Ref/9.0.4/ref/net9.0/System.Windows.dll /reference:/home/quinngil/.nuget/packages/system.windows.extensions/6.0.0/lib/net6.0/System.Windows.Extensions.dll /reference:/usr/share/dotnet/packs/Microsoft.NETCore.App.Ref/9.0.4/ref/net9.0/System.Xml.dll /reference:/usr/share/dotnet/packs/Microsoft.NETCore.App.Ref/9.0.4/ref/net9.0/System.Xml.Linq.dll /reference:/usr/share/dotnet/packs/Microsoft.NETCore.App.Ref/9.0.4/ref/net9.0/System.Xml.ReaderWriter.dll /reference:/usr/share/dotnet/packs/Microsoft.NETCore.App.Ref/9.0.4/ref/net9.0/System.Xml.Serialization.dll /reference:/usr/share/dotnet/packs/Microsoft.NETCore.App.Ref/9.0.4/ref/net9.0/System.Xml.XDocument.dll /reference:/usr/share/dotnet/packs/Microsoft.NETCore.App.Ref/9.0.4/ref/net9.0/System.Xml.XmlDocument.dll /reference:/usr/share/dotnet/packs/Microsoft.NETCore.App.Ref/9.0.4/ref/net9.0/System.Xml.XmlSerializer.dll /reference:/usr/share/dotnet/packs/Microsoft.NETCore.App.Ref/9.0.4/ref/net9.0/System.Xml.XPath.dll /reference:/usr/share/dotnet/packs/Microsoft.NETCore.App.Ref/9.0.4/ref/net9.0/System.Xml.XPath.XDocument.dll /reference:/usr/share/dotnet/packs/Microsoft.NETCore.App.Ref/9.0.4/ref/net9.0/WindowsBase.dll /debug- /debug:portable /filealign:512 /optimize+ /out:obj/Release/net9.0/Lib.Domain.Artists.dll /refout:obj/Release/net9.0/refint/Lib.Domain.Artists.dll /reportanalyzer /target:library /warnaserror+ /utf8output /deterministic+ /sourcelink:obj/Release/net9.0/Lib.Domain.Artists.sourcelink.json /langversion:latest /features:strict /embed:"obj/Release/net9.0/.NETCoreApp,Version=v9.0.AssemblyAttributes.cs" /embed:obj/Release/net9.0/Lib.Domain.Artists.AssemblyInfo.cs /analyzerconfig:/mnt/d/src/MtgDiscoveryVibeWorkspace/IMPLS/src/.editorconfig /analyzerconfig:obj/Release/net9.0/Lib.Domain.Artists.GeneratedMSBuildEditorConfig.editorconfig /analyzerconfig:/usr/share/dotnet/sdk/9.0.203/Sdks/Microsoft.NET.Sdk/analyzers/build/config/analysislevel_9_all_warnaserror.globalconfig /analyzer:/usr/share/dotnet/sdk/9.0.203/Sdks/Microsoft.NET.Sdk/targets/../analyzers/Microsoft.CodeAnalysis.CSharp.NetAnalyzers.dll /analyzer:/usr/share/dotnet/sdk/9.0.203/Sdks/Microsoft.NET.Sdk/targets/../analyzers/Microsoft.CodeAnalysis.NetAnalyzers.dll /analyzer:/usr/share/dotnet/sdk/9.0.203/Sdks/Microsoft.NET.Sdk/targets/../codestyle/cs/Microsoft.CodeAnalysis.CodeStyle.dll /analyzer:/usr/share/dotnet/sdk/9.0.203/Sdks/Microsoft.NET.Sdk/targets/../codestyle/cs/Microsoft.CodeAnalysis.CodeStyle.Fixes.dll /analyzer:/usr/share/dotnet/sdk/9.0.203/Sdks/Microsoft.NET.Sdk/targets/../codestyle/cs/Microsoft.CodeAnalysis.CSharp.CodeStyle.dll /analyzer:/usr/share/dotnet/sdk/9.0.203/Sdks/Microsoft.NET.Sdk/targets/../codestyle/cs/Microsoft.CodeAnalysis.CSharp.CodeStyle.Fixes.dll /analyzer:/home/quinngil/.nuget/packages/microsoft.codeanalysis.bannedapianalyzers/4.14.0/analyzers/dotnet/cs/Microsoft.CodeAnalysis.BannedApiAnalyzers.dll /analyzer:/home/quinngil/.nuget/packages/microsoft.codeanalysis.bannedapianalyzers/4.14.0/analyzers/dotnet/cs/Microsoft.CodeAnalysis.CSharp.BannedApiAnalyzers.dll /analyzer:/home/quinngil/.nuget/packages/microsoft.extensions.logging.abstractions/9.0.0/analyzers/dotnet/roslyn4.4/cs/Microsoft.Extensions.Logging.Generators.dll /analyzer:/home/quinngil/.nuget/packages/microsoft.extensions.options/9.0.0/analyzers/dotnet/roslyn4.4/cs/Microsoft.Extensions.Options.SourceGeneration.dll /analyzer:/home/quinngil/.nuget/packages/system.clientmodel/1.5.1/analyzers/dotnet/cs/System.ClientModel.SourceGeneration.dll /analyzer:/home/quinngil/.nuget/packages/system.text.json/9.0.8/analyzers/dotnet/roslyn4.4/cs/System.Text.Json.SourceGeneration.dll /analyzer:/usr/share/dotnet/packs/Microsoft.NETCore.App.Ref/9.0.4/analyzers/dotnet/cs/Microsoft.Interop.ComInterfaceGenerator.dll /analyzer:/usr/share/dotnet/packs/Microsoft.NETCore.App.Ref/9.0.4/analyzers/dotnet/cs/Microsoft.Interop.JavaScript.JSImportGenerator.dll /analyzer:/usr/share/dotnet/packs/Microsoft.NETCore.App.Ref/9.0.4/analyzers/dotnet/cs/Microsoft.Interop.LibraryImportGenerator.dll /analyzer:/usr/share/dotnet/packs/Microsoft.NETCore.App.Ref/9.0.4/analyzers/dotnet/cs/Microsoft.Interop.SourceGeneration.dll /analyzer:/usr/share/dotnet/packs/Microsoft.NETCore.App.Ref/9.0.4/analyzers/dotnet/cs/System.Text.RegularExpressions.Generator.dll /additionalfile:/mnt/d/src/MtgDiscoveryVibeWorkspace/IMPLS/src/BannedSymbols.txt /additionalfile:/mnt/d/src/MtgDiscoveryVibeWorkspace/IMPLS/src/.editorconfig Apis/ArtistDomainService.cs Apis/IArtistDomainService.cs Operations/ArtistDomainException.cs Queries/QueryArtistDomainService.cs "obj/Release/net9.0/.NETCoreApp,Version=v9.0.AssemblyAttributes.cs" obj/Release/net9.0/Lib.Domain.Artists.AssemblyInfo.cs /warnaserror+:NU1605,SYSLIB0011
    16>CoreCompile:
         /usr/share/dotnet/dotnet exec "/usr/share/dotnet/sdk/9.0.203/Roslyn/bincore/csc.dll" /noconfig /unsafe- /checked- /nowarn:IDE0290,IDE2001,IDE0005,IDE0046,CA1716,CA1040,CA1056,1701,1702 /fullpaths /nostdlib+ /errorreport:prompt /warn:9 /define:TRACE;RELEASE;NET;NET9_0;NETCOREAPP;NET5_0_OR_GREATER;NET6_0_OR_GREATER;NET7_0_OR_GREATER;NET8_0_OR_GREATER;NET9_0_OR_GREATER;NETCOREAPP1_0_OR_GREATER;NETCOREAPP1_1_OR_GREATER;NETCOREAPP2_0_OR_GREATER;NETCOREAPP2_1_OR_GREATER;NETCOREAPP2_2_OR_GREATER;NETCOREAPP3_0_OR_GREATER;NETCOREAPP3_1_OR_GREATER /highentropyva+ /nullable:warnings /reference:/home/quinngil/.nuget/packages/azure.core/1.47.1/lib/net8.0/Azure.Core.dll /reference:/home/quinngil/.nuget/packages/azure.resourcemanager.authorization/1.1.5/lib/net8.0/Azure.ResourceManager.Authorization.dll /reference:/home/quinngil/.nuget/packages/azure.resourcemanager.cosmosdb/1.3.2/lib/netstandard2.0/Azure.ResourceManager.CosmosDB.dll /reference:/home/quinngil/.nuget/packages/azure.resourcemanager/1.13.2/lib/net8.0/Azure.ResourceManager.dll /reference:/mnt/d/src/MtgDiscoveryVibeWorkspace/IMPLS/src/Lib.Adapter.Cards/obj/Release/net9.0/ref/Lib.Adapter.Cards.dll /reference:/mnt/d/src/MtgDiscoveryVibeWorkspace/IMPLS/src/Lib.Adapter.Scryfall.Cosmos/obj/Release/net9.0/ref/Lib.Adapter.Scryfall.Cosmos.dll /reference:/mnt/d/src/MtgDiscoveryVibeWorkspace/IMPLS/src/Lib.Aggregator.Cards/obj/Release/net9.0/ref/Lib.Aggregator.Cards.dll /reference:/mnt/d/src/MtgDiscoveryVibeWorkspace/IMPLS/src/Lib.Aggregator.Scryfall.Shared/obj/Release/net9.0/ref/Lib.Aggregator.Scryfall.Shared.dll /reference:/mnt/d/src/MtgDiscoveryVibeWorkspace/IMPLS/src/Lib.Cosmos/obj/Release/net9.0/ref/Lib.Cosmos.dll /reference:/mnt/d/src/MtgDiscoveryVibeWorkspace/IMPLS/src/Lib.Scryfall.Shared/obj/Release/net9.0/ref/Lib.Scryfall.Shared.dll /reference:/mnt/d/src/MtgDiscoveryVibeWorkspace/IMPLS/src/Lib.Shared.Abstractions/obj/Release/net9.0/ref/Lib.Shared.Abstractions.dll /reference:/mnt/d/src/MtgDiscoveryVibeWorkspace/IMPLS/src/Lib.Shared.DataModels/obj/Release/net9.0/ref/Lib.Shared.DataModels.dll /reference:/mnt/d/src/MtgDiscoveryVibeWorkspace/IMPLS/src/Lib.Shared.Invocation/obj/Release/net9.0/ref/Lib.Shared.Invocation.dll /reference:/mnt/d/src/MtgDiscoveryVibeWorkspace/IMPLS/src/Lib.Universal/obj/Release/net9.0/ref/Lib.Universal.dll /reference:/home/quinngil/.nuget/packages/microsoft.azure.cosmos/3.52.1/lib/netstandard2.0/Microsoft.Azure.Cosmos.Client.dll /reference:/home/quinngil/.nuget/packages/microsoft.azure.cosmos/3.52.1/lib/netstandard2.0/Microsoft.Azure.Cosmos.Core.dll /reference:/home/quinngil/.nuget/packages/microsoft.azure.cosmos/3.52.1/lib/netstandard2.0/Microsoft.Azure.Cosmos.Direct.dll /reference:/home/quinngil/.nuget/packages/microsoft.azure.cosmos/3.52.1/lib/netstandard2.0/Microsoft.Azure.Cosmos.Serialization.HybridRow.dll /reference:/home/quinngil/.nuget/packages/microsoft.bcl.asyncinterfaces/8.0.0/lib/netstandard2.1/Microsoft.Bcl.AsyncInterfaces.dll /reference:/home/quinngil/.nuget/packages/microsoft.bcl.hashcode/1.1.0/ref/netcoreapp2.1/Microsoft.Bcl.HashCode.dll /reference:/usr/share/dotnet/packs/Microsoft.NETCore.App.Ref/9.0.4/ref/net9.0/Microsoft.CSharp.dll /reference:/home/quinngil/.nuget/packages/microsoft.extensions.caching.abstractions/9.0.0/lib/net9.0/Microsoft.Extensions.Caching.Abstractions.dll /reference:/home/quinngil/.nuget/packages/microsoft.extensions.caching.memory/9.0.0/lib/net9.0/Microsoft.Extensions.Caching.Memory.dll /reference:/home/quinngil/.nuget/packages/microsoft.extensions.configuration.abstractions/9.0.5/lib/net9.0/Microsoft.Extensions.Configuration.Abstractions.dll /reference:/home/quinngil/.nuget/packages/microsoft.extensions.dependencyinjection.abstractions/9.0.0/lib/net9.0/Microsoft.Extensions.DependencyInjection.Abstractions.dll /reference:/home/quinngil/.nuget/packages/microsoft.extensions.logging.abstractions/9.0.0/lib/net9.0/Microsoft.Extensions.Logging.Abstractions.dll /reference:/home/quinngil/.nuget/packages/microsoft.extensions.options/9.0.0/lib/net9.0/Microsoft.Extensions.Options.dll /reference:/home/quinngil/.nuget/packages/microsoft.extensions.primitives/9.0.5/lib/net9.0/Microsoft.Extensions.Primitives.dll /reference:/home/quinngil/.nuget/packages/microsoft.identitymodel.abstractions/8.0.1/lib/net9.0/Microsoft.IdentityModel.Abstractions.dll /reference:/home/quinngil/.nuget/packages/microsoft.identitymodel.jsonwebtokens/8.0.1/lib/net9.0/Microsoft.IdentityModel.JsonWebTokens.dll /reference:/home/quinngil/.nuget/packages/microsoft.identitymodel.logging/8.0.1/lib/net9.0/Microsoft.IdentityModel.Logging.dll /reference:/home/quinngil/.nuget/packages/microsoft.identitymodel.tokens/8.0.1/lib/net9.0/Microsoft.IdentityModel.Tokens.dll /reference:/usr/share/dotnet/packs/Microsoft.NETCore.App.Ref/9.0.4/ref/net9.0/Microsoft.VisualBasic.Core.dll /reference:/usr/share/dotnet/packs/Microsoft.NETCore.App.Ref/9.0.4/ref/net9.0/Microsoft.VisualBasic.dll /reference:/usr/share/dotnet/packs/Microsoft.NETCore.App.Ref/9.0.4/ref/net9.0/Microsoft.Win32.Primitives.dll /reference:/usr/share/dotnet/packs/Microsoft.NETCore.App.Ref/9.0.4/ref/net9.0/Microsoft.Win32.Registry.dll /reference:/home/quinngil/.nuget/packages/microsoft.win32.systemevents/6.0.0/lib/net6.0/Microsoft.Win32.SystemEvents.dll /reference:/usr/share/dotnet/packs/Microsoft.NETCore.App.Ref/9.0.4/ref/net9.0/mscorlib.dll /reference:/usr/share/dotnet/packs/Microsoft.NETCore.App.Ref/9.0.4/ref/net9.0/netstandard.dll /reference:/home/quinngil/.nuget/packages/newtonsoft.json/13.0.3/lib/net6.0/Newtonsoft.Json.dll /reference:/usr/share/dotnet/packs/Microsoft.NETCore.App.Ref/9.0.4/ref/net9.0/System.AppContext.dll /reference:/usr/share/dotnet/packs/Microsoft.NETCore.App.Ref/9.0.4/ref/net9.0/System.Buffers.dll /reference:/home/quinngil/.nuget/packages/system.clientmodel/1.5.1/lib/net8.0/System.ClientModel.dll /reference:/usr/share/dotnet/packs/Microsoft.NETCore.App.Ref/9.0.4/ref/net9.0/System.Collections.Concurrent.dll /reference:/usr/share/dotnet/packs/Microsoft.NETCore.App.Ref/9.0.4/ref/net9.0/System.Collections.dll /reference:/usr/share/dotnet/packs/Microsoft.NETCore.App.Ref/9.0.4/ref/net9.0/System.Collections.Immutable.dll /reference:/usr/share/dotnet/packs/Microsoft.NETCore.App.Ref/9.0.4/ref/net9.0/System.Collections.NonGeneric.dll /reference:/usr/share/dotnet/packs/Microsoft.NETCore.App.Ref/9.0.4/ref/net9.0/System.Collections.Specialized.dll /reference:/usr/share/dotnet/packs/Microsoft.NETCore.App.Ref/9.0.4/ref/net9.0/System.ComponentModel.Annotations.dll /reference:/usr/share/dotnet/packs/Microsoft.NETCore.App.Ref/9.0.4/ref/net9.0/System.ComponentModel.DataAnnotations.dll /reference:/usr/share/dotnet/packs/Microsoft.NETCore.App.Ref/9.0.4/ref/net9.0/System.ComponentModel.dll /reference:/usr/share/dotnet/packs/Microsoft.NETCore.App.Ref/9.0.4/ref/net9.0/System.ComponentModel.EventBasedAsync.dll /reference:/usr/share/dotnet/packs/Microsoft.NETCore.App.Ref/9.0.4/ref/net9.0/System.ComponentModel.Primitives.dll /reference:/usr/share/dotnet/packs/Microsoft.NETCore.App.Ref/9.0.4/ref/net9.0/System.ComponentModel.TypeConverter.dll /reference:/home/quinngil/.nuget/packages/system.configuration.configurationmanager/6.0.0/lib/net6.0/System.Configuration.ConfigurationManager.dll /reference:/usr/share/dotnet/packs/Microsoft.NETCore.App.Ref/9.0.4/ref/net9.0/System.Configuration.dll /reference:/usr/share/dotnet/packs/Microsoft.NETCore.App.Ref/9.0.4/ref/net9.0/System.Console.dll /reference:/usr/share/dotnet/packs/Microsoft.NETCore.App.Ref/9.0.4/ref/net9.0/System.Core.dll /reference:/usr/share/dotnet/packs/Microsoft.NETCore.App.Ref/9.0.4/ref/net9.0/System.Data.Common.dll /reference:/usr/share/dotnet/packs/Microsoft.NETCore.App.Ref/9.0.4/ref/net9.0/System.Data.DataSetExtensions.dll /reference:/usr/share/dotnet/packs/Microsoft.NETCore.App.Ref/9.0.4/ref/net9.0/System.Data.dll /reference:/usr/share/dotnet/packs/Microsoft.NETCore.App.Ref/9.0.4/ref/net9.0/System.Diagnostics.Contracts.dll /reference:/usr/share/dotnet/packs/Microsoft.NETCore.App.Ref/9.0.4/ref/net9.0/System.Diagnostics.Debug.dll /reference:/usr/share/dotnet/packs/Microsoft.NETCore.App.Ref/9.0.4/ref/net9.0/System.Diagnostics.DiagnosticSource.dll /reference:/usr/share/dotnet/packs/Microsoft.NETCore.App.Ref/9.0.4/ref/net9.0/System.Diagnostics.FileVersionInfo.dll /reference:/usr/share/dotnet/packs/Microsoft.NETCore.App.Ref/9.0.4/ref/net9.0/System.Diagnostics.Process.dll /reference:/usr/share/dotnet/packs/Microsoft.NETCore.App.Ref/9.0.4/ref/net9.0/System.Diagnostics.StackTrace.dll /reference:/usr/share/dotnet/packs/Microsoft.NETCore.App.Ref/9.0.4/ref/net9.0/System.Diagnostics.TextWriterTraceListener.dll /reference:/usr/share/dotnet/packs/Microsoft.NETCore.App.Ref/9.0.4/ref/net9.0/System.Diagnostics.Tools.dll /reference:/usr/share/dotnet/packs/Microsoft.NETCore.App.Ref/9.0.4/ref/net9.0/System.Diagnostics.TraceSource.dll /reference:/usr/share/dotnet/packs/Microsoft.NETCore.App.Ref/9.0.4/ref/net9.0/System.Diagnostics.Tracing.dll /reference:/usr/share/dotnet/packs/Microsoft.NETCore.App.Ref/9.0.4/ref/net9.0/System.dll /reference:/home/quinngil/.nuget/packages/system.drawing.common/6.0.0/lib/net6.0/System.Drawing.Common.dll /reference:/usr/share/dotnet/packs/Microsoft.NETCore.App.Ref/9.0.4/ref/net9.0/System.Drawing.dll /reference:/usr/share/dotnet/packs/Microsoft.NETCore.App.Ref/9.0.4/ref/net9.0/System.Drawing.Primitives.dll /reference:/usr/share/dotnet/packs/Microsoft.NETCore.App.Ref/9.0.4/ref/net9.0/System.Dynamic.Runtime.dll /reference:/usr/share/dotnet/packs/Microsoft.NETCore.App.Ref/9.0.4/ref/net9.0/System.Formats.Asn1.dll /reference:/usr/share/dotnet/packs/Microsoft.NETCore.App.Ref/9.0.4/ref/net9.0/System.Formats.Tar.dll /reference:/usr/share/dotnet/packs/Microsoft.NETCore.App.Ref/9.0.4/ref/net9.0/System.Globalization.Calendars.dll /reference:/usr/share/dotnet/packs/Microsoft.NETCore.App.Ref/9.0.4/ref/net9.0/System.Globalization.dll /reference:/usr/share/dotnet/packs/Microsoft.NETCore.App.Ref/9.0.4/ref/net9.0/System.Globalization.Extensions.dll /reference:/home/quinngil/.nuget/packages/system.identitymodel.tokens.jwt/8.0.1/lib/net9.0/System.IdentityModel.Tokens.Jwt.dll /reference:/usr/share/dotnet/packs/Microsoft.NETCore.App.Ref/9.0.4/ref/net9.0/System.IO.Compression.Brotli.dll /reference:/usr/share/dotnet/packs/Microsoft.NETCore.App.Ref/9.0.4/ref/net9.0/System.IO.Compression.dll /reference:/usr/share/dotnet/packs/Microsoft.NETCore.App.Ref/9.0.4/ref/net9.0/System.IO.Compression.FileSystem.dll /reference:/usr/share/dotnet/packs/Microsoft.NETCore.App.Ref/9.0.4/ref/net9.0/System.IO.Compression.ZipFile.dll /reference:/usr/share/dotnet/packs/Microsoft.NETCore.App.Ref/9.0.4/ref/net9.0/System.IO.dll /reference:/usr/share/dotnet/packs/Microsoft.NETCore.App.Ref/9.0.4/ref/net9.0/System.IO.FileSystem.AccessControl.dll /reference:/usr/share/dotnet/packs/Microsoft.NETCore.App.Ref/9.0.4/ref/net9.0/System.IO.FileSystem.dll /reference:/usr/share/dotnet/packs/Microsoft.NETCore.App.Ref/9.0.4/ref/net9.0/System.IO.FileSystem.DriveInfo.dll /reference:/usr/share/dotnet/packs/Microsoft.NETCore.App.Ref/9.0.4/ref/net9.0/System.IO.FileSystem.Primitives.dll /reference:/usr/share/dotnet/packs/Microsoft.NETCore.App.Ref/9.0.4/ref/net9.0/System.IO.FileSystem.Watcher.dll /reference:/usr/share/dotnet/packs/Microsoft.NETCore.App.Ref/9.0.4/ref/net9.0/System.IO.IsolatedStorage.dll /reference:/usr/share/dotnet/packs/Microsoft.NETCore.App.Ref/9.0.4/ref/net9.0/System.IO.MemoryMappedFiles.dll /reference:/usr/share/dotnet/packs/Microsoft.NETCore.App.Ref/9.0.4/ref/net9.0/System.IO.Pipelines.dll /reference:/usr/share/dotnet/packs/Microsoft.NETCore.App.Ref/9.0.4/ref/net9.0/System.IO.Pipes.AccessControl.dll /reference:/usr/share/dotnet/packs/Microsoft.NETCore.App.Ref/9.0.4/ref/net9.0/System.IO.Pipes.dll /reference:/usr/share/dotnet/packs/Microsoft.NETCore.App.Ref/9.0.4/ref/net9.0/System.IO.UnmanagedMemoryStream.dll /reference:/usr/share/dotnet/packs/Microsoft.NETCore.App.Ref/9.0.4/ref/net9.0/System.Linq.dll /reference:/usr/share/dotnet/packs/Microsoft.NETCore.App.Ref/9.0.4/ref/net9.0/System.Linq.Expressions.dll /reference:/usr/share/dotnet/packs/Microsoft.NETCore.App.Ref/9.0.4/ref/net9.0/System.Linq.Parallel.dll /reference:/usr/share/dotnet/packs/Microsoft.NETCore.App.Ref/9.0.4/ref/net9.0/System.Linq.Queryable.dll /reference:/home/quinngil/.nuget/packages/system.memory.data/8.0.1/lib/net8.0/System.Memory.Data.dll /reference:/usr/share/dotnet/packs/Microsoft.NETCore.App.Ref/9.0.4/ref/net9.0/System.Memory.dll /reference:/usr/share/dotnet/packs/Microsoft.NETCore.App.Ref/9.0.4/ref/net9.0/System.Net.dll /reference:/usr/share/dotnet/packs/Microsoft.NETCore.App.Ref/9.0.4/ref/net9.0/System.Net.Http.dll /reference:/usr/share/dotnet/packs/Microsoft.NETCore.App.Ref/9.0.4/ref/net9.0/System.Net.Http.Json.dll /reference:/usr/share/dotnet/packs/Microsoft.NETCore.App.Ref/9.0.4/ref/net9.0/System.Net.HttpListener.dll /reference:/usr/share/dotnet/packs/Microsoft.NETCore.App.Ref/9.0.4/ref/net9.0/System.Net.Mail.dll /reference:/usr/share/dotnet/packs/Microsoft.NETCore.App.Ref/9.0.4/ref/net9.0/System.Net.NameResolution.dll /reference:/usr/share/dotnet/packs/Microsoft.NETCore.App.Ref/9.0.4/ref/net9.0/System.Net.NetworkInformation.dll /reference:/usr/share/dotnet/packs/Microsoft.NETCore.App.Ref/9.0.4/ref/net9.0/System.Net.Ping.dll /reference:/usr/share/dotnet/packs/Microsoft.NETCore.App.Ref/9.0.4/ref/net9.0/System.Net.Primitives.dll /reference:/usr/share/dotnet/packs/Microsoft.NETCore.App.Ref/9.0.4/ref/net9.0/System.Net.Quic.dll /reference:/usr/share/dotnet/packs/Microsoft.NETCore.App.Ref/9.0.4/ref/net9.0/System.Net.Requests.dll /reference:/usr/share/dotnet/packs/Microsoft.NETCore.App.Ref/9.0.4/ref/net9.0/System.Net.Security.dll /reference:/usr/share/dotnet/packs/Microsoft.NETCore.App.Ref/9.0.4/ref/net9.0/System.Net.ServicePoint.dll /reference:/usr/share/dotnet/packs/Microsoft.NETCore.App.Ref/9.0.4/ref/net9.0/System.Net.Sockets.dll /reference:/usr/share/dotnet/packs/Microsoft.NETCore.App.Ref/9.0.4/ref/net9.0/System.Net.WebClient.dll /reference:/usr/share/dotnet/packs/Microsoft.NETCore.App.Ref/9.0.4/ref/net9.0/System.Net.WebHeaderCollection.dll /reference:/usr/share/dotnet/packs/Microsoft.NETCore.App.Ref/9.0.4/ref/net9.0/System.Net.WebProxy.dll /reference:/usr/share/dotnet/packs/Microsoft.NETCore.App.Ref/9.0.4/ref/net9.0/System.Net.WebSockets.Client.dll /reference:/usr/share/dotnet/packs/Microsoft.NETCore.App.Ref/9.0.4/ref/net9.0/System.Net.WebSockets.dll /reference:/usr/share/dotnet/packs/Microsoft.NETCore.App.Ref/9.0.4/ref/net9.0/System.Numerics.dll /reference:/usr/share/dotnet/packs/Microsoft.NETCore.App.Ref/9.0.4/ref/net9.0/System.Numerics.Vectors.dll /reference:/usr/share/dotnet/packs/Microsoft.NETCore.App.Ref/9.0.4/ref/net9.0/System.ObjectModel.dll /reference:/usr/share/dotnet/packs/Microsoft.NETCore.App.Ref/9.0.4/ref/net9.0/System.Reflection.DispatchProxy.dll /reference:/usr/share/dotnet/packs/Microsoft.NETCore.App.Ref/9.0.4/ref/net9.0/System.Reflection.dll /reference:/usr/share/dotnet/packs/Microsoft.NETCore.App.Ref/9.0.4/ref/net9.0/System.Reflection.Emit.dll /reference:/usr/share/dotnet/packs/Microsoft.NETCore.App.Ref/9.0.4/ref/net9.0/System.Reflection.Emit.ILGeneration.dll /reference:/usr/share/dotnet/packs/Microsoft.NETCore.App.Ref/9.0.4/ref/net9.0/System.Reflection.Emit.Lightweight.dll /reference:/usr/share/dotnet/packs/Microsoft.NETCore.App.Ref/9.0.4/ref/net9.0/System.Reflection.Extensions.dll /reference:/usr/share/dotnet/packs/Microsoft.NETCore.App.Ref/9.0.4/ref/net9.0/System.Reflection.Metadata.dll /reference:/usr/share/dotnet/packs/Microsoft.NETCore.App.Ref/9.0.4/ref/net9.0/System.Reflection.Primitives.dll /reference:/usr/share/dotnet/packs/Microsoft.NETCore.App.Ref/9.0.4/ref/net9.0/System.Reflection.TypeExtensions.dll /reference:/usr/share/dotnet/packs/Microsoft.NETCore.App.Ref/9.0.4/ref/net9.0/System.Resources.Reader.dll /reference:/usr/share/dotnet/packs/Microsoft.NETCore.App.Ref/9.0.4/ref/net9.0/System.Resources.ResourceManager.dll /reference:/usr/share/dotnet/packs/Microsoft.NETCore.App.Ref/9.0.4/ref/net9.0/System.Resources.Writer.dll /reference:/usr/share/dotnet/packs/Microsoft.NETCore.App.Ref/9.0.4/ref/net9.0/System.Runtime.CompilerServices.Unsafe.dll /reference:/usr/share/dotnet/packs/Microsoft.NETCore.App.Ref/9.0.4/ref/net9.0/System.Runtime.CompilerServices.VisualC.dll /reference:/usr/share/dotnet/packs/Microsoft.NETCore.App.Ref/9.0.4/ref/net9.0/System.Runtime.dll /reference:/usr/share/dotnet/packs/Microsoft.NETCore.App.Ref/9.0.4/ref/net9.0/System.Runtime.Extensions.dll /reference:/usr/share/dotnet/packs/Microsoft.NETCore.App.Ref/9.0.4/ref/net9.0/System.Runtime.Handles.dll /reference:/usr/share/dotnet/packs/Microsoft.NETCore.App.Ref/9.0.4/ref/net9.0/System.Runtime.InteropServices.dll /reference:/usr/share/dotnet/packs/Microsoft.NETCore.App.Ref/9.0.4/ref/net9.0/System.Runtime.InteropServices.JavaScript.dll /reference:/usr/share/dotnet/packs/Microsoft.NETCore.App.Ref/9.0.4/ref/net9.0/System.Runtime.InteropServices.RuntimeInformation.dll /reference:/usr/share/dotnet/packs/Microsoft.NETCore.App.Ref/9.0.4/ref/net9.0/System.Runtime.Intrinsics.dll /reference:/usr/share/dotnet/packs/Microsoft.NETCore.App.Ref/9.0.4/ref/net9.0/System.Runtime.Loader.dll /reference:/usr/share/dotnet/packs/Microsoft.NETCore.App.Ref/9.0.4/ref/net9.0/System.Runtime.Numerics.dll /reference:/usr/share/dotnet/packs/Microsoft.NETCore.App.Ref/9.0.4/ref/net9.0/System.Runtime.Serialization.dll /reference:/usr/share/dotnet/packs/Microsoft.NETCore.App.Ref/9.0.4/ref/net9.0/System.Runtime.Serialization.Formatters.dll /reference:/usr/share/dotnet/packs/Microsoft.NETCore.App.Ref/9.0.4/ref/net9.0/System.Runtime.Serialization.Json.dll /reference:/usr/share/dotnet/packs/Microsoft.NETCore.App.Ref/9.0.4/ref/net9.0/System.Runtime.Serialization.Primitives.dll /reference:/usr/share/dotnet/packs/Microsoft.NETCore.App.Ref/9.0.4/ref/net9.0/System.Runtime.Serialization.Xml.dll /reference:/usr/share/dotnet/packs/Microsoft.NETCore.App.Ref/9.0.4/ref/net9.0/System.Security.AccessControl.dll /reference:/usr/share/dotnet/packs/Microsoft.NETCore.App.Ref/9.0.4/ref/net9.0/System.Security.Claims.dll /reference:/usr/share/dotnet/packs/Microsoft.NETCore.App.Ref/9.0.4/ref/net9.0/System.Security.Cryptography.Algorithms.dll /reference:/usr/share/dotnet/packs/Microsoft.NETCore.App.Ref/9.0.4/ref/net9.0/System.Security.Cryptography.Cng.dll /reference:/usr/share/dotnet/packs/Microsoft.NETCore.App.Ref/9.0.4/ref/net9.0/System.Security.Cryptography.Csp.dll /reference:/usr/share/dotnet/packs/Microsoft.NETCore.App.Ref/9.0.4/ref/net9.0/System.Security.Cryptography.dll /reference:/usr/share/dotnet/packs/Microsoft.NETCore.App.Ref/9.0.4/ref/net9.0/System.Security.Cryptography.Encoding.dll /reference:/usr/share/dotnet/packs/Microsoft.NETCore.App.Ref/9.0.4/ref/net9.0/System.Security.Cryptography.OpenSsl.dll /reference:/usr/share/dotnet/packs/Microsoft.NETCore.App.Ref/9.0.4/ref/net9.0/System.Security.Cryptography.Primitives.dll /reference:/home/quinngil/.nuget/packages/system.security.cryptography.protecteddata/6.0.0/lib/net6.0/System.Security.Cryptography.ProtectedData.dll /reference:/usr/share/dotnet/packs/Microsoft.NETCore.App.Ref/9.0.4/ref/net9.0/System.Security.Cryptography.X509Certificates.dll /reference:/usr/share/dotnet/packs/Microsoft.NETCore.App.Ref/9.0.4/ref/net9.0/System.Security.dll /reference:/home/quinngil/.nuget/packages/system.security.permissions/6.0.0/lib/net6.0/System.Security.Permissions.dll /reference:/usr/share/dotnet/packs/Microsoft.NETCore.App.Ref/9.0.4/ref/net9.0/System.Security.Principal.dll /reference:/usr/share/dotnet/packs/Microsoft.NETCore.App.Ref/9.0.4/ref/net9.0/System.Security.Principal.Windows.dll /reference:/usr/share/dotnet/packs/Microsoft.NETCore.App.Ref/9.0.4/ref/net9.0/System.Security.SecureString.dll /reference:/usr/share/dotnet/packs/Microsoft.NETCore.App.Ref/9.0.4/ref/net9.0/System.ServiceModel.Web.dll /reference:/usr/share/dotnet/packs/Microsoft.NETCore.App.Ref/9.0.4/ref/net9.0/System.ServiceProcess.dll /reference:/usr/share/dotnet/packs/Microsoft.NETCore.App.Ref/9.0.4/ref/net9.0/System.Text.Encoding.CodePages.dll /reference:/usr/share/dotnet/packs/Microsoft.NETCore.App.Ref/9.0.4/ref/net9.0/System.Text.Encoding.dll /reference:/usr/share/dotnet/packs/Microsoft.NETCore.App.Ref/9.0.4/ref/net9.0/System.Text.Encoding.Extensions.dll /reference:/usr/share/dotnet/packs/Microsoft.NETCore.App.Ref/9.0.4/ref/net9.0/System.Text.Encodings.Web.dll /reference:/home/quinngil/.nuget/packages/system.text.json/9.0.8/lib/net9.0/System.Text.Json.dll /reference:/usr/share/dotnet/packs/Microsoft.NETCore.App.Ref/9.0.4/ref/net9.0/System.Text.RegularExpressions.dll /reference:/usr/share/dotnet/packs/Microsoft.NETCore.App.Ref/9.0.4/ref/net9.0/System.Threading.Channels.dll /reference:/usr/share/dotnet/packs/Microsoft.NETCore.App.Ref/9.0.4/ref/net9.0/System.Threading.dll /reference:/usr/share/dotnet/packs/Microsoft.NETCore.App.Ref/9.0.4/ref/net9.0/System.Threading.Overlapped.dll /reference:/usr/share/dotnet/packs/Microsoft.NETCore.App.Ref/9.0.4/ref/net9.0/System.Threading.Tasks.Dataflow.dll /reference:/usr/share/dotnet/packs/Microsoft.NETCore.App.Ref/9.0.4/ref/net9.0/System.Threading.Tasks.dll /reference:/usr/share/dotnet/packs/Microsoft.NETCore.App.Ref/9.0.4/ref/net9.0/System.Threading.Tasks.Extensions.dll /reference:/usr/share/dotnet/packs/Microsoft.NETCore.App.Ref/9.0.4/ref/net9.0/System.Threading.Tasks.Parallel.dll /reference:/usr/share/dotnet/packs/Microsoft.NETCore.App.Ref/9.0.4/ref/net9.0/System.Threading.Thread.dll /reference:/usr/share/dotnet/packs/Microsoft.NETCore.App.Ref/9.0.4/ref/net9.0/System.Threading.ThreadPool.dll /reference:/usr/share/dotnet/packs/Microsoft.NETCore.App.Ref/9.0.4/ref/net9.0/System.Threading.Timer.dll /reference:/usr/share/dotnet/packs/Microsoft.NETCore.App.Ref/9.0.4/ref/net9.0/System.Transactions.dll /reference:/usr/share/dotnet/packs/Microsoft.NETCore.App.Ref/9.0.4/ref/net9.0/System.Transactions.Local.dll /reference:/usr/share/dotnet/packs/Microsoft.NETCore.App.Ref/9.0.4/ref/net9.0/System.ValueTuple.dll /reference:/usr/share/dotnet/packs/Microsoft.NETCore.App.Ref/9.0.4/ref/net9.0/System.Web.dll /reference:/usr/share/dotnet/packs/Microsoft.NETCore.App.Ref/9.0.4/ref/net9.0/System.Web.HttpUtility.dll /reference:/usr/share/dotnet/packs/Microsoft.NETCore.App.Ref/9.0.4/ref/net9.0/System.Windows.dll /reference:/home/quinngil/.nuget/packages/system.windows.extensions/6.0.0/lib/net6.0/System.Windows.Extensions.dll /reference:/usr/share/dotnet/packs/Microsoft.NETCore.App.Ref/9.0.4/ref/net9.0/System.Xml.dll /reference:/usr/share/dotnet/packs/Microsoft.NETCore.App.Ref/9.0.4/ref/net9.0/System.Xml.Linq.dll /reference:/usr/share/dotnet/packs/Microsoft.NETCore.App.Ref/9.0.4/ref/net9.0/System.Xml.ReaderWriter.dll /reference:/usr/share/dotnet/packs/Microsoft.NETCore.App.Ref/9.0.4/ref/net9.0/System.Xml.Serialization.dll /reference:/usr/share/dotnet/packs/Microsoft.NETCore.App.Ref/9.0.4/ref/net9.0/System.Xml.XDocument.dll /reference:/usr/share/dotnet/packs/Microsoft.NETCore.App.Ref/9.0.4/ref/net9.0/System.Xml.XmlDocument.dll /reference:/usr/share/dotnet/packs/Microsoft.NETCore.App.Ref/9.0.4/ref/net9.0/System.Xml.XmlSerializer.dll /reference:/usr/share/dotnet/packs/Microsoft.NETCore.App.Ref/9.0.4/ref/net9.0/System.Xml.XPath.dll /reference:/usr/share/dotnet/packs/Microsoft.NETCore.App.Ref/9.0.4/ref/net9.0/System.Xml.XPath.XDocument.dll /reference:/usr/share/dotnet/packs/Microsoft.NETCore.App.Ref/9.0.4/ref/net9.0/WindowsBase.dll /debug- /debug:portable /filealign:512 /optimize+ /out:obj/Release/net9.0/Lib.Domain.Cards.dll /refout:obj/Release/net9.0/refint/Lib.Domain.Cards.dll /reportanalyzer /target:library /warnaserror+ /utf8output /deterministic+ /sourcelink:obj/Release/net9.0/Lib.Domain.Cards.sourcelink.json /langversion:latest /features:strict /embed:"obj/Release/net9.0/.NETCoreApp,Version=v9.0.AssemblyAttributes.cs" /embed:obj/Release/net9.0/Lib.Domain.Cards.AssemblyInfo.cs /analyzerconfig:/mnt/d/src/MtgDiscoveryVibeWorkspace/IMPLS/src/.editorconfig /analyzerconfig:obj/Release/net9.0/Lib.Domain.Cards.GeneratedMSBuildEditorConfig.editorconfig /analyzerconfig:/usr/share/dotnet/sdk/9.0.203/Sdks/Microsoft.NET.Sdk/analyzers/build/config/analysislevel_9_all_warnaserror.globalconfig /analyzer:/usr/share/dotnet/sdk/9.0.203/Sdks/Microsoft.NET.Sdk/targets/../analyzers/Microsoft.CodeAnalysis.CSharp.NetAnalyzers.dll /analyzer:/usr/share/dotnet/sdk/9.0.203/Sdks/Microsoft.NET.Sdk/targets/../analyzers/Microsoft.CodeAnalysis.NetAnalyzers.dll /analyzer:/usr/share/dotnet/sdk/9.0.203/Sdks/Microsoft.NET.Sdk/targets/../codestyle/cs/Microsoft.CodeAnalysis.CodeStyle.dll /analyzer:/usr/share/dotnet/sdk/9.0.203/Sdks/Microsoft.NET.Sdk/targets/../codestyle/cs/Microsoft.CodeAnalysis.CodeStyle.Fixes.dll /analyzer:/usr/share/dotnet/sdk/9.0.203/Sdks/Microsoft.NET.Sdk/targets/../codestyle/cs/Microsoft.CodeAnalysis.CSharp.CodeStyle.dll /analyzer:/usr/share/dotnet/sdk/9.0.203/Sdks/Microsoft.NET.Sdk/targets/../codestyle/cs/Microsoft.CodeAnalysis.CSharp.CodeStyle.Fixes.dll /analyzer:/home/quinngil/.nuget/packages/microsoft.codeanalysis.bannedapianalyzers/4.14.0/analyzers/dotnet/cs/Microsoft.CodeAnalysis.BannedApiAnalyzers.dll /analyzer:/home/quinngil/.nuget/packages/microsoft.codeanalysis.bannedapianalyzers/4.14.0/analyzers/dotnet/cs/Microsoft.CodeAnalysis.CSharp.BannedApiAnalyzers.dll /analyzer:/home/quinngil/.nuget/packages/microsoft.extensions.logging.abstractions/9.0.0/analyzers/dotnet/roslyn4.4/cs/Microsoft.Extensions.Logging.Generators.dll /analyzer:/home/quinngil/.nuget/packages/microsoft.extensions.options/9.0.0/analyzers/dotnet/roslyn4.4/cs/Microsoft.Extensions.Options.SourceGeneration.dll /analyzer:/home/quinngil/.nuget/packages/system.clientmodel/1.5.1/analyzers/dotnet/cs/System.ClientModel.SourceGeneration.dll /analyzer:/home/quinngil/.nuget/packages/system.text.json/9.0.8/analyzers/dotnet/roslyn4.4/cs/System.Text.Json.SourceGeneration.dll /analyzer:/usr/share/dotnet/packs/Microsoft.NETCore.App.Ref/9.0.4/analyzers/dotnet/cs/Microsoft.Interop.ComInterfaceGenerator.dll /analyzer:/usr/share/dotnet/packs/Microsoft.NETCore.App.Ref/9.0.4/analyzers/dotnet/cs/Microsoft.Interop.JavaScript.JSImportGenerator.dll /analyzer:/usr/share/dotnet/packs/Microsoft.NETCore.App.Ref/9.0.4/analyzers/dotnet/cs/Microsoft.Interop.LibraryImportGenerator.dll /analyzer:/usr/share/dotnet/packs/Microsoft.NETCore.App.Ref/9.0.4/analyzers/dotnet/cs/Microsoft.Interop.SourceGeneration.dll /analyzer:/usr/share/dotnet/packs/Microsoft.NETCore.App.Ref/9.0.4/analyzers/dotnet/cs/System.Text.RegularExpressions.Generator.dll /additionalfile:/mnt/d/src/MtgDiscoveryVibeWorkspace/IMPLS/src/BannedSymbols.txt /additionalfile:/mnt/d/src/MtgDiscoveryVibeWorkspace/IMPLS/src/.editorconfig Apis/CardDomainService.cs Apis/ICardDomainService.cs Queries/QueryCardDomainService.cs QueryCardsIds.cs "obj/Release/net9.0/.NETCoreApp,Version=v9.0.AssemblyAttributes.cs" obj/Release/net9.0/Lib.Domain.Cards.AssemblyInfo.cs /warnaserror+:NU1605,SYSLIB0011
    29>CopyFilesToOutputDirectory:
         Copying file from "/mnt/d/src/MtgDiscoveryVibeWorkspace/IMPLS/src/Lib.Domain.User/obj/Release/net9.0/Lib.Domain.User.dll" to "/mnt/d/src/MtgDiscoveryVibeWorkspace/IMPLS/src/Lib.Domain.User/bin/Release/net9.0/Lib.Domain.User.dll".
         Copying reference assembly from "obj/Release/net9.0/refint/Lib.Domain.User.dll" to "/mnt/d/src/MtgDiscoveryVibeWorkspace/IMPLS/src/Lib.Domain.User/obj/Release/net9.0/ref/Lib.Domain.User.dll".
         Lib.Domain.User -> /mnt/d/src/MtgDiscoveryVibeWorkspace/IMPLS/src/Lib.Domain.User/bin/Release/net9.0/Lib.Domain.User.dll
         Copying file from "/mnt/d/src/MtgDiscoveryVibeWorkspace/IMPLS/src/Lib.Domain.User/obj/Release/net9.0/Lib.Domain.User.pdb" to "/mnt/d/src/MtgDiscoveryVibeWorkspace/IMPLS/src/Lib.Domain.User/bin/Release/net9.0/Lib.Domain.User.pdb".
   1:2>Project "/mnt/d/src/MtgDiscoveryVibeWorkspace/IMPLS/src/MtgDiscoveryVibe.sln" (1:2) is building "/mnt/d/src/MtgDiscoveryVibeWorkspace/IMPLS/src/Lib.Aggregator.Cards.Tests/Lib.Aggregator.Cards.Tests.csproj" (20:6) on node 5 (default targets).
    20>GenerateTargetFrameworkMonikerAttribute:
       Skipping target "GenerateTargetFrameworkMonikerAttribute" because all output files are up-to-date with respect to the input files.
    29>Done Building Project "/mnt/d/src/MtgDiscoveryVibeWorkspace/IMPLS/src/Lib.Domain.User/Lib.Domain.User.csproj" (default targets).
    28>CoreCompile:
         CompilerServer: server - server processed compilation - Lib.Domain.Artists (net9.0)
       _CopyFilesMarkedCopyLocal:
         Copying file from "/mnt/d/src/MtgDiscoveryVibeWorkspace/IMPLS/src/Lib.Adapter.Scryfall.Cosmos/bin/Release/net9.0/Lib.Adapter.Scryfall.Cosmos.dll" to "/mnt/d/src/MtgDiscoveryVibeWorkspace/IMPLS/src/Lib.Domain.Artists/bin/Release/net9.0/Lib.Adapter.Scryfall.Cosmos.dll".
         Copying file from "/mnt/d/src/MtgDiscoveryVibeWorkspace/IMPLS/src/Lib.Aggregator.Artists/bin/Release/net9.0/Lib.Aggregator.Artists.dll" to "/mnt/d/src/MtgDiscoveryVibeWorkspace/IMPLS/src/Lib.Domain.Artists/bin/Release/net9.0/Lib.Aggregator.Artists.dll".
         Copying file from "/mnt/d/src/MtgDiscoveryVibeWorkspace/IMPLS/src/Lib.Scryfall.Shared/bin/Release/net9.0/Lib.Scryfall.Shared.dll" to "/mnt/d/src/MtgDiscoveryVibeWorkspace/IMPLS/src/Lib.Domain.Artists/bin/Release/net9.0/Lib.Scryfall.Shared.dll".
         Copying file from "/mnt/d/src/MtgDiscoveryVibeWorkspace/IMPLS/src/Lib.Aggregator.Scryfall.Shared/bin/Release/net9.0/Lib.Aggregator.Scryfall.Shared.dll" to "/mnt/d/src/MtgDiscoveryVibeWorkspace/IMPLS/src/Lib.Domain.Artists/bin/Release/net9.0/Lib.Aggregator.Scryfall.Shared.dll".
         Copying file from "/mnt/d/src/MtgDiscoveryVibeWorkspace/IMPLS/src/Lib.Adapter.Artists/bin/Release/net9.0/Lib.Adapter.Artists.dll" to "/mnt/d/src/MtgDiscoveryVibeWorkspace/IMPLS/src/Lib.Domain.Artists/bin/Release/net9.0/Lib.Adapter.Artists.dll".
         Copying file from "/mnt/d/src/MtgDiscoveryVibeWorkspace/IMPLS/src/Lib.Cosmos/bin/Release/net9.0/Lib.Cosmos.dll" to "/mnt/d/src/MtgDiscoveryVibeWorkspace/IMPLS/src/Lib.Domain.Artists/bin/Release/net9.0/Lib.Cosmos.dll".
         Copying file from "/mnt/d/src/MtgDiscoveryVibeWorkspace/IMPLS/src/Lib.Universal/bin/Release/net9.0/Lib.Universal.dll" to "/mnt/d/src/MtgDiscoveryVibeWorkspace/IMPLS/src/Lib.Domain.Artists/bin/Release/net9.0/Lib.Universal.dll".
         Copying file from "/mnt/d/src/MtgDiscoveryVibeWorkspace/IMPLS/src/Lib.Shared.Abstractions/bin/Release/net9.0/Lib.Shared.Abstractions.dll" to "/mnt/d/src/MtgDiscoveryVibeWorkspace/IMPLS/src/Lib.Domain.Artists/bin/Release/net9.0/Lib.Shared.Abstractions.dll".
         Copying file from "/mnt/d/src/MtgDiscoveryVibeWorkspace/IMPLS/src/Lib.Shared.DataModels/bin/Release/net9.0/Lib.Shared.DataModels.dll" to "/mnt/d/src/MtgDiscoveryVibeWorkspace/IMPLS/src/Lib.Domain.Artists/bin/Release/net9.0/Lib.Shared.DataModels.dll".
         Copying file from "/mnt/d/src/MtgDiscoveryVibeWorkspace/IMPLS/src/Lib.Shared.Invocation/bin/Release/net9.0/Lib.Shared.Invocation.dll" to "/mnt/d/src/MtgDiscoveryVibeWorkspace/IMPLS/src/Lib.Domain.Artists/bin/Release/net9.0/Lib.Shared.Invocation.dll".
         Copying file from "/mnt/d/src/MtgDiscoveryVibeWorkspace/IMPLS/src/Lib.Shared.DataModels/bin/Release/net9.0/Lib.Shared.DataModels.pdb" to "/mnt/d/src/MtgDiscoveryVibeWorkspace/IMPLS/src/Lib.Domain.Artists/bin/Release/net9.0/Lib.Shared.DataModels.pdb".
         Copying file from "/mnt/d/src/MtgDiscoveryVibeWorkspace/IMPLS/src/Lib.Shared.Invocation/bin/Release/net9.0/Lib.Shared.Invocation.pdb" to "/mnt/d/src/MtgDiscoveryVibeWorkspace/IMPLS/src/Lib.Domain.Artists/bin/Release/net9.0/Lib.Shared.Invocation.pdb".
    16>CoreCompile:
         CompilerServer: server - server processed compilation - Lib.Domain.Cards (net9.0)
       _CopyFilesMarkedCopyLocal:
         Copying file from "/mnt/d/src/MtgDiscoveryVibeWorkspace/IMPLS/src/Lib.Adapter.Scryfall.Cosmos/bin/Release/net9.0/Lib.Adapter.Scryfall.Cosmos.dll" to "/mnt/d/src/MtgDiscoveryVibeWorkspace/IMPLS/src/Lib.Domain.Cards/bin/Release/net9.0/Lib.Adapter.Scryfall.Cosmos.dll".
    28>_CopyFilesMarkedCopyLocal:
         Copying file from "/mnt/d/src/MtgDiscoveryVibeWorkspace/IMPLS/src/Lib.Adapter.Artists/bin/Release/net9.0/Lib.Adapter.Artists.pdb" to "/mnt/d/src/MtgDiscoveryVibeWorkspace/IMPLS/src/Lib.Domain.Artists/bin/Release/net9.0/Lib.Adapter.Artists.pdb".
    16>_CopyFilesMarkedCopyLocal:
         Copying file from "/mnt/d/src/MtgDiscoveryVibeWorkspace/IMPLS/src/Lib.Adapter.Cards/bin/Release/net9.0/Lib.Adapter.Cards.dll" to "/mnt/d/src/MtgDiscoveryVibeWorkspace/IMPLS/src/Lib.Domain.Cards/bin/Release/net9.0/Lib.Adapter.Cards.dll".
    28>_CopyFilesMarkedCopyLocal:
         Copying file from "/mnt/d/src/MtgDiscoveryVibeWorkspace/IMPLS/src/Lib.Aggregator.Artists/bin/Release/net9.0/Lib.Aggregator.Artists.pdb" to "/mnt/d/src/MtgDiscoveryVibeWorkspace/IMPLS/src/Lib.Domain.Artists/bin/Release/net9.0/Lib.Aggregator.Artists.pdb".
    16>_CopyFilesMarkedCopyLocal:
         Copying file from "/mnt/d/src/MtgDiscoveryVibeWorkspace/IMPLS/src/Lib.Cosmos/bin/Release/net9.0/Lib.Cosmos.dll" to "/mnt/d/src/MtgDiscoveryVibeWorkspace/IMPLS/src/Lib.Domain.Cards/bin/Release/net9.0/Lib.Cosmos.dll".
    28>_CopyFilesMarkedCopyLocal:
         Copying file from "/mnt/d/src/MtgDiscoveryVibeWorkspace/IMPLS/src/Lib.Adapter.Scryfall.Cosmos/bin/Release/net9.0/Lib.Adapter.Scryfall.Cosmos.pdb" to "/mnt/d/src/MtgDiscoveryVibeWorkspace/IMPLS/src/Lib.Domain.Artists/bin/Release/net9.0/Lib.Adapter.Scryfall.Cosmos.pdb".
    16>_CopyFilesMarkedCopyLocal:
         Copying file from "/mnt/d/src/MtgDiscoveryVibeWorkspace/IMPLS/src/Lib.Scryfall.Shared/bin/Release/net9.0/Lib.Scryfall.Shared.dll" to "/mnt/d/src/MtgDiscoveryVibeWorkspace/IMPLS/src/Lib.Domain.Cards/bin/Release/net9.0/Lib.Scryfall.Shared.dll".
    28>_CopyFilesMarkedCopyLocal:
         Copying file from "/mnt/d/src/MtgDiscoveryVibeWorkspace/IMPLS/src/Lib.Universal/bin/Release/net9.0/Lib.Universal.pdb" to "/mnt/d/src/MtgDiscoveryVibeWorkspace/IMPLS/src/Lib.Domain.Artists/bin/Release/net9.0/Lib.Universal.pdb".
    16>_CopyFilesMarkedCopyLocal:
         Copying file from "/mnt/d/src/MtgDiscoveryVibeWorkspace/IMPLS/src/Lib.Aggregator.Cards/bin/Release/net9.0/Lib.Aggregator.Cards.dll" to "/mnt/d/src/MtgDiscoveryVibeWorkspace/IMPLS/src/Lib.Domain.Cards/bin/Release/net9.0/Lib.Aggregator.Cards.dll".
    28>_CopyFilesMarkedCopyLocal:
         Copying file from "/mnt/d/src/MtgDiscoveryVibeWorkspace/IMPLS/src/Lib.Aggregator.Scryfall.Shared/bin/Release/net9.0/Lib.Aggregator.Scryfall.Shared.pdb" to "/mnt/d/src/MtgDiscoveryVibeWorkspace/IMPLS/src/Lib.Domain.Artists/bin/Release/net9.0/Lib.Aggregator.Scryfall.Shared.pdb".
    16>_CopyFilesMarkedCopyLocal:
         Copying file from "/mnt/d/src/MtgDiscoveryVibeWorkspace/IMPLS/src/Lib.Aggregator.Scryfall.Shared/bin/Release/net9.0/Lib.Aggregator.Scryfall.Shared.dll" to "/mnt/d/src/MtgDiscoveryVibeWorkspace/IMPLS/src/Lib.Domain.Cards/bin/Release/net9.0/Lib.Aggregator.Scryfall.Shared.dll".
    28>_CopyFilesMarkedCopyLocal:
         Copying file from "/mnt/d/src/MtgDiscoveryVibeWorkspace/IMPLS/src/Lib.Cosmos/bin/Release/net9.0/Lib.Cosmos.pdb" to "/mnt/d/src/MtgDiscoveryVibeWorkspace/IMPLS/src/Lib.Domain.Artists/bin/Release/net9.0/Lib.Cosmos.pdb".
    16>_CopyFilesMarkedCopyLocal:
         Copying file from "/mnt/d/src/MtgDiscoveryVibeWorkspace/IMPLS/src/Lib.Shared.Abstractions/bin/Release/net9.0/Lib.Shared.Abstractions.dll" to "/mnt/d/src/MtgDiscoveryVibeWorkspace/IMPLS/src/Lib.Domain.Cards/bin/Release/net9.0/Lib.Shared.Abstractions.dll".
         Copying file from "/mnt/d/src/MtgDiscoveryVibeWorkspace/IMPLS/src/Lib.Shared.DataModels/bin/Release/net9.0/Lib.Shared.DataModels.dll" to "/mnt/d/src/MtgDiscoveryVibeWorkspace/IMPLS/src/Lib.Domain.Cards/bin/Release/net9.0/Lib.Shared.DataModels.dll".
    28>_CopyFilesMarkedCopyLocal:
         Copying file from "/mnt/d/src/MtgDiscoveryVibeWorkspace/IMPLS/src/Lib.Shared.Abstractions/bin/Release/net9.0/Lib.Shared.Abstractions.pdb" to "/mnt/d/src/MtgDiscoveryVibeWorkspace/IMPLS/src/Lib.Domain.Artists/bin/Release/net9.0/Lib.Shared.Abstractions.pdb".
    16>_CopyFilesMarkedCopyLocal:
         Copying file from "/mnt/d/src/MtgDiscoveryVibeWorkspace/IMPLS/src/Lib.Shared.Invocation/bin/Release/net9.0/Lib.Shared.Invocation.dll" to "/mnt/d/src/MtgDiscoveryVibeWorkspace/IMPLS/src/Lib.Domain.Cards/bin/Release/net9.0/Lib.Shared.Invocation.dll".
         Copying file from "/mnt/d/src/MtgDiscoveryVibeWorkspace/IMPLS/src/Lib.Universal/bin/Release/net9.0/Lib.Universal.dll" to "/mnt/d/src/MtgDiscoveryVibeWorkspace/IMPLS/src/Lib.Domain.Cards/bin/Release/net9.0/Lib.Universal.dll".
    28>_CopyFilesMarkedCopyLocal:
         Copying file from "/mnt/d/src/MtgDiscoveryVibeWorkspace/IMPLS/src/Lib.Scryfall.Shared/bin/Release/net9.0/Lib.Scryfall.Shared.pdb" to "/mnt/d/src/MtgDiscoveryVibeWorkspace/IMPLS/src/Lib.Domain.Artists/bin/Release/net9.0/Lib.Scryfall.Shared.pdb".
    16>_CopyFilesMarkedCopyLocal:
         Copying file from "/mnt/d/src/MtgDiscoveryVibeWorkspace/IMPLS/src/Lib.Shared.DataModels/bin/Release/net9.0/Lib.Shared.DataModels.pdb" to "/mnt/d/src/MtgDiscoveryVibeWorkspace/IMPLS/src/Lib.Domain.Cards/bin/Release/net9.0/Lib.Shared.DataModels.pdb".
         Copying file from "/mnt/d/src/MtgDiscoveryVibeWorkspace/IMPLS/src/Lib.Aggregator.Cards/bin/Release/net9.0/Lib.Aggregator.Cards.pdb" to "/mnt/d/src/MtgDiscoveryVibeWorkspace/IMPLS/src/Lib.Domain.Cards/bin/Release/net9.0/Lib.Aggregator.Cards.pdb".
    28>_CopyFilesMarkedCopyLocal:
         Touching "/mnt/d/src/MtgDiscoveryVibeWorkspace/IMPLS/src/Lib.Domain.Artists/obj/Release/net9.0/Lib.Doma.027A5598.Up2Date".
    16>_CopyFilesMarkedCopyLocal:
         Copying file from "/mnt/d/src/MtgDiscoveryVibeWorkspace/IMPLS/src/Lib.Aggregator.Scryfall.Shared/bin/Release/net9.0/Lib.Aggregator.Scryfall.Shared.pdb" to "/mnt/d/src/MtgDiscoveryVibeWorkspace/IMPLS/src/Lib.Domain.Cards/bin/Release/net9.0/Lib.Aggregator.Scryfall.Shared.pdb".
         Copying file from "/mnt/d/src/MtgDiscoveryVibeWorkspace/IMPLS/src/Lib.Adapter.Scryfall.Cosmos/bin/Release/net9.0/Lib.Adapter.Scryfall.Cosmos.pdb" to "/mnt/d/src/MtgDiscoveryVibeWorkspace/IMPLS/src/Lib.Domain.Cards/bin/Release/net9.0/Lib.Adapter.Scryfall.Cosmos.pdb".
         Copying file from "/mnt/d/src/MtgDiscoveryVibeWorkspace/IMPLS/src/Lib.Adapter.Cards/bin/Release/net9.0/Lib.Adapter.Cards.pdb" to "/mnt/d/src/MtgDiscoveryVibeWorkspace/IMPLS/src/Lib.Domain.Cards/bin/Release/net9.0/Lib.Adapter.Cards.pdb".
         Copying file from "/mnt/d/src/MtgDiscoveryVibeWorkspace/IMPLS/src/Lib.Cosmos/bin/Release/net9.0/Lib.Cosmos.pdb" to "/mnt/d/src/MtgDiscoveryVibeWorkspace/IMPLS/src/Lib.Domain.Cards/bin/Release/net9.0/Lib.Cosmos.pdb".
         Copying file from "/mnt/d/src/MtgDiscoveryVibeWorkspace/IMPLS/src/Lib.Scryfall.Shared/bin/Release/net9.0/Lib.Scryfall.Shared.pdb" to "/mnt/d/src/MtgDiscoveryVibeWorkspace/IMPLS/src/Lib.Domain.Cards/bin/Release/net9.0/Lib.Scryfall.Shared.pdb".
         Copying file from "/mnt/d/src/MtgDiscoveryVibeWorkspace/IMPLS/src/Lib.Shared.Abstractions/bin/Release/net9.0/Lib.Shared.Abstractions.pdb" to "/mnt/d/src/MtgDiscoveryVibeWorkspace/IMPLS/src/Lib.Domain.Cards/bin/Release/net9.0/Lib.Shared.Abstractions.pdb".
         Copying file from "/mnt/d/src/MtgDiscoveryVibeWorkspace/IMPLS/src/Lib.Shared.Invocation/bin/Release/net9.0/Lib.Shared.Invocation.pdb" to "/mnt/d/src/MtgDiscoveryVibeWorkspace/IMPLS/src/Lib.Domain.Cards/bin/Release/net9.0/Lib.Shared.Invocation.pdb".
         Copying file from "/mnt/d/src/MtgDiscoveryVibeWorkspace/IMPLS/src/Lib.Universal/bin/Release/net9.0/Lib.Universal.pdb" to "/mnt/d/src/MtgDiscoveryVibeWorkspace/IMPLS/src/Lib.Domain.Cards/bin/Release/net9.0/Lib.Universal.pdb".
         Touching "/mnt/d/src/MtgDiscoveryVibeWorkspace/IMPLS/src/Lib.Domain.Cards/obj/Release/net9.0/Lib.Doma.9022885B.Up2Date".
    28>_CopyOutOfDateSourceItemsToOutputDirectory:
       Skipping target "_CopyOutOfDateSourceItemsToOutputDirectory" because all output files are up-to-date with respect to the input files.
    16>_CopyOutOfDateSourceItemsToOutputDirectory:
       Skipping target "_CopyOutOfDateSourceItemsToOutputDirectory" because all output files are up-to-date with respect to the input files.
    20>_GenerateSourceLinkFile:
         Updating Source Link file 'obj/Release/net9.0/Lib.Aggregator.Cards.Tests.sourcelink.json'.
       CoreCompile:
         /usr/share/dotnet/dotnet exec "/usr/share/dotnet/sdk/9.0.203/Roslyn/bincore/csc.dll" /noconfig /unsafe- /checked- /nowarn:IDE0290,IDE2001,IDE0005,IDE0046,CA1716,CA1040,CA1056,IDE0060,CA2000,CA1707,CA1515,1701,1702 /fullpaths /nostdlib+ /errorreport:prompt /warn:9 /define:TRACE;RELEASE;NET;NET9_0;NETCOREAPP;NET5_0_OR_GREATER;NET6_0_OR_GREATER;NET7_0_OR_GREATER;NET8_0_OR_GREATER;NET9_0_OR_GREATER;NETCOREAPP1_0_OR_GREATER;NETCOREAPP1_1_OR_GREATER;NETCOREAPP2_0_OR_GREATER;NETCOREAPP2_1_OR_GREATER;NETCOREAPP2_2_OR_GREATER;NETCOREAPP3_0_OR_GREATER;NETCOREAPP3_1_OR_GREATER /highentropyva+ /nullable:warnings /reference:/home/quinngil/.nuget/packages/awesomeassertions/9.1.0/lib/net8.0/AwesomeAssertions.dll /reference:/home/quinngil/.nuget/packages/azure.core/1.47.1/lib/net8.0/Azure.Core.dll /reference:/home/quinngil/.nuget/packages/azure.resourcemanager.authorization/1.1.5/lib/net8.0/Azure.ResourceManager.Authorization.dll /reference:/home/quinngil/.nuget/packages/azure.resourcemanager.cosmosdb/1.3.2/lib/netstandard2.0/Azure.ResourceManager.CosmosDB.dll /reference:/home/quinngil/.nuget/packages/azure.resourcemanager/1.13.2/lib/net8.0/Azure.ResourceManager.dll /reference:/mnt/d/src/MtgDiscoveryVibeWorkspace/IMPLS/src/Lib.Adapter.Cards/obj/Release/net9.0/ref/Lib.Adapter.Cards.dll /reference:/mnt/d/src/MtgDiscoveryVibeWorkspace/IMPLS/src/Lib.Adapter.Scryfall.Cosmos/obj/Release/net9.0/ref/Lib.Adapter.Scryfall.Cosmos.dll /reference:/mnt/d/src/MtgDiscoveryVibeWorkspace/IMPLS/src/Lib.Aggregator.Cards/obj/Release/net9.0/ref/Lib.Aggregator.Cards.dll /reference:/mnt/d/src/MtgDiscoveryVibeWorkspace/IMPLS/src/Lib.Aggregator.Scryfall.Shared/obj/Release/net9.0/ref/Lib.Aggregator.Scryfall.Shared.dll /reference:/mnt/d/src/MtgDiscoveryVibeWorkspace/IMPLS/src/Lib.Cosmos/obj/Release/net9.0/ref/Lib.Cosmos.dll /reference:/mnt/d/src/MtgDiscoveryVibeWorkspace/IMPLS/src/Lib.Scryfall.Shared/obj/Release/net9.0/ref/Lib.Scryfall.Shared.dll /reference:/mnt/d/src/MtgDiscoveryVibeWorkspace/IMPLS/src/Lib.Shared.Abstractions/obj/Release/net9.0/ref/Lib.Shared.Abstractions.dll /reference:/mnt/d/src/MtgDiscoveryVibeWorkspace/IMPLS/src/Lib.Shared.DataModels/obj/Release/net9.0/ref/Lib.Shared.DataModels.dll /reference:/mnt/d/src/MtgDiscoveryVibeWorkspace/IMPLS/src/Lib.Shared.Invocation/obj/Release/net9.0/ref/Lib.Shared.Invocation.dll /reference:/mnt/d/src/MtgDiscoveryVibeWorkspace/IMPLS/src/Lib.Universal/obj/Release/net9.0/ref/Lib.Universal.dll /reference:/mnt/d/src/MtgDiscoveryVibeWorkspace/IMPLS/src/Lib.Universal.Tests/obj/Release/net9.0/ref/Lib.Universal.Tests.dll /reference:/home/quinngil/.nuget/packages/microsoft.applicationinsights/2.23.0/lib/netstandard2.0/Microsoft.ApplicationInsights.dll /reference:/home/quinngil/.nuget/packages/microsoft.azure.cosmos/3.52.1/lib/netstandard2.0/Microsoft.Azure.Cosmos.Client.dll /reference:/home/quinngil/.nuget/packages/microsoft.azure.cosmos/3.52.1/lib/netstandard2.0/Microsoft.Azure.Cosmos.Core.dll /reference:/home/quinngil/.nuget/packages/microsoft.azure.cosmos/3.52.1/lib/netstandard2.0/Microsoft.Azure.Cosmos.Direct.dll /reference:/home/quinngil/.nuget/packages/microsoft.azure.cosmos/3.52.1/lib/netstandard2.0/Microsoft.Azure.Cosmos.Serialization.HybridRow.dll /reference:/home/quinngil/.nuget/packages/microsoft.bcl.asyncinterfaces/8.0.0/lib/netstandard2.1/Microsoft.Bcl.AsyncInterfaces.dll /reference:/home/quinngil/.nuget/packages/microsoft.bcl.hashcode/1.1.0/ref/netcoreapp2.1/Microsoft.Bcl.HashCode.dll /reference:/usr/share/dotnet/packs/Microsoft.NETCore.App.Ref/9.0.4/ref/net9.0/Microsoft.CSharp.dll /reference:/home/quinngil/.nuget/packages/microsoft.extensions.caching.abstractions/9.0.0/lib/net9.0/Microsoft.Extensions.Caching.Abstractions.dll /reference:/home/quinngil/.nuget/packages/microsoft.extensions.caching.memory/9.0.0/lib/net9.0/Microsoft.Extensions.Caching.Memory.dll /reference:/home/quinngil/.nuget/packages/microsoft.extensions.configuration.abstractions/9.0.5/lib/net9.0/Microsoft.Extensions.Configuration.Abstractions.dll /reference:/home/quinngil/.nuget/packages/microsoft.extensions.configuration/9.0.5/lib/net9.0/Microsoft.Extensions.Configuration.dll /reference:/home/quinngil/.nuget/packages/microsoft.extensions.dependencyinjection.abstractions/9.0.0/lib/net9.0/Microsoft.Extensions.DependencyInjection.Abstractions.dll /reference:/home/quinngil/.nuget/packages/microsoft.extensions.logging.abstractions/9.0.0/lib/net9.0/Microsoft.Extensions.Logging.Abstractions.dll /reference:/home/quinngil/.nuget/packages/microsoft.extensions.options/9.0.0/lib/net9.0/Microsoft.Extensions.Options.dll /reference:/home/quinngil/.nuget/packages/microsoft.extensions.primitives/9.0.5/lib/net9.0/Microsoft.Extensions.Primitives.dll /reference:/home/quinngil/.nuget/packages/microsoft.identitymodel.abstractions/8.0.1/lib/net9.0/Microsoft.IdentityModel.Abstractions.dll /reference:/home/quinngil/.nuget/packages/microsoft.identitymodel.jsonwebtokens/8.0.1/lib/net9.0/Microsoft.IdentityModel.JsonWebTokens.dll /reference:/home/quinngil/.nuget/packages/microsoft.identitymodel.logging/8.0.1/lib/net9.0/Microsoft.IdentityModel.Logging.dll /reference:/home/quinngil/.nuget/packages/microsoft.identitymodel.tokens/8.0.1/lib/net9.0/Microsoft.IdentityModel.Tokens.dll /reference:/home/quinngil/.nuget/packages/microsoft.testing.platform.msbuild/1.8.1/lib/net9.0/Microsoft.Testing.Extensions.MSBuild.dll /reference:/home/quinngil/.nuget/packages/microsoft.testing.extensions.telemetry/1.8.1/lib/net9.0/Microsoft.Testing.Extensions.Telemetry.dll /reference:/home/quinngil/.nuget/packages/microsoft.testing.extensions.trxreport.abstractions/1.8.1/lib/net9.0/Microsoft.Testing.Extensions.TrxReport.Abstractions.dll /reference:/home/quinngil/.nuget/packages/microsoft.testing.extensions.vstestbridge/1.8.1/lib/net9.0/Microsoft.Testing.Extensions.VSTestBridge.dll /reference:/home/quinngil/.nuget/packages/microsoft.testing.platform/1.8.1/lib/net9.0/Microsoft.Testing.Platform.dll /reference:/home/quinngil/.nuget/packages/microsoft.testplatform.adapterutilities/17.13.0/lib/net9.0/Microsoft.TestPlatform.AdapterUtilities.dll /reference:/home/quinngil/.nuget/packages/microsoft.testplatform.testhost/17.14.1/lib/net8.0/Microsoft.TestPlatform.CommunicationUtilities.dll /reference:/home/quinngil/.nuget/packages/microsoft.testplatform.testhost/17.14.1/lib/net8.0/Microsoft.TestPlatform.CoreUtilities.dll /reference:/home/quinngil/.nuget/packages/microsoft.testplatform.testhost/17.14.1/lib/net8.0/Microsoft.TestPlatform.CrossPlatEngine.dll /reference:/home/quinngil/.nuget/packages/microsoft.testplatform.testhost/17.14.1/lib/net8.0/Microsoft.TestPlatform.PlatformAbstractions.dll /reference:/home/quinngil/.nuget/packages/microsoft.testplatform.testhost/17.14.1/lib/net8.0/Microsoft.TestPlatform.Utilities.dll /reference:/usr/share/dotnet/packs/Microsoft.NETCore.App.Ref/9.0.4/ref/net9.0/Microsoft.VisualBasic.Core.dll /reference:/usr/share/dotnet/packs/Microsoft.NETCore.App.Ref/9.0.4/ref/net9.0/Microsoft.VisualBasic.dll /reference:/home/quinngil/.nuget/packages/microsoft.codecoverage/17.14.1/lib/net8.0/Microsoft.VisualStudio.CodeCoverage.Shim.dll /reference:/home/quinngil/.nuget/packages/microsoft.testplatform.testhost/17.14.1/lib/net8.0/Microsoft.VisualStudio.TestPlatform.Common.dll /reference:/home/quinngil/.nuget/packages/microsoft.testplatform.testhost/17.14.1/lib/net8.0/Microsoft.VisualStudio.TestPlatform.ObjectModel.dll /reference:/home/quinngil/.nuget/packages/mstest.testframework/3.10.1/lib/net9.0/Microsoft.VisualStudio.TestPlatform.TestFramework.dll /reference:/home/quinngil/.nuget/packages/mstest.testframework/3.10.1/buildTransitive/net9.0/Microsoft.VisualStudio.TestPlatform.TestFramework.Extensions.dll /reference:/usr/share/dotnet/packs/Microsoft.NETCore.App.Ref/9.0.4/ref/net9.0/Microsoft.Win32.Primitives.dll /reference:/usr/share/dotnet/packs/Microsoft.NETCore.App.Ref/9.0.4/ref/net9.0/Microsoft.Win32.Registry.dll /reference:/home/quinngil/.nuget/packages/microsoft.win32.systemevents/6.0.0/lib/net6.0/Microsoft.Win32.SystemEvents.dll /reference:/usr/share/dotnet/packs/Microsoft.NETCore.App.Ref/9.0.4/ref/net9.0/mscorlib.dll /reference:/usr/share/dotnet/packs/Microsoft.NETCore.App.Ref/9.0.4/ref/net9.0/netstandard.dll /reference:/home/quinngil/.nuget/packages/newtonsoft.json/13.0.3/lib/net6.0/Newtonsoft.Json.dll /reference:/usr/share/dotnet/packs/Microsoft.NETCore.App.Ref/9.0.4/ref/net9.0/System.AppContext.dll /reference:/usr/share/dotnet/packs/Microsoft.NETCore.App.Ref/9.0.4/ref/net9.0/System.Buffers.dll /reference:/home/quinngil/.nuget/packages/system.clientmodel/1.5.1/lib/net8.0/System.ClientModel.dll /reference:/usr/share/dotnet/packs/Microsoft.NETCore.App.Ref/9.0.4/ref/net9.0/System.Collections.Concurrent.dll /reference:/usr/share/dotnet/packs/Microsoft.NETCore.App.Ref/9.0.4/ref/net9.0/System.Collections.dll /reference:/usr/share/dotnet/packs/Microsoft.NETCore.App.Ref/9.0.4/ref/net9.0/System.Collections.Immutable.dll /reference:/usr/share/dotnet/packs/Microsoft.NETCore.App.Ref/9.0.4/ref/net9.0/System.Collections.NonGeneric.dll /reference:/usr/share/dotnet/packs/Microsoft.NETCore.App.Ref/9.0.4/ref/net9.0/System.Collections.Specialized.dll /reference:/usr/share/dotnet/packs/Microsoft.NETCore.App.Ref/9.0.4/ref/net9.0/System.ComponentModel.Annotations.dll /reference:/usr/share/dotnet/packs/Microsoft.NETCore.App.Ref/9.0.4/ref/net9.0/System.ComponentModel.DataAnnotations.dll /reference:/usr/share/dotnet/packs/Microsoft.NETCore.App.Ref/9.0.4/ref/net9.0/System.ComponentModel.dll /reference:/usr/share/dotnet/packs/Microsoft.NETCore.App.Ref/9.0.4/ref/net9.0/System.ComponentModel.EventBasedAsync.dll /reference:/usr/share/dotnet/packs/Microsoft.NETCore.App.Ref/9.0.4/ref/net9.0/System.ComponentModel.Primitives.dll /reference:/usr/share/dotnet/packs/Microsoft.NETCore.App.Ref/9.0.4/ref/net9.0/System.ComponentModel.TypeConverter.dll /reference:/home/quinngil/.nuget/packages/system.configuration.configurationmanager/6.0.0/lib/net6.0/System.Configuration.ConfigurationManager.dll /reference:/usr/share/dotnet/packs/Microsoft.NETCore.App.Ref/9.0.4/ref/net9.0/System.Configuration.dll /reference:/usr/share/dotnet/packs/Microsoft.NETCore.App.Ref/9.0.4/ref/net9.0/System.Console.dll /reference:/usr/share/dotnet/packs/Microsoft.NETCore.App.Ref/9.0.4/ref/net9.0/System.Core.dll /reference:/usr/share/dotnet/packs/Microsoft.NETCore.App.Ref/9.0.4/ref/net9.0/System.Data.Common.dll /reference:/usr/share/dotnet/packs/Microsoft.NETCore.App.Ref/9.0.4/ref/net9.0/System.Data.DataSetExtensions.dll /reference:/usr/share/dotnet/packs/Microsoft.NETCore.App.Ref/9.0.4/ref/net9.0/System.Data.dll /reference:/usr/share/dotnet/packs/Microsoft.NETCore.App.Ref/9.0.4/ref/net9.0/System.Diagnostics.Contracts.dll /reference:/usr/share/dotnet/packs/Microsoft.NETCore.App.Ref/9.0.4/ref/net9.0/System.Diagnostics.Debug.dll /reference:/usr/share/dotnet/packs/Microsoft.NETCore.App.Ref/9.0.4/ref/net9.0/System.Diagnostics.DiagnosticSource.dll /reference:/usr/share/dotnet/packs/Microsoft.NETCore.App.Ref/9.0.4/ref/net9.0/System.Diagnostics.FileVersionInfo.dll /reference:/usr/share/dotnet/packs/Microsoft.NETCore.App.Ref/9.0.4/ref/net9.0/System.Diagnostics.Process.dll /reference:/usr/share/dotnet/packs/Microsoft.NETCore.App.Ref/9.0.4/ref/net9.0/System.Diagnostics.StackTrace.dll /reference:/usr/share/dotnet/packs/Microsoft.NETCore.App.Ref/9.0.4/ref/net9.0/System.Diagnostics.TextWriterTraceListener.dll /reference:/usr/share/dotnet/packs/Microsoft.NETCore.App.Ref/9.0.4/ref/net9.0/System.Diagnostics.Tools.dll /reference:/usr/share/dotnet/packs/Microsoft.NETCore.App.Ref/9.0.4/ref/net9.0/System.Diagnostics.TraceSource.dll /reference:/usr/share/dotnet/packs/Microsoft.NETCore.App.Ref/9.0.4/ref/net9.0/System.Diagnostics.Tracing.dll /reference:/usr/share/dotnet/packs/Microsoft.NETCore.App.Ref/9.0.4/ref/net9.0/System.dll /reference:/home/quinngil/.nuget/packages/system.drawing.common/6.0.0/lib/net6.0/System.Drawing.Common.dll /reference:/usr/share/dotnet/packs/Microsoft.NETCore.App.Ref/9.0.4/ref/net9.0/System.Drawing.dll /reference:/usr/share/dotnet/packs/Microsoft.NETCore.App.Ref/9.0.4/ref/net9.0/System.Drawing.Primitives.dll /reference:/usr/share/dotnet/packs/Microsoft.NETCore.App.Ref/9.0.4/ref/net9.0/System.Dynamic.Runtime.dll /reference:/usr/share/dotnet/packs/Microsoft.NETCore.App.Ref/9.0.4/ref/net9.0/System.Formats.Asn1.dll /reference:/usr/share/dotnet/packs/Microsoft.NETCore.App.Ref/9.0.4/ref/net9.0/System.Formats.Tar.dll /reference:/usr/share/dotnet/packs/Microsoft.NETCore.App.Ref/9.0.4/ref/net9.0/System.Globalization.Calendars.dll /reference:/usr/share/dotnet/packs/Microsoft.NETCore.App.Ref/9.0.4/ref/net9.0/System.Globalization.dll /reference:/usr/share/dotnet/packs/Microsoft.NETCore.App.Ref/9.0.4/ref/net9.0/System.Globalization.Extensions.dll /reference:/home/quinngil/.nuget/packages/system.identitymodel.tokens.jwt/8.0.1/lib/net9.0/System.IdentityModel.Tokens.Jwt.dll /reference:/usr/share/dotnet/packs/Microsoft.NETCore.App.Ref/9.0.4/ref/net9.0/System.IO.Compression.Brotli.dll /reference:/usr/share/dotnet/packs/Microsoft.NETCore.App.Ref/9.0.4/ref/net9.0/System.IO.Compression.dll /reference:/usr/share/dotnet/packs/Microsoft.NETCore.App.Ref/9.0.4/ref/net9.0/System.IO.Compression.FileSystem.dll /reference:/usr/share/dotnet/packs/Microsoft.NETCore.App.Ref/9.0.4/ref/net9.0/System.IO.Compression.ZipFile.dll /reference:/usr/share/dotnet/packs/Microsoft.NETCore.App.Ref/9.0.4/ref/net9.0/System.IO.dll /reference:/usr/share/dotnet/packs/Microsoft.NETCore.App.Ref/9.0.4/ref/net9.0/System.IO.FileSystem.AccessControl.dll /reference:/usr/share/dotnet/packs/Microsoft.NETCore.App.Ref/9.0.4/ref/net9.0/System.IO.FileSystem.dll /reference:/usr/share/dotnet/packs/Microsoft.NETCore.App.Ref/9.0.4/ref/net9.0/System.IO.FileSystem.DriveInfo.dll /reference:/usr/share/dotnet/packs/Microsoft.NETCore.App.Ref/9.0.4/ref/net9.0/System.IO.FileSystem.Primitives.dll /reference:/usr/share/dotnet/packs/Microsoft.NETCore.App.Ref/9.0.4/ref/net9.0/System.IO.FileSystem.Watcher.dll /reference:/usr/share/dotnet/packs/Microsoft.NETCore.App.Ref/9.0.4/ref/net9.0/System.IO.IsolatedStorage.dll /reference:/usr/share/dotnet/packs/Microsoft.NETCore.App.Ref/9.0.4/ref/net9.0/System.IO.MemoryMappedFiles.dll /reference:/usr/share/dotnet/packs/Microsoft.NETCore.App.Ref/9.0.4/ref/net9.0/System.IO.Pipelines.dll /reference:/usr/share/dotnet/packs/Microsoft.NETCore.App.Ref/9.0.4/ref/net9.0/System.IO.Pipes.AccessControl.dll /reference:/usr/share/dotnet/packs/Microsoft.NETCore.App.Ref/9.0.4/ref/net9.0/System.IO.Pipes.dll /reference:/usr/share/dotnet/packs/Microsoft.NETCore.App.Ref/9.0.4/ref/net9.0/System.IO.UnmanagedMemoryStream.dll /reference:/usr/share/dotnet/packs/Microsoft.NETCore.App.Ref/9.0.4/ref/net9.0/System.Linq.dll /reference:/usr/share/dotnet/packs/Microsoft.NETCore.App.Ref/9.0.4/ref/net9.0/System.Linq.Expressions.dll /reference:/usr/share/dotnet/packs/Microsoft.NETCore.App.Ref/9.0.4/ref/net9.0/System.Linq.Parallel.dll /reference:/usr/share/dotnet/packs/Microsoft.NETCore.App.Ref/9.0.4/ref/net9.0/System.Linq.Queryable.dll /reference:/home/quinngil/.nuget/packages/system.memory.data/8.0.1/lib/net8.0/System.Memory.Data.dll /reference:/usr/share/dotnet/packs/Microsoft.NETCore.App.Ref/9.0.4/ref/net9.0/System.Memory.dll /reference:/usr/share/dotnet/packs/Microsoft.NETCore.App.Ref/9.0.4/ref/net9.0/System.Net.dll /reference:/usr/share/dotnet/packs/Microsoft.NETCore.App.Ref/9.0.4/ref/net9.0/System.Net.Http.dll /reference:/usr/share/dotnet/packs/Microsoft.NETCore.App.Ref/9.0.4/ref/net9.0/System.Net.Http.Json.dll /reference:/usr/share/dotnet/packs/Microsoft.NETCore.App.Ref/9.0.4/ref/net9.0/System.Net.HttpListener.dll /reference:/usr/share/dotnet/packs/Microsoft.NETCore.App.Ref/9.0.4/ref/net9.0/System.Net.Mail.dll /reference:/usr/share/dotnet/packs/Microsoft.NETCore.App.Ref/9.0.4/ref/net9.0/System.Net.NameResolution.dll /reference:/usr/share/dotnet/packs/Microsoft.NETCore.App.Ref/9.0.4/ref/net9.0/System.Net.NetworkInformation.dll /reference:/usr/share/dotnet/packs/Microsoft.NETCore.App.Ref/9.0.4/ref/net9.0/System.Net.Ping.dll /reference:/usr/share/dotnet/packs/Microsoft.NETCore.App.Ref/9.0.4/ref/net9.0/System.Net.Primitives.dll /reference:/usr/share/dotnet/packs/Microsoft.NETCore.App.Ref/9.0.4/ref/net9.0/System.Net.Quic.dll /reference:/usr/share/dotnet/packs/Microsoft.NETCore.App.Ref/9.0.4/ref/net9.0/System.Net.Requests.dll /reference:/usr/share/dotnet/packs/Microsoft.NETCore.App.Ref/9.0.4/ref/net9.0/System.Net.Security.dll /reference:/usr/share/dotnet/packs/Microsoft.NETCore.App.Ref/9.0.4/ref/net9.0/System.Net.ServicePoint.dll /reference:/usr/share/dotnet/packs/Microsoft.NETCore.App.Ref/9.0.4/ref/net9.0/System.Net.Sockets.dll /reference:/usr/share/dotnet/packs/Microsoft.NETCore.App.Ref/9.0.4/ref/net9.0/System.Net.WebClient.dll /reference:/usr/share/dotnet/packs/Microsoft.NETCore.App.Ref/9.0.4/ref/net9.0/System.Net.WebHeaderCollection.dll /reference:/usr/share/dotnet/packs/Microsoft.NETCore.App.Ref/9.0.4/ref/net9.0/System.Net.WebProxy.dll /reference:/usr/share/dotnet/packs/Microsoft.NETCore.App.Ref/9.0.4/ref/net9.0/System.Net.WebSockets.Client.dll /reference:/usr/share/dotnet/packs/Microsoft.NETCore.App.Ref/9.0.4/ref/net9.0/System.Net.WebSockets.dll /reference:/usr/share/dotnet/packs/Microsoft.NETCore.App.Ref/9.0.4/ref/net9.0/System.Numerics.dll /reference:/usr/share/dotnet/packs/Microsoft.NETCore.App.Ref/9.0.4/ref/net9.0/System.Numerics.Vectors.dll /reference:/usr/share/dotnet/packs/Microsoft.NETCore.App.Ref/9.0.4/ref/net9.0/System.ObjectModel.dll /reference:/usr/share/dotnet/packs/Microsoft.NETCore.App.Ref/9.0.4/ref/net9.0/System.Reflection.DispatchProxy.dll /reference:/usr/share/dotnet/packs/Microsoft.NETCore.App.Ref/9.0.4/ref/net9.0/System.Reflection.dll /reference:/usr/share/dotnet/packs/Microsoft.NETCore.App.Ref/9.0.4/ref/net9.0/System.Reflection.Emit.dll /reference:/usr/share/dotnet/packs/Microsoft.NETCore.App.Ref/9.0.4/ref/net9.0/System.Reflection.Emit.ILGeneration.dll /reference:/usr/share/dotnet/packs/Microsoft.NETCore.App.Ref/9.0.4/ref/net9.0/System.Reflection.Emit.Lightweight.dll /reference:/usr/share/dotnet/packs/Microsoft.NETCore.App.Ref/9.0.4/ref/net9.0/System.Reflection.Extensions.dll /reference:/usr/share/dotnet/packs/Microsoft.NETCore.App.Ref/9.0.4/ref/net9.0/System.Reflection.Metadata.dll /reference:/usr/share/dotnet/packs/Microsoft.NETCore.App.Ref/9.0.4/ref/net9.0/System.Reflection.Primitives.dll /reference:/usr/share/dotnet/packs/Microsoft.NETCore.App.Ref/9.0.4/ref/net9.0/System.Reflection.TypeExtensions.dll /reference:/usr/share/dotnet/packs/Microsoft.NETCore.App.Ref/9.0.4/ref/net9.0/System.Resources.Reader.dll /reference:/usr/share/dotnet/packs/Microsoft.NETCore.App.Ref/9.0.4/ref/net9.0/System.Resources.ResourceManager.dll /reference:/usr/share/dotnet/packs/Microsoft.NETCore.App.Ref/9.0.4/ref/net9.0/System.Resources.Writer.dll /reference:/usr/share/dotnet/packs/Microsoft.NETCore.App.Ref/9.0.4/ref/net9.0/System.Runtime.CompilerServices.Unsafe.dll /reference:/usr/share/dotnet/packs/Microsoft.NETCore.App.Ref/9.0.4/ref/net9.0/System.Runtime.CompilerServices.VisualC.dll /reference:/usr/share/dotnet/packs/Microsoft.NETCore.App.Ref/9.0.4/ref/net9.0/System.Runtime.dll /reference:/usr/share/dotnet/packs/Microsoft.NETCore.App.Ref/9.0.4/ref/net9.0/System.Runtime.Extensions.dll /reference:/usr/share/dotnet/packs/Microsoft.NETCore.App.Ref/9.0.4/ref/net9.0/System.Runtime.Handles.dll /reference:/usr/share/dotnet/packs/Microsoft.NETCore.App.Ref/9.0.4/ref/net9.0/System.Runtime.InteropServices.dll /reference:/usr/share/dotnet/packs/Microsoft.NETCore.App.Ref/9.0.4/ref/net9.0/System.Runtime.InteropServices.JavaScript.dll /reference:/usr/share/dotnet/packs/Microsoft.NETCore.App.Ref/9.0.4/ref/net9.0/System.Runtime.InteropServices.RuntimeInformation.dll /reference:/usr/share/dotnet/packs/Microsoft.NETCore.App.Ref/9.0.4/ref/net9.0/System.Runtime.Intrinsics.dll /reference:/usr/share/dotnet/packs/Microsoft.NETCore.App.Ref/9.0.4/ref/net9.0/System.Runtime.Loader.dll /reference:/usr/share/dotnet/packs/Microsoft.NETCore.App.Ref/9.0.4/ref/net9.0/System.Runtime.Numerics.dll /reference:/usr/share/dotnet/packs/Microsoft.NETCore.App.Ref/9.0.4/ref/net9.0/System.Runtime.Serialization.dll /reference:/usr/share/dotnet/packs/Microsoft.NETCore.App.Ref/9.0.4/ref/net9.0/System.Runtime.Serialization.Formatters.dll /reference:/usr/share/dotnet/packs/Microsoft.NETCore.App.Ref/9.0.4/ref/net9.0/System.Runtime.Serialization.Json.dll /reference:/usr/share/dotnet/packs/Microsoft.NETCore.App.Ref/9.0.4/ref/net9.0/System.Runtime.Serialization.Primitives.dll /reference:/usr/share/dotnet/packs/Microsoft.NETCore.App.Ref/9.0.4/ref/net9.0/System.Runtime.Serialization.Xml.dll /reference:/usr/share/dotnet/packs/Microsoft.NETCore.App.Ref/9.0.4/ref/net9.0/System.Security.AccessControl.dll /reference:/usr/share/dotnet/packs/Microsoft.NETCore.App.Ref/9.0.4/ref/net9.0/System.Security.Claims.dll /reference:/usr/share/dotnet/packs/Microsoft.NETCore.App.Ref/9.0.4/ref/net9.0/System.Security.Cryptography.Algorithms.dll /reference:/usr/share/dotnet/packs/Microsoft.NETCore.App.Ref/9.0.4/ref/net9.0/System.Security.Cryptography.Cng.dll /reference:/usr/share/dotnet/packs/Microsoft.NETCore.App.Ref/9.0.4/ref/net9.0/System.Security.Cryptography.Csp.dll /reference:/usr/share/dotnet/packs/Microsoft.NETCore.App.Ref/9.0.4/ref/net9.0/System.Security.Cryptography.dll /reference:/usr/share/dotnet/packs/Microsoft.NETCore.App.Ref/9.0.4/ref/net9.0/System.Security.Cryptography.Encoding.dll /reference:/usr/share/dotnet/packs/Microsoft.NETCore.App.Ref/9.0.4/ref/net9.0/System.Security.Cryptography.OpenSsl.dll /reference:/usr/share/dotnet/packs/Microsoft.NETCore.App.Ref/9.0.4/ref/net9.0/System.Security.Cryptography.Primitives.dll /reference:/home/quinngil/.nuget/packages/system.security.cryptography.protecteddata/6.0.0/lib/net6.0/System.Security.Cryptography.ProtectedData.dll /reference:/usr/share/dotnet/packs/Microsoft.NETCore.App.Ref/9.0.4/ref/net9.0/System.Security.Cryptography.X509Certificates.dll /reference:/usr/share/dotnet/packs/Microsoft.NETCore.App.Ref/9.0.4/ref/net9.0/System.Security.dll /reference:/home/quinngil/.nuget/packages/system.security.permissions/6.0.0/lib/net6.0/System.Security.Permissions.dll /reference:/usr/share/dotnet/packs/Microsoft.NETCore.App.Ref/9.0.4/ref/net9.0/System.Security.Principal.dll /reference:/usr/share/dotnet/packs/Microsoft.NETCore.App.Ref/9.0.4/ref/net9.0/System.Security.Principal.Windows.dll /reference:/usr/share/dotnet/packs/Microsoft.NETCore.App.Ref/9.0.4/ref/net9.0/System.Security.SecureString.dll /reference:/usr/share/dotnet/packs/Microsoft.NETCore.App.Ref/9.0.4/ref/net9.0/System.ServiceModel.Web.dll /reference:/usr/share/dotnet/packs/Microsoft.NETCore.App.Ref/9.0.4/ref/net9.0/System.ServiceProcess.dll /reference:/usr/share/dotnet/packs/Microsoft.NETCore.App.Ref/9.0.4/ref/net9.0/System.Text.Encoding.CodePages.dll /reference:/usr/share/dotnet/packs/Microsoft.NETCore.App.Ref/9.0.4/ref/net9.0/System.Text.Encoding.dll /reference:/usr/share/dotnet/packs/Microsoft.NETCore.App.Ref/9.0.4/ref/net9.0/System.Text.Encoding.Extensions.dll /reference:/usr/share/dotnet/packs/Microsoft.NETCore.App.Ref/9.0.4/ref/net9.0/System.Text.Encodings.Web.dll /reference:/home/quinngil/.nuget/packages/system.text.json/9.0.8/lib/net9.0/System.Text.Json.dll /reference:/usr/share/dotnet/packs/Microsoft.NETCore.App.Ref/9.0.4/ref/net9.0/System.Text.RegularExpressions.dll /reference:/usr/share/dotnet/packs/Microsoft.NETCore.App.Ref/9.0.4/ref/net9.0/System.Threading.Channels.dll /reference:/usr/share/dotnet/packs/Microsoft.NETCore.App.Ref/9.0.4/ref/net9.0/System.Threading.dll /reference:/usr/share/dotnet/packs/Microsoft.NETCore.App.Ref/9.0.4/ref/net9.0/System.Threading.Overlapped.dll /reference:/usr/share/dotnet/packs/Microsoft.NETCore.App.Ref/9.0.4/ref/net9.0/System.Threading.Tasks.Dataflow.dll /reference:/usr/share/dotnet/packs/Microsoft.NETCore.App.Ref/9.0.4/ref/net9.0/System.Threading.Tasks.dll /reference:/usr/share/dotnet/packs/Microsoft.NETCore.App.Ref/9.0.4/ref/net9.0/System.Threading.Tasks.Extensions.dll /reference:/usr/share/dotnet/packs/Microsoft.NETCore.App.Ref/9.0.4/ref/net9.0/System.Threading.Tasks.Parallel.dll /reference:/usr/share/dotnet/packs/Microsoft.NETCore.App.Ref/9.0.4/ref/net9.0/System.Threading.Thread.dll /reference:/usr/share/dotnet/packs/Microsoft.NETCore.App.Ref/9.0.4/ref/net9.0/System.Threading.ThreadPool.dll /reference:/usr/share/dotnet/packs/Microsoft.NETCore.App.Ref/9.0.4/ref/net9.0/System.Threading.Timer.dll /reference:/usr/share/dotnet/packs/Microsoft.NETCore.App.Ref/9.0.4/ref/net9.0/System.Transactions.dll /reference:/usr/share/dotnet/packs/Microsoft.NETCore.App.Ref/9.0.4/ref/net9.0/System.Transactions.Local.dll /reference:/usr/share/dotnet/packs/Microsoft.NETCore.App.Ref/9.0.4/ref/net9.0/System.ValueTuple.dll /reference:/usr/share/dotnet/packs/Microsoft.NETCore.App.Ref/9.0.4/ref/net9.0/System.Web.dll /reference:/usr/share/dotnet/packs/Microsoft.NETCore.App.Ref/9.0.4/ref/net9.0/System.Web.HttpUtility.dll /reference:/usr/share/dotnet/packs/Microsoft.NETCore.App.Ref/9.0.4/ref/net9.0/System.Windows.dll /reference:/home/quinngil/.nuget/packages/system.windows.extensions/6.0.0/lib/net6.0/System.Windows.Extensions.dll /reference:/usr/share/dotnet/packs/Microsoft.NETCore.App.Ref/9.0.4/ref/net9.0/System.Xml.dll /reference:/usr/share/dotnet/packs/Microsoft.NETCore.App.Ref/9.0.4/ref/net9.0/System.Xml.Linq.dll /reference:/usr/share/dotnet/packs/Microsoft.NETCore.App.Ref/9.0.4/ref/net9.0/System.Xml.ReaderWriter.dll /reference:/usr/share/dotnet/packs/Microsoft.NETCore.App.Ref/9.0.4/ref/net9.0/System.Xml.Serialization.dll /reference:/usr/share/dotnet/packs/Microsoft.NETCore.App.Ref/9.0.4/ref/net9.0/System.Xml.XDocument.dll /reference:/usr/share/dotnet/packs/Microsoft.NETCore.App.Ref/9.0.4/ref/net9.0/System.Xml.XmlDocument.dll /reference:/usr/share/dotnet/packs/Microsoft.NETCore.App.Ref/9.0.4/ref/net9.0/System.Xml.XmlSerializer.dll /reference:/usr/share/dotnet/packs/Microsoft.NETCore.App.Ref/9.0.4/ref/net9.0/System.Xml.XPath.dll /reference:/usr/share/dotnet/packs/Microsoft.NETCore.App.Ref/9.0.4/ref/net9.0/System.Xml.XPath.XDocument.dll /reference:/mnt/d/src/MtgDiscoveryVibeWorkspace/IMPLS/src/TestConvenience.Core/obj/Release/net9.0/ref/TestConvenience.Core.dll /reference:/home/quinngil/.nuget/packages/microsoft.testplatform.testhost/17.14.1/lib/net8.0/testhost.dll /reference:/usr/share/dotnet/packs/Microsoft.NETCore.App.Ref/9.0.4/ref/net9.0/WindowsBase.dll /debug- /debug:portable /filealign:512 /optimize+ /out:obj/Release/net9.0/Lib.Aggregator.Cards.Tests.dll /refout:obj/Release/net9.0/refint/Lib.Aggregator.Cards.Tests.dll /reportanalyzer /target:exe /warnaserror+ /utf8output /deterministic+ /sourcelink:obj/Release/net9.0/Lib.Aggregator.Cards.Tests.sourcelink.json /langversion:latest /features:strict /embed:/home/quinngil/.nuget/packages/microsoft.net.test.sdk/17.14.1/build/net8.0/Microsoft.NET.Test.Sdk.Program.cs /embed:obj/Release/net9.0/Lib.Aggregator.Cards.Tests.GlobalUsings.g.cs /embed:"obj/Release/net9.0/.NETCoreApp,Version=v9.0.AssemblyAttributes.cs" /embed:obj/Release/net9.0/Lib.Aggregator.Cards.Tests.AssemblyInfo.cs /analyzerconfig:/mnt/d/src/MtgDiscoveryVibeWorkspace/IMPLS/src/.editorconfig /analyzerconfig:/home/quinngil/.nuget/packages/mstest.analyzers/3.10.1/buildTransitive/../globalconfigs/mstest-default.globalconfig /analyzerconfig:obj/Release/net9.0/Lib.Aggregator.Cards.Tests.GeneratedMSBuildEditorConfig.editorconfig /analyzerconfig:/usr/share/dotnet/sdk/9.0.203/Sdks/Microsoft.NET.Sdk/analyzers/build/config/analysislevel_9_all_warnaserror.globalconfig /analyzer:/usr/share/dotnet/sdk/9.0.203/Sdks/Microsoft.NET.Sdk/targets/../analyzers/Microsoft.CodeAnalysis.CSharp.NetAnalyzers.dll /analyzer:/usr/share/dotnet/sdk/9.0.203/Sdks/Microsoft.NET.Sdk/targets/../analyzers/Microsoft.CodeAnalysis.NetAnalyzers.dll /analyzer:/usr/share/dotnet/sdk/9.0.203/Sdks/Microsoft.NET.Sdk/targets/../codestyle/cs/Microsoft.CodeAnalysis.CodeStyle.dll /analyzer:/usr/share/dotnet/sdk/9.0.203/Sdks/Microsoft.NET.Sdk/targets/../codestyle/cs/Microsoft.CodeAnalysis.CodeStyle.Fixes.dll /analyzer:/usr/share/dotnet/sdk/9.0.203/Sdks/Microsoft.NET.Sdk/targets/../codestyle/cs/Microsoft.CodeAnalysis.CSharp.CodeStyle.dll /analyzer:/usr/share/dotnet/sdk/9.0.203/Sdks/Microsoft.NET.Sdk/targets/../codestyle/cs/Microsoft.CodeAnalysis.CSharp.CodeStyle.Fixes.dll /analyzer:/home/quinngil/.nuget/packages/microsoft.codeanalysis.bannedapianalyzers/4.14.0/analyzers/dotnet/cs/Microsoft.CodeAnalysis.BannedApiAnalyzers.dll /analyzer:/home/quinngil/.nuget/packages/microsoft.codeanalysis.bannedapianalyzers/4.14.0/analyzers/dotnet/cs/Microsoft.CodeAnalysis.CSharp.BannedApiAnalyzers.dll /analyzer:/home/quinngil/.nuget/packages/microsoft.extensions.logging.abstractions/9.0.0/analyzers/dotnet/roslyn4.4/cs/Microsoft.Extensions.Logging.Generators.dll /analyzer:/home/quinngil/.nuget/packages/microsoft.extensions.options/9.0.0/analyzers/dotnet/roslyn4.4/cs/Microsoft.Extensions.Options.SourceGeneration.dll /analyzer:/home/quinngil/.nuget/packages/mstest.analyzers/3.10.1/analyzers/dotnet/cs/MSTest.Analyzers.CodeFixes.dll /analyzer:/home/quinngil/.nuget/packages/mstest.analyzers/3.10.1/analyzers/dotnet/cs/MSTest.Analyzers.dll /analyzer:/home/quinngil/.nuget/packages/system.clientmodel/1.5.1/analyzers/dotnet/cs/System.ClientModel.SourceGeneration.dll /analyzer:/home/quinngil/.nuget/packages/system.text.json/9.0.8/analyzers/dotnet/roslyn4.4/cs/System.Text.Json.SourceGeneration.dll /analyzer:/usr/share/dotnet/packs/Microsoft.NETCore.App.Ref/9.0.4/analyzers/dotnet/cs/Microsoft.Interop.ComInterfaceGenerator.dll /analyzer:/usr/share/dotnet/packs/Microsoft.NETCore.App.Ref/9.0.4/analyzers/dotnet/cs/Microsoft.Interop.JavaScript.JSImportGenerator.dll /analyzer:/usr/share/dotnet/packs/Microsoft.NETCore.App.Ref/9.0.4/analyzers/dotnet/cs/Microsoft.Interop.LibraryImportGenerator.dll /analyzer:/usr/share/dotnet/packs/Microsoft.NETCore.App.Ref/9.0.4/analyzers/dotnet/cs/Microsoft.Interop.SourceGeneration.dll /analyzer:/usr/share/dotnet/packs/Microsoft.NETCore.App.Ref/9.0.4/analyzers/dotnet/cs/System.Text.RegularExpressions.Generator.dll /additionalfile:/mnt/d/src/MtgDiscoveryVibeWorkspace/IMPLS/src/BannedSymbols.txt /additionalfile:/mnt/d/src/MtgDiscoveryVibeWorkspace/IMPLS/src/.editorconfig Apis/CardAggregatorServiceTests.cs Entities/CardItemCollectionItrEntityTests.cs Fakes/FakeCardAggregatorService.cs Fakes/FakeCardIdsItrEntity.cs Fakes/FakeCardItemCollectionItrEntity.cs Fakes/FakeCardItemItrEntity.cs Fakes/FakeCosmosGopher.cs Fakes/FakeOperationResponse.cs Fakes/FakeOpResponse.cs Fakes/FakeScryfallCardItem.cs MSTestSettings.cs Queries/CardAggregatorOperationsTests.cs Queries/Mappers/QueryCardsIdsToReadPointItemsMapperTests.cs Queries/Mappers/ScryfallCardItemToCardItemItrEntityMapperTests.cs /home/quinngil/.nuget/packages/microsoft.net.test.sdk/17.14.1/build/net8.0/Microsoft.NET.Test.Sdk.Program.cs obj/Release/net9.0/Lib.Aggregator.Cards.Tests.GlobalUsings.g.cs "obj/Release/net9.0/.NETCoreApp,Version=v9.0.AssemblyAttributes.cs" obj/Release/net9.0/Lib.Aggregator.Cards.Tests.AssemblyInfo.cs /warnaserror+:NU1605,SYSLIB0011
    28>CopyFilesToOutputDirectory:
         Copying file from "/mnt/d/src/MtgDiscoveryVibeWorkspace/IMPLS/src/Lib.Domain.Artists/obj/Release/net9.0/Lib.Domain.Artists.dll" to "/mnt/d/src/MtgDiscoveryVibeWorkspace/IMPLS/src/Lib.Domain.Artists/bin/Release/net9.0/Lib.Domain.Artists.dll".
    16>CopyFilesToOutputDirectory:
         Copying file from "/mnt/d/src/MtgDiscoveryVibeWorkspace/IMPLS/src/Lib.Domain.Cards/obj/Release/net9.0/Lib.Domain.Cards.dll" to "/mnt/d/src/MtgDiscoveryVibeWorkspace/IMPLS/src/Lib.Domain.Cards/bin/Release/net9.0/Lib.Domain.Cards.dll".
    28>CopyFilesToOutputDirectory:
         Copying reference assembly from "obj/Release/net9.0/refint/Lib.Domain.Artists.dll" to "/mnt/d/src/MtgDiscoveryVibeWorkspace/IMPLS/src/Lib.Domain.Artists/obj/Release/net9.0/ref/Lib.Domain.Artists.dll".
         Lib.Domain.Artists -> /mnt/d/src/MtgDiscoveryVibeWorkspace/IMPLS/src/Lib.Domain.Artists/bin/Release/net9.0/Lib.Domain.Artists.dll
    16>CopyFilesToOutputDirectory:
         Copying reference assembly from "obj/Release/net9.0/refint/Lib.Domain.Cards.dll" to "/mnt/d/src/MtgDiscoveryVibeWorkspace/IMPLS/src/Lib.Domain.Cards/obj/Release/net9.0/ref/Lib.Domain.Cards.dll".
    28>CopyFilesToOutputDirectory:
         Copying file from "/mnt/d/src/MtgDiscoveryVibeWorkspace/IMPLS/src/Lib.Domain.Artists/obj/Release/net9.0/Lib.Domain.Artists.pdb" to "/mnt/d/src/MtgDiscoveryVibeWorkspace/IMPLS/src/Lib.Domain.Artists/bin/Release/net9.0/Lib.Domain.Artists.pdb".
    16>CopyFilesToOutputDirectory:
         Lib.Domain.Cards -> /mnt/d/src/MtgDiscoveryVibeWorkspace/IMPLS/src/Lib.Domain.Cards/bin/Release/net9.0/Lib.Domain.Cards.dll
         Copying file from "/mnt/d/src/MtgDiscoveryVibeWorkspace/IMPLS/src/Lib.Domain.Cards/obj/Release/net9.0/Lib.Domain.Cards.pdb" to "/mnt/d/src/MtgDiscoveryVibeWorkspace/IMPLS/src/Lib.Domain.Cards/bin/Release/net9.0/Lib.Domain.Cards.pdb".
    28>Done Building Project "/mnt/d/src/MtgDiscoveryVibeWorkspace/IMPLS/src/Lib.Domain.Artists/Lib.Domain.Artists.csproj" (default targets).
    16>Done Building Project "/mnt/d/src/MtgDiscoveryVibeWorkspace/IMPLS/src/Lib.Domain.Cards/Lib.Domain.Cards.csproj" (default targets).
    20>CoreCompile:
         CompilerServer: server - server processed compilation - Lib.Aggregator.Cards.Tests (net9.0)
       _CopyFilesMarkedCopyLocal:
         Copying file from "/mnt/d/src/MtgDiscoveryVibeWorkspace/IMPLS/src/Lib.Adapter.Cards/bin/Release/net9.0/Lib.Adapter.Cards.dll" to "/mnt/d/src/MtgDiscoveryVibeWorkspace/IMPLS/src/Lib.Aggregator.Cards.Tests/bin/Release/net9.0/Lib.Adapter.Cards.dll".
         Copying file from "/mnt/d/src/MtgDiscoveryVibeWorkspace/IMPLS/src/Lib.Aggregator.Scryfall.Shared/bin/Release/net9.0/Lib.Aggregator.Scryfall.Shared.dll" to "/mnt/d/src/MtgDiscoveryVibeWorkspace/IMPLS/src/Lib.Aggregator.Cards.Tests/bin/Release/net9.0/Lib.Aggregator.Scryfall.Shared.dll".
         Copying file from "/mnt/d/src/MtgDiscoveryVibeWorkspace/IMPLS/src/Lib.Aggregator.Cards/bin/Release/net9.0/Lib.Aggregator.Cards.dll" to "/mnt/d/src/MtgDiscoveryVibeWorkspace/IMPLS/src/Lib.Aggregator.Cards.Tests/bin/Release/net9.0/Lib.Aggregator.Cards.dll".
         Copying file from "/mnt/d/src/MtgDiscoveryVibeWorkspace/IMPLS/src/Lib.Adapter.Scryfall.Cosmos/bin/Release/net9.0/Lib.Adapter.Scryfall.Cosmos.dll" to "/mnt/d/src/MtgDiscoveryVibeWorkspace/IMPLS/src/Lib.Aggregator.Cards.Tests/bin/Release/net9.0/Lib.Adapter.Scryfall.Cosmos.dll".
         Copying file from "/mnt/d/src/MtgDiscoveryVibeWorkspace/IMPLS/src/Lib.Cosmos/bin/Release/net9.0/Lib.Cosmos.dll" to "/mnt/d/src/MtgDiscoveryVibeWorkspace/IMPLS/src/Lib.Aggregator.Cards.Tests/bin/Release/net9.0/Lib.Cosmos.dll".
         Copying file from "/mnt/d/src/MtgDiscoveryVibeWorkspace/IMPLS/src/Lib.Scryfall.Shared/bin/Release/net9.0/Lib.Scryfall.Shared.dll" to "/mnt/d/src/MtgDiscoveryVibeWorkspace/IMPLS/src/Lib.Aggregator.Cards.Tests/bin/Release/net9.0/Lib.Scryfall.Shared.dll".
         Copying file from "/mnt/d/src/MtgDiscoveryVibeWorkspace/IMPLS/src/Lib.Shared.DataModels/bin/Release/net9.0/Lib.Shared.DataModels.dll" to "/mnt/d/src/MtgDiscoveryVibeWorkspace/IMPLS/src/Lib.Aggregator.Cards.Tests/bin/Release/net9.0/Lib.Shared.DataModels.dll".
         Copying file from "/mnt/d/src/MtgDiscoveryVibeWorkspace/IMPLS/src/Lib.Shared.Abstractions/bin/Release/net9.0/Lib.Shared.Abstractions.dll" to "/mnt/d/src/MtgDiscoveryVibeWorkspace/IMPLS/src/Lib.Aggregator.Cards.Tests/bin/Release/net9.0/Lib.Shared.Abstractions.dll".
         Copying file from "/mnt/d/src/MtgDiscoveryVibeWorkspace/IMPLS/src/Lib.Shared.Invocation/bin/Release/net9.0/Lib.Shared.Invocation.dll" to "/mnt/d/src/MtgDiscoveryVibeWorkspace/IMPLS/src/Lib.Aggregator.Cards.Tests/bin/Release/net9.0/Lib.Shared.Invocation.dll".
         Copying file from "/mnt/d/src/MtgDiscoveryVibeWorkspace/IMPLS/src/Lib.Universal/bin/Release/net9.0/Lib.Universal.dll" to "/mnt/d/src/MtgDiscoveryVibeWorkspace/IMPLS/src/Lib.Aggregator.Cards.Tests/bin/Release/net9.0/Lib.Universal.dll".
         Copying file from "/mnt/d/src/MtgDiscoveryVibeWorkspace/IMPLS/src/Lib.Universal.Tests/bin/Release/net9.0/Lib.Universal.Tests.dll" to "/mnt/d/src/MtgDiscoveryVibeWorkspace/IMPLS/src/Lib.Aggregator.Cards.Tests/bin/Release/net9.0/Lib.Universal.Tests.dll".
         Copying file from "/mnt/d/src/MtgDiscoveryVibeWorkspace/IMPLS/src/TestConvenience.Core/bin/Release/net9.0/TestConvenience.Core.dll" to "/mnt/d/src/MtgDiscoveryVibeWorkspace/IMPLS/src/Lib.Aggregator.Cards.Tests/bin/Release/net9.0/TestConvenience.Core.dll".
         Copying file from "/mnt/d/src/MtgDiscoveryVibeWorkspace/IMPLS/src/Lib.Aggregator.Cards/bin/Release/net9.0/Lib.Aggregator.Cards.pdb" to "/mnt/d/src/MtgDiscoveryVibeWorkspace/IMPLS/src/Lib.Aggregator.Cards.Tests/bin/Release/net9.0/Lib.Aggregator.Cards.pdb".
         Copying file from "/mnt/d/src/MtgDiscoveryVibeWorkspace/IMPLS/src/Lib.Universal.Tests/bin/Release/net9.0/Lib.Universal.Tests.pdb" to "/mnt/d/src/MtgDiscoveryVibeWorkspace/IMPLS/src/Lib.Aggregator.Cards.Tests/bin/Release/net9.0/Lib.Universal.Tests.pdb".
         Copying file from "/mnt/d/src/MtgDiscoveryVibeWorkspace/IMPLS/src/TestConvenience.Core/bin/Release/net9.0/TestConvenience.Core.pdb" to "/mnt/d/src/MtgDiscoveryVibeWorkspace/IMPLS/src/Lib.Aggregator.Cards.Tests/bin/Release/net9.0/TestConvenience.Core.pdb".
         Copying file from "/mnt/d/src/MtgDiscoveryVibeWorkspace/IMPLS/src/Lib.Adapter.Cards/bin/Release/net9.0/Lib.Adapter.Cards.pdb" to "/mnt/d/src/MtgDiscoveryVibeWorkspace/IMPLS/src/Lib.Aggregator.Cards.Tests/bin/Release/net9.0/Lib.Adapter.Cards.pdb".
         Copying file from "/mnt/d/src/MtgDiscoveryVibeWorkspace/IMPLS/src/Lib.Adapter.Scryfall.Cosmos/bin/Release/net9.0/Lib.Adapter.Scryfall.Cosmos.pdb" to "/mnt/d/src/MtgDiscoveryVibeWorkspace/IMPLS/src/Lib.Aggregator.Cards.Tests/bin/Release/net9.0/Lib.Adapter.Scryfall.Cosmos.pdb".
         Copying file from "/mnt/d/src/MtgDiscoveryVibeWorkspace/IMPLS/src/Lib.Aggregator.Scryfall.Shared/bin/Release/net9.0/Lib.Aggregator.Scryfall.Shared.pdb" to "/mnt/d/src/MtgDiscoveryVibeWorkspace/IMPLS/src/Lib.Aggregator.Cards.Tests/bin/Release/net9.0/Lib.Aggregator.Scryfall.Shared.pdb".
         Copying file from "/mnt/d/src/MtgDiscoveryVibeWorkspace/IMPLS/src/Lib.Cosmos/bin/Release/net9.0/Lib.Cosmos.pdb" to "/mnt/d/src/MtgDiscoveryVibeWorkspace/IMPLS/src/Lib.Aggregator.Cards.Tests/bin/Release/net9.0/Lib.Cosmos.pdb".
         Copying file from "/mnt/d/src/MtgDiscoveryVibeWorkspace/IMPLS/src/Lib.Scryfall.Shared/bin/Release/net9.0/Lib.Scryfall.Shared.pdb" to "/mnt/d/src/MtgDiscoveryVibeWorkspace/IMPLS/src/Lib.Aggregator.Cards.Tests/bin/Release/net9.0/Lib.Scryfall.Shared.pdb".
         Copying file from "/mnt/d/src/MtgDiscoveryVibeWorkspace/IMPLS/src/Lib.Shared.Abstractions/bin/Release/net9.0/Lib.Shared.Abstractions.pdb" to "/mnt/d/src/MtgDiscoveryVibeWorkspace/IMPLS/src/Lib.Aggregator.Cards.Tests/bin/Release/net9.0/Lib.Shared.Abstractions.pdb".
         Copying file from "/mnt/d/src/MtgDiscoveryVibeWorkspace/IMPLS/src/Lib.Shared.DataModels/bin/Release/net9.0/Lib.Shared.DataModels.pdb" to "/mnt/d/src/MtgDiscoveryVibeWorkspace/IMPLS/src/Lib.Aggregator.Cards.Tests/bin/Release/net9.0/Lib.Shared.DataModels.pdb".
         Copying file from "/mnt/d/src/MtgDiscoveryVibeWorkspace/IMPLS/src/Lib.Shared.Invocation/bin/Release/net9.0/Lib.Shared.Invocation.pdb" to "/mnt/d/src/MtgDiscoveryVibeWorkspace/IMPLS/src/Lib.Aggregator.Cards.Tests/bin/Release/net9.0/Lib.Shared.Invocation.pdb".
         Copying file from "/mnt/d/src/MtgDiscoveryVibeWorkspace/IMPLS/src/Lib.Universal/bin/Release/net9.0/Lib.Universal.pdb" to "/mnt/d/src/MtgDiscoveryVibeWorkspace/IMPLS/src/Lib.Aggregator.Cards.Tests/bin/Release/net9.0/Lib.Universal.pdb".
         Touching "/mnt/d/src/MtgDiscoveryVibeWorkspace/IMPLS/src/Lib.Aggregator.Cards.Tests/obj/Release/net9.0/Lib.Aggr.0C7E0350.Up2Date".
       _CopyOutOfDateSourceItemsToOutputDirectory:
       Building target "_CopyOutOfDateSourceItemsToOutputDirectory" partially, because some output files are out of date with respect to their input files.
         Copying file from "/mnt/d/src/MtgDiscoveryVibeWorkspace/IMPLS/src/TestConvenience.Core/bin/Release/net9.0/TestConvenience.Core.deps.json" to "/mnt/d/src/MtgDiscoveryVibeWorkspace/IMPLS/src/Lib.Aggregator.Cards.Tests/bin/Release/net9.0/TestConvenience.Core.deps.json".
         Copying file from "/mnt/d/src/MtgDiscoveryVibeWorkspace/IMPLS/src/Lib.Universal.Tests/bin/Release/net9.0/Lib.Universal.Tests.deps.json" to "/mnt/d/src/MtgDiscoveryVibeWorkspace/IMPLS/src/Lib.Aggregator.Cards.Tests/bin/Release/net9.0/Lib.Universal.Tests.deps.json".
         Copying file from "/mnt/d/src/MtgDiscoveryVibeWorkspace/IMPLS/src/Lib.Universal.Tests/bin/Release/net9.0/Lib.Universal.Tests.runtimeconfig.json" to "/mnt/d/src/MtgDiscoveryVibeWorkspace/IMPLS/src/Lib.Aggregator.Cards.Tests/bin/Release/net9.0/Lib.Universal.Tests.runtimeconfig.json".
         Copying file from "/mnt/d/src/MtgDiscoveryVibeWorkspace/IMPLS/src/TestConvenience.Core/bin/Release/net9.0/TestConvenience.Core.runtimeconfig.json" to "/mnt/d/src/MtgDiscoveryVibeWorkspace/IMPLS/src/Lib.Aggregator.Cards.Tests/bin/Release/net9.0/TestConvenience.Core.runtimeconfig.json".
       CopyFilesToOutputDirectory:
         Copying file from "/mnt/d/src/MtgDiscoveryVibeWorkspace/IMPLS/src/Lib.Aggregator.Cards.Tests/obj/Release/net9.0/Lib.Aggregator.Cards.Tests.dll" to "/mnt/d/src/MtgDiscoveryVibeWorkspace/IMPLS/src/Lib.Aggregator.Cards.Tests/bin/Release/net9.0/Lib.Aggregator.Cards.Tests.dll".
         Copying reference assembly from "obj/Release/net9.0/refint/Lib.Aggregator.Cards.Tests.dll" to "/mnt/d/src/MtgDiscoveryVibeWorkspace/IMPLS/src/Lib.Aggregator.Cards.Tests/obj/Release/net9.0/ref/Lib.Aggregator.Cards.Tests.dll".
         Lib.Aggregator.Cards.Tests -> /mnt/d/src/MtgDiscoveryVibeWorkspace/IMPLS/src/Lib.Aggregator.Cards.Tests/bin/Release/net9.0/Lib.Aggregator.Cards.Tests.dll
         Copying file from "/mnt/d/src/MtgDiscoveryVibeWorkspace/IMPLS/src/Lib.Aggregator.Cards.Tests/obj/Release/net9.0/Lib.Aggregator.Cards.Tests.pdb" to "/mnt/d/src/MtgDiscoveryVibeWorkspace/IMPLS/src/Lib.Aggregator.Cards.Tests/bin/Release/net9.0/Lib.Aggregator.Cards.Tests.pdb".
    20>Done Building Project "/mnt/d/src/MtgDiscoveryVibeWorkspace/IMPLS/src/Lib.Aggregator.Cards.Tests/Lib.Aggregator.Cards.Tests.csproj" (default targets).
   1:2>Project "/mnt/d/src/MtgDiscoveryVibeWorkspace/IMPLS/src/MtgDiscoveryVibe.sln" (1:2) is building "/mnt/d/src/MtgDiscoveryVibeWorkspace/IMPLS/src/Lib.Aggregator.Sets/Lib.Aggregator.Sets.csproj" (22:7) on node 9 (default targets).
    22>GenerateTargetFrameworkMonikerAttribute:
       Skipping target "GenerateTargetFrameworkMonikerAttribute" because all output files are up-to-date with respect to the input files.
       CoreGenerateAssemblyInfo:
         Could not infer the type of parameter "#1" because the attribute type is unknown. The value will be treated as a string.
         Could not infer the type of parameter "#1" because the attribute type is unknown. The value will be treated as a string.
       _GenerateSourceLinkFile:
         Updating Source Link file 'obj/Release/net9.0/Lib.Aggregator.Sets.sourcelink.json'.
       CoreCompile:
         /usr/share/dotnet/dotnet exec "/usr/share/dotnet/sdk/9.0.203/Roslyn/bincore/csc.dll" /noconfig /unsafe- /checked- /nowarn:IDE0290,IDE2001,IDE0005,IDE0046,CA1716,CA1040,CA1056,1701,1702 /fullpaths /nostdlib+ /errorreport:prompt /warn:9 /define:TRACE;RELEASE;NET;NET9_0;NETCOREAPP;NET5_0_OR_GREATER;NET6_0_OR_GREATER;NET7_0_OR_GREATER;NET8_0_OR_GREATER;NET9_0_OR_GREATER;NETCOREAPP1_0_OR_GREATER;NETCOREAPP1_1_OR_GREATER;NETCOREAPP2_0_OR_GREATER;NETCOREAPP2_1_OR_GREATER;NETCOREAPP2_2_OR_GREATER;NETCOREAPP3_0_OR_GREATER;NETCOREAPP3_1_OR_GREATER /highentropyva+ /nullable:warnings /reference:/home/quinngil/.nuget/packages/azure.core/1.47.1/lib/net8.0/Azure.Core.dll /reference:/home/quinngil/.nuget/packages/azure.resourcemanager.authorization/1.1.5/lib/net8.0/Azure.ResourceManager.Authorization.dll /reference:/home/quinngil/.nuget/packages/azure.resourcemanager.cosmosdb/1.3.2/lib/netstandard2.0/Azure.ResourceManager.CosmosDB.dll /reference:/home/quinngil/.nuget/packages/azure.resourcemanager/1.13.2/lib/net8.0/Azure.ResourceManager.dll /reference:/mnt/d/src/MtgDiscoveryVibeWorkspace/IMPLS/src/Lib.Adapter.Scryfall.Cosmos/obj/Release/net9.0/ref/Lib.Adapter.Scryfall.Cosmos.dll /reference:/mnt/d/src/MtgDiscoveryVibeWorkspace/IMPLS/src/Lib.Adapter.Sets/obj/Release/net9.0/ref/Lib.Adapter.Sets.dll /reference:/mnt/d/src/MtgDiscoveryVibeWorkspace/IMPLS/src/Lib.Aggregator.Scryfall.Shared/obj/Release/net9.0/ref/Lib.Aggregator.Scryfall.Shared.dll /reference:/mnt/d/src/MtgDiscoveryVibeWorkspace/IMPLS/src/Lib.Cosmos/obj/Release/net9.0/ref/Lib.Cosmos.dll /reference:/mnt/d/src/MtgDiscoveryVibeWorkspace/IMPLS/src/Lib.Scryfall.Shared/obj/Release/net9.0/ref/Lib.Scryfall.Shared.dll /reference:/mnt/d/src/MtgDiscoveryVibeWorkspace/IMPLS/src/Lib.Shared.Abstractions/obj/Release/net9.0/ref/Lib.Shared.Abstractions.dll /reference:/mnt/d/src/MtgDiscoveryVibeWorkspace/IMPLS/src/Lib.Shared.DataModels/obj/Release/net9.0/ref/Lib.Shared.DataModels.dll /reference:/mnt/d/src/MtgDiscoveryVibeWorkspace/IMPLS/src/Lib.Shared.Invocation/obj/Release/net9.0/ref/Lib.Shared.Invocation.dll /reference:/mnt/d/src/MtgDiscoveryVibeWorkspace/IMPLS/src/Lib.Universal/obj/Release/net9.0/ref/Lib.Universal.dll /reference:/home/quinngil/.nuget/packages/microsoft.azure.cosmos/3.52.1/lib/netstandard2.0/Microsoft.Azure.Cosmos.Client.dll /reference:/home/quinngil/.nuget/packages/microsoft.azure.cosmos/3.52.1/lib/netstandard2.0/Microsoft.Azure.Cosmos.Core.dll /reference:/home/quinngil/.nuget/packages/microsoft.azure.cosmos/3.52.1/lib/netstandard2.0/Microsoft.Azure.Cosmos.Direct.dll /reference:/home/quinngil/.nuget/packages/microsoft.azure.cosmos/3.52.1/lib/netstandard2.0/Microsoft.Azure.Cosmos.Serialization.HybridRow.dll /reference:/home/quinngil/.nuget/packages/microsoft.bcl.asyncinterfaces/8.0.0/lib/netstandard2.1/Microsoft.Bcl.AsyncInterfaces.dll /reference:/home/quinngil/.nuget/packages/microsoft.bcl.hashcode/1.1.0/ref/netcoreapp2.1/Microsoft.Bcl.HashCode.dll /reference:/usr/share/dotnet/packs/Microsoft.NETCore.App.Ref/9.0.4/ref/net9.0/Microsoft.CSharp.dll /reference:/home/quinngil/.nuget/packages/microsoft.extensions.caching.abstractions/9.0.0/lib/net9.0/Microsoft.Extensions.Caching.Abstractions.dll /reference:/home/quinngil/.nuget/packages/microsoft.extensions.caching.memory/9.0.0/lib/net9.0/Microsoft.Extensions.Caching.Memory.dll /reference:/home/quinngil/.nuget/packages/microsoft.extensions.configuration.abstractions/9.0.5/lib/net9.0/Microsoft.Extensions.Configuration.Abstractions.dll /reference:/home/quinngil/.nuget/packages/microsoft.extensions.dependencyinjection.abstractions/9.0.0/lib/net9.0/Microsoft.Extensions.DependencyInjection.Abstractions.dll /reference:/home/quinngil/.nuget/packages/microsoft.extensions.logging.abstractions/9.0.0/lib/net9.0/Microsoft.Extensions.Logging.Abstractions.dll /reference:/home/quinngil/.nuget/packages/microsoft.extensions.options/9.0.0/lib/net9.0/Microsoft.Extensions.Options.dll /reference:/home/quinngil/.nuget/packages/microsoft.extensions.primitives/9.0.5/lib/net9.0/Microsoft.Extensions.Primitives.dll /reference:/home/quinngil/.nuget/packages/microsoft.identitymodel.abstractions/8.0.1/lib/net9.0/Microsoft.IdentityModel.Abstractions.dll /reference:/home/quinngil/.nuget/packages/microsoft.identitymodel.jsonwebtokens/8.0.1/lib/net9.0/Microsoft.IdentityModel.JsonWebTokens.dll /reference:/home/quinngil/.nuget/packages/microsoft.identitymodel.logging/8.0.1/lib/net9.0/Microsoft.IdentityModel.Logging.dll /reference:/home/quinngil/.nuget/packages/microsoft.identitymodel.tokens/8.0.1/lib/net9.0/Microsoft.IdentityModel.Tokens.dll /reference:/usr/share/dotnet/packs/Microsoft.NETCore.App.Ref/9.0.4/ref/net9.0/Microsoft.VisualBasic.Core.dll /reference:/usr/share/dotnet/packs/Microsoft.NETCore.App.Ref/9.0.4/ref/net9.0/Microsoft.VisualBasic.dll /reference:/usr/share/dotnet/packs/Microsoft.NETCore.App.Ref/9.0.4/ref/net9.0/Microsoft.Win32.Primitives.dll /reference:/usr/share/dotnet/packs/Microsoft.NETCore.App.Ref/9.0.4/ref/net9.0/Microsoft.Win32.Registry.dll /reference:/home/quinngil/.nuget/packages/microsoft.win32.systemevents/6.0.0/lib/net6.0/Microsoft.Win32.SystemEvents.dll /reference:/usr/share/dotnet/packs/Microsoft.NETCore.App.Ref/9.0.4/ref/net9.0/mscorlib.dll /reference:/usr/share/dotnet/packs/Microsoft.NETCore.App.Ref/9.0.4/ref/net9.0/netstandard.dll /reference:/home/quinngil/.nuget/packages/newtonsoft.json/13.0.3/lib/net6.0/Newtonsoft.Json.dll /reference:/usr/share/dotnet/packs/Microsoft.NETCore.App.Ref/9.0.4/ref/net9.0/System.AppContext.dll /reference:/usr/share/dotnet/packs/Microsoft.NETCore.App.Ref/9.0.4/ref/net9.0/System.Buffers.dll /reference:/home/quinngil/.nuget/packages/system.clientmodel/1.5.1/lib/net8.0/System.ClientModel.dll /reference:/usr/share/dotnet/packs/Microsoft.NETCore.App.Ref/9.0.4/ref/net9.0/System.Collections.Concurrent.dll /reference:/usr/share/dotnet/packs/Microsoft.NETCore.App.Ref/9.0.4/ref/net9.0/System.Collections.dll /reference:/usr/share/dotnet/packs/Microsoft.NETCore.App.Ref/9.0.4/ref/net9.0/System.Collections.Immutable.dll /reference:/usr/share/dotnet/packs/Microsoft.NETCore.App.Ref/9.0.4/ref/net9.0/System.Collections.NonGeneric.dll /reference:/usr/share/dotnet/packs/Microsoft.NETCore.App.Ref/9.0.4/ref/net9.0/System.Collections.Specialized.dll /reference:/usr/share/dotnet/packs/Microsoft.NETCore.App.Ref/9.0.4/ref/net9.0/System.ComponentModel.Annotations.dll /reference:/usr/share/dotnet/packs/Microsoft.NETCore.App.Ref/9.0.4/ref/net9.0/System.ComponentModel.DataAnnotations.dll /reference:/usr/share/dotnet/packs/Microsoft.NETCore.App.Ref/9.0.4/ref/net9.0/System.ComponentModel.dll /reference:/usr/share/dotnet/packs/Microsoft.NETCore.App.Ref/9.0.4/ref/net9.0/System.ComponentModel.EventBasedAsync.dll /reference:/usr/share/dotnet/packs/Microsoft.NETCore.App.Ref/9.0.4/ref/net9.0/System.ComponentModel.Primitives.dll /reference:/usr/share/dotnet/packs/Microsoft.NETCore.App.Ref/9.0.4/ref/net9.0/System.ComponentModel.TypeConverter.dll /reference:/home/quinngil/.nuget/packages/system.configuration.configurationmanager/6.0.0/lib/net6.0/System.Configuration.ConfigurationManager.dll /reference:/usr/share/dotnet/packs/Microsoft.NETCore.App.Ref/9.0.4/ref/net9.0/System.Configuration.dll /reference:/usr/share/dotnet/packs/Microsoft.NETCore.App.Ref/9.0.4/ref/net9.0/System.Console.dll /reference:/usr/share/dotnet/packs/Microsoft.NETCore.App.Ref/9.0.4/ref/net9.0/System.Core.dll /reference:/usr/share/dotnet/packs/Microsoft.NETCore.App.Ref/9.0.4/ref/net9.0/System.Data.Common.dll /reference:/usr/share/dotnet/packs/Microsoft.NETCore.App.Ref/9.0.4/ref/net9.0/System.Data.DataSetExtensions.dll /reference:/usr/share/dotnet/packs/Microsoft.NETCore.App.Ref/9.0.4/ref/net9.0/System.Data.dll /reference:/usr/share/dotnet/packs/Microsoft.NETCore.App.Ref/9.0.4/ref/net9.0/System.Diagnostics.Contracts.dll /reference:/usr/share/dotnet/packs/Microsoft.NETCore.App.Ref/9.0.4/ref/net9.0/System.Diagnostics.Debug.dll /reference:/usr/share/dotnet/packs/Microsoft.NETCore.App.Ref/9.0.4/ref/net9.0/System.Diagnostics.DiagnosticSource.dll /reference:/usr/share/dotnet/packs/Microsoft.NETCore.App.Ref/9.0.4/ref/net9.0/System.Diagnostics.FileVersionInfo.dll /reference:/usr/share/dotnet/packs/Microsoft.NETCore.App.Ref/9.0.4/ref/net9.0/System.Diagnostics.Process.dll /reference:/usr/share/dotnet/packs/Microsoft.NETCore.App.Ref/9.0.4/ref/net9.0/System.Diagnostics.StackTrace.dll /reference:/usr/share/dotnet/packs/Microsoft.NETCore.App.Ref/9.0.4/ref/net9.0/System.Diagnostics.TextWriterTraceListener.dll /reference:/usr/share/dotnet/packs/Microsoft.NETCore.App.Ref/9.0.4/ref/net9.0/System.Diagnostics.Tools.dll /reference:/usr/share/dotnet/packs/Microsoft.NETCore.App.Ref/9.0.4/ref/net9.0/System.Diagnostics.TraceSource.dll /reference:/usr/share/dotnet/packs/Microsoft.NETCore.App.Ref/9.0.4/ref/net9.0/System.Diagnostics.Tracing.dll /reference:/usr/share/dotnet/packs/Microsoft.NETCore.App.Ref/9.0.4/ref/net9.0/System.dll /reference:/home/quinngil/.nuget/packages/system.drawing.common/6.0.0/lib/net6.0/System.Drawing.Common.dll /reference:/usr/share/dotnet/packs/Microsoft.NETCore.App.Ref/9.0.4/ref/net9.0/System.Drawing.dll /reference:/usr/share/dotnet/packs/Microsoft.NETCore.App.Ref/9.0.4/ref/net9.0/System.Drawing.Primitives.dll /reference:/usr/share/dotnet/packs/Microsoft.NETCore.App.Ref/9.0.4/ref/net9.0/System.Dynamic.Runtime.dll /reference:/usr/share/dotnet/packs/Microsoft.NETCore.App.Ref/9.0.4/ref/net9.0/System.Formats.Asn1.dll /reference:/usr/share/dotnet/packs/Microsoft.NETCore.App.Ref/9.0.4/ref/net9.0/System.Formats.Tar.dll /reference:/usr/share/dotnet/packs/Microsoft.NETCore.App.Ref/9.0.4/ref/net9.0/System.Globalization.Calendars.dll /reference:/usr/share/dotnet/packs/Microsoft.NETCore.App.Ref/9.0.4/ref/net9.0/System.Globalization.dll /reference:/usr/share/dotnet/packs/Microsoft.NETCore.App.Ref/9.0.4/ref/net9.0/System.Globalization.Extensions.dll /reference:/home/quinngil/.nuget/packages/system.identitymodel.tokens.jwt/8.0.1/lib/net9.0/System.IdentityModel.Tokens.Jwt.dll /reference:/usr/share/dotnet/packs/Microsoft.NETCore.App.Ref/9.0.4/ref/net9.0/System.IO.Compression.Brotli.dll /reference:/usr/share/dotnet/packs/Microsoft.NETCore.App.Ref/9.0.4/ref/net9.0/System.IO.Compression.dll /reference:/usr/share/dotnet/packs/Microsoft.NETCore.App.Ref/9.0.4/ref/net9.0/System.IO.Compression.FileSystem.dll /reference:/usr/share/dotnet/packs/Microsoft.NETCore.App.Ref/9.0.4/ref/net9.0/System.IO.Compression.ZipFile.dll /reference:/usr/share/dotnet/packs/Microsoft.NETCore.App.Ref/9.0.4/ref/net9.0/System.IO.dll /reference:/usr/share/dotnet/packs/Microsoft.NETCore.App.Ref/9.0.4/ref/net9.0/System.IO.FileSystem.AccessControl.dll /reference:/usr/share/dotnet/packs/Microsoft.NETCore.App.Ref/9.0.4/ref/net9.0/System.IO.FileSystem.dll /reference:/usr/share/dotnet/packs/Microsoft.NETCore.App.Ref/9.0.4/ref/net9.0/System.IO.FileSystem.DriveInfo.dll /reference:/usr/share/dotnet/packs/Microsoft.NETCore.App.Ref/9.0.4/ref/net9.0/System.IO.FileSystem.Primitives.dll /reference:/usr/share/dotnet/packs/Microsoft.NETCore.App.Ref/9.0.4/ref/net9.0/System.IO.FileSystem.Watcher.dll /reference:/usr/share/dotnet/packs/Microsoft.NETCore.App.Ref/9.0.4/ref/net9.0/System.IO.IsolatedStorage.dll /reference:/usr/share/dotnet/packs/Microsoft.NETCore.App.Ref/9.0.4/ref/net9.0/System.IO.MemoryMappedFiles.dll /reference:/usr/share/dotnet/packs/Microsoft.NETCore.App.Ref/9.0.4/ref/net9.0/System.IO.Pipelines.dll /reference:/usr/share/dotnet/packs/Microsoft.NETCore.App.Ref/9.0.4/ref/net9.0/System.IO.Pipes.AccessControl.dll /reference:/usr/share/dotnet/packs/Microsoft.NETCore.App.Ref/9.0.4/ref/net9.0/System.IO.Pipes.dll /reference:/usr/share/dotnet/packs/Microsoft.NETCore.App.Ref/9.0.4/ref/net9.0/System.IO.UnmanagedMemoryStream.dll /reference:/usr/share/dotnet/packs/Microsoft.NETCore.App.Ref/9.0.4/ref/net9.0/System.Linq.dll /reference:/usr/share/dotnet/packs/Microsoft.NETCore.App.Ref/9.0.4/ref/net9.0/System.Linq.Expressions.dll /reference:/usr/share/dotnet/packs/Microsoft.NETCore.App.Ref/9.0.4/ref/net9.0/System.Linq.Parallel.dll /reference:/usr/share/dotnet/packs/Microsoft.NETCore.App.Ref/9.0.4/ref/net9.0/System.Linq.Queryable.dll /reference:/home/quinngil/.nuget/packages/system.memory.data/8.0.1/lib/net8.0/System.Memory.Data.dll /reference:/usr/share/dotnet/packs/Microsoft.NETCore.App.Ref/9.0.4/ref/net9.0/System.Memory.dll /reference:/usr/share/dotnet/packs/Microsoft.NETCore.App.Ref/9.0.4/ref/net9.0/System.Net.dll /reference:/usr/share/dotnet/packs/Microsoft.NETCore.App.Ref/9.0.4/ref/net9.0/System.Net.Http.dll /reference:/usr/share/dotnet/packs/Microsoft.NETCore.App.Ref/9.0.4/ref/net9.0/System.Net.Http.Json.dll /reference:/usr/share/dotnet/packs/Microsoft.NETCore.App.Ref/9.0.4/ref/net9.0/System.Net.HttpListener.dll /reference:/usr/share/dotnet/packs/Microsoft.NETCore.App.Ref/9.0.4/ref/net9.0/System.Net.Mail.dll /reference:/usr/share/dotnet/packs/Microsoft.NETCore.App.Ref/9.0.4/ref/net9.0/System.Net.NameResolution.dll /reference:/usr/share/dotnet/packs/Microsoft.NETCore.App.Ref/9.0.4/ref/net9.0/System.Net.NetworkInformation.dll /reference:/usr/share/dotnet/packs/Microsoft.NETCore.App.Ref/9.0.4/ref/net9.0/System.Net.Ping.dll /reference:/usr/share/dotnet/packs/Microsoft.NETCore.App.Ref/9.0.4/ref/net9.0/System.Net.Primitives.dll /reference:/usr/share/dotnet/packs/Microsoft.NETCore.App.Ref/9.0.4/ref/net9.0/System.Net.Quic.dll /reference:/usr/share/dotnet/packs/Microsoft.NETCore.App.Ref/9.0.4/ref/net9.0/System.Net.Requests.dll /reference:/usr/share/dotnet/packs/Microsoft.NETCore.App.Ref/9.0.4/ref/net9.0/System.Net.Security.dll /reference:/usr/share/dotnet/packs/Microsoft.NETCore.App.Ref/9.0.4/ref/net9.0/System.Net.ServicePoint.dll /reference:/usr/share/dotnet/packs/Microsoft.NETCore.App.Ref/9.0.4/ref/net9.0/System.Net.Sockets.dll /reference:/usr/share/dotnet/packs/Microsoft.NETCore.App.Ref/9.0.4/ref/net9.0/System.Net.WebClient.dll /reference:/usr/share/dotnet/packs/Microsoft.NETCore.App.Ref/9.0.4/ref/net9.0/System.Net.WebHeaderCollection.dll /reference:/usr/share/dotnet/packs/Microsoft.NETCore.App.Ref/9.0.4/ref/net9.0/System.Net.WebProxy.dll /reference:/usr/share/dotnet/packs/Microsoft.NETCore.App.Ref/9.0.4/ref/net9.0/System.Net.WebSockets.Client.dll /reference:/usr/share/dotnet/packs/Microsoft.NETCore.App.Ref/9.0.4/ref/net9.0/System.Net.WebSockets.dll /reference:/usr/share/dotnet/packs/Microsoft.NETCore.App.Ref/9.0.4/ref/net9.0/System.Numerics.dll /reference:/usr/share/dotnet/packs/Microsoft.NETCore.App.Ref/9.0.4/ref/net9.0/System.Numerics.Vectors.dll /reference:/usr/share/dotnet/packs/Microsoft.NETCore.App.Ref/9.0.4/ref/net9.0/System.ObjectModel.dll /reference:/usr/share/dotnet/packs/Microsoft.NETCore.App.Ref/9.0.4/ref/net9.0/System.Reflection.DispatchProxy.dll /reference:/usr/share/dotnet/packs/Microsoft.NETCore.App.Ref/9.0.4/ref/net9.0/System.Reflection.dll /reference:/usr/share/dotnet/packs/Microsoft.NETCore.App.Ref/9.0.4/ref/net9.0/System.Reflection.Emit.dll /reference:/usr/share/dotnet/packs/Microsoft.NETCore.App.Ref/9.0.4/ref/net9.0/System.Reflection.Emit.ILGeneration.dll /reference:/usr/share/dotnet/packs/Microsoft.NETCore.App.Ref/9.0.4/ref/net9.0/System.Reflection.Emit.Lightweight.dll /reference:/usr/share/dotnet/packs/Microsoft.NETCore.App.Ref/9.0.4/ref/net9.0/System.Reflection.Extensions.dll /reference:/usr/share/dotnet/packs/Microsoft.NETCore.App.Ref/9.0.4/ref/net9.0/System.Reflection.Metadata.dll /reference:/usr/share/dotnet/packs/Microsoft.NETCore.App.Ref/9.0.4/ref/net9.0/System.Reflection.Primitives.dll /reference:/usr/share/dotnet/packs/Microsoft.NETCore.App.Ref/9.0.4/ref/net9.0/System.Reflection.TypeExtensions.dll /reference:/usr/share/dotnet/packs/Microsoft.NETCore.App.Ref/9.0.4/ref/net9.0/System.Resources.Reader.dll /reference:/usr/share/dotnet/packs/Microsoft.NETCore.App.Ref/9.0.4/ref/net9.0/System.Resources.ResourceManager.dll /reference:/usr/share/dotnet/packs/Microsoft.NETCore.App.Ref/9.0.4/ref/net9.0/System.Resources.Writer.dll /reference:/usr/share/dotnet/packs/Microsoft.NETCore.App.Ref/9.0.4/ref/net9.0/System.Runtime.CompilerServices.Unsafe.dll /reference:/usr/share/dotnet/packs/Microsoft.NETCore.App.Ref/9.0.4/ref/net9.0/System.Runtime.CompilerServices.VisualC.dll /reference:/usr/share/dotnet/packs/Microsoft.NETCore.App.Ref/9.0.4/ref/net9.0/System.Runtime.dll /reference:/usr/share/dotnet/packs/Microsoft.NETCore.App.Ref/9.0.4/ref/net9.0/System.Runtime.Extensions.dll /reference:/usr/share/dotnet/packs/Microsoft.NETCore.App.Ref/9.0.4/ref/net9.0/System.Runtime.Handles.dll /reference:/usr/share/dotnet/packs/Microsoft.NETCore.App.Ref/9.0.4/ref/net9.0/System.Runtime.InteropServices.dll /reference:/usr/share/dotnet/packs/Microsoft.NETCore.App.Ref/9.0.4/ref/net9.0/System.Runtime.InteropServices.JavaScript.dll /reference:/usr/share/dotnet/packs/Microsoft.NETCore.App.Ref/9.0.4/ref/net9.0/System.Runtime.InteropServices.RuntimeInformation.dll /reference:/usr/share/dotnet/packs/Microsoft.NETCore.App.Ref/9.0.4/ref/net9.0/System.Runtime.Intrinsics.dll /reference:/usr/share/dotnet/packs/Microsoft.NETCore.App.Ref/9.0.4/ref/net9.0/System.Runtime.Loader.dll /reference:/usr/share/dotnet/packs/Microsoft.NETCore.App.Ref/9.0.4/ref/net9.0/System.Runtime.Numerics.dll /reference:/usr/share/dotnet/packs/Microsoft.NETCore.App.Ref/9.0.4/ref/net9.0/System.Runtime.Serialization.dll /reference:/usr/share/dotnet/packs/Microsoft.NETCore.App.Ref/9.0.4/ref/net9.0/System.Runtime.Serialization.Formatters.dll /reference:/usr/share/dotnet/packs/Microsoft.NETCore.App.Ref/9.0.4/ref/net9.0/System.Runtime.Serialization.Json.dll /reference:/usr/share/dotnet/packs/Microsoft.NETCore.App.Ref/9.0.4/ref/net9.0/System.Runtime.Serialization.Primitives.dll /reference:/usr/share/dotnet/packs/Microsoft.NETCore.App.Ref/9.0.4/ref/net9.0/System.Runtime.Serialization.Xml.dll /reference:/usr/share/dotnet/packs/Microsoft.NETCore.App.Ref/9.0.4/ref/net9.0/System.Security.AccessControl.dll /reference:/usr/share/dotnet/packs/Microsoft.NETCore.App.Ref/9.0.4/ref/net9.0/System.Security.Claims.dll /reference:/usr/share/dotnet/packs/Microsoft.NETCore.App.Ref/9.0.4/ref/net9.0/System.Security.Cryptography.Algorithms.dll /reference:/usr/share/dotnet/packs/Microsoft.NETCore.App.Ref/9.0.4/ref/net9.0/System.Security.Cryptography.Cng.dll /reference:/usr/share/dotnet/packs/Microsoft.NETCore.App.Ref/9.0.4/ref/net9.0/System.Security.Cryptography.Csp.dll /reference:/usr/share/dotnet/packs/Microsoft.NETCore.App.Ref/9.0.4/ref/net9.0/System.Security.Cryptography.dll /reference:/usr/share/dotnet/packs/Microsoft.NETCore.App.Ref/9.0.4/ref/net9.0/System.Security.Cryptography.Encoding.dll /reference:/usr/share/dotnet/packs/Microsoft.NETCore.App.Ref/9.0.4/ref/net9.0/System.Security.Cryptography.OpenSsl.dll /reference:/usr/share/dotnet/packs/Microsoft.NETCore.App.Ref/9.0.4/ref/net9.0/System.Security.Cryptography.Primitives.dll /reference:/home/quinngil/.nuget/packages/system.security.cryptography.protecteddata/6.0.0/lib/net6.0/System.Security.Cryptography.ProtectedData.dll /reference:/usr/share/dotnet/packs/Microsoft.NETCore.App.Ref/9.0.4/ref/net9.0/System.Security.Cryptography.X509Certificates.dll /reference:/usr/share/dotnet/packs/Microsoft.NETCore.App.Ref/9.0.4/ref/net9.0/System.Security.dll /reference:/home/quinngil/.nuget/packages/system.security.permissions/6.0.0/lib/net6.0/System.Security.Permissions.dll /reference:/usr/share/dotnet/packs/Microsoft.NETCore.App.Ref/9.0.4/ref/net9.0/System.Security.Principal.dll /reference:/usr/share/dotnet/packs/Microsoft.NETCore.App.Ref/9.0.4/ref/net9.0/System.Security.Principal.Windows.dll /reference:/usr/share/dotnet/packs/Microsoft.NETCore.App.Ref/9.0.4/ref/net9.0/System.Security.SecureString.dll /reference:/usr/share/dotnet/packs/Microsoft.NETCore.App.Ref/9.0.4/ref/net9.0/System.ServiceModel.Web.dll /reference:/usr/share/dotnet/packs/Microsoft.NETCore.App.Ref/9.0.4/ref/net9.0/System.ServiceProcess.dll /reference:/usr/share/dotnet/packs/Microsoft.NETCore.App.Ref/9.0.4/ref/net9.0/System.Text.Encoding.CodePages.dll /reference:/usr/share/dotnet/packs/Microsoft.NETCore.App.Ref/9.0.4/ref/net9.0/System.Text.Encoding.dll /reference:/usr/share/dotnet/packs/Microsoft.NETCore.App.Ref/9.0.4/ref/net9.0/System.Text.Encoding.Extensions.dll /reference:/usr/share/dotnet/packs/Microsoft.NETCore.App.Ref/9.0.4/ref/net9.0/System.Text.Encodings.Web.dll /reference:/home/quinngil/.nuget/packages/system.text.json/9.0.8/lib/net9.0/System.Text.Json.dll /reference:/usr/share/dotnet/packs/Microsoft.NETCore.App.Ref/9.0.4/ref/net9.0/System.Text.RegularExpressions.dll /reference:/usr/share/dotnet/packs/Microsoft.NETCore.App.Ref/9.0.4/ref/net9.0/System.Threading.Channels.dll /reference:/usr/share/dotnet/packs/Microsoft.NETCore.App.Ref/9.0.4/ref/net9.0/System.Threading.dll /reference:/usr/share/dotnet/packs/Microsoft.NETCore.App.Ref/9.0.4/ref/net9.0/System.Threading.Overlapped.dll /reference:/usr/share/dotnet/packs/Microsoft.NETCore.App.Ref/9.0.4/ref/net9.0/System.Threading.Tasks.Dataflow.dll /reference:/usr/share/dotnet/packs/Microsoft.NETCore.App.Ref/9.0.4/ref/net9.0/System.Threading.Tasks.dll /reference:/usr/share/dotnet/packs/Microsoft.NETCore.App.Ref/9.0.4/ref/net9.0/System.Threading.Tasks.Extensions.dll /reference:/usr/share/dotnet/packs/Microsoft.NETCore.App.Ref/9.0.4/ref/net9.0/System.Threading.Tasks.Parallel.dll /reference:/usr/share/dotnet/packs/Microsoft.NETCore.App.Ref/9.0.4/ref/net9.0/System.Threading.Thread.dll /reference:/usr/share/dotnet/packs/Microsoft.NETCore.App.Ref/9.0.4/ref/net9.0/System.Threading.ThreadPool.dll /reference:/usr/share/dotnet/packs/Microsoft.NETCore.App.Ref/9.0.4/ref/net9.0/System.Threading.Timer.dll /reference:/usr/share/dotnet/packs/Microsoft.NETCore.App.Ref/9.0.4/ref/net9.0/System.Transactions.dll /reference:/usr/share/dotnet/packs/Microsoft.NETCore.App.Ref/9.0.4/ref/net9.0/System.Transactions.Local.dll /reference:/usr/share/dotnet/packs/Microsoft.NETCore.App.Ref/9.0.4/ref/net9.0/System.ValueTuple.dll /reference:/usr/share/dotnet/packs/Microsoft.NETCore.App.Ref/9.0.4/ref/net9.0/System.Web.dll /reference:/usr/share/dotnet/packs/Microsoft.NETCore.App.Ref/9.0.4/ref/net9.0/System.Web.HttpUtility.dll /reference:/usr/share/dotnet/packs/Microsoft.NETCore.App.Ref/9.0.4/ref/net9.0/System.Windows.dll /reference:/home/quinngil/.nuget/packages/system.windows.extensions/6.0.0/lib/net6.0/System.Windows.Extensions.dll /reference:/usr/share/dotnet/packs/Microsoft.NETCore.App.Ref/9.0.4/ref/net9.0/System.Xml.dll /reference:/usr/share/dotnet/packs/Microsoft.NETCore.App.Ref/9.0.4/ref/net9.0/System.Xml.Linq.dll /reference:/usr/share/dotnet/packs/Microsoft.NETCore.App.Ref/9.0.4/ref/net9.0/System.Xml.ReaderWriter.dll /reference:/usr/share/dotnet/packs/Microsoft.NETCore.App.Ref/9.0.4/ref/net9.0/System.Xml.Serialization.dll /reference:/usr/share/dotnet/packs/Microsoft.NETCore.App.Ref/9.0.4/ref/net9.0/System.Xml.XDocument.dll /reference:/usr/share/dotnet/packs/Microsoft.NETCore.App.Ref/9.0.4/ref/net9.0/System.Xml.XmlDocument.dll /reference:/usr/share/dotnet/packs/Microsoft.NETCore.App.Ref/9.0.4/ref/net9.0/System.Xml.XmlSerializer.dll /reference:/usr/share/dotnet/packs/Microsoft.NETCore.App.Ref/9.0.4/ref/net9.0/System.Xml.XPath.dll /reference:/usr/share/dotnet/packs/Microsoft.NETCore.App.Ref/9.0.4/ref/net9.0/System.Xml.XPath.XDocument.dll /reference:/usr/share/dotnet/packs/Microsoft.NETCore.App.Ref/9.0.4/ref/net9.0/WindowsBase.dll /debug- /debug:portable /filealign:512 /optimize+ /out:obj/Release/net9.0/Lib.Aggregator.Sets.dll /refout:obj/Release/net9.0/refint/Lib.Aggregator.Sets.dll /reportanalyzer /target:library /warnaserror+ /utf8output /deterministic+ /sourcelink:obj/Release/net9.0/Lib.Aggregator.Sets.sourcelink.json /langversion:latest /features:strict /embed:"obj/Release/net9.0/.NETCoreApp,Version=v9.0.AssemblyAttributes.cs" /embed:obj/Release/net9.0/Lib.Aggregator.Sets.AssemblyInfo.cs /analyzerconfig:/mnt/d/src/MtgDiscoveryVibeWorkspace/IMPLS/src/.editorconfig /analyzerconfig:obj/Release/net9.0/Lib.Aggregator.Sets.GeneratedMSBuildEditorConfig.editorconfig /analyzerconfig:/usr/share/dotnet/sdk/9.0.203/Sdks/Microsoft.NET.Sdk/analyzers/build/config/analysislevel_9_all_warnaserror.globalconfig /analyzer:/usr/share/dotnet/sdk/9.0.203/Sdks/Microsoft.NET.Sdk/targets/../analyzers/Microsoft.CodeAnalysis.CSharp.NetAnalyzers.dll /analyzer:/usr/share/dotnet/sdk/9.0.203/Sdks/Microsoft.NET.Sdk/targets/../analyzers/Microsoft.CodeAnalysis.NetAnalyzers.dll /analyzer:/usr/share/dotnet/sdk/9.0.203/Sdks/Microsoft.NET.Sdk/targets/../codestyle/cs/Microsoft.CodeAnalysis.CodeStyle.dll /analyzer:/usr/share/dotnet/sdk/9.0.203/Sdks/Microsoft.NET.Sdk/targets/../codestyle/cs/Microsoft.CodeAnalysis.CodeStyle.Fixes.dll /analyzer:/usr/share/dotnet/sdk/9.0.203/Sdks/Microsoft.NET.Sdk/targets/../codestyle/cs/Microsoft.CodeAnalysis.CSharp.CodeStyle.dll /analyzer:/usr/share/dotnet/sdk/9.0.203/Sdks/Microsoft.NET.Sdk/targets/../codestyle/cs/Microsoft.CodeAnalysis.CSharp.CodeStyle.Fixes.dll /analyzer:/home/quinngil/.nuget/packages/microsoft.codeanalysis.bannedapianalyzers/4.14.0/analyzers/dotnet/cs/Microsoft.CodeAnalysis.BannedApiAnalyzers.dll /analyzer:/home/quinngil/.nuget/packages/microsoft.codeanalysis.bannedapianalyzers/4.14.0/analyzers/dotnet/cs/Microsoft.CodeAnalysis.CSharp.BannedApiAnalyzers.dll /analyzer:/home/quinngil/.nuget/packages/microsoft.extensions.logging.abstractions/9.0.0/analyzers/dotnet/roslyn4.4/cs/Microsoft.Extensions.Logging.Generators.dll /analyzer:/home/quinngil/.nuget/packages/microsoft.extensions.options/9.0.0/analyzers/dotnet/roslyn4.4/cs/Microsoft.Extensions.Options.SourceGeneration.dll /analyzer:/home/quinngil/.nuget/packages/system.clientmodel/1.5.1/analyzers/dotnet/cs/System.ClientModel.SourceGeneration.dll /analyzer:/home/quinngil/.nuget/packages/system.text.json/9.0.8/analyzers/dotnet/roslyn4.4/cs/System.Text.Json.SourceGeneration.dll /analyzer:/usr/share/dotnet/packs/Microsoft.NETCore.App.Ref/9.0.4/analyzers/dotnet/cs/Microsoft.Interop.ComInterfaceGenerator.dll /analyzer:/usr/share/dotnet/packs/Microsoft.NETCore.App.Ref/9.0.4/analyzers/dotnet/cs/Microsoft.Interop.JavaScript.JSImportGenerator.dll /analyzer:/usr/share/dotnet/packs/Microsoft.NETCore.App.Ref/9.0.4/analyzers/dotnet/cs/Microsoft.Interop.LibraryImportGenerator.dll /analyzer:/usr/share/dotnet/packs/Microsoft.NETCore.App.Ref/9.0.4/analyzers/dotnet/cs/Microsoft.Interop.SourceGeneration.dll /analyzer:/usr/share/dotnet/packs/Microsoft.NETCore.App.Ref/9.0.4/analyzers/dotnet/cs/System.Text.RegularExpressions.Generator.dll /additionalfile:/mnt/d/src/MtgDiscoveryVibeWorkspace/IMPLS/src/BannedSymbols.txt /additionalfile:/mnt/d/src/MtgDiscoveryVibeWorkspace/IMPLS/src/.editorconfig Apis/ISetAggregatorService.cs Apis/SetAggregatorService.cs Entities/SetIdsItrEntity.cs Entities/SetItemCollectionItrEntity.cs Exceptions/AggregatorOperationException.cs Models/CollectorNumberRangeItrEntity.cs Models/GroupingFiltersItrEntity.cs Models/SetGroupingItrEntity.cs Models/SetItemItrEntity.cs Queries/Mappers/QuerySetsCodesToReadPointItemsMapper.cs Queries/Mappers/QuerySetsIdsToReadPointItemsMapper.cs Queries/Mappers/ScryfallSetItemToSetItemItrEntityMapper.cs Queries/QuerySetAggregatorService.cs "obj/Release/net9.0/.NETCoreApp,Version=v9.0.AssemblyAttributes.cs" obj/Release/net9.0/Lib.Aggregator.Sets.AssemblyInfo.cs /warnaserror+:NU1605,SYSLIB0011
         CompilerServer: server - server processed compilation - Lib.Aggregator.Sets (net9.0)
       _CopyFilesMarkedCopyLocal:
         Copying file from "/mnt/d/src/MtgDiscoveryVibeWorkspace/IMPLS/src/Lib.Adapter.Sets/bin/Release/net9.0/Lib.Adapter.Sets.dll" to "/mnt/d/src/MtgDiscoveryVibeWorkspace/IMPLS/src/Lib.Aggregator.Sets/bin/Release/net9.0/Lib.Adapter.Sets.dll".
         Copying file from "/mnt/d/src/MtgDiscoveryVibeWorkspace/IMPLS/src/Lib.Shared.Abstractions/bin/Release/net9.0/Lib.Shared.Abstractions.dll" to "/mnt/d/src/MtgDiscoveryVibeWorkspace/IMPLS/src/Lib.Aggregator.Sets/bin/Release/net9.0/Lib.Shared.Abstractions.dll".
         Copying file from "/mnt/d/src/MtgDiscoveryVibeWorkspace/IMPLS/src/Lib.Cosmos/bin/Release/net9.0/Lib.Cosmos.dll" to "/mnt/d/src/MtgDiscoveryVibeWorkspace/IMPLS/src/Lib.Aggregator.Sets/bin/Release/net9.0/Lib.Cosmos.dll".
         Copying file from "/mnt/d/src/MtgDiscoveryVibeWorkspace/IMPLS/src/Lib.Scryfall.Shared/bin/Release/net9.0/Lib.Scryfall.Shared.dll" to "/mnt/d/src/MtgDiscoveryVibeWorkspace/IMPLS/src/Lib.Aggregator.Sets/bin/Release/net9.0/Lib.Scryfall.Shared.dll".
         Copying file from "/mnt/d/src/MtgDiscoveryVibeWorkspace/IMPLS/src/Lib.Aggregator.Scryfall.Shared/bin/Release/net9.0/Lib.Aggregator.Scryfall.Shared.dll" to "/mnt/d/src/MtgDiscoveryVibeWorkspace/IMPLS/src/Lib.Aggregator.Sets/bin/Release/net9.0/Lib.Aggregator.Scryfall.Shared.dll".
         Copying file from "/mnt/d/src/MtgDiscoveryVibeWorkspace/IMPLS/src/Lib.Adapter.Scryfall.Cosmos/bin/Release/net9.0/Lib.Adapter.Scryfall.Cosmos.dll" to "/mnt/d/src/MtgDiscoveryVibeWorkspace/IMPLS/src/Lib.Aggregator.Sets/bin/Release/net9.0/Lib.Adapter.Scryfall.Cosmos.dll".
         Copying file from "/mnt/d/src/MtgDiscoveryVibeWorkspace/IMPLS/src/Lib.Shared.DataModels/bin/Release/net9.0/Lib.Shared.DataModels.dll" to "/mnt/d/src/MtgDiscoveryVibeWorkspace/IMPLS/src/Lib.Aggregator.Sets/bin/Release/net9.0/Lib.Shared.DataModels.dll".
         Copying file from "/mnt/d/src/MtgDiscoveryVibeWorkspace/IMPLS/src/Lib.Universal/bin/Release/net9.0/Lib.Universal.dll" to "/mnt/d/src/MtgDiscoveryVibeWorkspace/IMPLS/src/Lib.Aggregator.Sets/bin/Release/net9.0/Lib.Universal.dll".
         Copying file from "/mnt/d/src/MtgDiscoveryVibeWorkspace/IMPLS/src/Lib.Shared.DataModels/bin/Release/net9.0/Lib.Shared.DataModels.pdb" to "/mnt/d/src/MtgDiscoveryVibeWorkspace/IMPLS/src/Lib.Aggregator.Sets/bin/Release/net9.0/Lib.Shared.DataModels.pdb".
         Copying file from "/mnt/d/src/MtgDiscoveryVibeWorkspace/IMPLS/src/Lib.Shared.Invocation/bin/Release/net9.0/Lib.Shared.Invocation.dll" to "/mnt/d/src/MtgDiscoveryVibeWorkspace/IMPLS/src/Lib.Aggregator.Sets/bin/Release/net9.0/Lib.Shared.Invocation.dll".
         Copying file from "/mnt/d/src/MtgDiscoveryVibeWorkspace/IMPLS/src/Lib.Adapter.Scryfall.Cosmos/bin/Release/net9.0/Lib.Adapter.Scryfall.Cosmos.pdb" to "/mnt/d/src/MtgDiscoveryVibeWorkspace/IMPLS/src/Lib.Aggregator.Sets/bin/Release/net9.0/Lib.Adapter.Scryfall.Cosmos.pdb".
         Copying file from "/mnt/d/src/MtgDiscoveryVibeWorkspace/IMPLS/src/Lib.Shared.Invocation/bin/Release/net9.0/Lib.Shared.Invocation.pdb" to "/mnt/d/src/MtgDiscoveryVibeWorkspace/IMPLS/src/Lib.Aggregator.Sets/bin/Release/net9.0/Lib.Shared.Invocation.pdb".
         Copying file from "/mnt/d/src/MtgDiscoveryVibeWorkspace/IMPLS/src/Lib.Adapter.Sets/bin/Release/net9.0/Lib.Adapter.Sets.pdb" to "/mnt/d/src/MtgDiscoveryVibeWorkspace/IMPLS/src/Lib.Aggregator.Sets/bin/Release/net9.0/Lib.Adapter.Sets.pdb".
         Copying file from "/mnt/d/src/MtgDiscoveryVibeWorkspace/IMPLS/src/Lib.Aggregator.Scryfall.Shared/bin/Release/net9.0/Lib.Aggregator.Scryfall.Shared.pdb" to "/mnt/d/src/MtgDiscoveryVibeWorkspace/IMPLS/src/Lib.Aggregator.Sets/bin/Release/net9.0/Lib.Aggregator.Scryfall.Shared.pdb".
         Copying file from "/mnt/d/src/MtgDiscoveryVibeWorkspace/IMPLS/src/Lib.Cosmos/bin/Release/net9.0/Lib.Cosmos.pdb" to "/mnt/d/src/MtgDiscoveryVibeWorkspace/IMPLS/src/Lib.Aggregator.Sets/bin/Release/net9.0/Lib.Cosmos.pdb".
         Copying file from "/mnt/d/src/MtgDiscoveryVibeWorkspace/IMPLS/src/Lib.Scryfall.Shared/bin/Release/net9.0/Lib.Scryfall.Shared.pdb" to "/mnt/d/src/MtgDiscoveryVibeWorkspace/IMPLS/src/Lib.Aggregator.Sets/bin/Release/net9.0/Lib.Scryfall.Shared.pdb".
         Copying file from "/mnt/d/src/MtgDiscoveryVibeWorkspace/IMPLS/src/Lib.Shared.Abstractions/bin/Release/net9.0/Lib.Shared.Abstractions.pdb" to "/mnt/d/src/MtgDiscoveryVibeWorkspace/IMPLS/src/Lib.Aggregator.Sets/bin/Release/net9.0/Lib.Shared.Abstractions.pdb".
         Copying file from "/mnt/d/src/MtgDiscoveryVibeWorkspace/IMPLS/src/Lib.Universal/bin/Release/net9.0/Lib.Universal.pdb" to "/mnt/d/src/MtgDiscoveryVibeWorkspace/IMPLS/src/Lib.Aggregator.Sets/bin/Release/net9.0/Lib.Universal.pdb".
         Touching "/mnt/d/src/MtgDiscoveryVibeWorkspace/IMPLS/src/Lib.Aggregator.Sets/obj/Release/net9.0/Lib.Aggr.D300DAE7.Up2Date".
       _CopyOutOfDateSourceItemsToOutputDirectory:
       Skipping target "_CopyOutOfDateSourceItemsToOutputDirectory" because all output files are up-to-date with respect to the input files.
       CopyFilesToOutputDirectory:
         Copying file from "/mnt/d/src/MtgDiscoveryVibeWorkspace/IMPLS/src/Lib.Aggregator.Sets/obj/Release/net9.0/Lib.Aggregator.Sets.dll" to "/mnt/d/src/MtgDiscoveryVibeWorkspace/IMPLS/src/Lib.Aggregator.Sets/bin/Release/net9.0/Lib.Aggregator.Sets.dll".
         Copying reference assembly from "obj/Release/net9.0/refint/Lib.Aggregator.Sets.dll" to "/mnt/d/src/MtgDiscoveryVibeWorkspace/IMPLS/src/Lib.Aggregator.Sets/obj/Release/net9.0/ref/Lib.Aggregator.Sets.dll".
         Lib.Aggregator.Sets -> /mnt/d/src/MtgDiscoveryVibeWorkspace/IMPLS/src/Lib.Aggregator.Sets/bin/Release/net9.0/Lib.Aggregator.Sets.dll
         Copying file from "/mnt/d/src/MtgDiscoveryVibeWorkspace/IMPLS/src/Lib.Aggregator.Sets/obj/Release/net9.0/Lib.Aggregator.Sets.pdb" to "/mnt/d/src/MtgDiscoveryVibeWorkspace/IMPLS/src/Lib.Aggregator.Sets/bin/Release/net9.0/Lib.Aggregator.Sets.pdb".
    22>Done Building Project "/mnt/d/src/MtgDiscoveryVibeWorkspace/IMPLS/src/Lib.Aggregator.Sets/Lib.Aggregator.Sets.csproj" (default targets).
   1:2>Project "/mnt/d/src/MtgDiscoveryVibeWorkspace/IMPLS/src/MtgDiscoveryVibe.sln" (1:2) is building "/mnt/d/src/MtgDiscoveryVibeWorkspace/IMPLS/src/Lib.Domain.Sets/Lib.Domain.Sets.csproj" (24:7) on node 6 (default targets).
    24>GenerateTargetFrameworkMonikerAttribute:
       Skipping target "GenerateTargetFrameworkMonikerAttribute" because all output files are up-to-date with respect to the input files.
       CoreGenerateAssemblyInfo:
         Could not infer the type of parameter "#1" because the attribute type is unknown. The value will be treated as a string.
         Could not infer the type of parameter "#1" because the attribute type is unknown. The value will be treated as a string.
       _GenerateSourceLinkFile:
         Updating Source Link file 'obj/Release/net9.0/Lib.Domain.Sets.sourcelink.json'.
       CoreCompile:
         /usr/share/dotnet/dotnet exec "/usr/share/dotnet/sdk/9.0.203/Roslyn/bincore/csc.dll" /noconfig /unsafe- /checked- /nowarn:IDE0290,IDE2001,IDE0005,IDE0046,CA1716,CA1040,CA1056,1701,1702 /fullpaths /nostdlib+ /errorreport:prompt /warn:9 /define:TRACE;RELEASE;NET;NET9_0;NETCOREAPP;NET5_0_OR_GREATER;NET6_0_OR_GREATER;NET7_0_OR_GREATER;NET8_0_OR_GREATER;NET9_0_OR_GREATER;NETCOREAPP1_0_OR_GREATER;NETCOREAPP1_1_OR_GREATER;NETCOREAPP2_0_OR_GREATER;NETCOREAPP2_1_OR_GREATER;NETCOREAPP2_2_OR_GREATER;NETCOREAPP3_0_OR_GREATER;NETCOREAPP3_1_OR_GREATER /highentropyva+ /nullable:warnings /reference:/home/quinngil/.nuget/packages/azure.core/1.47.1/lib/net8.0/Azure.Core.dll /reference:/home/quinngil/.nuget/packages/azure.resourcemanager.authorization/1.1.5/lib/net8.0/Azure.ResourceManager.Authorization.dll /reference:/home/quinngil/.nuget/packages/azure.resourcemanager.cosmosdb/1.3.2/lib/netstandard2.0/Azure.ResourceManager.CosmosDB.dll /reference:/home/quinngil/.nuget/packages/azure.resourcemanager/1.13.2/lib/net8.0/Azure.ResourceManager.dll /reference:/mnt/d/src/MtgDiscoveryVibeWorkspace/IMPLS/src/Lib.Adapter.Scryfall.Cosmos/obj/Release/net9.0/ref/Lib.Adapter.Scryfall.Cosmos.dll /reference:/mnt/d/src/MtgDiscoveryVibeWorkspace/IMPLS/src/Lib.Adapter.Sets/obj/Release/net9.0/ref/Lib.Adapter.Sets.dll /reference:/mnt/d/src/MtgDiscoveryVibeWorkspace/IMPLS/src/Lib.Aggregator.Scryfall.Shared/obj/Release/net9.0/ref/Lib.Aggregator.Scryfall.Shared.dll /reference:/mnt/d/src/MtgDiscoveryVibeWorkspace/IMPLS/src/Lib.Aggregator.Sets/obj/Release/net9.0/ref/Lib.Aggregator.Sets.dll /reference:/mnt/d/src/MtgDiscoveryVibeWorkspace/IMPLS/src/Lib.Cosmos/obj/Release/net9.0/ref/Lib.Cosmos.dll /reference:/mnt/d/src/MtgDiscoveryVibeWorkspace/IMPLS/src/Lib.Scryfall.Shared/obj/Release/net9.0/ref/Lib.Scryfall.Shared.dll /reference:/mnt/d/src/MtgDiscoveryVibeWorkspace/IMPLS/src/Lib.Shared.Abstractions/obj/Release/net9.0/ref/Lib.Shared.Abstractions.dll /reference:/mnt/d/src/MtgDiscoveryVibeWorkspace/IMPLS/src/Lib.Shared.DataModels/obj/Release/net9.0/ref/Lib.Shared.DataModels.dll /reference:/mnt/d/src/MtgDiscoveryVibeWorkspace/IMPLS/src/Lib.Shared.Invocation/obj/Release/net9.0/ref/Lib.Shared.Invocation.dll /reference:/mnt/d/src/MtgDiscoveryVibeWorkspace/IMPLS/src/Lib.Universal/obj/Release/net9.0/ref/Lib.Universal.dll /reference:/home/quinngil/.nuget/packages/microsoft.azure.cosmos/3.52.1/lib/netstandard2.0/Microsoft.Azure.Cosmos.Client.dll /reference:/home/quinngil/.nuget/packages/microsoft.azure.cosmos/3.52.1/lib/netstandard2.0/Microsoft.Azure.Cosmos.Core.dll /reference:/home/quinngil/.nuget/packages/microsoft.azure.cosmos/3.52.1/lib/netstandard2.0/Microsoft.Azure.Cosmos.Direct.dll /reference:/home/quinngil/.nuget/packages/microsoft.azure.cosmos/3.52.1/lib/netstandard2.0/Microsoft.Azure.Cosmos.Serialization.HybridRow.dll /reference:/home/quinngil/.nuget/packages/microsoft.bcl.asyncinterfaces/8.0.0/lib/netstandard2.1/Microsoft.Bcl.AsyncInterfaces.dll /reference:/home/quinngil/.nuget/packages/microsoft.bcl.hashcode/1.1.0/ref/netcoreapp2.1/Microsoft.Bcl.HashCode.dll /reference:/usr/share/dotnet/packs/Microsoft.NETCore.App.Ref/9.0.4/ref/net9.0/Microsoft.CSharp.dll /reference:/home/quinngil/.nuget/packages/microsoft.extensions.caching.abstractions/9.0.0/lib/net9.0/Microsoft.Extensions.Caching.Abstractions.dll /reference:/home/quinngil/.nuget/packages/microsoft.extensions.caching.memory/9.0.0/lib/net9.0/Microsoft.Extensions.Caching.Memory.dll /reference:/home/quinngil/.nuget/packages/microsoft.extensions.configuration.abstractions/9.0.5/lib/net9.0/Microsoft.Extensions.Configuration.Abstractions.dll /reference:/home/quinngil/.nuget/packages/microsoft.extensions.dependencyinjection.abstractions/9.0.0/lib/net9.0/Microsoft.Extensions.DependencyInjection.Abstractions.dll /reference:/home/quinngil/.nuget/packages/microsoft.extensions.logging.abstractions/9.0.0/lib/net9.0/Microsoft.Extensions.Logging.Abstractions.dll /reference:/home/quinngil/.nuget/packages/microsoft.extensions.options/9.0.0/lib/net9.0/Microsoft.Extensions.Options.dll /reference:/home/quinngil/.nuget/packages/microsoft.extensions.primitives/9.0.5/lib/net9.0/Microsoft.Extensions.Primitives.dll /reference:/home/quinngil/.nuget/packages/microsoft.identitymodel.abstractions/8.0.1/lib/net9.0/Microsoft.IdentityModel.Abstractions.dll /reference:/home/quinngil/.nuget/packages/microsoft.identitymodel.jsonwebtokens/8.0.1/lib/net9.0/Microsoft.IdentityModel.JsonWebTokens.dll /reference:/home/quinngil/.nuget/packages/microsoft.identitymodel.logging/8.0.1/lib/net9.0/Microsoft.IdentityModel.Logging.dll /reference:/home/quinngil/.nuget/packages/microsoft.identitymodel.tokens/8.0.1/lib/net9.0/Microsoft.IdentityModel.Tokens.dll /reference:/usr/share/dotnet/packs/Microsoft.NETCore.App.Ref/9.0.4/ref/net9.0/Microsoft.VisualBasic.Core.dll /reference:/usr/share/dotnet/packs/Microsoft.NETCore.App.Ref/9.0.4/ref/net9.0/Microsoft.VisualBasic.dll /reference:/usr/share/dotnet/packs/Microsoft.NETCore.App.Ref/9.0.4/ref/net9.0/Microsoft.Win32.Primitives.dll /reference:/usr/share/dotnet/packs/Microsoft.NETCore.App.Ref/9.0.4/ref/net9.0/Microsoft.Win32.Registry.dll /reference:/home/quinngil/.nuget/packages/microsoft.win32.systemevents/6.0.0/lib/net6.0/Microsoft.Win32.SystemEvents.dll /reference:/usr/share/dotnet/packs/Microsoft.NETCore.App.Ref/9.0.4/ref/net9.0/mscorlib.dll /reference:/usr/share/dotnet/packs/Microsoft.NETCore.App.Ref/9.0.4/ref/net9.0/netstandard.dll /reference:/home/quinngil/.nuget/packages/newtonsoft.json/13.0.3/lib/net6.0/Newtonsoft.Json.dll /reference:/usr/share/dotnet/packs/Microsoft.NETCore.App.Ref/9.0.4/ref/net9.0/System.AppContext.dll /reference:/usr/share/dotnet/packs/Microsoft.NETCore.App.Ref/9.0.4/ref/net9.0/System.Buffers.dll /reference:/home/quinngil/.nuget/packages/system.clientmodel/1.5.1/lib/net8.0/System.ClientModel.dll /reference:/usr/share/dotnet/packs/Microsoft.NETCore.App.Ref/9.0.4/ref/net9.0/System.Collections.Concurrent.dll /reference:/usr/share/dotnet/packs/Microsoft.NETCore.App.Ref/9.0.4/ref/net9.0/System.Collections.dll /reference:/usr/share/dotnet/packs/Microsoft.NETCore.App.Ref/9.0.4/ref/net9.0/System.Collections.Immutable.dll /reference:/usr/share/dotnet/packs/Microsoft.NETCore.App.Ref/9.0.4/ref/net9.0/System.Collections.NonGeneric.dll /reference:/usr/share/dotnet/packs/Microsoft.NETCore.App.Ref/9.0.4/ref/net9.0/System.Collections.Specialized.dll /reference:/usr/share/dotnet/packs/Microsoft.NETCore.App.Ref/9.0.4/ref/net9.0/System.ComponentModel.Annotations.dll /reference:/usr/share/dotnet/packs/Microsoft.NETCore.App.Ref/9.0.4/ref/net9.0/System.ComponentModel.DataAnnotations.dll /reference:/usr/share/dotnet/packs/Microsoft.NETCore.App.Ref/9.0.4/ref/net9.0/System.ComponentModel.dll /reference:/usr/share/dotnet/packs/Microsoft.NETCore.App.Ref/9.0.4/ref/net9.0/System.ComponentModel.EventBasedAsync.dll /reference:/usr/share/dotnet/packs/Microsoft.NETCore.App.Ref/9.0.4/ref/net9.0/System.ComponentModel.Primitives.dll /reference:/usr/share/dotnet/packs/Microsoft.NETCore.App.Ref/9.0.4/ref/net9.0/System.ComponentModel.TypeConverter.dll /reference:/home/quinngil/.nuget/packages/system.configuration.configurationmanager/6.0.0/lib/net6.0/System.Configuration.ConfigurationManager.dll /reference:/usr/share/dotnet/packs/Microsoft.NETCore.App.Ref/9.0.4/ref/net9.0/System.Configuration.dll /reference:/usr/share/dotnet/packs/Microsoft.NETCore.App.Ref/9.0.4/ref/net9.0/System.Console.dll /reference:/usr/share/dotnet/packs/Microsoft.NETCore.App.Ref/9.0.4/ref/net9.0/System.Core.dll /reference:/usr/share/dotnet/packs/Microsoft.NETCore.App.Ref/9.0.4/ref/net9.0/System.Data.Common.dll /reference:/usr/share/dotnet/packs/Microsoft.NETCore.App.Ref/9.0.4/ref/net9.0/System.Data.DataSetExtensions.dll /reference:/usr/share/dotnet/packs/Microsoft.NETCore.App.Ref/9.0.4/ref/net9.0/System.Data.dll /reference:/usr/share/dotnet/packs/Microsoft.NETCore.App.Ref/9.0.4/ref/net9.0/System.Diagnostics.Contracts.dll /reference:/usr/share/dotnet/packs/Microsoft.NETCore.App.Ref/9.0.4/ref/net9.0/System.Diagnostics.Debug.dll /reference:/usr/share/dotnet/packs/Microsoft.NETCore.App.Ref/9.0.4/ref/net9.0/System.Diagnostics.DiagnosticSource.dll /reference:/usr/share/dotnet/packs/Microsoft.NETCore.App.Ref/9.0.4/ref/net9.0/System.Diagnostics.FileVersionInfo.dll /reference:/usr/share/dotnet/packs/Microsoft.NETCore.App.Ref/9.0.4/ref/net9.0/System.Diagnostics.Process.dll /reference:/usr/share/dotnet/packs/Microsoft.NETCore.App.Ref/9.0.4/ref/net9.0/System.Diagnostics.StackTrace.dll /reference:/usr/share/dotnet/packs/Microsoft.NETCore.App.Ref/9.0.4/ref/net9.0/System.Diagnostics.TextWriterTraceListener.dll /reference:/usr/share/dotnet/packs/Microsoft.NETCore.App.Ref/9.0.4/ref/net9.0/System.Diagnostics.Tools.dll /reference:/usr/share/dotnet/packs/Microsoft.NETCore.App.Ref/9.0.4/ref/net9.0/System.Diagnostics.TraceSource.dll /reference:/usr/share/dotnet/packs/Microsoft.NETCore.App.Ref/9.0.4/ref/net9.0/System.Diagnostics.Tracing.dll /reference:/usr/share/dotnet/packs/Microsoft.NETCore.App.Ref/9.0.4/ref/net9.0/System.dll /reference:/home/quinngil/.nuget/packages/system.drawing.common/6.0.0/lib/net6.0/System.Drawing.Common.dll /reference:/usr/share/dotnet/packs/Microsoft.NETCore.App.Ref/9.0.4/ref/net9.0/System.Drawing.dll /reference:/usr/share/dotnet/packs/Microsoft.NETCore.App.Ref/9.0.4/ref/net9.0/System.Drawing.Primitives.dll /reference:/usr/share/dotnet/packs/Microsoft.NETCore.App.Ref/9.0.4/ref/net9.0/System.Dynamic.Runtime.dll /reference:/usr/share/dotnet/packs/Microsoft.NETCore.App.Ref/9.0.4/ref/net9.0/System.Formats.Asn1.dll /reference:/usr/share/dotnet/packs/Microsoft.NETCore.App.Ref/9.0.4/ref/net9.0/System.Formats.Tar.dll /reference:/usr/share/dotnet/packs/Microsoft.NETCore.App.Ref/9.0.4/ref/net9.0/System.Globalization.Calendars.dll /reference:/usr/share/dotnet/packs/Microsoft.NETCore.App.Ref/9.0.4/ref/net9.0/System.Globalization.dll /reference:/usr/share/dotnet/packs/Microsoft.NETCore.App.Ref/9.0.4/ref/net9.0/System.Globalization.Extensions.dll /reference:/home/quinngil/.nuget/packages/system.identitymodel.tokens.jwt/8.0.1/lib/net9.0/System.IdentityModel.Tokens.Jwt.dll /reference:/usr/share/dotnet/packs/Microsoft.NETCore.App.Ref/9.0.4/ref/net9.0/System.IO.Compression.Brotli.dll /reference:/usr/share/dotnet/packs/Microsoft.NETCore.App.Ref/9.0.4/ref/net9.0/System.IO.Compression.dll /reference:/usr/share/dotnet/packs/Microsoft.NETCore.App.Ref/9.0.4/ref/net9.0/System.IO.Compression.FileSystem.dll /reference:/usr/share/dotnet/packs/Microsoft.NETCore.App.Ref/9.0.4/ref/net9.0/System.IO.Compression.ZipFile.dll /reference:/usr/share/dotnet/packs/Microsoft.NETCore.App.Ref/9.0.4/ref/net9.0/System.IO.dll /reference:/usr/share/dotnet/packs/Microsoft.NETCore.App.Ref/9.0.4/ref/net9.0/System.IO.FileSystem.AccessControl.dll /reference:/usr/share/dotnet/packs/Microsoft.NETCore.App.Ref/9.0.4/ref/net9.0/System.IO.FileSystem.dll /reference:/usr/share/dotnet/packs/Microsoft.NETCore.App.Ref/9.0.4/ref/net9.0/System.IO.FileSystem.DriveInfo.dll /reference:/usr/share/dotnet/packs/Microsoft.NETCore.App.Ref/9.0.4/ref/net9.0/System.IO.FileSystem.Primitives.dll /reference:/usr/share/dotnet/packs/Microsoft.NETCore.App.Ref/9.0.4/ref/net9.0/System.IO.FileSystem.Watcher.dll /reference:/usr/share/dotnet/packs/Microsoft.NETCore.App.Ref/9.0.4/ref/net9.0/System.IO.IsolatedStorage.dll /reference:/usr/share/dotnet/packs/Microsoft.NETCore.App.Ref/9.0.4/ref/net9.0/System.IO.MemoryMappedFiles.dll /reference:/usr/share/dotnet/packs/Microsoft.NETCore.App.Ref/9.0.4/ref/net9.0/System.IO.Pipelines.dll /reference:/usr/share/dotnet/packs/Microsoft.NETCore.App.Ref/9.0.4/ref/net9.0/System.IO.Pipes.AccessControl.dll /reference:/usr/share/dotnet/packs/Microsoft.NETCore.App.Ref/9.0.4/ref/net9.0/System.IO.Pipes.dll /reference:/usr/share/dotnet/packs/Microsoft.NETCore.App.Ref/9.0.4/ref/net9.0/System.IO.UnmanagedMemoryStream.dll /reference:/usr/share/dotnet/packs/Microsoft.NETCore.App.Ref/9.0.4/ref/net9.0/System.Linq.dll /reference:/usr/share/dotnet/packs/Microsoft.NETCore.App.Ref/9.0.4/ref/net9.0/System.Linq.Expressions.dll /reference:/usr/share/dotnet/packs/Microsoft.NETCore.App.Ref/9.0.4/ref/net9.0/System.Linq.Parallel.dll /reference:/usr/share/dotnet/packs/Microsoft.NETCore.App.Ref/9.0.4/ref/net9.0/System.Linq.Queryable.dll /reference:/home/quinngil/.nuget/packages/system.memory.data/8.0.1/lib/net8.0/System.Memory.Data.dll /reference:/usr/share/dotnet/packs/Microsoft.NETCore.App.Ref/9.0.4/ref/net9.0/System.Memory.dll /reference:/usr/share/dotnet/packs/Microsoft.NETCore.App.Ref/9.0.4/ref/net9.0/System.Net.dll /reference:/usr/share/dotnet/packs/Microsoft.NETCore.App.Ref/9.0.4/ref/net9.0/System.Net.Http.dll /reference:/usr/share/dotnet/packs/Microsoft.NETCore.App.Ref/9.0.4/ref/net9.0/System.Net.Http.Json.dll /reference:/usr/share/dotnet/packs/Microsoft.NETCore.App.Ref/9.0.4/ref/net9.0/System.Net.HttpListener.dll /reference:/usr/share/dotnet/packs/Microsoft.NETCore.App.Ref/9.0.4/ref/net9.0/System.Net.Mail.dll /reference:/usr/share/dotnet/packs/Microsoft.NETCore.App.Ref/9.0.4/ref/net9.0/System.Net.NameResolution.dll /reference:/usr/share/dotnet/packs/Microsoft.NETCore.App.Ref/9.0.4/ref/net9.0/System.Net.NetworkInformation.dll /reference:/usr/share/dotnet/packs/Microsoft.NETCore.App.Ref/9.0.4/ref/net9.0/System.Net.Ping.dll /reference:/usr/share/dotnet/packs/Microsoft.NETCore.App.Ref/9.0.4/ref/net9.0/System.Net.Primitives.dll /reference:/usr/share/dotnet/packs/Microsoft.NETCore.App.Ref/9.0.4/ref/net9.0/System.Net.Quic.dll /reference:/usr/share/dotnet/packs/Microsoft.NETCore.App.Ref/9.0.4/ref/net9.0/System.Net.Requests.dll /reference:/usr/share/dotnet/packs/Microsoft.NETCore.App.Ref/9.0.4/ref/net9.0/System.Net.Security.dll /reference:/usr/share/dotnet/packs/Microsoft.NETCore.App.Ref/9.0.4/ref/net9.0/System.Net.ServicePoint.dll /reference:/usr/share/dotnet/packs/Microsoft.NETCore.App.Ref/9.0.4/ref/net9.0/System.Net.Sockets.dll /reference:/usr/share/dotnet/packs/Microsoft.NETCore.App.Ref/9.0.4/ref/net9.0/System.Net.WebClient.dll /reference:/usr/share/dotnet/packs/Microsoft.NETCore.App.Ref/9.0.4/ref/net9.0/System.Net.WebHeaderCollection.dll /reference:/usr/share/dotnet/packs/Microsoft.NETCore.App.Ref/9.0.4/ref/net9.0/System.Net.WebProxy.dll /reference:/usr/share/dotnet/packs/Microsoft.NETCore.App.Ref/9.0.4/ref/net9.0/System.Net.WebSockets.Client.dll /reference:/usr/share/dotnet/packs/Microsoft.NETCore.App.Ref/9.0.4/ref/net9.0/System.Net.WebSockets.dll /reference:/usr/share/dotnet/packs/Microsoft.NETCore.App.Ref/9.0.4/ref/net9.0/System.Numerics.dll /reference:/usr/share/dotnet/packs/Microsoft.NETCore.App.Ref/9.0.4/ref/net9.0/System.Numerics.Vectors.dll /reference:/usr/share/dotnet/packs/Microsoft.NETCore.App.Ref/9.0.4/ref/net9.0/System.ObjectModel.dll /reference:/usr/share/dotnet/packs/Microsoft.NETCore.App.Ref/9.0.4/ref/net9.0/System.Reflection.DispatchProxy.dll /reference:/usr/share/dotnet/packs/Microsoft.NETCore.App.Ref/9.0.4/ref/net9.0/System.Reflection.dll /reference:/usr/share/dotnet/packs/Microsoft.NETCore.App.Ref/9.0.4/ref/net9.0/System.Reflection.Emit.dll /reference:/usr/share/dotnet/packs/Microsoft.NETCore.App.Ref/9.0.4/ref/net9.0/System.Reflection.Emit.ILGeneration.dll /reference:/usr/share/dotnet/packs/Microsoft.NETCore.App.Ref/9.0.4/ref/net9.0/System.Reflection.Emit.Lightweight.dll /reference:/usr/share/dotnet/packs/Microsoft.NETCore.App.Ref/9.0.4/ref/net9.0/System.Reflection.Extensions.dll /reference:/usr/share/dotnet/packs/Microsoft.NETCore.App.Ref/9.0.4/ref/net9.0/System.Reflection.Metadata.dll /reference:/usr/share/dotnet/packs/Microsoft.NETCore.App.Ref/9.0.4/ref/net9.0/System.Reflection.Primitives.dll /reference:/usr/share/dotnet/packs/Microsoft.NETCore.App.Ref/9.0.4/ref/net9.0/System.Reflection.TypeExtensions.dll /reference:/usr/share/dotnet/packs/Microsoft.NETCore.App.Ref/9.0.4/ref/net9.0/System.Resources.Reader.dll /reference:/usr/share/dotnet/packs/Microsoft.NETCore.App.Ref/9.0.4/ref/net9.0/System.Resources.ResourceManager.dll /reference:/usr/share/dotnet/packs/Microsoft.NETCore.App.Ref/9.0.4/ref/net9.0/System.Resources.Writer.dll /reference:/usr/share/dotnet/packs/Microsoft.NETCore.App.Ref/9.0.4/ref/net9.0/System.Runtime.CompilerServices.Unsafe.dll /reference:/usr/share/dotnet/packs/Microsoft.NETCore.App.Ref/9.0.4/ref/net9.0/System.Runtime.CompilerServices.VisualC.dll /reference:/usr/share/dotnet/packs/Microsoft.NETCore.App.Ref/9.0.4/ref/net9.0/System.Runtime.dll /reference:/usr/share/dotnet/packs/Microsoft.NETCore.App.Ref/9.0.4/ref/net9.0/System.Runtime.Extensions.dll /reference:/usr/share/dotnet/packs/Microsoft.NETCore.App.Ref/9.0.4/ref/net9.0/System.Runtime.Handles.dll /reference:/usr/share/dotnet/packs/Microsoft.NETCore.App.Ref/9.0.4/ref/net9.0/System.Runtime.InteropServices.dll /reference:/usr/share/dotnet/packs/Microsoft.NETCore.App.Ref/9.0.4/ref/net9.0/System.Runtime.InteropServices.JavaScript.dll /reference:/usr/share/dotnet/packs/Microsoft.NETCore.App.Ref/9.0.4/ref/net9.0/System.Runtime.InteropServices.RuntimeInformation.dll /reference:/usr/share/dotnet/packs/Microsoft.NETCore.App.Ref/9.0.4/ref/net9.0/System.Runtime.Intrinsics.dll /reference:/usr/share/dotnet/packs/Microsoft.NETCore.App.Ref/9.0.4/ref/net9.0/System.Runtime.Loader.dll /reference:/usr/share/dotnet/packs/Microsoft.NETCore.App.Ref/9.0.4/ref/net9.0/System.Runtime.Numerics.dll /reference:/usr/share/dotnet/packs/Microsoft.NETCore.App.Ref/9.0.4/ref/net9.0/System.Runtime.Serialization.dll /reference:/usr/share/dotnet/packs/Microsoft.NETCore.App.Ref/9.0.4/ref/net9.0/System.Runtime.Serialization.Formatters.dll /reference:/usr/share/dotnet/packs/Microsoft.NETCore.App.Ref/9.0.4/ref/net9.0/System.Runtime.Serialization.Json.dll /reference:/usr/share/dotnet/packs/Microsoft.NETCore.App.Ref/9.0.4/ref/net9.0/System.Runtime.Serialization.Primitives.dll /reference:/usr/share/dotnet/packs/Microsoft.NETCore.App.Ref/9.0.4/ref/net9.0/System.Runtime.Serialization.Xml.dll /reference:/usr/share/dotnet/packs/Microsoft.NETCore.App.Ref/9.0.4/ref/net9.0/System.Security.AccessControl.dll /reference:/usr/share/dotnet/packs/Microsoft.NETCore.App.Ref/9.0.4/ref/net9.0/System.Security.Claims.dll /reference:/usr/share/dotnet/packs/Microsoft.NETCore.App.Ref/9.0.4/ref/net9.0/System.Security.Cryptography.Algorithms.dll /reference:/usr/share/dotnet/packs/Microsoft.NETCore.App.Ref/9.0.4/ref/net9.0/System.Security.Cryptography.Cng.dll /reference:/usr/share/dotnet/packs/Microsoft.NETCore.App.Ref/9.0.4/ref/net9.0/System.Security.Cryptography.Csp.dll /reference:/usr/share/dotnet/packs/Microsoft.NETCore.App.Ref/9.0.4/ref/net9.0/System.Security.Cryptography.dll /reference:/usr/share/dotnet/packs/Microsoft.NETCore.App.Ref/9.0.4/ref/net9.0/System.Security.Cryptography.Encoding.dll /reference:/usr/share/dotnet/packs/Microsoft.NETCore.App.Ref/9.0.4/ref/net9.0/System.Security.Cryptography.OpenSsl.dll /reference:/usr/share/dotnet/packs/Microsoft.NETCore.App.Ref/9.0.4/ref/net9.0/System.Security.Cryptography.Primitives.dll /reference:/home/quinngil/.nuget/packages/system.security.cryptography.protecteddata/6.0.0/lib/net6.0/System.Security.Cryptography.ProtectedData.dll /reference:/usr/share/dotnet/packs/Microsoft.NETCore.App.Ref/9.0.4/ref/net9.0/System.Security.Cryptography.X509Certificates.dll /reference:/usr/share/dotnet/packs/Microsoft.NETCore.App.Ref/9.0.4/ref/net9.0/System.Security.dll /reference:/home/quinngil/.nuget/packages/system.security.permissions/6.0.0/lib/net6.0/System.Security.Permissions.dll /reference:/usr/share/dotnet/packs/Microsoft.NETCore.App.Ref/9.0.4/ref/net9.0/System.Security.Principal.dll /reference:/usr/share/dotnet/packs/Microsoft.NETCore.App.Ref/9.0.4/ref/net9.0/System.Security.Principal.Windows.dll /reference:/usr/share/dotnet/packs/Microsoft.NETCore.App.Ref/9.0.4/ref/net9.0/System.Security.SecureString.dll /reference:/usr/share/dotnet/packs/Microsoft.NETCore.App.Ref/9.0.4/ref/net9.0/System.ServiceModel.Web.dll /reference:/usr/share/dotnet/packs/Microsoft.NETCore.App.Ref/9.0.4/ref/net9.0/System.ServiceProcess.dll /reference:/usr/share/dotnet/packs/Microsoft.NETCore.App.Ref/9.0.4/ref/net9.0/System.Text.Encoding.CodePages.dll /reference:/usr/share/dotnet/packs/Microsoft.NETCore.App.Ref/9.0.4/ref/net9.0/System.Text.Encoding.dll /reference:/usr/share/dotnet/packs/Microsoft.NETCore.App.Ref/9.0.4/ref/net9.0/System.Text.Encoding.Extensions.dll /reference:/usr/share/dotnet/packs/Microsoft.NETCore.App.Ref/9.0.4/ref/net9.0/System.Text.Encodings.Web.dll /reference:/home/quinngil/.nuget/packages/system.text.json/9.0.8/lib/net9.0/System.Text.Json.dll /reference:/usr/share/dotnet/packs/Microsoft.NETCore.App.Ref/9.0.4/ref/net9.0/System.Text.RegularExpressions.dll /reference:/usr/share/dotnet/packs/Microsoft.NETCore.App.Ref/9.0.4/ref/net9.0/System.Threading.Channels.dll /reference:/usr/share/dotnet/packs/Microsoft.NETCore.App.Ref/9.0.4/ref/net9.0/System.Threading.dll /reference:/usr/share/dotnet/packs/Microsoft.NETCore.App.Ref/9.0.4/ref/net9.0/System.Threading.Overlapped.dll /reference:/usr/share/dotnet/packs/Microsoft.NETCore.App.Ref/9.0.4/ref/net9.0/System.Threading.Tasks.Dataflow.dll /reference:/usr/share/dotnet/packs/Microsoft.NETCore.App.Ref/9.0.4/ref/net9.0/System.Threading.Tasks.dll /reference:/usr/share/dotnet/packs/Microsoft.NETCore.App.Ref/9.0.4/ref/net9.0/System.Threading.Tasks.Extensions.dll /reference:/usr/share/dotnet/packs/Microsoft.NETCore.App.Ref/9.0.4/ref/net9.0/System.Threading.Tasks.Parallel.dll /reference:/usr/share/dotnet/packs/Microsoft.NETCore.App.Ref/9.0.4/ref/net9.0/System.Threading.Thread.dll /reference:/usr/share/dotnet/packs/Microsoft.NETCore.App.Ref/9.0.4/ref/net9.0/System.Threading.ThreadPool.dll /reference:/usr/share/dotnet/packs/Microsoft.NETCore.App.Ref/9.0.4/ref/net9.0/System.Threading.Timer.dll /reference:/usr/share/dotnet/packs/Microsoft.NETCore.App.Ref/9.0.4/ref/net9.0/System.Transactions.dll /reference:/usr/share/dotnet/packs/Microsoft.NETCore.App.Ref/9.0.4/ref/net9.0/System.Transactions.Local.dll /reference:/usr/share/dotnet/packs/Microsoft.NETCore.App.Ref/9.0.4/ref/net9.0/System.ValueTuple.dll /reference:/usr/share/dotnet/packs/Microsoft.NETCore.App.Ref/9.0.4/ref/net9.0/System.Web.dll /reference:/usr/share/dotnet/packs/Microsoft.NETCore.App.Ref/9.0.4/ref/net9.0/System.Web.HttpUtility.dll /reference:/usr/share/dotnet/packs/Microsoft.NETCore.App.Ref/9.0.4/ref/net9.0/System.Windows.dll /reference:/home/quinngil/.nuget/packages/system.windows.extensions/6.0.0/lib/net6.0/System.Windows.Extensions.dll /reference:/usr/share/dotnet/packs/Microsoft.NETCore.App.Ref/9.0.4/ref/net9.0/System.Xml.dll /reference:/usr/share/dotnet/packs/Microsoft.NETCore.App.Ref/9.0.4/ref/net9.0/System.Xml.Linq.dll /reference:/usr/share/dotnet/packs/Microsoft.NETCore.App.Ref/9.0.4/ref/net9.0/System.Xml.ReaderWriter.dll /reference:/usr/share/dotnet/packs/Microsoft.NETCore.App.Ref/9.0.4/ref/net9.0/System.Xml.Serialization.dll /reference:/usr/share/dotnet/packs/Microsoft.NETCore.App.Ref/9.0.4/ref/net9.0/System.Xml.XDocument.dll /reference:/usr/share/dotnet/packs/Microsoft.NETCore.App.Ref/9.0.4/ref/net9.0/System.Xml.XmlDocument.dll /reference:/usr/share/dotnet/packs/Microsoft.NETCore.App.Ref/9.0.4/ref/net9.0/System.Xml.XmlSerializer.dll /reference:/usr/share/dotnet/packs/Microsoft.NETCore.App.Ref/9.0.4/ref/net9.0/System.Xml.XPath.dll /reference:/usr/share/dotnet/packs/Microsoft.NETCore.App.Ref/9.0.4/ref/net9.0/System.Xml.XPath.XDocument.dll /reference:/usr/share/dotnet/packs/Microsoft.NETCore.App.Ref/9.0.4/ref/net9.0/WindowsBase.dll /debug- /debug:portable /filealign:512 /optimize+ /out:obj/Release/net9.0/Lib.Domain.Sets.dll /refout:obj/Release/net9.0/refint/Lib.Domain.Sets.dll /reportanalyzer /target:library /warnaserror+ /utf8output /deterministic+ /sourcelink:obj/Release/net9.0/Lib.Domain.Sets.sourcelink.json /langversion:latest /features:strict /embed:"obj/Release/net9.0/.NETCoreApp,Version=v9.0.AssemblyAttributes.cs" /embed:obj/Release/net9.0/Lib.Domain.Sets.AssemblyInfo.cs /analyzerconfig:/mnt/d/src/MtgDiscoveryVibeWorkspace/IMPLS/src/.editorconfig /analyzerconfig:obj/Release/net9.0/Lib.Domain.Sets.GeneratedMSBuildEditorConfig.editorconfig /analyzerconfig:/usr/share/dotnet/sdk/9.0.203/Sdks/Microsoft.NET.Sdk/analyzers/build/config/analysislevel_9_all_warnaserror.globalconfig /analyzer:/usr/share/dotnet/sdk/9.0.203/Sdks/Microsoft.NET.Sdk/targets/../analyzers/Microsoft.CodeAnalysis.CSharp.NetAnalyzers.dll /analyzer:/usr/share/dotnet/sdk/9.0.203/Sdks/Microsoft.NET.Sdk/targets/../analyzers/Microsoft.CodeAnalysis.NetAnalyzers.dll /analyzer:/usr/share/dotnet/sdk/9.0.203/Sdks/Microsoft.NET.Sdk/targets/../codestyle/cs/Microsoft.CodeAnalysis.CodeStyle.dll /analyzer:/usr/share/dotnet/sdk/9.0.203/Sdks/Microsoft.NET.Sdk/targets/../codestyle/cs/Microsoft.CodeAnalysis.CodeStyle.Fixes.dll /analyzer:/usr/share/dotnet/sdk/9.0.203/Sdks/Microsoft.NET.Sdk/targets/../codestyle/cs/Microsoft.CodeAnalysis.CSharp.CodeStyle.dll /analyzer:/usr/share/dotnet/sdk/9.0.203/Sdks/Microsoft.NET.Sdk/targets/../codestyle/cs/Microsoft.CodeAnalysis.CSharp.CodeStyle.Fixes.dll /analyzer:/home/quinngil/.nuget/packages/microsoft.codeanalysis.bannedapianalyzers/4.14.0/analyzers/dotnet/cs/Microsoft.CodeAnalysis.BannedApiAnalyzers.dll /analyzer:/home/quinngil/.nuget/packages/microsoft.codeanalysis.bannedapianalyzers/4.14.0/analyzers/dotnet/cs/Microsoft.CodeAnalysis.CSharp.BannedApiAnalyzers.dll /analyzer:/home/quinngil/.nuget/packages/microsoft.extensions.logging.abstractions/9.0.0/analyzers/dotnet/roslyn4.4/cs/Microsoft.Extensions.Logging.Generators.dll /analyzer:/home/quinngil/.nuget/packages/microsoft.extensions.options/9.0.0/analyzers/dotnet/roslyn4.4/cs/Microsoft.Extensions.Options.SourceGeneration.dll /analyzer:/home/quinngil/.nuget/packages/system.clientmodel/1.5.1/analyzers/dotnet/cs/System.ClientModel.SourceGeneration.dll /analyzer:/home/quinngil/.nuget/packages/system.text.json/9.0.8/analyzers/dotnet/roslyn4.4/cs/System.Text.Json.SourceGeneration.dll /analyzer:/usr/share/dotnet/packs/Microsoft.NETCore.App.Ref/9.0.4/analyzers/dotnet/cs/Microsoft.Interop.ComInterfaceGenerator.dll /analyzer:/usr/share/dotnet/packs/Microsoft.NETCore.App.Ref/9.0.4/analyzers/dotnet/cs/Microsoft.Interop.JavaScript.JSImportGenerator.dll /analyzer:/usr/share/dotnet/packs/Microsoft.NETCore.App.Ref/9.0.4/analyzers/dotnet/cs/Microsoft.Interop.LibraryImportGenerator.dll /analyzer:/usr/share/dotnet/packs/Microsoft.NETCore.App.Ref/9.0.4/analyzers/dotnet/cs/Microsoft.Interop.SourceGeneration.dll /analyzer:/usr/share/dotnet/packs/Microsoft.NETCore.App.Ref/9.0.4/analyzers/dotnet/cs/System.Text.RegularExpressions.Generator.dll /additionalfile:/mnt/d/src/MtgDiscoveryVibeWorkspace/IMPLS/src/BannedSymbols.txt /additionalfile:/mnt/d/src/MtgDiscoveryVibeWorkspace/IMPLS/src/.editorconfig Apis/ISetDomainService.cs Apis/SetDomainService.cs Queries/QuerySetDomainService.cs "obj/Release/net9.0/.NETCoreApp,Version=v9.0.AssemblyAttributes.cs" obj/Release/net9.0/Lib.Domain.Sets.AssemblyInfo.cs /warnaserror+:NU1605,SYSLIB0011
         CompilerServer: server - server processed compilation - Lib.Domain.Sets (net9.0)
       _CopyFilesMarkedCopyLocal:
         Copying file from "/mnt/d/src/MtgDiscoveryVibeWorkspace/IMPLS/src/Lib.Scryfall.Shared/bin/Release/net9.0/Lib.Scryfall.Shared.dll" to "/mnt/d/src/MtgDiscoveryVibeWorkspace/IMPLS/src/Lib.Domain.Sets/bin/Release/net9.0/Lib.Scryfall.Shared.dll".
         Copying file from "/mnt/d/src/MtgDiscoveryVibeWorkspace/IMPLS/src/Lib.Adapter.Scryfall.Cosmos/bin/Release/net9.0/Lib.Adapter.Scryfall.Cosmos.dll" to "/mnt/d/src/MtgDiscoveryVibeWorkspace/IMPLS/src/Lib.Domain.Sets/bin/Release/net9.0/Lib.Adapter.Scryfall.Cosmos.dll".
         Copying file from "/mnt/d/src/MtgDiscoveryVibeWorkspace/IMPLS/src/Lib.Adapter.Sets/bin/Release/net9.0/Lib.Adapter.Sets.dll" to "/mnt/d/src/MtgDiscoveryVibeWorkspace/IMPLS/src/Lib.Domain.Sets/bin/Release/net9.0/Lib.Adapter.Sets.dll".
         Copying file from "/mnt/d/src/MtgDiscoveryVibeWorkspace/IMPLS/src/Lib.Aggregator.Scryfall.Shared/bin/Release/net9.0/Lib.Aggregator.Scryfall.Shared.dll" to "/mnt/d/src/MtgDiscoveryVibeWorkspace/IMPLS/src/Lib.Domain.Sets/bin/Release/net9.0/Lib.Aggregator.Scryfall.Shared.dll".
         Copying file from "/mnt/d/src/MtgDiscoveryVibeWorkspace/IMPLS/src/Lib.Cosmos/bin/Release/net9.0/Lib.Cosmos.dll" to "/mnt/d/src/MtgDiscoveryVibeWorkspace/IMPLS/src/Lib.Domain.Sets/bin/Release/net9.0/Lib.Cosmos.dll".
         Copying file from "/mnt/d/src/MtgDiscoveryVibeWorkspace/IMPLS/src/Lib.Aggregator.Sets/bin/Release/net9.0/Lib.Aggregator.Sets.dll" to "/mnt/d/src/MtgDiscoveryVibeWorkspace/IMPLS/src/Lib.Domain.Sets/bin/Release/net9.0/Lib.Aggregator.Sets.dll".
         Copying file from "/mnt/d/src/MtgDiscoveryVibeWorkspace/IMPLS/src/Lib.Shared.DataModels/bin/Release/net9.0/Lib.Shared.DataModels.dll" to "/mnt/d/src/MtgDiscoveryVibeWorkspace/IMPLS/src/Lib.Domain.Sets/bin/Release/net9.0/Lib.Shared.DataModels.dll".
         Copying file from "/mnt/d/src/MtgDiscoveryVibeWorkspace/IMPLS/src/Lib.Shared.Abstractions/bin/Release/net9.0/Lib.Shared.Abstractions.dll" to "/mnt/d/src/MtgDiscoveryVibeWorkspace/IMPLS/src/Lib.Domain.Sets/bin/Release/net9.0/Lib.Shared.Abstractions.dll".
         Copying file from "/mnt/d/src/MtgDiscoveryVibeWorkspace/IMPLS/src/Lib.Shared.Invocation/bin/Release/net9.0/Lib.Shared.Invocation.dll" to "/mnt/d/src/MtgDiscoveryVibeWorkspace/IMPLS/src/Lib.Domain.Sets/bin/Release/net9.0/Lib.Shared.Invocation.dll".
         Copying file from "/mnt/d/src/MtgDiscoveryVibeWorkspace/IMPLS/src/Lib.Universal/bin/Release/net9.0/Lib.Universal.dll" to "/mnt/d/src/MtgDiscoveryVibeWorkspace/IMPLS/src/Lib.Domain.Sets/bin/Release/net9.0/Lib.Universal.dll".
         Copying file from "/mnt/d/src/MtgDiscoveryVibeWorkspace/IMPLS/src/Lib.Shared.DataModels/bin/Release/net9.0/Lib.Shared.DataModels.pdb" to "/mnt/d/src/MtgDiscoveryVibeWorkspace/IMPLS/src/Lib.Domain.Sets/bin/Release/net9.0/Lib.Shared.DataModels.pdb".
         Copying file from "/mnt/d/src/MtgDiscoveryVibeWorkspace/IMPLS/src/Lib.Aggregator.Sets/bin/Release/net9.0/Lib.Aggregator.Sets.pdb" to "/mnt/d/src/MtgDiscoveryVibeWorkspace/IMPLS/src/Lib.Domain.Sets/bin/Release/net9.0/Lib.Aggregator.Sets.pdb".
         Copying file from "/mnt/d/src/MtgDiscoveryVibeWorkspace/IMPLS/src/Lib.Shared.Invocation/bin/Release/net9.0/Lib.Shared.Invocation.pdb" to "/mnt/d/src/MtgDiscoveryVibeWorkspace/IMPLS/src/Lib.Domain.Sets/bin/Release/net9.0/Lib.Shared.Invocation.pdb".
         Copying file from "/mnt/d/src/MtgDiscoveryVibeWorkspace/IMPLS/src/Lib.Aggregator.Scryfall.Shared/bin/Release/net9.0/Lib.Aggregator.Scryfall.Shared.pdb" to "/mnt/d/src/MtgDiscoveryVibeWorkspace/IMPLS/src/Lib.Domain.Sets/bin/Release/net9.0/Lib.Aggregator.Scryfall.Shared.pdb".
         Copying file from "/mnt/d/src/MtgDiscoveryVibeWorkspace/IMPLS/src/Lib.Adapter.Sets/bin/Release/net9.0/Lib.Adapter.Sets.pdb" to "/mnt/d/src/MtgDiscoveryVibeWorkspace/IMPLS/src/Lib.Domain.Sets/bin/Release/net9.0/Lib.Adapter.Sets.pdb".
         Copying file from "/mnt/d/src/MtgDiscoveryVibeWorkspace/IMPLS/src/Lib.Adapter.Scryfall.Cosmos/bin/Release/net9.0/Lib.Adapter.Scryfall.Cosmos.pdb" to "/mnt/d/src/MtgDiscoveryVibeWorkspace/IMPLS/src/Lib.Domain.Sets/bin/Release/net9.0/Lib.Adapter.Scryfall.Cosmos.pdb".
         Copying file from "/mnt/d/src/MtgDiscoveryVibeWorkspace/IMPLS/src/Lib.Cosmos/bin/Release/net9.0/Lib.Cosmos.pdb" to "/mnt/d/src/MtgDiscoveryVibeWorkspace/IMPLS/src/Lib.Domain.Sets/bin/Release/net9.0/Lib.Cosmos.pdb".
         Copying file from "/mnt/d/src/MtgDiscoveryVibeWorkspace/IMPLS/src/Lib.Scryfall.Shared/bin/Release/net9.0/Lib.Scryfall.Shared.pdb" to "/mnt/d/src/MtgDiscoveryVibeWorkspace/IMPLS/src/Lib.Domain.Sets/bin/Release/net9.0/Lib.Scryfall.Shared.pdb".
         Copying file from "/mnt/d/src/MtgDiscoveryVibeWorkspace/IMPLS/src/Lib.Shared.Abstractions/bin/Release/net9.0/Lib.Shared.Abstractions.pdb" to "/mnt/d/src/MtgDiscoveryVibeWorkspace/IMPLS/src/Lib.Domain.Sets/bin/Release/net9.0/Lib.Shared.Abstractions.pdb".
         Copying file from "/mnt/d/src/MtgDiscoveryVibeWorkspace/IMPLS/src/Lib.Universal/bin/Release/net9.0/Lib.Universal.pdb" to "/mnt/d/src/MtgDiscoveryVibeWorkspace/IMPLS/src/Lib.Domain.Sets/bin/Release/net9.0/Lib.Universal.pdb".
         Touching "/mnt/d/src/MtgDiscoveryVibeWorkspace/IMPLS/src/Lib.Domain.Sets/obj/Release/net9.0/Lib.Doma.BE2599BE.Up2Date".
       _CopyOutOfDateSourceItemsToOutputDirectory:
       Skipping target "_CopyOutOfDateSourceItemsToOutputDirectory" because all output files are up-to-date with respect to the input files.
       CopyFilesToOutputDirectory:
         Copying file from "/mnt/d/src/MtgDiscoveryVibeWorkspace/IMPLS/src/Lib.Domain.Sets/obj/Release/net9.0/Lib.Domain.Sets.dll" to "/mnt/d/src/MtgDiscoveryVibeWorkspace/IMPLS/src/Lib.Domain.Sets/bin/Release/net9.0/Lib.Domain.Sets.dll".
         Copying reference assembly from "obj/Release/net9.0/refint/Lib.Domain.Sets.dll" to "/mnt/d/src/MtgDiscoveryVibeWorkspace/IMPLS/src/Lib.Domain.Sets/obj/Release/net9.0/ref/Lib.Domain.Sets.dll".
         Lib.Domain.Sets -> /mnt/d/src/MtgDiscoveryVibeWorkspace/IMPLS/src/Lib.Domain.Sets/bin/Release/net9.0/Lib.Domain.Sets.dll
         Copying file from "/mnt/d/src/MtgDiscoveryVibeWorkspace/IMPLS/src/Lib.Domain.Sets/obj/Release/net9.0/Lib.Domain.Sets.pdb" to "/mnt/d/src/MtgDiscoveryVibeWorkspace/IMPLS/src/Lib.Domain.Sets/bin/Release/net9.0/Lib.Domain.Sets.pdb".
    24>Done Building Project "/mnt/d/src/MtgDiscoveryVibeWorkspace/IMPLS/src/Lib.Domain.Sets/Lib.Domain.Sets.csproj" (default targets).
   1:2>Project "/mnt/d/src/MtgDiscoveryVibeWorkspace/IMPLS/src/MtgDiscoveryVibe.sln" (1:2) is building "/mnt/d/src/MtgDiscoveryVibeWorkspace/IMPLS/src/Lib.MtgDiscovery.Entry/Lib.MtgDiscovery.Entry.csproj" (21:7) on node 16 (default targets).
    21>GenerateTargetFrameworkMonikerAttribute:
       Skipping target "GenerateTargetFrameworkMonikerAttribute" because all output files are up-to-date with respect to the input files.
       CoreGenerateAssemblyInfo:
         Could not infer the type of parameter "#1" because the attribute type is unknown. The value will be treated as a string.
         Could not infer the type of parameter "#1" because the attribute type is unknown. The value will be treated as a string.
       _GenerateSourceLinkFile:
         Updating Source Link file 'obj/Release/net9.0/Lib.MtgDiscovery.Entry.sourcelink.json'.
       CoreCompile:
         /usr/share/dotnet/dotnet exec "/usr/share/dotnet/sdk/9.0.203/Roslyn/bincore/csc.dll" /noconfig /unsafe- /checked- /nowarn:IDE0290,IDE2001,IDE0005,IDE0046,CA1716,CA1040,CA1056,1701,1702 /fullpaths /nostdlib+ /errorreport:prompt /warn:9 /define:TRACE;RELEASE;NET;NET9_0;NETCOREAPP;NET5_0_OR_GREATER;NET6_0_OR_GREATER;NET7_0_OR_GREATER;NET8_0_OR_GREATER;NET9_0_OR_GREATER;NETCOREAPP1_0_OR_GREATER;NETCOREAPP1_1_OR_GREATER;NETCOREAPP2_0_OR_GREATER;NETCOREAPP2_1_OR_GREATER;NETCOREAPP2_2_OR_GREATER;NETCOREAPP3_0_OR_GREATER;NETCOREAPP3_1_OR_GREATER /highentropyva+ /nullable:warnings /reference:/home/quinngil/.nuget/packages/azure.core/1.47.1/lib/net8.0/Azure.Core.dll /reference:/home/quinngil/.nuget/packages/azure.resourcemanager.authorization/1.1.5/lib/net8.0/Azure.ResourceManager.Authorization.dll /reference:/home/quinngil/.nuget/packages/azure.resourcemanager.cosmosdb/1.3.2/lib/netstandard2.0/Azure.ResourceManager.CosmosDB.dll /reference:/home/quinngil/.nuget/packages/azure.resourcemanager/1.13.2/lib/net8.0/Azure.ResourceManager.dll /reference:/mnt/d/src/MtgDiscoveryVibeWorkspace/IMPLS/src/Lib.Adapter.Artists/obj/Release/net9.0/ref/Lib.Adapter.Artists.dll /reference:/mnt/d/src/MtgDiscoveryVibeWorkspace/IMPLS/src/Lib.Adapter.Cards/obj/Release/net9.0/ref/Lib.Adapter.Cards.dll /reference:/mnt/d/src/MtgDiscoveryVibeWorkspace/IMPLS/src/Lib.Adapter.Scryfall.Cosmos/obj/Release/net9.0/ref/Lib.Adapter.Scryfall.Cosmos.dll /reference:/mnt/d/src/MtgDiscoveryVibeWorkspace/IMPLS/src/Lib.Adapter.Sets/obj/Release/net9.0/ref/Lib.Adapter.Sets.dll /reference:/mnt/d/src/MtgDiscoveryVibeWorkspace/IMPLS/src/Lib.Adapter.User/obj/Release/net9.0/ref/Lib.Adapter.User.dll /reference:/mnt/d/src/MtgDiscoveryVibeWorkspace/IMPLS/src/Lib.Adapter.UserCards/obj/Release/net9.0/ref/Lib.Adapter.UserCards.dll /reference:/mnt/d/src/MtgDiscoveryVibeWorkspace/IMPLS/src/Lib.Aggregator.Artists/obj/Release/net9.0/ref/Lib.Aggregator.Artists.dll /reference:/mnt/d/src/MtgDiscoveryVibeWorkspace/IMPLS/src/Lib.Aggregator.Cards/obj/Release/net9.0/ref/Lib.Aggregator.Cards.dll /reference:/mnt/d/src/MtgDiscoveryVibeWorkspace/IMPLS/src/Lib.Aggregator.Scryfall.Shared/obj/Release/net9.0/ref/Lib.Aggregator.Scryfall.Shared.dll /reference:/mnt/d/src/MtgDiscoveryVibeWorkspace/IMPLS/src/Lib.Aggregator.Sets/obj/Release/net9.0/ref/Lib.Aggregator.Sets.dll /reference:/mnt/d/src/MtgDiscoveryVibeWorkspace/IMPLS/src/Lib.Aggregator.User/obj/Release/net9.0/ref/Lib.Aggregator.User.dll /reference:/mnt/d/src/MtgDiscoveryVibeWorkspace/IMPLS/src/Lib.Aggregator.UserCards/obj/Debug/net9.0/ref/Lib.Aggregator.UserCards.dll /reference:/mnt/d/src/MtgDiscoveryVibeWorkspace/IMPLS/src/Lib.Cosmos/obj/Release/net9.0/ref/Lib.Cosmos.dll /reference:/mnt/d/src/MtgDiscoveryVibeWorkspace/IMPLS/src/Lib.Domain.Artists/obj/Release/net9.0/ref/Lib.Domain.Artists.dll /reference:/mnt/d/src/MtgDiscoveryVibeWorkspace/IMPLS/src/Lib.Domain.Cards/obj/Release/net9.0/ref/Lib.Domain.Cards.dll /reference:/mnt/d/src/MtgDiscoveryVibeWorkspace/IMPLS/src/Lib.Domain.Sets/obj/Release/net9.0/ref/Lib.Domain.Sets.dll /reference:/mnt/d/src/MtgDiscoveryVibeWorkspace/IMPLS/src/Lib.Domain.User/obj/Release/net9.0/ref/Lib.Domain.User.dll /reference:/mnt/d/src/MtgDiscoveryVibeWorkspace/IMPLS/src/Lib.Domain.UserCards/obj/Release/net9.0/ref/Lib.Domain.UserCards.dll /reference:/mnt/d/src/MtgDiscoveryVibeWorkspace/IMPLS/src/Lib.Scryfall.Shared/obj/Release/net9.0/ref/Lib.Scryfall.Shared.dll /reference:/mnt/d/src/MtgDiscoveryVibeWorkspace/IMPLS/src/Lib.Shared.Abstractions/obj/Release/net9.0/ref/Lib.Shared.Abstractions.dll /reference:/mnt/d/src/MtgDiscoveryVibeWorkspace/IMPLS/src/Lib.Shared.DataModels/obj/Release/net9.0/ref/Lib.Shared.DataModels.dll /reference:/mnt/d/src/MtgDiscoveryVibeWorkspace/IMPLS/src/Lib.Shared.Invocation/obj/Release/net9.0/ref/Lib.Shared.Invocation.dll /reference:/mnt/d/src/MtgDiscoveryVibeWorkspace/IMPLS/src/Lib.Universal/obj/Release/net9.0/ref/Lib.Universal.dll /reference:/home/quinngil/.nuget/packages/microsoft.azure.cosmos/3.52.1/lib/netstandard2.0/Microsoft.Azure.Cosmos.Client.dll /reference:/home/quinngil/.nuget/packages/microsoft.azure.cosmos/3.52.1/lib/netstandard2.0/Microsoft.Azure.Cosmos.Core.dll /reference:/home/quinngil/.nuget/packages/microsoft.azure.cosmos/3.52.1/lib/netstandard2.0/Microsoft.Azure.Cosmos.Direct.dll /reference:/home/quinngil/.nuget/packages/microsoft.azure.cosmos/3.52.1/lib/netstandard2.0/Microsoft.Azure.Cosmos.Serialization.HybridRow.dll /reference:/home/quinngil/.nuget/packages/microsoft.bcl.asyncinterfaces/8.0.0/lib/netstandard2.1/Microsoft.Bcl.AsyncInterfaces.dll /reference:/home/quinngil/.nuget/packages/microsoft.bcl.hashcode/1.1.0/ref/netcoreapp2.1/Microsoft.Bcl.HashCode.dll /reference:/usr/share/dotnet/packs/Microsoft.NETCore.App.Ref/9.0.4/ref/net9.0/Microsoft.CSharp.dll /reference:/home/quinngil/.nuget/packages/microsoft.extensions.caching.abstractions/9.0.0/lib/net9.0/Microsoft.Extensions.Caching.Abstractions.dll /reference:/home/quinngil/.nuget/packages/microsoft.extensions.caching.memory/9.0.0/lib/net9.0/Microsoft.Extensions.Caching.Memory.dll /reference:/home/quinngil/.nuget/packages/microsoft.extensions.configuration.abstractions/9.0.5/lib/net9.0/Microsoft.Extensions.Configuration.Abstractions.dll /reference:/home/quinngil/.nuget/packages/microsoft.extensions.dependencyinjection.abstractions/9.0.0/lib/net9.0/Microsoft.Extensions.DependencyInjection.Abstractions.dll /reference:/home/quinngil/.nuget/packages/microsoft.extensions.logging.abstractions/9.0.0/lib/net9.0/Microsoft.Extensions.Logging.Abstractions.dll /reference:/home/quinngil/.nuget/packages/microsoft.extensions.options/9.0.0/lib/net9.0/Microsoft.Extensions.Options.dll /reference:/home/quinngil/.nuget/packages/microsoft.extensions.primitives/9.0.5/lib/net9.0/Microsoft.Extensions.Primitives.dll /reference:/home/quinngil/.nuget/packages/microsoft.identitymodel.abstractions/8.0.1/lib/net9.0/Microsoft.IdentityModel.Abstractions.dll /reference:/home/quinngil/.nuget/packages/microsoft.identitymodel.jsonwebtokens/8.0.1/lib/net9.0/Microsoft.IdentityModel.JsonWebTokens.dll /reference:/home/quinngil/.nuget/packages/microsoft.identitymodel.logging/8.0.1/lib/net9.0/Microsoft.IdentityModel.Logging.dll /reference:/home/quinngil/.nuget/packages/microsoft.identitymodel.tokens/8.0.1/lib/net9.0/Microsoft.IdentityModel.Tokens.dll /reference:/usr/share/dotnet/packs/Microsoft.NETCore.App.Ref/9.0.4/ref/net9.0/Microsoft.VisualBasic.Core.dll /reference:/usr/share/dotnet/packs/Microsoft.NETCore.App.Ref/9.0.4/ref/net9.0/Microsoft.VisualBasic.dll /reference:/usr/share/dotnet/packs/Microsoft.NETCore.App.Ref/9.0.4/ref/net9.0/Microsoft.Win32.Primitives.dll /reference:/usr/share/dotnet/packs/Microsoft.NETCore.App.Ref/9.0.4/ref/net9.0/Microsoft.Win32.Registry.dll /reference:/home/quinngil/.nuget/packages/microsoft.win32.systemevents/6.0.0/lib/net6.0/Microsoft.Win32.SystemEvents.dll /reference:/usr/share/dotnet/packs/Microsoft.NETCore.App.Ref/9.0.4/ref/net9.0/mscorlib.dll /reference:/usr/share/dotnet/packs/Microsoft.NETCore.App.Ref/9.0.4/ref/net9.0/netstandard.dll /reference:/home/quinngil/.nuget/packages/newtonsoft.json/13.0.3/lib/net6.0/Newtonsoft.Json.dll /reference:/usr/share/dotnet/packs/Microsoft.NETCore.App.Ref/9.0.4/ref/net9.0/System.AppContext.dll /reference:/usr/share/dotnet/packs/Microsoft.NETCore.App.Ref/9.0.4/ref/net9.0/System.Buffers.dll /reference:/home/quinngil/.nuget/packages/system.clientmodel/1.5.1/lib/net8.0/System.ClientModel.dll /reference:/usr/share/dotnet/packs/Microsoft.NETCore.App.Ref/9.0.4/ref/net9.0/System.Collections.Concurrent.dll /reference:/usr/share/dotnet/packs/Microsoft.NETCore.App.Ref/9.0.4/ref/net9.0/System.Collections.dll /reference:/usr/share/dotnet/packs/Microsoft.NETCore.App.Ref/9.0.4/ref/net9.0/System.Collections.Immutable.dll /reference:/usr/share/dotnet/packs/Microsoft.NETCore.App.Ref/9.0.4/ref/net9.0/System.Collections.NonGeneric.dll /reference:/usr/share/dotnet/packs/Microsoft.NETCore.App.Ref/9.0.4/ref/net9.0/System.Collections.Specialized.dll /reference:/usr/share/dotnet/packs/Microsoft.NETCore.App.Ref/9.0.4/ref/net9.0/System.ComponentModel.Annotations.dll /reference:/usr/share/dotnet/packs/Microsoft.NETCore.App.Ref/9.0.4/ref/net9.0/System.ComponentModel.DataAnnotations.dll /reference:/usr/share/dotnet/packs/Microsoft.NETCore.App.Ref/9.0.4/ref/net9.0/System.ComponentModel.dll /reference:/usr/share/dotnet/packs/Microsoft.NETCore.App.Ref/9.0.4/ref/net9.0/System.ComponentModel.EventBasedAsync.dll /reference:/usr/share/dotnet/packs/Microsoft.NETCore.App.Ref/9.0.4/ref/net9.0/System.ComponentModel.Primitives.dll /reference:/usr/share/dotnet/packs/Microsoft.NETCore.App.Ref/9.0.4/ref/net9.0/System.ComponentModel.TypeConverter.dll /reference:/home/quinngil/.nuget/packages/system.configuration.configurationmanager/6.0.0/lib/net6.0/System.Configuration.ConfigurationManager.dll /reference:/usr/share/dotnet/packs/Microsoft.NETCore.App.Ref/9.0.4/ref/net9.0/System.Configuration.dll /reference:/usr/share/dotnet/packs/Microsoft.NETCore.App.Ref/9.0.4/ref/net9.0/System.Console.dll /reference:/usr/share/dotnet/packs/Microsoft.NETCore.App.Ref/9.0.4/ref/net9.0/System.Core.dll /reference:/usr/share/dotnet/packs/Microsoft.NETCore.App.Ref/9.0.4/ref/net9.0/System.Data.Common.dll /reference:/usr/share/dotnet/packs/Microsoft.NETCore.App.Ref/9.0.4/ref/net9.0/System.Data.DataSetExtensions.dll /reference:/usr/share/dotnet/packs/Microsoft.NETCore.App.Ref/9.0.4/ref/net9.0/System.Data.dll /reference:/usr/share/dotnet/packs/Microsoft.NETCore.App.Ref/9.0.4/ref/net9.0/System.Diagnostics.Contracts.dll /reference:/usr/share/dotnet/packs/Microsoft.NETCore.App.Ref/9.0.4/ref/net9.0/System.Diagnostics.Debug.dll /reference:/usr/share/dotnet/packs/Microsoft.NETCore.App.Ref/9.0.4/ref/net9.0/System.Diagnostics.DiagnosticSource.dll /reference:/usr/share/dotnet/packs/Microsoft.NETCore.App.Ref/9.0.4/ref/net9.0/System.Diagnostics.FileVersionInfo.dll /reference:/usr/share/dotnet/packs/Microsoft.NETCore.App.Ref/9.0.4/ref/net9.0/System.Diagnostics.Process.dll /reference:/usr/share/dotnet/packs/Microsoft.NETCore.App.Ref/9.0.4/ref/net9.0/System.Diagnostics.StackTrace.dll /reference:/usr/share/dotnet/packs/Microsoft.NETCore.App.Ref/9.0.4/ref/net9.0/System.Diagnostics.TextWriterTraceListener.dll /reference:/usr/share/dotnet/packs/Microsoft.NETCore.App.Ref/9.0.4/ref/net9.0/System.Diagnostics.Tools.dll /reference:/usr/share/dotnet/packs/Microsoft.NETCore.App.Ref/9.0.4/ref/net9.0/System.Diagnostics.TraceSource.dll /reference:/usr/share/dotnet/packs/Microsoft.NETCore.App.Ref/9.0.4/ref/net9.0/System.Diagnostics.Tracing.dll /reference:/usr/share/dotnet/packs/Microsoft.NETCore.App.Ref/9.0.4/ref/net9.0/System.dll /reference:/home/quinngil/.nuget/packages/system.drawing.common/6.0.0/lib/net6.0/System.Drawing.Common.dll /reference:/usr/share/dotnet/packs/Microsoft.NETCore.App.Ref/9.0.4/ref/net9.0/System.Drawing.dll /reference:/usr/share/dotnet/packs/Microsoft.NETCore.App.Ref/9.0.4/ref/net9.0/System.Drawing.Primitives.dll /reference:/usr/share/dotnet/packs/Microsoft.NETCore.App.Ref/9.0.4/ref/net9.0/System.Dynamic.Runtime.dll /reference:/usr/share/dotnet/packs/Microsoft.NETCore.App.Ref/9.0.4/ref/net9.0/System.Formats.Asn1.dll /reference:/usr/share/dotnet/packs/Microsoft.NETCore.App.Ref/9.0.4/ref/net9.0/System.Formats.Tar.dll /reference:/usr/share/dotnet/packs/Microsoft.NETCore.App.Ref/9.0.4/ref/net9.0/System.Globalization.Calendars.dll /reference:/usr/share/dotnet/packs/Microsoft.NETCore.App.Ref/9.0.4/ref/net9.0/System.Globalization.dll /reference:/usr/share/dotnet/packs/Microsoft.NETCore.App.Ref/9.0.4/ref/net9.0/System.Globalization.Extensions.dll /reference:/home/quinngil/.nuget/packages/system.identitymodel.tokens.jwt/8.0.1/lib/net9.0/System.IdentityModel.Tokens.Jwt.dll /reference:/usr/share/dotnet/packs/Microsoft.NETCore.App.Ref/9.0.4/ref/net9.0/System.IO.Compression.Brotli.dll /reference:/usr/share/dotnet/packs/Microsoft.NETCore.App.Ref/9.0.4/ref/net9.0/System.IO.Compression.dll /reference:/usr/share/dotnet/packs/Microsoft.NETCore.App.Ref/9.0.4/ref/net9.0/System.IO.Compression.FileSystem.dll /reference:/usr/share/dotnet/packs/Microsoft.NETCore.App.Ref/9.0.4/ref/net9.0/System.IO.Compression.ZipFile.dll /reference:/usr/share/dotnet/packs/Microsoft.NETCore.App.Ref/9.0.4/ref/net9.0/System.IO.dll /reference:/usr/share/dotnet/packs/Microsoft.NETCore.App.Ref/9.0.4/ref/net9.0/System.IO.FileSystem.AccessControl.dll /reference:/usr/share/dotnet/packs/Microsoft.NETCore.App.Ref/9.0.4/ref/net9.0/System.IO.FileSystem.dll /reference:/usr/share/dotnet/packs/Microsoft.NETCore.App.Ref/9.0.4/ref/net9.0/System.IO.FileSystem.DriveInfo.dll /reference:/usr/share/dotnet/packs/Microsoft.NETCore.App.Ref/9.0.4/ref/net9.0/System.IO.FileSystem.Primitives.dll /reference:/usr/share/dotnet/packs/Microsoft.NETCore.App.Ref/9.0.4/ref/net9.0/System.IO.FileSystem.Watcher.dll /reference:/usr/share/dotnet/packs/Microsoft.NETCore.App.Ref/9.0.4/ref/net9.0/System.IO.IsolatedStorage.dll /reference:/usr/share/dotnet/packs/Microsoft.NETCore.App.Ref/9.0.4/ref/net9.0/System.IO.MemoryMappedFiles.dll /reference:/usr/share/dotnet/packs/Microsoft.NETCore.App.Ref/9.0.4/ref/net9.0/System.IO.Pipelines.dll /reference:/usr/share/dotnet/packs/Microsoft.NETCore.App.Ref/9.0.4/ref/net9.0/System.IO.Pipes.AccessControl.dll /reference:/usr/share/dotnet/packs/Microsoft.NETCore.App.Ref/9.0.4/ref/net9.0/System.IO.Pipes.dll /reference:/usr/share/dotnet/packs/Microsoft.NETCore.App.Ref/9.0.4/ref/net9.0/System.IO.UnmanagedMemoryStream.dll /reference:/usr/share/dotnet/packs/Microsoft.NETCore.App.Ref/9.0.4/ref/net9.0/System.Linq.dll /reference:/usr/share/dotnet/packs/Microsoft.NETCore.App.Ref/9.0.4/ref/net9.0/System.Linq.Expressions.dll /reference:/usr/share/dotnet/packs/Microsoft.NETCore.App.Ref/9.0.4/ref/net9.0/System.Linq.Parallel.dll /reference:/usr/share/dotnet/packs/Microsoft.NETCore.App.Ref/9.0.4/ref/net9.0/System.Linq.Queryable.dll /reference:/home/quinngil/.nuget/packages/system.memory.data/8.0.1/lib/net8.0/System.Memory.Data.dll /reference:/usr/share/dotnet/packs/Microsoft.NETCore.App.Ref/9.0.4/ref/net9.0/System.Memory.dll /reference:/usr/share/dotnet/packs/Microsoft.NETCore.App.Ref/9.0.4/ref/net9.0/System.Net.dll /reference:/usr/share/dotnet/packs/Microsoft.NETCore.App.Ref/9.0.4/ref/net9.0/System.Net.Http.dll /reference:/usr/share/dotnet/packs/Microsoft.NETCore.App.Ref/9.0.4/ref/net9.0/System.Net.Http.Json.dll /reference:/usr/share/dotnet/packs/Microsoft.NETCore.App.Ref/9.0.4/ref/net9.0/System.Net.HttpListener.dll /reference:/usr/share/dotnet/packs/Microsoft.NETCore.App.Ref/9.0.4/ref/net9.0/System.Net.Mail.dll /reference:/usr/share/dotnet/packs/Microsoft.NETCore.App.Ref/9.0.4/ref/net9.0/System.Net.NameResolution.dll /reference:/usr/share/dotnet/packs/Microsoft.NETCore.App.Ref/9.0.4/ref/net9.0/System.Net.NetworkInformation.dll /reference:/usr/share/dotnet/packs/Microsoft.NETCore.App.Ref/9.0.4/ref/net9.0/System.Net.Ping.dll /reference:/usr/share/dotnet/packs/Microsoft.NETCore.App.Ref/9.0.4/ref/net9.0/System.Net.Primitives.dll /reference:/usr/share/dotnet/packs/Microsoft.NETCore.App.Ref/9.0.4/ref/net9.0/System.Net.Quic.dll /reference:/usr/share/dotnet/packs/Microsoft.NETCore.App.Ref/9.0.4/ref/net9.0/System.Net.Requests.dll /reference:/usr/share/dotnet/packs/Microsoft.NETCore.App.Ref/9.0.4/ref/net9.0/System.Net.Security.dll /reference:/usr/share/dotnet/packs/Microsoft.NETCore.App.Ref/9.0.4/ref/net9.0/System.Net.ServicePoint.dll /reference:/usr/share/dotnet/packs/Microsoft.NETCore.App.Ref/9.0.4/ref/net9.0/System.Net.Sockets.dll /reference:/usr/share/dotnet/packs/Microsoft.NETCore.App.Ref/9.0.4/ref/net9.0/System.Net.WebClient.dll /reference:/usr/share/dotnet/packs/Microsoft.NETCore.App.Ref/9.0.4/ref/net9.0/System.Net.WebHeaderCollection.dll /reference:/usr/share/dotnet/packs/Microsoft.NETCore.App.Ref/9.0.4/ref/net9.0/System.Net.WebProxy.dll /reference:/usr/share/dotnet/packs/Microsoft.NETCore.App.Ref/9.0.4/ref/net9.0/System.Net.WebSockets.Client.dll /reference:/usr/share/dotnet/packs/Microsoft.NETCore.App.Ref/9.0.4/ref/net9.0/System.Net.WebSockets.dll /reference:/usr/share/dotnet/packs/Microsoft.NETCore.App.Ref/9.0.4/ref/net9.0/System.Numerics.dll /reference:/usr/share/dotnet/packs/Microsoft.NETCore.App.Ref/9.0.4/ref/net9.0/System.Numerics.Vectors.dll /reference:/usr/share/dotnet/packs/Microsoft.NETCore.App.Ref/9.0.4/ref/net9.0/System.ObjectModel.dll /reference:/usr/share/dotnet/packs/Microsoft.NETCore.App.Ref/9.0.4/ref/net9.0/System.Reflection.DispatchProxy.dll /reference:/usr/share/dotnet/packs/Microsoft.NETCore.App.Ref/9.0.4/ref/net9.0/System.Reflection.dll /reference:/usr/share/dotnet/packs/Microsoft.NETCore.App.Ref/9.0.4/ref/net9.0/System.Reflection.Emit.dll /reference:/usr/share/dotnet/packs/Microsoft.NETCore.App.Ref/9.0.4/ref/net9.0/System.Reflection.Emit.ILGeneration.dll /reference:/usr/share/dotnet/packs/Microsoft.NETCore.App.Ref/9.0.4/ref/net9.0/System.Reflection.Emit.Lightweight.dll /reference:/usr/share/dotnet/packs/Microsoft.NETCore.App.Ref/9.0.4/ref/net9.0/System.Reflection.Extensions.dll /reference:/usr/share/dotnet/packs/Microsoft.NETCore.App.Ref/9.0.4/ref/net9.0/System.Reflection.Metadata.dll /reference:/usr/share/dotnet/packs/Microsoft.NETCore.App.Ref/9.0.4/ref/net9.0/System.Reflection.Primitives.dll /reference:/usr/share/dotnet/packs/Microsoft.NETCore.App.Ref/9.0.4/ref/net9.0/System.Reflection.TypeExtensions.dll /reference:/usr/share/dotnet/packs/Microsoft.NETCore.App.Ref/9.0.4/ref/net9.0/System.Resources.Reader.dll /reference:/usr/share/dotnet/packs/Microsoft.NETCore.App.Ref/9.0.4/ref/net9.0/System.Resources.ResourceManager.dll /reference:/usr/share/dotnet/packs/Microsoft.NETCore.App.Ref/9.0.4/ref/net9.0/System.Resources.Writer.dll /reference:/usr/share/dotnet/packs/Microsoft.NETCore.App.Ref/9.0.4/ref/net9.0/System.Runtime.CompilerServices.Unsafe.dll /reference:/usr/share/dotnet/packs/Microsoft.NETCore.App.Ref/9.0.4/ref/net9.0/System.Runtime.CompilerServices.VisualC.dll /reference:/usr/share/dotnet/packs/Microsoft.NETCore.App.Ref/9.0.4/ref/net9.0/System.Runtime.dll /reference:/usr/share/dotnet/packs/Microsoft.NETCore.App.Ref/9.0.4/ref/net9.0/System.Runtime.Extensions.dll /reference:/usr/share/dotnet/packs/Microsoft.NETCore.App.Ref/9.0.4/ref/net9.0/System.Runtime.Handles.dll /reference:/usr/share/dotnet/packs/Microsoft.NETCore.App.Ref/9.0.4/ref/net9.0/System.Runtime.InteropServices.dll /reference:/usr/share/dotnet/packs/Microsoft.NETCore.App.Ref/9.0.4/ref/net9.0/System.Runtime.InteropServices.JavaScript.dll /reference:/usr/share/dotnet/packs/Microsoft.NETCore.App.Ref/9.0.4/ref/net9.0/System.Runtime.InteropServices.RuntimeInformation.dll /reference:/usr/share/dotnet/packs/Microsoft.NETCore.App.Ref/9.0.4/ref/net9.0/System.Runtime.Intrinsics.dll /reference:/usr/share/dotnet/packs/Microsoft.NETCore.App.Ref/9.0.4/ref/net9.0/System.Runtime.Loader.dll /reference:/usr/share/dotnet/packs/Microsoft.NETCore.App.Ref/9.0.4/ref/net9.0/System.Runtime.Numerics.dll /reference:/usr/share/dotnet/packs/Microsoft.NETCore.App.Ref/9.0.4/ref/net9.0/System.Runtime.Serialization.dll /reference:/usr/share/dotnet/packs/Microsoft.NETCore.App.Ref/9.0.4/ref/net9.0/System.Runtime.Serialization.Formatters.dll /reference:/usr/share/dotnet/packs/Microsoft.NETCore.App.Ref/9.0.4/ref/net9.0/System.Runtime.Serialization.Json.dll /reference:/usr/share/dotnet/packs/Microsoft.NETCore.App.Ref/9.0.4/ref/net9.0/System.Runtime.Serialization.Primitives.dll /reference:/usr/share/dotnet/packs/Microsoft.NETCore.App.Ref/9.0.4/ref/net9.0/System.Runtime.Serialization.Xml.dll /reference:/usr/share/dotnet/packs/Microsoft.NETCore.App.Ref/9.0.4/ref/net9.0/System.Security.AccessControl.dll /reference:/usr/share/dotnet/packs/Microsoft.NETCore.App.Ref/9.0.4/ref/net9.0/System.Security.Claims.dll /reference:/usr/share/dotnet/packs/Microsoft.NETCore.App.Ref/9.0.4/ref/net9.0/System.Security.Cryptography.Algorithms.dll /reference:/usr/share/dotnet/packs/Microsoft.NETCore.App.Ref/9.0.4/ref/net9.0/System.Security.Cryptography.Cng.dll /reference:/usr/share/dotnet/packs/Microsoft.NETCore.App.Ref/9.0.4/ref/net9.0/System.Security.Cryptography.Csp.dll /reference:/usr/share/dotnet/packs/Microsoft.NETCore.App.Ref/9.0.4/ref/net9.0/System.Security.Cryptography.dll /reference:/usr/share/dotnet/packs/Microsoft.NETCore.App.Ref/9.0.4/ref/net9.0/System.Security.Cryptography.Encoding.dll /reference:/usr/share/dotnet/packs/Microsoft.NETCore.App.Ref/9.0.4/ref/net9.0/System.Security.Cryptography.OpenSsl.dll /reference:/usr/share/dotnet/packs/Microsoft.NETCore.App.Ref/9.0.4/ref/net9.0/System.Security.Cryptography.Primitives.dll /reference:/home/quinngil/.nuget/packages/system.security.cryptography.protecteddata/6.0.0/lib/net6.0/System.Security.Cryptography.ProtectedData.dll /reference:/usr/share/dotnet/packs/Microsoft.NETCore.App.Ref/9.0.4/ref/net9.0/System.Security.Cryptography.X509Certificates.dll /reference:/usr/share/dotnet/packs/Microsoft.NETCore.App.Ref/9.0.4/ref/net9.0/System.Security.dll /reference:/home/quinngil/.nuget/packages/system.security.permissions/6.0.0/lib/net6.0/System.Security.Permissions.dll /reference:/usr/share/dotnet/packs/Microsoft.NETCore.App.Ref/9.0.4/ref/net9.0/System.Security.Principal.dll /reference:/usr/share/dotnet/packs/Microsoft.NETCore.App.Ref/9.0.4/ref/net9.0/System.Security.Principal.Windows.dll /reference:/usr/share/dotnet/packs/Microsoft.NETCore.App.Ref/9.0.4/ref/net9.0/System.Security.SecureString.dll /reference:/usr/share/dotnet/packs/Microsoft.NETCore.App.Ref/9.0.4/ref/net9.0/System.ServiceModel.Web.dll /reference:/usr/share/dotnet/packs/Microsoft.NETCore.App.Ref/9.0.4/ref/net9.0/System.ServiceProcess.dll /reference:/usr/share/dotnet/packs/Microsoft.NETCore.App.Ref/9.0.4/ref/net9.0/System.Text.Encoding.CodePages.dll /reference:/usr/share/dotnet/packs/Microsoft.NETCore.App.Ref/9.0.4/ref/net9.0/System.Text.Encoding.dll /reference:/usr/share/dotnet/packs/Microsoft.NETCore.App.Ref/9.0.4/ref/net9.0/System.Text.Encoding.Extensions.dll /reference:/usr/share/dotnet/packs/Microsoft.NETCore.App.Ref/9.0.4/ref/net9.0/System.Text.Encodings.Web.dll /reference:/home/quinngil/.nuget/packages/system.text.json/9.0.8/lib/net9.0/System.Text.Json.dll /reference:/usr/share/dotnet/packs/Microsoft.NETCore.App.Ref/9.0.4/ref/net9.0/System.Text.RegularExpressions.dll /reference:/usr/share/dotnet/packs/Microsoft.NETCore.App.Ref/9.0.4/ref/net9.0/System.Threading.Channels.dll /reference:/usr/share/dotnet/packs/Microsoft.NETCore.App.Ref/9.0.4/ref/net9.0/System.Threading.dll /reference:/usr/share/dotnet/packs/Microsoft.NETCore.App.Ref/9.0.4/ref/net9.0/System.Threading.Overlapped.dll /reference:/usr/share/dotnet/packs/Microsoft.NETCore.App.Ref/9.0.4/ref/net9.0/System.Threading.Tasks.Dataflow.dll /reference:/usr/share/dotnet/packs/Microsoft.NETCore.App.Ref/9.0.4/ref/net9.0/System.Threading.Tasks.dll /reference:/usr/share/dotnet/packs/Microsoft.NETCore.App.Ref/9.0.4/ref/net9.0/System.Threading.Tasks.Extensions.dll /reference:/usr/share/dotnet/packs/Microsoft.NETCore.App.Ref/9.0.4/ref/net9.0/System.Threading.Tasks.Parallel.dll /reference:/usr/share/dotnet/packs/Microsoft.NETCore.App.Ref/9.0.4/ref/net9.0/System.Threading.Thread.dll /reference:/usr/share/dotnet/packs/Microsoft.NETCore.App.Ref/9.0.4/ref/net9.0/System.Threading.ThreadPool.dll /reference:/usr/share/dotnet/packs/Microsoft.NETCore.App.Ref/9.0.4/ref/net9.0/System.Threading.Timer.dll /reference:/usr/share/dotnet/packs/Microsoft.NETCore.App.Ref/9.0.4/ref/net9.0/System.Transactions.dll /reference:/usr/share/dotnet/packs/Microsoft.NETCore.App.Ref/9.0.4/ref/net9.0/System.Transactions.Local.dll /reference:/usr/share/dotnet/packs/Microsoft.NETCore.App.Ref/9.0.4/ref/net9.0/System.ValueTuple.dll /reference:/usr/share/dotnet/packs/Microsoft.NETCore.App.Ref/9.0.4/ref/net9.0/System.Web.dll /reference:/usr/share/dotnet/packs/Microsoft.NETCore.App.Ref/9.0.4/ref/net9.0/System.Web.HttpUtility.dll /reference:/usr/share/dotnet/packs/Microsoft.NETCore.App.Ref/9.0.4/ref/net9.0/System.Windows.dll /reference:/home/quinngil/.nuget/packages/system.windows.extensions/6.0.0/lib/net6.0/System.Windows.Extensions.dll /reference:/usr/share/dotnet/packs/Microsoft.NETCore.App.Ref/9.0.4/ref/net9.0/System.Xml.dll /reference:/usr/share/dotnet/packs/Microsoft.NETCore.App.Ref/9.0.4/ref/net9.0/System.Xml.Linq.dll /reference:/usr/share/dotnet/packs/Microsoft.NETCore.App.Ref/9.0.4/ref/net9.0/System.Xml.ReaderWriter.dll /reference:/usr/share/dotnet/packs/Microsoft.NETCore.App.Ref/9.0.4/ref/net9.0/System.Xml.Serialization.dll /reference:/usr/share/dotnet/packs/Microsoft.NETCore.App.Ref/9.0.4/ref/net9.0/System.Xml.XDocument.dll /reference:/usr/share/dotnet/packs/Microsoft.NETCore.App.Ref/9.0.4/ref/net9.0/System.Xml.XmlDocument.dll /reference:/usr/share/dotnet/packs/Microsoft.NETCore.App.Ref/9.0.4/ref/net9.0/System.Xml.XmlSerializer.dll /reference:/usr/share/dotnet/packs/Microsoft.NETCore.App.Ref/9.0.4/ref/net9.0/System.Xml.XPath.dll /reference:/usr/share/dotnet/packs/Microsoft.NETCore.App.Ref/9.0.4/ref/net9.0/System.Xml.XPath.XDocument.dll /reference:/usr/share/dotnet/packs/Microsoft.NETCore.App.Ref/9.0.4/ref/net9.0/WindowsBase.dll /debug- /debug:portable /filealign:512 /optimize+ /out:obj/Release/net9.0/Lib.MtgDiscovery.Entry.dll /refout:obj/Release/net9.0/refint/Lib.MtgDiscovery.Entry.dll /reportanalyzer /target:library /warnaserror+ /utf8output /deterministic+ /sourcelink:obj/Release/net9.0/Lib.MtgDiscovery.Entry.sourcelink.json /langversion:latest /features:strict /embed:"obj/Release/net9.0/.NETCoreApp,Version=v9.0.AssemblyAttributes.cs" /embed:obj/Release/net9.0/Lib.MtgDiscovery.Entry.AssemblyInfo.cs /analyzerconfig:/mnt/d/src/MtgDiscoveryVibeWorkspace/IMPLS/src/.editorconfig /analyzerconfig:obj/Release/net9.0/Lib.MtgDiscovery.Entry.GeneratedMSBuildEditorConfig.editorconfig /analyzerconfig:/usr/share/dotnet/sdk/9.0.203/Sdks/Microsoft.NET.Sdk/analyzers/build/config/analysislevel_9_all_warnaserror.globalconfig /analyzer:/usr/share/dotnet/sdk/9.0.203/Sdks/Microsoft.NET.Sdk/targets/../analyzers/Microsoft.CodeAnalysis.CSharp.NetAnalyzers.dll /analyzer:/usr/share/dotnet/sdk/9.0.203/Sdks/Microsoft.NET.Sdk/targets/../analyzers/Microsoft.CodeAnalysis.NetAnalyzers.dll /analyzer:/usr/share/dotnet/sdk/9.0.203/Sdks/Microsoft.NET.Sdk/targets/../codestyle/cs/Microsoft.CodeAnalysis.CodeStyle.dll /analyzer:/usr/share/dotnet/sdk/9.0.203/Sdks/Microsoft.NET.Sdk/targets/../codestyle/cs/Microsoft.CodeAnalysis.CodeStyle.Fixes.dll /analyzer:/usr/share/dotnet/sdk/9.0.203/Sdks/Microsoft.NET.Sdk/targets/../codestyle/cs/Microsoft.CodeAnalysis.CSharp.CodeStyle.dll /analyzer:/usr/share/dotnet/sdk/9.0.203/Sdks/Microsoft.NET.Sdk/targets/../codestyle/cs/Microsoft.CodeAnalysis.CSharp.CodeStyle.Fixes.dll /analyzer:/home/quinngil/.nuget/packages/microsoft.codeanalysis.bannedapianalyzers/4.14.0/analyzers/dotnet/cs/Microsoft.CodeAnalysis.BannedApiAnalyzers.dll /analyzer:/home/quinngil/.nuget/packages/microsoft.codeanalysis.bannedapianalyzers/4.14.0/analyzers/dotnet/cs/Microsoft.CodeAnalysis.CSharp.BannedApiAnalyzers.dll /analyzer:/home/quinngil/.nuget/packages/microsoft.extensions.logging.abstractions/9.0.0/analyzers/dotnet/roslyn4.4/cs/Microsoft.Extensions.Logging.Generators.dll /analyzer:/home/quinngil/.nuget/packages/microsoft.extensions.options/9.0.0/analyzers/dotnet/roslyn4.4/cs/Microsoft.Extensions.Options.SourceGeneration.dll /analyzer:/home/quinngil/.nuget/packages/system.clientmodel/1.5.1/analyzers/dotnet/cs/System.ClientModel.SourceGeneration.dll /analyzer:/home/quinngil/.nuget/packages/system.text.json/9.0.8/analyzers/dotnet/roslyn4.4/cs/System.Text.Json.SourceGeneration.dll /analyzer:/usr/share/dotnet/packs/Microsoft.NETCore.App.Ref/9.0.4/analyzers/dotnet/cs/Microsoft.Interop.ComInterfaceGenerator.dll /analyzer:/usr/share/dotnet/packs/Microsoft.NETCore.App.Ref/9.0.4/analyzers/dotnet/cs/Microsoft.Interop.JavaScript.JSImportGenerator.dll /analyzer:/usr/share/dotnet/packs/Microsoft.NETCore.App.Ref/9.0.4/analyzers/dotnet/cs/Microsoft.Interop.LibraryImportGenerator.dll /analyzer:/usr/share/dotnet/packs/Microsoft.NETCore.App.Ref/9.0.4/analyzers/dotnet/cs/Microsoft.Interop.SourceGeneration.dll /analyzer:/usr/share/dotnet/packs/Microsoft.NETCore.App.Ref/9.0.4/analyzers/dotnet/cs/System.Text.RegularExpressions.Generator.dll /additionalfile:/mnt/d/src/MtgDiscoveryVibeWorkspace/IMPLS/src/BannedSymbols.txt /additionalfile:/mnt/d/src/MtgDiscoveryVibeWorkspace/IMPLS/src/.editorconfig Apis/EntryService.cs Apis/IArtistEntryService.cs Apis/ICardEntryService.cs Apis/ICardIdsArgEntity.cs Apis/IEntryService.cs Apis/ISetCodesArgEntity.cs Apis/ISetEntryService.cs Apis/ISetIdsArgEntity.cs Apis/IUserCardsEntryService.cs Apis/IUserEntryService.cs Apis/UserCardsEntryService.cs Entities/ArtistIdItrEntity.cs Entities/ArtistNameItrEntity.cs Entities/ArtistSearchTermItrEntity.cs Entities/CardNameItrEntity.cs Entities/CardSearchTermItrEntity.cs Entities/EntryCardIdsItrEntity.cs Entities/EntrySetCodesItrEntity.cs Entities/EntrySetIdsItrEntity.cs Entities/SetCodeItrEntity.cs Entities/UserInfoItrEntity.cs Queries/ArtistEntryService.cs Queries/CardEntryService.cs Queries/Mappers/ArtistIdArgsToItrMapper.cs Queries/Mappers/ArtistNameArgsToItrMapper.cs Queries/Mappers/ArtistSearchTermArgsToItrMapper.cs Queries/Mappers/AuthUserArgsToItrMapper.cs Queries/Mappers/CardNameArgsToItrMapper.cs Queries/Mappers/CardsArgsToItrMapper.cs Queries/Mappers/CardSearchTermArgsToItrMapper.cs Queries/Mappers/IArtistIdArgsToItrMapper.cs Queries/Mappers/IArtistNameArgsToItrMapper.cs Queries/Mappers/IArtistSearchTermArgsToItrMapper.cs Queries/Mappers/IAuthUserArgsToItrMapper.cs Queries/Mappers/ICardNameArgsToItrMapper.cs Queries/Mappers/ICardSearchTermArgsToItrMapper.cs Queries/Mappers/ISetCodeArgsToItrMapper.cs Queries/Mappers/ISetCodesArgsToItrMapper.cs Queries/Mappers/ISetIdsArgsToItrMapper.cs Queries/Mappers/SetCodeArgsToItrMapper.cs Queries/Mappers/SetCodesArgsToItrMapper.cs Queries/Mappers/SetIdsArgsToItrMapper.cs Queries/SetEntryService.cs Queries/UserEntryService.cs Queries/Validators/ArtistIdArgEntityValidatorContainer.cs Queries/Validators/ArtistNameArgEntityValidatorContainer.cs Queries/Validators/ArtistSearchTermArgEntityValidatorContainer.cs Queries/Validators/AuthUserArgEntityValidatorContainer.cs Queries/Validators/CardIdsArgEntityValidatorContainer.cs Queries/Validators/CardNameArgEntityValidatorContainer.cs Queries/Validators/CardSearchTermArgEntityValidatorContainer.cs Queries/Validators/IArtistIdArgEntityValidator.cs Queries/Validators/IArtistNameArgEntityValidator.cs Queries/Validators/IArtistSearchTermArgEntityValidator.cs Queries/Validators/IAuthUserArgEntityValidator.cs Queries/Validators/ICardNameArgEntityValidator.cs Queries/Validators/ICardSearchTermArgEntityValidator.cs Queries/Validators/ISetCodeArgEntityValidator.cs Queries/Validators/SetCodeArgEntityValidatorContainer.cs Queries/Validators/SetCodesArgEntityValidatorContainer.cs Queries/Validators/SetIdsArgEntityValidatorContainer.cs "obj/Release/net9.0/.NETCoreApp,Version=v9.0.AssemblyAttributes.cs" obj/Release/net9.0/Lib.MtgDiscovery.Entry.AssemblyInfo.cs /warnaserror+:NU1605,SYSLIB0011
         CompilerServer: server - server processed compilation - Lib.MtgDiscovery.Entry (net9.0)
       _CopyFilesMarkedCopyLocal:
         Copying file from "/mnt/d/src/MtgDiscoveryVibeWorkspace/IMPLS/src/Lib.Adapter.UserCards/bin/Release/net9.0/Lib.Adapter.UserCards.dll" to "/mnt/d/src/MtgDiscoveryVibeWorkspace/IMPLS/src/Lib.MtgDiscovery.Entry/bin/Release/net9.0/Lib.Adapter.UserCards.dll".
         Copying file from "/mnt/d/src/MtgDiscoveryVibeWorkspace/IMPLS/src/Lib.Adapter.Artists/bin/Release/net9.0/Lib.Adapter.Artists.dll" to "/mnt/d/src/MtgDiscoveryVibeWorkspace/IMPLS/src/Lib.MtgDiscovery.Entry/bin/Release/net9.0/Lib.Adapter.Artists.dll".
         Copying file from "/mnt/d/src/MtgDiscoveryVibeWorkspace/IMPLS/src/Lib.Adapter.Cards/bin/Release/net9.0/Lib.Adapter.Cards.dll" to "/mnt/d/src/MtgDiscoveryVibeWorkspace/IMPLS/src/Lib.MtgDiscovery.Entry/bin/Release/net9.0/Lib.Adapter.Cards.dll".
         Copying file from "/mnt/d/src/MtgDiscoveryVibeWorkspace/IMPLS/src/Lib.Adapter.Scryfall.Cosmos/bin/Release/net9.0/Lib.Adapter.Scryfall.Cosmos.dll" to "/mnt/d/src/MtgDiscoveryVibeWorkspace/IMPLS/src/Lib.MtgDiscovery.Entry/bin/Release/net9.0/Lib.Adapter.Scryfall.Cosmos.dll".
         Copying file from "/mnt/d/src/MtgDiscoveryVibeWorkspace/IMPLS/src/Lib.Adapter.User/bin/Release/net9.0/Lib.Adapter.User.dll" to "/mnt/d/src/MtgDiscoveryVibeWorkspace/IMPLS/src/Lib.MtgDiscovery.Entry/bin/Release/net9.0/Lib.Adapter.User.dll".
         Copying file from "/mnt/d/src/MtgDiscoveryVibeWorkspace/IMPLS/src/Lib.Adapter.Sets/bin/Release/net9.0/Lib.Adapter.Sets.dll" to "/mnt/d/src/MtgDiscoveryVibeWorkspace/IMPLS/src/Lib.MtgDiscovery.Entry/bin/Release/net9.0/Lib.Adapter.Sets.dll".
         Copying file from "/mnt/d/src/MtgDiscoveryVibeWorkspace/IMPLS/src/Lib.Aggregator.Scryfall.Shared/bin/Release/net9.0/Lib.Aggregator.Scryfall.Shared.dll" to "/mnt/d/src/MtgDiscoveryVibeWorkspace/IMPLS/src/Lib.MtgDiscovery.Entry/bin/Release/net9.0/Lib.Aggregator.Scryfall.Shared.dll".
         Copying file from "/mnt/d/src/MtgDiscoveryVibeWorkspace/IMPLS/src/Lib.Aggregator.Cards/bin/Release/net9.0/Lib.Aggregator.Cards.dll" to "/mnt/d/src/MtgDiscoveryVibeWorkspace/IMPLS/src/Lib.MtgDiscovery.Entry/bin/Release/net9.0/Lib.Aggregator.Cards.dll".
         Copying file from "/mnt/d/src/MtgDiscoveryVibeWorkspace/IMPLS/src/Lib.Aggregator.Sets/bin/Release/net9.0/Lib.Aggregator.Sets.dll" to "/mnt/d/src/MtgDiscoveryVibeWorkspace/IMPLS/src/Lib.MtgDiscovery.Entry/bin/Release/net9.0/Lib.Aggregator.Sets.dll".
         Copying file from "/mnt/d/src/MtgDiscoveryVibeWorkspace/IMPLS/src/Lib.Aggregator.Artists/bin/Release/net9.0/Lib.Aggregator.Artists.dll" to "/mnt/d/src/MtgDiscoveryVibeWorkspace/IMPLS/src/Lib.MtgDiscovery.Entry/bin/Release/net9.0/Lib.Aggregator.Artists.dll".
         Copying file from "/mnt/d/src/MtgDiscoveryVibeWorkspace/IMPLS/src/Lib.Aggregator.User/bin/Release/net9.0/Lib.Aggregator.User.dll" to "/mnt/d/src/MtgDiscoveryVibeWorkspace/IMPLS/src/Lib.MtgDiscovery.Entry/bin/Release/net9.0/Lib.Aggregator.User.dll".
         Copying file from "/mnt/d/src/MtgDiscoveryVibeWorkspace/IMPLS/src/Lib.Aggregator.UserCards/bin/Debug/net9.0/Lib.Aggregator.UserCards.dll" to "/mnt/d/src/MtgDiscoveryVibeWorkspace/IMPLS/src/Lib.MtgDiscovery.Entry/bin/Release/net9.0/Lib.Aggregator.UserCards.dll".
         Copying file from "/mnt/d/src/MtgDiscoveryVibeWorkspace/IMPLS/src/Lib.Domain.Sets/bin/Release/net9.0/Lib.Domain.Sets.dll" to "/mnt/d/src/MtgDiscoveryVibeWorkspace/IMPLS/src/Lib.MtgDiscovery.Entry/bin/Release/net9.0/Lib.Domain.Sets.dll".
         Copying file from "/mnt/d/src/MtgDiscoveryVibeWorkspace/IMPLS/src/Lib.Cosmos/bin/Release/net9.0/Lib.Cosmos.dll" to "/mnt/d/src/MtgDiscoveryVibeWorkspace/IMPLS/src/Lib.MtgDiscovery.Entry/bin/Release/net9.0/Lib.Cosmos.dll".
         Copying file from "/mnt/d/src/MtgDiscoveryVibeWorkspace/IMPLS/src/Lib.Domain.Cards/bin/Release/net9.0/Lib.Domain.Cards.dll" to "/mnt/d/src/MtgDiscoveryVibeWorkspace/IMPLS/src/Lib.MtgDiscovery.Entry/bin/Release/net9.0/Lib.Domain.Cards.dll".
         Copying file from "/mnt/d/src/MtgDiscoveryVibeWorkspace/IMPLS/src/Lib.Domain.Artists/bin/Release/net9.0/Lib.Domain.Artists.dll" to "/mnt/d/src/MtgDiscoveryVibeWorkspace/IMPLS/src/Lib.MtgDiscovery.Entry/bin/Release/net9.0/Lib.Domain.Artists.dll".
         Copying file from "/mnt/d/src/MtgDiscoveryVibeWorkspace/IMPLS/src/Lib.Domain.User/bin/Release/net9.0/Lib.Domain.User.dll" to "/mnt/d/src/MtgDiscoveryVibeWorkspace/IMPLS/src/Lib.MtgDiscovery.Entry/bin/Release/net9.0/Lib.Domain.User.dll".
         Copying file from "/mnt/d/src/MtgDiscoveryVibeWorkspace/IMPLS/src/Lib.Domain.UserCards/bin/Release/net9.0/Lib.Domain.UserCards.dll" to "/mnt/d/src/MtgDiscoveryVibeWorkspace/IMPLS/src/Lib.MtgDiscovery.Entry/bin/Release/net9.0/Lib.Domain.UserCards.dll".
         Copying file from "/mnt/d/src/MtgDiscoveryVibeWorkspace/IMPLS/src/Lib.Scryfall.Shared/bin/Release/net9.0/Lib.Scryfall.Shared.dll" to "/mnt/d/src/MtgDiscoveryVibeWorkspace/IMPLS/src/Lib.MtgDiscovery.Entry/bin/Release/net9.0/Lib.Scryfall.Shared.dll".
         Copying file from "/mnt/d/src/MtgDiscoveryVibeWorkspace/IMPLS/src/Lib.Shared.DataModels/bin/Release/net9.0/Lib.Shared.DataModels.dll" to "/mnt/d/src/MtgDiscoveryVibeWorkspace/IMPLS/src/Lib.MtgDiscovery.Entry/bin/Release/net9.0/Lib.Shared.DataModels.dll".
         Copying file from "/mnt/d/src/MtgDiscoveryVibeWorkspace/IMPLS/src/Lib.Shared.Abstractions/bin/Release/net9.0/Lib.Shared.Abstractions.dll" to "/mnt/d/src/MtgDiscoveryVibeWorkspace/IMPLS/src/Lib.MtgDiscovery.Entry/bin/Release/net9.0/Lib.Shared.Abstractions.dll".
         Copying file from "/mnt/d/src/MtgDiscoveryVibeWorkspace/IMPLS/src/Lib.Universal/bin/Release/net9.0/Lib.Universal.dll" to "/mnt/d/src/MtgDiscoveryVibeWorkspace/IMPLS/src/Lib.MtgDiscovery.Entry/bin/Release/net9.0/Lib.Universal.dll".
         Copying file from "/mnt/d/src/MtgDiscoveryVibeWorkspace/IMPLS/src/Lib.Shared.Invocation/bin/Release/net9.0/Lib.Shared.Invocation.dll" to "/mnt/d/src/MtgDiscoveryVibeWorkspace/IMPLS/src/Lib.MtgDiscovery.Entry/bin/Release/net9.0/Lib.Shared.Invocation.dll".
         Copying file from "/mnt/d/src/MtgDiscoveryVibeWorkspace/IMPLS/src/Lib.Shared.Abstractions/bin/Release/net9.0/Lib.Shared.Abstractions.pdb" to "/mnt/d/src/MtgDiscoveryVibeWorkspace/IMPLS/src/Lib.MtgDiscovery.Entry/bin/Release/net9.0/Lib.Shared.Abstractions.pdb".
         Copying file from "/mnt/d/src/MtgDiscoveryVibeWorkspace/IMPLS/src/Lib.Shared.DataModels/bin/Release/net9.0/Lib.Shared.DataModels.pdb" to "/mnt/d/src/MtgDiscoveryVibeWorkspace/IMPLS/src/Lib.MtgDiscovery.Entry/bin/Release/net9.0/Lib.Shared.DataModels.pdb".
         Copying file from "/mnt/d/src/MtgDiscoveryVibeWorkspace/IMPLS/src/Lib.Shared.Invocation/bin/Release/net9.0/Lib.Shared.Invocation.pdb" to "/mnt/d/src/MtgDiscoveryVibeWorkspace/IMPLS/src/Lib.MtgDiscovery.Entry/bin/Release/net9.0/Lib.Shared.Invocation.pdb".
         Copying file from "/mnt/d/src/MtgDiscoveryVibeWorkspace/IMPLS/src/Lib.Domain.Cards/bin/Release/net9.0/Lib.Domain.Cards.pdb" to "/mnt/d/src/MtgDiscoveryVibeWorkspace/IMPLS/src/Lib.MtgDiscovery.Entry/bin/Release/net9.0/Lib.Domain.Cards.pdb".
         Copying file from "/mnt/d/src/MtgDiscoveryVibeWorkspace/IMPLS/src/Lib.Domain.Sets/bin/Release/net9.0/Lib.Domain.Sets.pdb" to "/mnt/d/src/MtgDiscoveryVibeWorkspace/IMPLS/src/Lib.MtgDiscovery.Entry/bin/Release/net9.0/Lib.Domain.Sets.pdb".
         Copying file from "/mnt/d/src/MtgDiscoveryVibeWorkspace/IMPLS/src/Lib.Domain.Artists/bin/Release/net9.0/Lib.Domain.Artists.pdb" to "/mnt/d/src/MtgDiscoveryVibeWorkspace/IMPLS/src/Lib.MtgDiscovery.Entry/bin/Release/net9.0/Lib.Domain.Artists.pdb".
         Copying file from "/mnt/d/src/MtgDiscoveryVibeWorkspace/IMPLS/src/Lib.Domain.User/bin/Release/net9.0/Lib.Domain.User.pdb" to "/mnt/d/src/MtgDiscoveryVibeWorkspace/IMPLS/src/Lib.MtgDiscovery.Entry/bin/Release/net9.0/Lib.Domain.User.pdb".
         Copying file from "/mnt/d/src/MtgDiscoveryVibeWorkspace/IMPLS/src/Lib.Domain.UserCards/bin/Release/net9.0/Lib.Domain.UserCards.pdb" to "/mnt/d/src/MtgDiscoveryVibeWorkspace/IMPLS/src/Lib.MtgDiscovery.Entry/bin/Release/net9.0/Lib.Domain.UserCards.pdb".
         Copying file from "/mnt/d/src/MtgDiscoveryVibeWorkspace/IMPLS/src/Lib.Adapter.Artists/bin/Release/net9.0/Lib.Adapter.Artists.pdb" to "/mnt/d/src/MtgDiscoveryVibeWorkspace/IMPLS/src/Lib.MtgDiscovery.Entry/bin/Release/net9.0/Lib.Adapter.Artists.pdb".
         Copying file from "/mnt/d/src/MtgDiscoveryVibeWorkspace/IMPLS/src/Lib.Adapter.Cards/bin/Release/net9.0/Lib.Adapter.Cards.pdb" to "/mnt/d/src/MtgDiscoveryVibeWorkspace/IMPLS/src/Lib.MtgDiscovery.Entry/bin/Release/net9.0/Lib.Adapter.Cards.pdb".
         Copying file from "/mnt/d/src/MtgDiscoveryVibeWorkspace/IMPLS/src/Lib.Adapter.UserCards/bin/Release/net9.0/Lib.Adapter.UserCards.pdb" to "/mnt/d/src/MtgDiscoveryVibeWorkspace/IMPLS/src/Lib.MtgDiscovery.Entry/bin/Release/net9.0/Lib.Adapter.UserCards.pdb".
         Copying file from "/mnt/d/src/MtgDiscoveryVibeWorkspace/IMPLS/src/Lib.Adapter.Scryfall.Cosmos/bin/Release/net9.0/Lib.Adapter.Scryfall.Cosmos.pdb" to "/mnt/d/src/MtgDiscoveryVibeWorkspace/IMPLS/src/Lib.MtgDiscovery.Entry/bin/Release/net9.0/Lib.Adapter.Scryfall.Cosmos.pdb".
         Copying file from "/mnt/d/src/MtgDiscoveryVibeWorkspace/IMPLS/src/Lib.Adapter.Sets/bin/Release/net9.0/Lib.Adapter.Sets.pdb" to "/mnt/d/src/MtgDiscoveryVibeWorkspace/IMPLS/src/Lib.MtgDiscovery.Entry/bin/Release/net9.0/Lib.Adapter.Sets.pdb".
         Copying file from "/mnt/d/src/MtgDiscoveryVibeWorkspace/IMPLS/src/Lib.Adapter.User/bin/Release/net9.0/Lib.Adapter.User.pdb" to "/mnt/d/src/MtgDiscoveryVibeWorkspace/IMPLS/src/Lib.MtgDiscovery.Entry/bin/Release/net9.0/Lib.Adapter.User.pdb".
         Copying file from "/mnt/d/src/MtgDiscoveryVibeWorkspace/IMPLS/src/Lib.Aggregator.Artists/bin/Release/net9.0/Lib.Aggregator.Artists.pdb" to "/mnt/d/src/MtgDiscoveryVibeWorkspace/IMPLS/src/Lib.MtgDiscovery.Entry/bin/Release/net9.0/Lib.Aggregator.Artists.pdb".
         Copying file from "/mnt/d/src/MtgDiscoveryVibeWorkspace/IMPLS/src/Lib.Aggregator.Scryfall.Shared/bin/Release/net9.0/Lib.Aggregator.Scryfall.Shared.pdb" to "/mnt/d/src/MtgDiscoveryVibeWorkspace/IMPLS/src/Lib.MtgDiscovery.Entry/bin/Release/net9.0/Lib.Aggregator.Scryfall.Shared.pdb".
         Copying file from "/mnt/d/src/MtgDiscoveryVibeWorkspace/IMPLS/src/Lib.Aggregator.Cards/bin/Release/net9.0/Lib.Aggregator.Cards.pdb" to "/mnt/d/src/MtgDiscoveryVibeWorkspace/IMPLS/src/Lib.MtgDiscovery.Entry/bin/Release/net9.0/Lib.Aggregator.Cards.pdb".
         Copying file from "/mnt/d/src/MtgDiscoveryVibeWorkspace/IMPLS/src/Lib.Aggregator.Sets/bin/Release/net9.0/Lib.Aggregator.Sets.pdb" to "/mnt/d/src/MtgDiscoveryVibeWorkspace/IMPLS/src/Lib.MtgDiscovery.Entry/bin/Release/net9.0/Lib.Aggregator.Sets.pdb".
         Copying file from "/mnt/d/src/MtgDiscoveryVibeWorkspace/IMPLS/src/Lib.Aggregator.User/bin/Release/net9.0/Lib.Aggregator.User.pdb" to "/mnt/d/src/MtgDiscoveryVibeWorkspace/IMPLS/src/Lib.MtgDiscovery.Entry/bin/Release/net9.0/Lib.Aggregator.User.pdb".
         Copying file from "/mnt/d/src/MtgDiscoveryVibeWorkspace/IMPLS/src/Lib.Cosmos/bin/Release/net9.0/Lib.Cosmos.pdb" to "/mnt/d/src/MtgDiscoveryVibeWorkspace/IMPLS/src/Lib.MtgDiscovery.Entry/bin/Release/net9.0/Lib.Cosmos.pdb".
         Copying file from "/mnt/d/src/MtgDiscoveryVibeWorkspace/IMPLS/src/Lib.Scryfall.Shared/bin/Release/net9.0/Lib.Scryfall.Shared.pdb" to "/mnt/d/src/MtgDiscoveryVibeWorkspace/IMPLS/src/Lib.MtgDiscovery.Entry/bin/Release/net9.0/Lib.Scryfall.Shared.pdb".
         Copying file from "/mnt/d/src/MtgDiscoveryVibeWorkspace/IMPLS/src/Lib.Universal/bin/Release/net9.0/Lib.Universal.pdb" to "/mnt/d/src/MtgDiscoveryVibeWorkspace/IMPLS/src/Lib.MtgDiscovery.Entry/bin/Release/net9.0/Lib.Universal.pdb".
         Copying file from "/mnt/d/src/MtgDiscoveryVibeWorkspace/IMPLS/src/Lib.Aggregator.UserCards/bin/Debug/net9.0/Lib.Aggregator.UserCards.pdb" to "/mnt/d/src/MtgDiscoveryVibeWorkspace/IMPLS/src/Lib.MtgDiscovery.Entry/bin/Release/net9.0/Lib.Aggregator.UserCards.pdb".
         Touching "/mnt/d/src/MtgDiscoveryVibeWorkspace/IMPLS/src/Lib.MtgDiscovery.Entry/obj/Release/net9.0/Lib.MtgD.2AD08AE7.Up2Date".
       _CopyOutOfDateSourceItemsToOutputDirectory:
       Skipping target "_CopyOutOfDateSourceItemsToOutputDirectory" because all output files are up-to-date with respect to the input files.
       CopyFilesToOutputDirectory:
         Copying file from "/mnt/d/src/MtgDiscoveryVibeWorkspace/IMPLS/src/Lib.MtgDiscovery.Entry/obj/Release/net9.0/Lib.MtgDiscovery.Entry.dll" to "/mnt/d/src/MtgDiscoveryVibeWorkspace/IMPLS/src/Lib.MtgDiscovery.Entry/bin/Release/net9.0/Lib.MtgDiscovery.Entry.dll".
         Copying reference assembly from "obj/Release/net9.0/refint/Lib.MtgDiscovery.Entry.dll" to "/mnt/d/src/MtgDiscoveryVibeWorkspace/IMPLS/src/Lib.MtgDiscovery.Entry/obj/Release/net9.0/ref/Lib.MtgDiscovery.Entry.dll".
         Lib.MtgDiscovery.Entry -> /mnt/d/src/MtgDiscoveryVibeWorkspace/IMPLS/src/Lib.MtgDiscovery.Entry/bin/Release/net9.0/Lib.MtgDiscovery.Entry.dll
         Copying file from "/mnt/d/src/MtgDiscoveryVibeWorkspace/IMPLS/src/Lib.MtgDiscovery.Entry/obj/Release/net9.0/Lib.MtgDiscovery.Entry.pdb" to "/mnt/d/src/MtgDiscoveryVibeWorkspace/IMPLS/src/Lib.MtgDiscovery.Entry/bin/Release/net9.0/Lib.MtgDiscovery.Entry.pdb".
    21>Done Building Project "/mnt/d/src/MtgDiscoveryVibeWorkspace/IMPLS/src/Lib.MtgDiscovery.Entry/Lib.MtgDiscovery.Entry.csproj" (default targets).
   1:2>Project "/mnt/d/src/MtgDiscoveryVibeWorkspace/IMPLS/src/MtgDiscoveryVibe.sln" (1:2) is building "/mnt/d/src/MtgDiscoveryVibeWorkspace/IMPLS/src/App.MtgDiscovery.GraphQL/App.MtgDiscovery.GraphQL.csproj" (40:6) on node 8 (default targets).
    40>GenerateTargetFrameworkMonikerAttribute:
       Skipping target "GenerateTargetFrameworkMonikerAttribute" because all output files are up-to-date with respect to the input files.
       CoreGenerateAssemblyInfo:
         Could not infer the type of parameter "#1" because the attribute type is unknown. The value will be treated as a string.
         Could not infer the type of parameter "#1" because the attribute type is unknown. The value will be treated as a string.
       _DiscoverMvcApplicationParts:
         Could not infer the type of parameter "#1" because the attribute type is unknown. The value will be treated as a string.
         Touching "obj/Release/net9.0/App.MtgDiscovery.GraphQL.MvcApplicationPartsAssemblyInfo.cache".
       _GenerateSourceLinkFile:
         Updating Source Link file 'obj/Release/net9.0/App.MtgDiscovery.GraphQL.sourcelink.json'.
       CoreCompile:
         /usr/share/dotnet/dotnet exec "/usr/share/dotnet/sdk/9.0.203/Roslyn/bincore/csc.dll" /noconfig /unsafe- /checked- /nowarn:IDE0290,IDE2001,IDE0005,IDE0046,CA1716,CA1040,CA1056,CA1515,CA1056,CA1056,CA1819,1701,1702 /fullpaths /nostdlib+ /errorreport:prompt /warn:9 /define:TRACE;RELEASE;NET;NET9_0;NETCOREAPP;NET5_0_OR_GREATER;NET6_0_OR_GREATER;NET7_0_OR_GREATER;NET8_0_OR_GREATER;NET9_0_OR_GREATER;NETCOREAPP1_0_OR_GREATER;NETCOREAPP1_1_OR_GREATER;NETCOREAPP2_0_OR_GREATER;NETCOREAPP2_1_OR_GREATER;NETCOREAPP2_2_OR_GREATER;NETCOREAPP3_0_OR_GREATER;NETCOREAPP3_1_OR_GREATER /highentropyva+ /nullable:warnings /reference:/home/quinngil/.nuget/packages/azure.core/1.47.1/lib/net8.0/Azure.Core.dll /reference:/home/quinngil/.nuget/packages/azure.resourcemanager.authorization/1.1.5/lib/net8.0/Azure.ResourceManager.Authorization.dll /reference:/home/quinngil/.nuget/packages/azure.resourcemanager.cosmosdb/1.3.2/lib/netstandard2.0/Azure.ResourceManager.CosmosDB.dll /reference:/home/quinngil/.nuget/packages/azure.resourcemanager/1.13.2/lib/net8.0/Azure.ResourceManager.dll /reference:/home/quinngil/.nuget/packages/chillicream.nitro.app/20.0.2/lib/net8.0/ChilliCream.Nitro.App.dll /reference:/home/quinngil/.nuget/packages/greendonut.abstractions/15.1.10/lib/net9.0/GreenDonut.Abstractions.dll /reference:/home/quinngil/.nuget/packages/greendonut.data.abstractions/15.1.10/lib/net9.0/GreenDonut.Data.Abstractions.dll /reference:/home/quinngil/.nuget/packages/greendonut.data/15.1.10/lib/net9.0/GreenDonut.Data.dll /reference:/home/quinngil/.nuget/packages/greendonut.data.primitives/15.1.10/lib/net9.0/GreenDonut.Data.Primitives.dll /reference:/home/quinngil/.nuget/packages/greendonut/15.1.10/lib/net9.0/GreenDonut.dll /reference:/home/quinngil/.nuget/packages/hotchocolate.abstractions/15.1.10/lib/net9.0/HotChocolate.Abstractions.dll /reference:/home/quinngil/.nuget/packages/hotchocolate.aspnetcore.authorization/15.1.10/lib/net9.0/HotChocolate.AspNetCore.Authorization.dll /reference:/home/quinngil/.nuget/packages/hotchocolate.aspnetcore/14.3.0/lib/net9.0/HotChocolate.AspNetCore.dll /reference:/home/quinngil/.nuget/packages/hotchocolate.authorization/15.1.10/lib/net9.0/HotChocolate.Authorization.dll /reference:/home/quinngil/.nuget/packages/hotchocolate.costanalysis/15.1.10/lib/net9.0/HotChocolate.CostAnalysis.dll /reference:/home/quinngil/.nuget/packages/hotchocolate.data/14.3.0/lib/net9.0/HotChocolate.Data.dll /reference:/home/quinngil/.nuget/packages/hotchocolate/15.1.10/lib/net9.0/HotChocolate.dll /reference:/home/quinngil/.nuget/packages/hotchocolate.execution.abstractions/15.1.10/lib/net9.0/HotChocolate.Execution.Abstractions.dll /reference:/home/quinngil/.nuget/packages/hotchocolate.execution/15.1.10/lib/net9.0/HotChocolate.Execution.dll /reference:/home/quinngil/.nuget/packages/hotchocolate.execution.projections/15.1.10/lib/net9.0/HotChocolate.Execution.Projections.dll /reference:/home/quinngil/.nuget/packages/hotchocolate.features/15.1.10/lib/net9.0/HotChocolate.Features.dll /reference:/home/quinngil/.nuget/packages/hotchocolate.fetching/15.1.10/lib/net9.0/HotChocolate.Fetching.dll /reference:/home/quinngil/.nuget/packages/hotchocolate.language/15.1.10/lib/net9.0/HotChocolate.Language.dll /reference:/home/quinngil/.nuget/packages/hotchocolate.language.syntaxtree/15.1.10/lib/net9.0/HotChocolate.Language.SyntaxTree.dll /reference:/home/quinngil/.nuget/packages/hotchocolate.language.utf8/15.1.10/lib/net9.0/HotChocolate.Language.Utf8.dll /reference:/home/quinngil/.nuget/packages/hotchocolate.language.visitors/15.1.10/lib/net9.0/HotChocolate.Language.Visitors.dll /reference:/home/quinngil/.nuget/packages/hotchocolate.language.web/15.1.10/lib/net9.0/HotChocolate.Language.Web.dll /reference:/home/quinngil/.nuget/packages/hotchocolate.pagination.batching/14.3.0/lib/net9.0/HotChocolate.Pagination.Batching.dll /reference:/home/quinngil/.nuget/packages/hotchocolate.pagination.primitives/14.3.0/lib/net9.0/HotChocolate.Pagination.Primitives.dll /reference:/home/quinngil/.nuget/packages/hotchocolate.primitives/15.1.10/lib/net9.0/HotChocolate.Primitives.dll /reference:/home/quinngil/.nuget/packages/hotchocolate.subscriptions/14.3.0/lib/net9.0/HotChocolate.Subscriptions.dll /reference:/home/quinngil/.nuget/packages/hotchocolate.subscriptions.inmemory/14.3.0/lib/net9.0/HotChocolate.Subscriptions.InMemory.dll /reference:/home/quinngil/.nuget/packages/hotchocolate.transport.sockets/14.3.0/lib/net9.0/HotChocolate.Transport.Sockets.dll /reference:/home/quinngil/.nuget/packages/hotchocolate.types.cursorpagination/15.1.10/lib/net9.0/HotChocolate.Types.CursorPagination.dll /reference:/home/quinngil/.nuget/packages/hotchocolate.types.cursorpagination.extensions/15.1.10/lib/net9.0/HotChocolate.Types.CursorPagination.Extensions.dll /reference:/home/quinngil/.nuget/packages/hotchocolate.types/15.1.10/lib/net9.0/HotChocolate.Types.dll /reference:/home/quinngil/.nuget/packages/hotchocolate.types.errors/15.1.10/lib/net9.0/HotChocolate.Types.Errors.dll /reference:/home/quinngil/.nuget/packages/hotchocolate.types.mutations/15.1.10/lib/net9.0/HotChocolate.Types.Mutations.dll /reference:/home/quinngil/.nuget/packages/hotchocolate.types.queries/15.1.10/lib/net9.0/HotChocolate.Types.Queries.dll /reference:/home/quinngil/.nuget/packages/hotchocolate.types.scalars.upload/14.3.0/lib/net9.0/HotChocolate.Types.Scalars.Upload.dll /reference:/home/quinngil/.nuget/packages/hotchocolate.types.shared/15.1.10/lib/net9.0/HotChocolate.Types.Shared.dll /reference:/home/quinngil/.nuget/packages/hotchocolate.utilities.dependencyinjection/15.1.10/lib/net9.0/HotChocolate.Utilities.DependencyInjection.dll /reference:/home/quinngil/.nuget/packages/hotchocolate.utilities/15.1.10/lib/net9.0/HotChocolate.Utilities.dll /reference:/home/quinngil/.nuget/packages/hotchocolate.validation/15.1.10/lib/net9.0/HotChocolate.Validation.dll /reference:/mnt/d/src/MtgDiscoveryVibeWorkspace/IMPLS/src/Lib.Adapter.Artists/obj/Release/net9.0/ref/Lib.Adapter.Artists.dll /reference:/mnt/d/src/MtgDiscoveryVibeWorkspace/IMPLS/src/Lib.Adapter.Cards/obj/Release/net9.0/ref/Lib.Adapter.Cards.dll /reference:/mnt/d/src/MtgDiscoveryVibeWorkspace/IMPLS/src/Lib.Adapter.Scryfall.Cosmos/obj/Release/net9.0/ref/Lib.Adapter.Scryfall.Cosmos.dll /reference:/mnt/d/src/MtgDiscoveryVibeWorkspace/IMPLS/src/Lib.Adapter.Sets/obj/Release/net9.0/ref/Lib.Adapter.Sets.dll /reference:/mnt/d/src/MtgDiscoveryVibeWorkspace/IMPLS/src/Lib.Adapter.User/obj/Release/net9.0/ref/Lib.Adapter.User.dll /reference:/mnt/d/src/MtgDiscoveryVibeWorkspace/IMPLS/src/Lib.Adapter.UserCards/obj/Release/net9.0/ref/Lib.Adapter.UserCards.dll /reference:/mnt/d/src/MtgDiscoveryVibeWorkspace/IMPLS/src/Lib.Aggregator.Artists/obj/Release/net9.0/ref/Lib.Aggregator.Artists.dll /reference:/mnt/d/src/MtgDiscoveryVibeWorkspace/IMPLS/src/Lib.Aggregator.Cards/obj/Release/net9.0/ref/Lib.Aggregator.Cards.dll /reference:/mnt/d/src/MtgDiscoveryVibeWorkspace/IMPLS/src/Lib.Aggregator.Scryfall.Shared/obj/Release/net9.0/ref/Lib.Aggregator.Scryfall.Shared.dll /reference:/mnt/d/src/MtgDiscoveryVibeWorkspace/IMPLS/src/Lib.Aggregator.Sets/obj/Release/net9.0/ref/Lib.Aggregator.Sets.dll /reference:/mnt/d/src/MtgDiscoveryVibeWorkspace/IMPLS/src/Lib.Aggregator.User/obj/Release/net9.0/ref/Lib.Aggregator.User.dll /reference:/mnt/d/src/MtgDiscoveryVibeWorkspace/IMPLS/src/Lib.Aggregator.UserCards/obj/Debug/net9.0/ref/Lib.Aggregator.UserCards.dll /reference:/mnt/d/src/MtgDiscoveryVibeWorkspace/IMPLS/src/Lib.Cosmos/obj/Release/net9.0/ref/Lib.Cosmos.dll /reference:/mnt/d/src/MtgDiscoveryVibeWorkspace/IMPLS/src/Lib.Domain.Artists/obj/Release/net9.0/ref/Lib.Domain.Artists.dll /reference:/mnt/d/src/MtgDiscoveryVibeWorkspace/IMPLS/src/Lib.Domain.Cards/obj/Release/net9.0/ref/Lib.Domain.Cards.dll /reference:/mnt/d/src/MtgDiscoveryVibeWorkspace/IMPLS/src/Lib.Domain.Sets/obj/Release/net9.0/ref/Lib.Domain.Sets.dll /reference:/mnt/d/src/MtgDiscoveryVibeWorkspace/IMPLS/src/Lib.Domain.User/obj/Release/net9.0/ref/Lib.Domain.User.dll /reference:/mnt/d/src/MtgDiscoveryVibeWorkspace/IMPLS/src/Lib.Domain.UserCards/obj/Release/net9.0/ref/Lib.Domain.UserCards.dll /reference:/mnt/d/src/MtgDiscoveryVibeWorkspace/IMPLS/src/Lib.MtgDiscovery.Entry/obj/Release/net9.0/ref/Lib.MtgDiscovery.Entry.dll /reference:/mnt/d/src/MtgDiscoveryVibeWorkspace/IMPLS/src/Lib.Scryfall.Shared/obj/Release/net9.0/ref/Lib.Scryfall.Shared.dll /reference:/mnt/d/src/MtgDiscoveryVibeWorkspace/IMPLS/src/Lib.Shared.Abstractions/obj/Release/net9.0/ref/Lib.Shared.Abstractions.dll /reference:/mnt/d/src/MtgDiscoveryVibeWorkspace/IMPLS/src/Lib.Shared.DataModels/obj/Release/net9.0/ref/Lib.Shared.DataModels.dll /reference:/mnt/d/src/MtgDiscoveryVibeWorkspace/IMPLS/src/Lib.Shared.Invocation/obj/Release/net9.0/ref/Lib.Shared.Invocation.dll /reference:/mnt/d/src/MtgDiscoveryVibeWorkspace/IMPLS/src/Lib.Universal/obj/Release/net9.0/ref/Lib.Universal.dll /reference:/usr/share/dotnet/packs/Microsoft.AspNetCore.App.Ref/9.0.4/ref/net9.0/Microsoft.AspNetCore.Antiforgery.dll /reference:/usr/share/dotnet/packs/Microsoft.AspNetCore.App.Ref/9.0.4/ref/net9.0/Microsoft.AspNetCore.Authentication.Abstractions.dll /reference:/usr/share/dotnet/packs/Microsoft.AspNetCore.App.Ref/9.0.4/ref/net9.0/Microsoft.AspNetCore.Authentication.BearerToken.dll /reference:/usr/share/dotnet/packs/Microsoft.AspNetCore.App.Ref/9.0.4/ref/net9.0/Microsoft.AspNetCore.Authentication.Cookies.dll /reference:/usr/share/dotnet/packs/Microsoft.AspNetCore.App.Ref/9.0.4/ref/net9.0/Microsoft.AspNetCore.Authentication.Core.dll /reference:/usr/share/dotnet/packs/Microsoft.AspNetCore.App.Ref/9.0.4/ref/net9.0/Microsoft.AspNetCore.Authentication.dll /reference:/home/quinngil/.nuget/packages/microsoft.aspnetcore.authentication.jwtbearer/9.0.8/lib/net9.0/Microsoft.AspNetCore.Authentication.JwtBearer.dll /reference:/usr/share/dotnet/packs/Microsoft.AspNetCore.App.Ref/9.0.4/ref/net9.0/Microsoft.AspNetCore.Authentication.OAuth.dll /reference:/usr/share/dotnet/packs/Microsoft.AspNetCore.App.Ref/9.0.4/ref/net9.0/Microsoft.AspNetCore.Authorization.dll /reference:/usr/share/dotnet/packs/Microsoft.AspNetCore.App.Ref/9.0.4/ref/net9.0/Microsoft.AspNetCore.Authorization.Policy.dll /reference:/usr/share/dotnet/packs/Microsoft.AspNetCore.App.Ref/9.0.4/ref/net9.0/Microsoft.AspNetCore.Components.Authorization.dll /reference:/usr/share/dotnet/packs/Microsoft.AspNetCore.App.Ref/9.0.4/ref/net9.0/Microsoft.AspNetCore.Components.dll /reference:/usr/share/dotnet/packs/Microsoft.AspNetCore.App.Ref/9.0.4/ref/net9.0/Microsoft.AspNetCore.Components.Endpoints.dll /reference:/usr/share/dotnet/packs/Microsoft.AspNetCore.App.Ref/9.0.4/ref/net9.0/Microsoft.AspNetCore.Components.Forms.dll /reference:/usr/share/dotnet/packs/Microsoft.AspNetCore.App.Ref/9.0.4/ref/net9.0/Microsoft.AspNetCore.Components.Server.dll /reference:/usr/share/dotnet/packs/Microsoft.AspNetCore.App.Ref/9.0.4/ref/net9.0/Microsoft.AspNetCore.Components.Web.dll /reference:/usr/share/dotnet/packs/Microsoft.AspNetCore.App.Ref/9.0.4/ref/net9.0/Microsoft.AspNetCore.Connections.Abstractions.dll /reference:/usr/share/dotnet/packs/Microsoft.AspNetCore.App.Ref/9.0.4/ref/net9.0/Microsoft.AspNetCore.CookiePolicy.dll /reference:/usr/share/dotnet/packs/Microsoft.AspNetCore.App.Ref/9.0.4/ref/net9.0/Microsoft.AspNetCore.Cors.dll /reference:/usr/share/dotnet/packs/Microsoft.AspNetCore.App.Ref/9.0.4/ref/net9.0/Microsoft.AspNetCore.Cryptography.Internal.dll /reference:/usr/share/dotnet/packs/Microsoft.AspNetCore.App.Ref/9.0.4/ref/net9.0/Microsoft.AspNetCore.Cryptography.KeyDerivation.dll /reference:/usr/share/dotnet/packs/Microsoft.AspNetCore.App.Ref/9.0.4/ref/net9.0/Microsoft.AspNetCore.DataProtection.Abstractions.dll /reference:/usr/share/dotnet/packs/Microsoft.AspNetCore.App.Ref/9.0.4/ref/net9.0/Microsoft.AspNetCore.DataProtection.dll /reference:/usr/share/dotnet/packs/Microsoft.AspNetCore.App.Ref/9.0.4/ref/net9.0/Microsoft.AspNetCore.DataProtection.Extensions.dll /reference:/usr/share/dotnet/packs/Microsoft.AspNetCore.App.Ref/9.0.4/ref/net9.0/Microsoft.AspNetCore.Diagnostics.Abstractions.dll /reference:/usr/share/dotnet/packs/Microsoft.AspNetCore.App.Ref/9.0.4/ref/net9.0/Microsoft.AspNetCore.Diagnostics.dll /reference:/usr/share/dotnet/packs/Microsoft.AspNetCore.App.Ref/9.0.4/ref/net9.0/Microsoft.AspNetCore.Diagnostics.HealthChecks.dll /reference:/usr/share/dotnet/packs/Microsoft.AspNetCore.App.Ref/9.0.4/ref/net9.0/Microsoft.AspNetCore.dll /reference:/usr/share/dotnet/packs/Microsoft.AspNetCore.App.Ref/9.0.4/ref/net9.0/Microsoft.AspNetCore.HostFiltering.dll /reference:/usr/share/dotnet/packs/Microsoft.AspNetCore.App.Ref/9.0.4/ref/net9.0/Microsoft.AspNetCore.Hosting.Abstractions.dll /reference:/usr/share/dotnet/packs/Microsoft.AspNetCore.App.Ref/9.0.4/ref/net9.0/Microsoft.AspNetCore.Hosting.dll /reference:/usr/share/dotnet/packs/Microsoft.AspNetCore.App.Ref/9.0.4/ref/net9.0/Microsoft.AspNetCore.Hosting.Server.Abstractions.dll /reference:/usr/share/dotnet/packs/Microsoft.AspNetCore.App.Ref/9.0.4/ref/net9.0/Microsoft.AspNetCore.Html.Abstractions.dll /reference:/usr/share/dotnet/packs/Microsoft.AspNetCore.App.Ref/9.0.4/ref/net9.0/Microsoft.AspNetCore.Http.Abstractions.dll /reference:/usr/share/dotnet/packs/Microsoft.AspNetCore.App.Ref/9.0.4/ref/net9.0/Microsoft.AspNetCore.Http.Connections.Common.dll /reference:/usr/share/dotnet/packs/Microsoft.AspNetCore.App.Ref/9.0.4/ref/net9.0/Microsoft.AspNetCore.Http.Connections.dll /reference:/usr/share/dotnet/packs/Microsoft.AspNetCore.App.Ref/9.0.4/ref/net9.0/Microsoft.AspNetCore.Http.dll /reference:/usr/share/dotnet/packs/Microsoft.AspNetCore.App.Ref/9.0.4/ref/net9.0/Microsoft.AspNetCore.Http.Extensions.dll /reference:/usr/share/dotnet/packs/Microsoft.AspNetCore.App.Ref/9.0.4/ref/net9.0/Microsoft.AspNetCore.Http.Features.dll /reference:/usr/share/dotnet/packs/Microsoft.AspNetCore.App.Ref/9.0.4/ref/net9.0/Microsoft.AspNetCore.Http.Results.dll /reference:/usr/share/dotnet/packs/Microsoft.AspNetCore.App.Ref/9.0.4/ref/net9.0/Microsoft.AspNetCore.HttpLogging.dll /reference:/usr/share/dotnet/packs/Microsoft.AspNetCore.App.Ref/9.0.4/ref/net9.0/Microsoft.AspNetCore.HttpOverrides.dll /reference:/usr/share/dotnet/packs/Microsoft.AspNetCore.App.Ref/9.0.4/ref/net9.0/Microsoft.AspNetCore.HttpsPolicy.dll /reference:/usr/share/dotnet/packs/Microsoft.AspNetCore.App.Ref/9.0.4/ref/net9.0/Microsoft.AspNetCore.Identity.dll /reference:/usr/share/dotnet/packs/Microsoft.AspNetCore.App.Ref/9.0.4/ref/net9.0/Microsoft.AspNetCore.Localization.dll /reference:/usr/share/dotnet/packs/Microsoft.AspNetCore.App.Ref/9.0.4/ref/net9.0/Microsoft.AspNetCore.Localization.Routing.dll /reference:/usr/share/dotnet/packs/Microsoft.AspNetCore.App.Ref/9.0.4/ref/net9.0/Microsoft.AspNetCore.Metadata.dll /reference:/usr/share/dotnet/packs/Microsoft.AspNetCore.App.Ref/9.0.4/ref/net9.0/Microsoft.AspNetCore.Mvc.Abstractions.dll /reference:/usr/share/dotnet/packs/Microsoft.AspNetCore.App.Ref/9.0.4/ref/net9.0/Microsoft.AspNetCore.Mvc.ApiExplorer.dll /reference:/usr/share/dotnet/packs/Microsoft.AspNetCore.App.Ref/9.0.4/ref/net9.0/Microsoft.AspNetCore.Mvc.Core.dll /reference:/usr/share/dotnet/packs/Microsoft.AspNetCore.App.Ref/9.0.4/ref/net9.0/Microsoft.AspNetCore.Mvc.Cors.dll /reference:/usr/share/dotnet/packs/Microsoft.AspNetCore.App.Ref/9.0.4/ref/net9.0/Microsoft.AspNetCore.Mvc.DataAnnotations.dll /reference:/usr/share/dotnet/packs/Microsoft.AspNetCore.App.Ref/9.0.4/ref/net9.0/Microsoft.AspNetCore.Mvc.dll /reference:/usr/share/dotnet/packs/Microsoft.AspNetCore.App.Ref/9.0.4/ref/net9.0/Microsoft.AspNetCore.Mvc.Formatters.Json.dll /reference:/usr/share/dotnet/packs/Microsoft.AspNetCore.App.Ref/9.0.4/ref/net9.0/Microsoft.AspNetCore.Mvc.Formatters.Xml.dll /reference:/usr/share/dotnet/packs/Microsoft.AspNetCore.App.Ref/9.0.4/ref/net9.0/Microsoft.AspNetCore.Mvc.Localization.dll /reference:/usr/share/dotnet/packs/Microsoft.AspNetCore.App.Ref/9.0.4/ref/net9.0/Microsoft.AspNetCore.Mvc.Razor.dll /reference:/usr/share/dotnet/packs/Microsoft.AspNetCore.App.Ref/9.0.4/ref/net9.0/Microsoft.AspNetCore.Mvc.RazorPages.dll /reference:/usr/share/dotnet/packs/Microsoft.AspNetCore.App.Ref/9.0.4/ref/net9.0/Microsoft.AspNetCore.Mvc.TagHelpers.dll /reference:/usr/share/dotnet/packs/Microsoft.AspNetCore.App.Ref/9.0.4/ref/net9.0/Microsoft.AspNetCore.Mvc.ViewFeatures.dll /reference:/home/quinngil/.nuget/packages/microsoft.aspnetcore.openapi/9.0.4/lib/net9.0/Microsoft.AspNetCore.OpenApi.dll /reference:/usr/share/dotnet/packs/Microsoft.AspNetCore.App.Ref/9.0.4/ref/net9.0/Microsoft.AspNetCore.OutputCaching.dll /reference:/usr/share/dotnet/packs/Microsoft.AspNetCore.App.Ref/9.0.4/ref/net9.0/Microsoft.AspNetCore.RateLimiting.dll /reference:/usr/share/dotnet/packs/Microsoft.AspNetCore.App.Ref/9.0.4/ref/net9.0/Microsoft.AspNetCore.Razor.dll /reference:/usr/share/dotnet/packs/Microsoft.AspNetCore.App.Ref/9.0.4/ref/net9.0/Microsoft.AspNetCore.Razor.Runtime.dll /reference:/usr/share/dotnet/packs/Microsoft.AspNetCore.App.Ref/9.0.4/ref/net9.0/Microsoft.AspNetCore.RequestDecompression.dll /reference:/usr/share/dotnet/packs/Microsoft.AspNetCore.App.Ref/9.0.4/ref/net9.0/Microsoft.AspNetCore.ResponseCaching.Abstractions.dll /reference:/usr/share/dotnet/packs/Microsoft.AspNetCore.App.Ref/9.0.4/ref/net9.0/Microsoft.AspNetCore.ResponseCaching.dll /reference:/usr/share/dotnet/packs/Microsoft.AspNetCore.App.Ref/9.0.4/ref/net9.0/Microsoft.AspNetCore.ResponseCompression.dll /reference:/usr/share/dotnet/packs/Microsoft.AspNetCore.App.Ref/9.0.4/ref/net9.0/Microsoft.AspNetCore.Rewrite.dll /reference:/usr/share/dotnet/packs/Microsoft.AspNetCore.App.Ref/9.0.4/ref/net9.0/Microsoft.AspNetCore.Routing.Abstractions.dll /reference:/usr/share/dotnet/packs/Microsoft.AspNetCore.App.Ref/9.0.4/ref/net9.0/Microsoft.AspNetCore.Routing.dll /reference:/usr/share/dotnet/packs/Microsoft.AspNetCore.App.Ref/9.0.4/ref/net9.0/Microsoft.AspNetCore.Server.HttpSys.dll /reference:/usr/share/dotnet/packs/Microsoft.AspNetCore.App.Ref/9.0.4/ref/net9.0/Microsoft.AspNetCore.Server.IIS.dll /reference:/usr/share/dotnet/packs/Microsoft.AspNetCore.App.Ref/9.0.4/ref/net9.0/Microsoft.AspNetCore.Server.IISIntegration.dll /reference:/usr/share/dotnet/packs/Microsoft.AspNetCore.App.Ref/9.0.4/ref/net9.0/Microsoft.AspNetCore.Server.Kestrel.Core.dll /reference:/usr/share/dotnet/packs/Microsoft.AspNetCore.App.Ref/9.0.4/ref/net9.0/Microsoft.AspNetCore.Server.Kestrel.dll /reference:/usr/share/dotnet/packs/Microsoft.AspNetCore.App.Ref/9.0.4/ref/net9.0/Microsoft.AspNetCore.Server.Kestrel.Transport.NamedPipes.dll /reference:/usr/share/dotnet/packs/Microsoft.AspNetCore.App.Ref/9.0.4/ref/net9.0/Microsoft.AspNetCore.Server.Kestrel.Transport.Quic.dll /reference:/usr/share/dotnet/packs/Microsoft.AspNetCore.App.Ref/9.0.4/ref/net9.0/Microsoft.AspNetCore.Server.Kestrel.Transport.Sockets.dll /reference:/usr/share/dotnet/packs/Microsoft.AspNetCore.App.Ref/9.0.4/ref/net9.0/Microsoft.AspNetCore.Session.dll /reference:/usr/share/dotnet/packs/Microsoft.AspNetCore.App.Ref/9.0.4/ref/net9.0/Microsoft.AspNetCore.SignalR.Common.dll /reference:/usr/share/dotnet/packs/Microsoft.AspNetCore.App.Ref/9.0.4/ref/net9.0/Microsoft.AspNetCore.SignalR.Core.dll /reference:/usr/share/dotnet/packs/Microsoft.AspNetCore.App.Ref/9.0.4/ref/net9.0/Microsoft.AspNetCore.SignalR.dll /reference:/usr/share/dotnet/packs/Microsoft.AspNetCore.App.Ref/9.0.4/ref/net9.0/Microsoft.AspNetCore.SignalR.Protocols.Json.dll /reference:/usr/share/dotnet/packs/Microsoft.AspNetCore.App.Ref/9.0.4/ref/net9.0/Microsoft.AspNetCore.StaticAssets.dll /reference:/usr/share/dotnet/packs/Microsoft.AspNetCore.App.Ref/9.0.4/ref/net9.0/Microsoft.AspNetCore.StaticFiles.dll /reference:/usr/share/dotnet/packs/Microsoft.AspNetCore.App.Ref/9.0.4/ref/net9.0/Microsoft.AspNetCore.WebSockets.dll /reference:/usr/share/dotnet/packs/Microsoft.AspNetCore.App.Ref/9.0.4/ref/net9.0/Microsoft.AspNetCore.WebUtilities.dll /reference:/home/quinngil/.nuget/packages/microsoft.azure.cosmos/3.52.1/lib/netstandard2.0/Microsoft.Azure.Cosmos.Client.dll /reference:/home/quinngil/.nuget/packages/microsoft.azure.cosmos/3.52.1/lib/netstandard2.0/Microsoft.Azure.Cosmos.Core.dll /reference:/home/quinngil/.nuget/packages/microsoft.azure.cosmos/3.52.1/lib/netstandard2.0/Microsoft.Azure.Cosmos.Direct.dll /reference:/home/quinngil/.nuget/packages/microsoft.azure.cosmos/3.52.1/lib/netstandard2.0/Microsoft.Azure.Cosmos.Serialization.HybridRow.dll /reference:/home/quinngil/.nuget/packages/microsoft.bcl.asyncinterfaces/8.0.0/lib/netstandard2.1/Microsoft.Bcl.AsyncInterfaces.dll /reference:/home/quinngil/.nuget/packages/microsoft.bcl.hashcode/1.1.0/ref/netcoreapp2.1/Microsoft.Bcl.HashCode.dll /reference:/usr/share/dotnet/packs/Microsoft.NETCore.App.Ref/9.0.4/ref/net9.0/Microsoft.CSharp.dll /reference:/usr/share/dotnet/packs/Microsoft.AspNetCore.App.Ref/9.0.4/ref/net9.0/Microsoft.Extensions.Caching.Abstractions.dll /reference:/usr/share/dotnet/packs/Microsoft.AspNetCore.App.Ref/9.0.4/ref/net9.0/Microsoft.Extensions.Caching.Memory.dll /reference:/home/quinngil/.nuget/packages/microsoft.extensions.configuration.abstractions/9.0.5/lib/net9.0/Microsoft.Extensions.Configuration.Abstractions.dll /reference:/usr/share/dotnet/packs/Microsoft.AspNetCore.App.Ref/9.0.4/ref/net9.0/Microsoft.Extensions.Configuration.Binder.dll /reference:/usr/share/dotnet/packs/Microsoft.AspNetCore.App.Ref/9.0.4/ref/net9.0/Microsoft.Extensions.Configuration.CommandLine.dll /reference:/home/quinngil/.nuget/packages/microsoft.extensions.configuration/9.0.5/lib/net9.0/Microsoft.Extensions.Configuration.dll /reference:/usr/share/dotnet/packs/Microsoft.AspNetCore.App.Ref/9.0.4/ref/net9.0/Microsoft.Extensions.Configuration.EnvironmentVariables.dll /reference:/home/quinngil/.nuget/packages/microsoft.extensions.configuration.fileextensions/9.0.5/lib/net9.0/Microsoft.Extensions.Configuration.FileExtensions.dll /reference:/usr/share/dotnet/packs/Microsoft.AspNetCore.App.Ref/9.0.4/ref/net9.0/Microsoft.Extensions.Configuration.Ini.dll /reference:/home/quinngil/.nuget/packages/microsoft.extensions.configuration.json/9.0.5/lib/net9.0/Microsoft.Extensions.Configuration.Json.dll /reference:/usr/share/dotnet/packs/Microsoft.AspNetCore.App.Ref/9.0.4/ref/net9.0/Microsoft.Extensions.Configuration.KeyPerFile.dll /reference:/usr/share/dotnet/packs/Microsoft.AspNetCore.App.Ref/9.0.4/ref/net9.0/Microsoft.Extensions.Configuration.UserSecrets.dll /reference:/usr/share/dotnet/packs/Microsoft.AspNetCore.App.Ref/9.0.4/ref/net9.0/Microsoft.Extensions.Configuration.Xml.dll /reference:/usr/share/dotnet/packs/Microsoft.AspNetCore.App.Ref/9.0.4/ref/net9.0/Microsoft.Extensions.DependencyInjection.Abstractions.dll /reference:/usr/share/dotnet/packs/Microsoft.AspNetCore.App.Ref/9.0.4/ref/net9.0/Microsoft.Extensions.DependencyInjection.dll /reference:/usr/share/dotnet/packs/Microsoft.AspNetCore.App.Ref/9.0.4/ref/net9.0/Microsoft.Extensions.Diagnostics.Abstractions.dll /reference:/usr/share/dotnet/packs/Microsoft.AspNetCore.App.Ref/9.0.4/ref/net9.0/Microsoft.Extensions.Diagnostics.dll /reference:/usr/share/dotnet/packs/Microsoft.AspNetCore.App.Ref/9.0.4/ref/net9.0/Microsoft.Extensions.Diagnostics.HealthChecks.Abstractions.dll /reference:/usr/share/dotnet/packs/Microsoft.AspNetCore.App.Ref/9.0.4/ref/net9.0/Microsoft.Extensions.Diagnostics.HealthChecks.dll /reference:/usr/share/dotnet/packs/Microsoft.AspNetCore.App.Ref/9.0.4/ref/net9.0/Microsoft.Extensions.Features.dll /reference:/home/quinngil/.nuget/packages/microsoft.extensions.fileproviders.abstractions/9.0.5/lib/net9.0/Microsoft.Extensions.FileProviders.Abstractions.dll /reference:/usr/share/dotnet/packs/Microsoft.AspNetCore.App.Ref/9.0.4/ref/net9.0/Microsoft.Extensions.FileProviders.Composite.dll /reference:/usr/share/dotnet/packs/Microsoft.AspNetCore.App.Ref/9.0.4/ref/net9.0/Microsoft.Extensions.FileProviders.Embedded.dll /reference:/home/quinngil/.nuget/packages/microsoft.extensions.fileproviders.physical/9.0.5/lib/net9.0/Microsoft.Extensions.FileProviders.Physical.dll /reference:/home/quinngil/.nuget/packages/microsoft.extensions.filesystemglobbing/9.0.5/lib/net9.0/Microsoft.Extensions.FileSystemGlobbing.dll /reference:/usr/share/dotnet/packs/Microsoft.AspNetCore.App.Ref/9.0.4/ref/net9.0/Microsoft.Extensions.Hosting.Abstractions.dll /reference:/usr/share/dotnet/packs/Microsoft.AspNetCore.App.Ref/9.0.4/ref/net9.0/Microsoft.Extensions.Hosting.dll /reference:/usr/share/dotnet/packs/Microsoft.AspNetCore.App.Ref/9.0.4/ref/net9.0/Microsoft.Extensions.Http.dll /reference:/usr/share/dotnet/packs/Microsoft.AspNetCore.App.Ref/9.0.4/ref/net9.0/Microsoft.Extensions.Identity.Core.dll /reference:/usr/share/dotnet/packs/Microsoft.AspNetCore.App.Ref/9.0.4/ref/net9.0/Microsoft.Extensions.Identity.Stores.dll /reference:/usr/share/dotnet/packs/Microsoft.AspNetCore.App.Ref/9.0.4/ref/net9.0/Microsoft.Extensions.Localization.Abstractions.dll /reference:/usr/share/dotnet/packs/Microsoft.AspNetCore.App.Ref/9.0.4/ref/net9.0/Microsoft.Extensions.Localization.dll /reference:/usr/share/dotnet/packs/Microsoft.AspNetCore.App.Ref/9.0.4/ref/net9.0/Microsoft.Extensions.Logging.Abstractions.dll /reference:/usr/share/dotnet/packs/Microsoft.AspNetCore.App.Ref/9.0.4/ref/net9.0/Microsoft.Extensions.Logging.Configuration.dll /reference:/usr/share/dotnet/packs/Microsoft.AspNetCore.App.Ref/9.0.4/ref/net9.0/Microsoft.Extensions.Logging.Console.dll /reference:/usr/share/dotnet/packs/Microsoft.AspNetCore.App.Ref/9.0.4/ref/net9.0/Microsoft.Extensions.Logging.Debug.dll /reference:/usr/share/dotnet/packs/Microsoft.AspNetCore.App.Ref/9.0.4/ref/net9.0/Microsoft.Extensions.Logging.dll /reference:/usr/share/dotnet/packs/Microsoft.AspNetCore.App.Ref/9.0.4/ref/net9.0/Microsoft.Extensions.Logging.EventLog.dll /reference:/usr/share/dotnet/packs/Microsoft.AspNetCore.App.Ref/9.0.4/ref/net9.0/Microsoft.Extensions.Logging.EventSource.dll /reference:/usr/share/dotnet/packs/Microsoft.AspNetCore.App.Ref/9.0.4/ref/net9.0/Microsoft.Extensions.Logging.TraceSource.dll /reference:/usr/share/dotnet/packs/Microsoft.AspNetCore.App.Ref/9.0.4/ref/net9.0/Microsoft.Extensions.ObjectPool.dll /reference:/usr/share/dotnet/packs/Microsoft.AspNetCore.App.Ref/9.0.4/ref/net9.0/Microsoft.Extensions.Options.ConfigurationExtensions.dll /reference:/usr/share/dotnet/packs/Microsoft.AspNetCore.App.Ref/9.0.4/ref/net9.0/Microsoft.Extensions.Options.DataAnnotations.dll /reference:/usr/share/dotnet/packs/Microsoft.AspNetCore.App.Ref/9.0.4/ref/net9.0/Microsoft.Extensions.Options.dll /reference:/home/quinngil/.nuget/packages/microsoft.extensions.primitives/9.0.5/lib/net9.0/Microsoft.Extensions.Primitives.dll /reference:/usr/share/dotnet/packs/Microsoft.AspNetCore.App.Ref/9.0.4/ref/net9.0/Microsoft.Extensions.WebEncoders.dll /reference:/home/quinngil/.nuget/packages/microsoft.identitymodel.abstractions/8.0.1/lib/net9.0/Microsoft.IdentityModel.Abstractions.dll /reference:/home/quinngil/.nuget/packages/microsoft.identitymodel.jsonwebtokens/8.0.1/lib/net9.0/Microsoft.IdentityModel.JsonWebTokens.dll /reference:/home/quinngil/.nuget/packages/microsoft.identitymodel.logging/8.0.1/lib/net9.0/Microsoft.IdentityModel.Logging.dll /reference:/home/quinngil/.nuget/packages/microsoft.identitymodel.protocols/8.0.1/lib/net9.0/Microsoft.IdentityModel.Protocols.dll /reference:/home/quinngil/.nuget/packages/microsoft.identitymodel.protocols.openidconnect/8.0.1/lib/net9.0/Microsoft.IdentityModel.Protocols.OpenIdConnect.dll /reference:/home/quinngil/.nuget/packages/microsoft.identitymodel.tokens/8.0.1/lib/net9.0/Microsoft.IdentityModel.Tokens.dll /reference:/usr/share/dotnet/packs/Microsoft.AspNetCore.App.Ref/9.0.4/ref/net9.0/Microsoft.JSInterop.dll /reference:/usr/share/dotnet/packs/Microsoft.AspNetCore.App.Ref/9.0.4/ref/net9.0/Microsoft.Net.Http.Headers.dll /reference:/home/quinngil/.nuget/packages/microsoft.openapi/1.6.17/lib/netstandard2.0/Microsoft.OpenApi.dll /reference:/usr/share/dotnet/packs/Microsoft.NETCore.App.Ref/9.0.4/ref/net9.0/Microsoft.VisualBasic.Core.dll /reference:/usr/share/dotnet/packs/Microsoft.NETCore.App.Ref/9.0.4/ref/net9.0/Microsoft.VisualBasic.dll /reference:/usr/share/dotnet/packs/Microsoft.NETCore.App.Ref/9.0.4/ref/net9.0/Microsoft.Win32.Primitives.dll /reference:/usr/share/dotnet/packs/Microsoft.NETCore.App.Ref/9.0.4/ref/net9.0/Microsoft.Win32.Registry.dll /reference:/home/quinngil/.nuget/packages/microsoft.win32.systemevents/6.0.0/lib/net6.0/Microsoft.Win32.SystemEvents.dll /reference:/usr/share/dotnet/packs/Microsoft.NETCore.App.Ref/9.0.4/ref/net9.0/mscorlib.dll /reference:/usr/share/dotnet/packs/Microsoft.NETCore.App.Ref/9.0.4/ref/net9.0/netstandard.dll /reference:/home/quinngil/.nuget/packages/newtonsoft.json/13.0.3/lib/net6.0/Newtonsoft.Json.dll /reference:/usr/share/dotnet/packs/Microsoft.NETCore.App.Ref/9.0.4/ref/net9.0/System.AppContext.dll /reference:/usr/share/dotnet/packs/Microsoft.NETCore.App.Ref/9.0.4/ref/net9.0/System.Buffers.dll /reference:/home/quinngil/.nuget/packages/system.clientmodel/1.5.1/lib/net8.0/System.ClientModel.dll /reference:/usr/share/dotnet/packs/Microsoft.NETCore.App.Ref/9.0.4/ref/net9.0/System.Collections.Concurrent.dll /reference:/usr/share/dotnet/packs/Microsoft.NETCore.App.Ref/9.0.4/ref/net9.0/System.Collections.dll /reference:/usr/share/dotnet/packs/Microsoft.NETCore.App.Ref/9.0.4/ref/net9.0/System.Collections.Immutable.dll /reference:/usr/share/dotnet/packs/Microsoft.NETCore.App.Ref/9.0.4/ref/net9.0/System.Collections.NonGeneric.dll /reference:/usr/share/dotnet/packs/Microsoft.NETCore.App.Ref/9.0.4/ref/net9.0/System.Collections.Specialized.dll /reference:/usr/share/dotnet/packs/Microsoft.NETCore.App.Ref/9.0.4/ref/net9.0/System.ComponentModel.Annotations.dll /reference:/usr/share/dotnet/packs/Microsoft.NETCore.App.Ref/9.0.4/ref/net9.0/System.ComponentModel.DataAnnotations.dll /reference:/usr/share/dotnet/packs/Microsoft.NETCore.App.Ref/9.0.4/ref/net9.0/System.ComponentModel.dll /reference:/usr/share/dotnet/packs/Microsoft.NETCore.App.Ref/9.0.4/ref/net9.0/System.ComponentModel.EventBasedAsync.dll /reference:/usr/share/dotnet/packs/Microsoft.NETCore.App.Ref/9.0.4/ref/net9.0/System.ComponentModel.Primitives.dll /reference:/usr/share/dotnet/packs/Microsoft.NETCore.App.Ref/9.0.4/ref/net9.0/System.ComponentModel.TypeConverter.dll /reference:/home/quinngil/.nuget/packages/system.configuration.configurationmanager/6.0.0/lib/net6.0/System.Configuration.ConfigurationManager.dll /reference:/usr/share/dotnet/packs/Microsoft.NETCore.App.Ref/9.0.4/ref/net9.0/System.Configuration.dll /reference:/usr/share/dotnet/packs/Microsoft.NETCore.App.Ref/9.0.4/ref/net9.0/System.Console.dll /reference:/usr/share/dotnet/packs/Microsoft.NETCore.App.Ref/9.0.4/ref/net9.0/System.Core.dll /reference:/usr/share/dotnet/packs/Microsoft.NETCore.App.Ref/9.0.4/ref/net9.0/System.Data.Common.dll /reference:/usr/share/dotnet/packs/Microsoft.NETCore.App.Ref/9.0.4/ref/net9.0/System.Data.DataSetExtensions.dll /reference:/usr/share/dotnet/packs/Microsoft.NETCore.App.Ref/9.0.4/ref/net9.0/System.Data.dll /reference:/usr/share/dotnet/packs/Microsoft.NETCore.App.Ref/9.0.4/ref/net9.0/System.Diagnostics.Contracts.dll /reference:/usr/share/dotnet/packs/Microsoft.NETCore.App.Ref/9.0.4/ref/net9.0/System.Diagnostics.Debug.dll /reference:/usr/share/dotnet/packs/Microsoft.NETCore.App.Ref/9.0.4/ref/net9.0/System.Diagnostics.DiagnosticSource.dll /reference:/usr/share/dotnet/packs/Microsoft.AspNetCore.App.Ref/9.0.4/ref/net9.0/System.Diagnostics.EventLog.dll /reference:/usr/share/dotnet/packs/Microsoft.NETCore.App.Ref/9.0.4/ref/net9.0/System.Diagnostics.FileVersionInfo.dll /reference:/usr/share/dotnet/packs/Microsoft.NETCore.App.Ref/9.0.4/ref/net9.0/System.Diagnostics.Process.dll /reference:/usr/share/dotnet/packs/Microsoft.NETCore.App.Ref/9.0.4/ref/net9.0/System.Diagnostics.StackTrace.dll /reference:/usr/share/dotnet/packs/Microsoft.NETCore.App.Ref/9.0.4/ref/net9.0/System.Diagnostics.TextWriterTraceListener.dll /reference:/usr/share/dotnet/packs/Microsoft.NETCore.App.Ref/9.0.4/ref/net9.0/System.Diagnostics.Tools.dll /reference:/usr/share/dotnet/packs/Microsoft.NETCore.App.Ref/9.0.4/ref/net9.0/System.Diagnostics.TraceSource.dll /reference:/usr/share/dotnet/packs/Microsoft.NETCore.App.Ref/9.0.4/ref/net9.0/System.Diagnostics.Tracing.dll /reference:/usr/share/dotnet/packs/Microsoft.NETCore.App.Ref/9.0.4/ref/net9.0/System.dll /reference:/home/quinngil/.nuget/packages/system.drawing.common/6.0.0/lib/net6.0/System.Drawing.Common.dll /reference:/usr/share/dotnet/packs/Microsoft.NETCore.App.Ref/9.0.4/ref/net9.0/System.Drawing.dll /reference:/usr/share/dotnet/packs/Microsoft.NETCore.App.Ref/9.0.4/ref/net9.0/System.Drawing.Primitives.dll /reference:/usr/share/dotnet/packs/Microsoft.NETCore.App.Ref/9.0.4/ref/net9.0/System.Dynamic.Runtime.dll /reference:/usr/share/dotnet/packs/Microsoft.NETCore.App.Ref/9.0.4/ref/net9.0/System.Formats.Asn1.dll /reference:/usr/share/dotnet/packs/Microsoft.NETCore.App.Ref/9.0.4/ref/net9.0/System.Formats.Tar.dll /reference:/usr/share/dotnet/packs/Microsoft.NETCore.App.Ref/9.0.4/ref/net9.0/System.Globalization.Calendars.dll /reference:/usr/share/dotnet/packs/Microsoft.NETCore.App.Ref/9.0.4/ref/net9.0/System.Globalization.dll /reference:/usr/share/dotnet/packs/Microsoft.NETCore.App.Ref/9.0.4/ref/net9.0/System.Globalization.Extensions.dll /reference:/home/quinngil/.nuget/packages/system.identitymodel.tokens.jwt/8.0.1/lib/net9.0/System.IdentityModel.Tokens.Jwt.dll /reference:/usr/share/dotnet/packs/Microsoft.NETCore.App.Ref/9.0.4/ref/net9.0/System.IO.Compression.Brotli.dll /reference:/usr/share/dotnet/packs/Microsoft.NETCore.App.Ref/9.0.4/ref/net9.0/System.IO.Compression.dll /reference:/usr/share/dotnet/packs/Microsoft.NETCore.App.Ref/9.0.4/ref/net9.0/System.IO.Compression.FileSystem.dll /reference:/usr/share/dotnet/packs/Microsoft.NETCore.App.Ref/9.0.4/ref/net9.0/System.IO.Compression.ZipFile.dll /reference:/usr/share/dotnet/packs/Microsoft.NETCore.App.Ref/9.0.4/ref/net9.0/System.IO.dll /reference:/usr/share/dotnet/packs/Microsoft.NETCore.App.Ref/9.0.4/ref/net9.0/System.IO.FileSystem.AccessControl.dll /reference:/usr/share/dotnet/packs/Microsoft.NETCore.App.Ref/9.0.4/ref/net9.0/System.IO.FileSystem.dll /reference:/usr/share/dotnet/packs/Microsoft.NETCore.App.Ref/9.0.4/ref/net9.0/System.IO.FileSystem.DriveInfo.dll /reference:/usr/share/dotnet/packs/Microsoft.NETCore.App.Ref/9.0.4/ref/net9.0/System.IO.FileSystem.Primitives.dll /reference:/usr/share/dotnet/packs/Microsoft.NETCore.App.Ref/9.0.4/ref/net9.0/System.IO.FileSystem.Watcher.dll /reference:/home/quinngil/.nuget/packages/system.io.hashing/8.0.0/lib/net8.0/System.IO.Hashing.dll /reference:/usr/share/dotnet/packs/Microsoft.NETCore.App.Ref/9.0.4/ref/net9.0/System.IO.IsolatedStorage.dll /reference:/usr/share/dotnet/packs/Microsoft.NETCore.App.Ref/9.0.4/ref/net9.0/System.IO.MemoryMappedFiles.dll /reference:/usr/share/dotnet/packs/Microsoft.NETCore.App.Ref/9.0.4/ref/net9.0/System.IO.Pipelines.dll /reference:/usr/share/dotnet/packs/Microsoft.NETCore.App.Ref/9.0.4/ref/net9.0/System.IO.Pipes.AccessControl.dll /reference:/usr/share/dotnet/packs/Microsoft.NETCore.App.Ref/9.0.4/ref/net9.0/System.IO.Pipes.dll /reference:/usr/share/dotnet/packs/Microsoft.NETCore.App.Ref/9.0.4/ref/net9.0/System.IO.UnmanagedMemoryStream.dll /reference:/usr/share/dotnet/packs/Microsoft.NETCore.App.Ref/9.0.4/ref/net9.0/System.Linq.dll /reference:/usr/share/dotnet/packs/Microsoft.NETCore.App.Ref/9.0.4/ref/net9.0/System.Linq.Expressions.dll /reference:/usr/share/dotnet/packs/Microsoft.NETCore.App.Ref/9.0.4/ref/net9.0/System.Linq.Parallel.dll /reference:/usr/share/dotnet/packs/Microsoft.NETCore.App.Ref/9.0.4/ref/net9.0/System.Linq.Queryable.dll /reference:/home/quinngil/.nuget/packages/system.memory.data/8.0.1/lib/net8.0/System.Memory.Data.dll /reference:/usr/share/dotnet/packs/Microsoft.NETCore.App.Ref/9.0.4/ref/net9.0/System.Memory.dll /reference:/usr/share/dotnet/packs/Microsoft.NETCore.App.Ref/9.0.4/ref/net9.0/System.Net.dll /reference:/usr/share/dotnet/packs/Microsoft.NETCore.App.Ref/9.0.4/ref/net9.0/System.Net.Http.dll /reference:/usr/share/dotnet/packs/Microsoft.NETCore.App.Ref/9.0.4/ref/net9.0/System.Net.Http.Json.dll /reference:/usr/share/dotnet/packs/Microsoft.NETCore.App.Ref/9.0.4/ref/net9.0/System.Net.HttpListener.dll /reference:/usr/share/dotnet/packs/Microsoft.NETCore.App.Ref/9.0.4/ref/net9.0/System.Net.Mail.dll /reference:/usr/share/dotnet/packs/Microsoft.NETCore.App.Ref/9.0.4/ref/net9.0/System.Net.NameResolution.dll /reference:/usr/share/dotnet/packs/Microsoft.NETCore.App.Ref/9.0.4/ref/net9.0/System.Net.NetworkInformation.dll /reference:/usr/share/dotnet/packs/Microsoft.NETCore.App.Ref/9.0.4/ref/net9.0/System.Net.Ping.dll /reference:/usr/share/dotnet/packs/Microsoft.NETCore.App.Ref/9.0.4/ref/net9.0/System.Net.Primitives.dll /reference:/usr/share/dotnet/packs/Microsoft.NETCore.App.Ref/9.0.4/ref/net9.0/System.Net.Quic.dll /reference:/usr/share/dotnet/packs/Microsoft.NETCore.App.Ref/9.0.4/ref/net9.0/System.Net.Requests.dll /reference:/usr/share/dotnet/packs/Microsoft.NETCore.App.Ref/9.0.4/ref/net9.0/System.Net.Security.dll /reference:/usr/share/dotnet/packs/Microsoft.NETCore.App.Ref/9.0.4/ref/net9.0/System.Net.ServicePoint.dll /reference:/usr/share/dotnet/packs/Microsoft.NETCore.App.Ref/9.0.4/ref/net9.0/System.Net.Sockets.dll /reference:/usr/share/dotnet/packs/Microsoft.NETCore.App.Ref/9.0.4/ref/net9.0/System.Net.WebClient.dll /reference:/usr/share/dotnet/packs/Microsoft.NETCore.App.Ref/9.0.4/ref/net9.0/System.Net.WebHeaderCollection.dll /reference:/usr/share/dotnet/packs/Microsoft.NETCore.App.Ref/9.0.4/ref/net9.0/System.Net.WebProxy.dll /reference:/usr/share/dotnet/packs/Microsoft.NETCore.App.Ref/9.0.4/ref/net9.0/System.Net.WebSockets.Client.dll /reference:/usr/share/dotnet/packs/Microsoft.NETCore.App.Ref/9.0.4/ref/net9.0/System.Net.WebSockets.dll /reference:/usr/share/dotnet/packs/Microsoft.NETCore.App.Ref/9.0.4/ref/net9.0/System.Numerics.dll /reference:/usr/share/dotnet/packs/Microsoft.NETCore.App.Ref/9.0.4/ref/net9.0/System.Numerics.Vectors.dll /reference:/usr/share/dotnet/packs/Microsoft.NETCore.App.Ref/9.0.4/ref/net9.0/System.ObjectModel.dll /reference:/usr/share/dotnet/packs/Microsoft.NETCore.App.Ref/9.0.4/ref/net9.0/System.Reflection.DispatchProxy.dll /reference:/usr/share/dotnet/packs/Microsoft.NETCore.App.Ref/9.0.4/ref/net9.0/System.Reflection.dll /reference:/usr/share/dotnet/packs/Microsoft.NETCore.App.Ref/9.0.4/ref/net9.0/System.Reflection.Emit.dll /reference:/usr/share/dotnet/packs/Microsoft.NETCore.App.Ref/9.0.4/ref/net9.0/System.Reflection.Emit.ILGeneration.dll /reference:/usr/share/dotnet/packs/Microsoft.NETCore.App.Ref/9.0.4/ref/net9.0/System.Reflection.Emit.Lightweight.dll /reference:/usr/share/dotnet/packs/Microsoft.NETCore.App.Ref/9.0.4/ref/net9.0/System.Reflection.Extensions.dll /reference:/usr/share/dotnet/packs/Microsoft.NETCore.App.Ref/9.0.4/ref/net9.0/System.Reflection.Metadata.dll /reference:/usr/share/dotnet/packs/Microsoft.NETCore.App.Ref/9.0.4/ref/net9.0/System.Reflection.Primitives.dll /reference:/usr/share/dotnet/packs/Microsoft.NETCore.App.Ref/9.0.4/ref/net9.0/System.Reflection.TypeExtensions.dll /reference:/usr/share/dotnet/packs/Microsoft.NETCore.App.Ref/9.0.4/ref/net9.0/System.Resources.Reader.dll /reference:/usr/share/dotnet/packs/Microsoft.NETCore.App.Ref/9.0.4/ref/net9.0/System.Resources.ResourceManager.dll /reference:/usr/share/dotnet/packs/Microsoft.NETCore.App.Ref/9.0.4/ref/net9.0/System.Resources.Writer.dll /reference:/usr/share/dotnet/packs/Microsoft.NETCore.App.Ref/9.0.4/ref/net9.0/System.Runtime.CompilerServices.Unsafe.dll /reference:/usr/share/dotnet/packs/Microsoft.NETCore.App.Ref/9.0.4/ref/net9.0/System.Runtime.CompilerServices.VisualC.dll /reference:/usr/share/dotnet/packs/Microsoft.NETCore.App.Ref/9.0.4/ref/net9.0/System.Runtime.dll /reference:/usr/share/dotnet/packs/Microsoft.NETCore.App.Ref/9.0.4/ref/net9.0/System.Runtime.Extensions.dll /reference:/usr/share/dotnet/packs/Microsoft.NETCore.App.Ref/9.0.4/ref/net9.0/System.Runtime.Handles.dll /reference:/usr/share/dotnet/packs/Microsoft.NETCore.App.Ref/9.0.4/ref/net9.0/System.Runtime.InteropServices.dll /reference:/usr/share/dotnet/packs/Microsoft.NETCore.App.Ref/9.0.4/ref/net9.0/System.Runtime.InteropServices.JavaScript.dll /reference:/usr/share/dotnet/packs/Microsoft.NETCore.App.Ref/9.0.4/ref/net9.0/System.Runtime.InteropServices.RuntimeInformation.dll /reference:/usr/share/dotnet/packs/Microsoft.NETCore.App.Ref/9.0.4/ref/net9.0/System.Runtime.Intrinsics.dll /reference:/usr/share/dotnet/packs/Microsoft.NETCore.App.Ref/9.0.4/ref/net9.0/System.Runtime.Loader.dll /reference:/usr/share/dotnet/packs/Microsoft.NETCore.App.Ref/9.0.4/ref/net9.0/System.Runtime.Numerics.dll /reference:/usr/share/dotnet/packs/Microsoft.NETCore.App.Ref/9.0.4/ref/net9.0/System.Runtime.Serialization.dll /reference:/usr/share/dotnet/packs/Microsoft.NETCore.App.Ref/9.0.4/ref/net9.0/System.Runtime.Serialization.Formatters.dll /reference:/usr/share/dotnet/packs/Microsoft.NETCore.App.Ref/9.0.4/ref/net9.0/System.Runtime.Serialization.Json.dll /reference:/usr/share/dotnet/packs/Microsoft.NETCore.App.Ref/9.0.4/ref/net9.0/System.Runtime.Serialization.Primitives.dll /reference:/usr/share/dotnet/packs/Microsoft.NETCore.App.Ref/9.0.4/ref/net9.0/System.Runtime.Serialization.Xml.dll /reference:/usr/share/dotnet/packs/Microsoft.NETCore.App.Ref/9.0.4/ref/net9.0/System.Security.AccessControl.dll /reference:/usr/share/dotnet/packs/Microsoft.NETCore.App.Ref/9.0.4/ref/net9.0/System.Security.Claims.dll /reference:/usr/share/dotnet/packs/Microsoft.NETCore.App.Ref/9.0.4/ref/net9.0/System.Security.Cryptography.Algorithms.dll /reference:/usr/share/dotnet/packs/Microsoft.NETCore.App.Ref/9.0.4/ref/net9.0/System.Security.Cryptography.Cng.dll /reference:/usr/share/dotnet/packs/Microsoft.NETCore.App.Ref/9.0.4/ref/net9.0/System.Security.Cryptography.Csp.dll /reference:/usr/share/dotnet/packs/Microsoft.NETCore.App.Ref/9.0.4/ref/net9.0/System.Security.Cryptography.dll /reference:/usr/share/dotnet/packs/Microsoft.NETCore.App.Ref/9.0.4/ref/net9.0/System.Security.Cryptography.Encoding.dll /reference:/usr/share/dotnet/packs/Microsoft.NETCore.App.Ref/9.0.4/ref/net9.0/System.Security.Cryptography.OpenSsl.dll /reference:/usr/share/dotnet/packs/Microsoft.NETCore.App.Ref/9.0.4/ref/net9.0/System.Security.Cryptography.Primitives.dll /reference:/home/quinngil/.nuget/packages/system.security.cryptography.protecteddata/6.0.0/lib/net6.0/System.Security.Cryptography.ProtectedData.dll /reference:/usr/share/dotnet/packs/Microsoft.NETCore.App.Ref/9.0.4/ref/net9.0/System.Security.Cryptography.X509Certificates.dll /reference:/usr/share/dotnet/packs/Microsoft.AspNetCore.App.Ref/9.0.4/ref/net9.0/System.Security.Cryptography.Xml.dll /reference:/usr/share/dotnet/packs/Microsoft.NETCore.App.Ref/9.0.4/ref/net9.0/System.Security.dll /reference:/home/quinngil/.nuget/packages/system.security.permissions/6.0.0/lib/net6.0/System.Security.Permissions.dll /reference:/usr/share/dotnet/packs/Microsoft.NETCore.App.Ref/9.0.4/ref/net9.0/System.Security.Principal.dll /reference:/usr/share/dotnet/packs/Microsoft.NETCore.App.Ref/9.0.4/ref/net9.0/System.Security.Principal.Windows.dll /reference:/usr/share/dotnet/packs/Microsoft.NETCore.App.Ref/9.0.4/ref/net9.0/System.Security.SecureString.dll /reference:/usr/share/dotnet/packs/Microsoft.NETCore.App.Ref/9.0.4/ref/net9.0/System.ServiceModel.Web.dll /reference:/usr/share/dotnet/packs/Microsoft.NETCore.App.Ref/9.0.4/ref/net9.0/System.ServiceProcess.dll /reference:/usr/share/dotnet/packs/Microsoft.NETCore.App.Ref/9.0.4/ref/net9.0/System.Text.Encoding.CodePages.dll /reference:/usr/share/dotnet/packs/Microsoft.NETCore.App.Ref/9.0.4/ref/net9.0/System.Text.Encoding.dll /reference:/usr/share/dotnet/packs/Microsoft.NETCore.App.Ref/9.0.4/ref/net9.0/System.Text.Encoding.Extensions.dll /reference:/usr/share/dotnet/packs/Microsoft.NETCore.App.Ref/9.0.4/ref/net9.0/System.Text.Encodings.Web.dll /reference:/home/quinngil/.nuget/packages/system.text.json/9.0.8/lib/net9.0/System.Text.Json.dll /reference:/usr/share/dotnet/packs/Microsoft.NETCore.App.Ref/9.0.4/ref/net9.0/System.Text.RegularExpressions.dll /reference:/usr/share/dotnet/packs/Microsoft.NETCore.App.Ref/9.0.4/ref/net9.0/System.Threading.Channels.dll /reference:/usr/share/dotnet/packs/Microsoft.NETCore.App.Ref/9.0.4/ref/net9.0/System.Threading.dll /reference:/usr/share/dotnet/packs/Microsoft.NETCore.App.Ref/9.0.4/ref/net9.0/System.Threading.Overlapped.dll /reference:/usr/share/dotnet/packs/Microsoft.AspNetCore.App.Ref/9.0.4/ref/net9.0/System.Threading.RateLimiting.dll /reference:/usr/share/dotnet/packs/Microsoft.NETCore.App.Ref/9.0.4/ref/net9.0/System.Threading.Tasks.Dataflow.dll /reference:/usr/share/dotnet/packs/Microsoft.NETCore.App.Ref/9.0.4/ref/net9.0/System.Threading.Tasks.dll /reference:/usr/share/dotnet/packs/Microsoft.NETCore.App.Ref/9.0.4/ref/net9.0/System.Threading.Tasks.Extensions.dll /reference:/usr/share/dotnet/packs/Microsoft.NETCore.App.Ref/9.0.4/ref/net9.0/System.Threading.Tasks.Parallel.dll /reference:/usr/share/dotnet/packs/Microsoft.NETCore.App.Ref/9.0.4/ref/net9.0/System.Threading.Thread.dll /reference:/usr/share/dotnet/packs/Microsoft.NETCore.App.Ref/9.0.4/ref/net9.0/System.Threading.ThreadPool.dll /reference:/usr/share/dotnet/packs/Microsoft.NETCore.App.Ref/9.0.4/ref/net9.0/System.Threading.Timer.dll /reference:/usr/share/dotnet/packs/Microsoft.NETCore.App.Ref/9.0.4/ref/net9.0/System.Transactions.dll /reference:/usr/share/dotnet/packs/Microsoft.NETCore.App.Ref/9.0.4/ref/net9.0/System.Transactions.Local.dll /reference:/usr/share/dotnet/packs/Microsoft.NETCore.App.Ref/9.0.4/ref/net9.0/System.ValueTuple.dll /reference:/usr/share/dotnet/packs/Microsoft.NETCore.App.Ref/9.0.4/ref/net9.0/System.Web.dll /reference:/usr/share/dotnet/packs/Microsoft.NETCore.App.Ref/9.0.4/ref/net9.0/System.Web.HttpUtility.dll /reference:/usr/share/dotnet/packs/Microsoft.NETCore.App.Ref/9.0.4/ref/net9.0/System.Windows.dll /reference:/home/quinngil/.nuget/packages/system.windows.extensions/6.0.0/lib/net6.0/System.Windows.Extensions.dll /reference:/usr/share/dotnet/packs/Microsoft.NETCore.App.Ref/9.0.4/ref/net9.0/System.Xml.dll /reference:/usr/share/dotnet/packs/Microsoft.NETCore.App.Ref/9.0.4/ref/net9.0/System.Xml.Linq.dll /reference:/usr/share/dotnet/packs/Microsoft.NETCore.App.Ref/9.0.4/ref/net9.0/System.Xml.ReaderWriter.dll /reference:/usr/share/dotnet/packs/Microsoft.NETCore.App.Ref/9.0.4/ref/net9.0/System.Xml.Serialization.dll /reference:/usr/share/dotnet/packs/Microsoft.NETCore.App.Ref/9.0.4/ref/net9.0/System.Xml.XDocument.dll /reference:/usr/share/dotnet/packs/Microsoft.NETCore.App.Ref/9.0.4/ref/net9.0/System.Xml.XmlDocument.dll /reference:/usr/share/dotnet/packs/Microsoft.NETCore.App.Ref/9.0.4/ref/net9.0/System.Xml.XmlSerializer.dll /reference:/usr/share/dotnet/packs/Microsoft.NETCore.App.Ref/9.0.4/ref/net9.0/System.Xml.XPath.dll /reference:/usr/share/dotnet/packs/Microsoft.NETCore.App.Ref/9.0.4/ref/net9.0/System.Xml.XPath.XDocument.dll /reference:/usr/share/dotnet/packs/Microsoft.NETCore.App.Ref/9.0.4/ref/net9.0/WindowsBase.dll /reference:/home/quinngil/.nuget/packages/yarp.reverseproxy/2.2.0/lib/net8.0/Yarp.ReverseProxy.dll /debug+ /debug:portable /filealign:512 /optimize+ /out:obj/Release/net9.0/App.MtgDiscovery.GraphQL.dll /refout:obj/Release/net9.0/refint/App.MtgDiscovery.GraphQL.dll /reportanalyzer /target:exe /warnaserror+ /utf8output /deterministic+ /sourcelink:obj/Release/net9.0/App.MtgDiscovery.GraphQL.sourcelink.json /langversion:latest /features:strict /embed:"obj/Release/net9.0/.NETCoreApp,Version=v9.0.AssemblyAttributes.cs" /embed:obj/Release/net9.0/App.MtgDiscovery.GraphQL.AssemblyInfo.cs /embed:obj/Release/net9.0/App.MtgDiscovery.GraphQL.MvcApplicationPartsAssemblyInfo.cs /analyzerconfig:/mnt/d/src/MtgDiscoveryVibeWorkspace/IMPLS/src/.editorconfig /analyzerconfig:obj/Release/net9.0/App.MtgDiscovery.GraphQL.GeneratedMSBuildEditorConfig.editorconfig /analyzerconfig:/usr/share/dotnet/sdk/9.0.203/Sdks/Microsoft.NET.Sdk/analyzers/build/config/analysislevel_9_all_warnaserror.globalconfig /analyzer:/usr/share/dotnet/sdk/9.0.203/Sdks/Microsoft.NET.Sdk.Web/analyzers/cs/Microsoft.AspNetCore.Analyzers.dll /analyzer:/usr/share/dotnet/sdk/9.0.203/Sdks/Microsoft.NET.Sdk.Web/analyzers/cs/Microsoft.AspNetCore.Mvc.Analyzers.dll /analyzer:/usr/share/dotnet/sdk/9.0.203/Sdks/Microsoft.NET.Sdk/targets/../analyzers/Microsoft.CodeAnalysis.CSharp.NetAnalyzers.dll /analyzer:/usr/share/dotnet/sdk/9.0.203/Sdks/Microsoft.NET.Sdk/targets/../analyzers/Microsoft.CodeAnalysis.NetAnalyzers.dll /analyzer:/usr/share/dotnet/sdk/9.0.203/Sdks/Microsoft.NET.Sdk/targets/../codestyle/cs/Microsoft.CodeAnalysis.CodeStyle.dll /analyzer:/usr/share/dotnet/sdk/9.0.203/Sdks/Microsoft.NET.Sdk/targets/../codestyle/cs/Microsoft.CodeAnalysis.CodeStyle.Fixes.dll /analyzer:/usr/share/dotnet/sdk/9.0.203/Sdks/Microsoft.NET.Sdk/targets/../codestyle/cs/Microsoft.CodeAnalysis.CSharp.CodeStyle.dll /analyzer:/usr/share/dotnet/sdk/9.0.203/Sdks/Microsoft.NET.Sdk/targets/../codestyle/cs/Microsoft.CodeAnalysis.CSharp.CodeStyle.Fixes.dll /analyzer:/home/quinngil/.nuget/packages/microsoft.codeanalysis.bannedapianalyzers/4.14.0/analyzers/dotnet/cs/Microsoft.CodeAnalysis.BannedApiAnalyzers.dll /analyzer:/home/quinngil/.nuget/packages/microsoft.codeanalysis.bannedapianalyzers/4.14.0/analyzers/dotnet/cs/Microsoft.CodeAnalysis.CSharp.BannedApiAnalyzers.dll /analyzer:/home/quinngil/.nuget/packages/system.clientmodel/1.5.1/analyzers/dotnet/cs/System.ClientModel.SourceGeneration.dll /analyzer:/home/quinngil/.nuget/packages/system.text.json/9.0.8/analyzers/dotnet/roslyn4.4/cs/System.Text.Json.SourceGeneration.dll /analyzer:/usr/share/dotnet/packs/Microsoft.NETCore.App.Ref/9.0.4/analyzers/dotnet/cs/Microsoft.Interop.ComInterfaceGenerator.dll /analyzer:/usr/share/dotnet/packs/Microsoft.NETCore.App.Ref/9.0.4/analyzers/dotnet/cs/Microsoft.Interop.JavaScript.JSImportGenerator.dll /analyzer:/usr/share/dotnet/packs/Microsoft.NETCore.App.Ref/9.0.4/analyzers/dotnet/cs/Microsoft.Interop.LibraryImportGenerator.dll /analyzer:/usr/share/dotnet/packs/Microsoft.NETCore.App.Ref/9.0.4/analyzers/dotnet/cs/Microsoft.Interop.SourceGeneration.dll /analyzer:/usr/share/dotnet/packs/Microsoft.NETCore.App.Ref/9.0.4/analyzers/dotnet/cs/System.Text.RegularExpressions.Generator.dll /analyzer:/usr/share/dotnet/packs/Microsoft.AspNetCore.App.Ref/9.0.4/analyzers/dotnet/cs/Microsoft.AspNetCore.App.Analyzers.dll /analyzer:/usr/share/dotnet/packs/Microsoft.AspNetCore.App.Ref/9.0.4/analyzers/dotnet/cs/Microsoft.AspNetCore.App.CodeFixes.dll /analyzer:/usr/share/dotnet/packs/Microsoft.AspNetCore.App.Ref/9.0.4/analyzers/dotnet/cs/Microsoft.AspNetCore.Components.Analyzers.dll /analyzer:/usr/share/dotnet/packs/Microsoft.AspNetCore.App.Ref/9.0.4/analyzers/dotnet/roslyn4.4/cs/Microsoft.Extensions.Logging.Generators.dll /analyzer:/usr/share/dotnet/packs/Microsoft.AspNetCore.App.Ref/9.0.4/analyzers/dotnet/roslyn4.4/cs/Microsoft.Extensions.Options.SourceGeneration.dll /analyzer:/usr/share/dotnet/sdk/9.0.203/Sdks/Microsoft.NET.Sdk.Razor/targets/../source-generators/Microsoft.AspNetCore.Razor.Utilities.Shared.dll /analyzer:/usr/share/dotnet/sdk/9.0.203/Sdks/Microsoft.NET.Sdk.Razor/targets/../source-generators/Microsoft.CodeAnalysis.Razor.Compiler.dll /analyzer:/usr/share/dotnet/sdk/9.0.203/Sdks/Microsoft.NET.Sdk.Razor/targets/../source-generators/Microsoft.Extensions.ObjectPool.dll /analyzer:/usr/share/dotnet/sdk/9.0.203/Sdks/Microsoft.NET.Sdk.Razor/targets/../source-generators/System.Collections.Immutable.dll /additionalfile:/mnt/d/src/MtgDiscoveryVibeWorkspace/IMPLS/src/BannedSymbols.txt /additionalfile:/mnt/d/src/MtgDiscoveryVibeWorkspace/IMPLS/src/.editorconfig AppMtgDiscoveryGraphQlProgram.cs Authentication/AuthUserArgEntity.cs Entities/Args/ArtistIdArgEntity.cs Entities/Args/ArtistNameArgEntity.cs Entities/Args/ArtistSearchTermArgEntity.cs Entities/Args/CardIdsArgEntity.cs Entities/Args/CardNameArgEntity.cs Entities/Args/CardSearchTermArgEntity.cs Entities/Args/SetCodeArgEntity.cs Entities/Args/SetCodesArgEntity.cs Entities/Args/SetIdsArgEntity.cs Entities/Args/UserCards/AddCardToCollectionArgEntity.cs Entities/Args/UserCards/CollectedItemArgEntity.cs Entities/Outs/Artists/ArtistSearchResultOutEntity.cs Entities/Outs/Artists/ScryfallArtistOutEntity.cs Entities/Outs/Cards/AllPartsOutEntity.cs Entities/Outs/Cards/CardFaceOutEntity.cs Entities/Outs/Cards/CardNameSearchResultOutEntity.cs Entities/Outs/Cards/ImageUrisOutEntity.cs Entities/Outs/Cards/LegalitiesOutEntity.cs Entities/Outs/Cards/PreviewOutEntity.cs Entities/Outs/Cards/PricesOutEntity.cs Entities/Outs/Cards/PurchaseUrisOutEntity.cs Entities/Outs/Cards/RelatedUrisOutEntity.cs Entities/Outs/Cards/ScryfallCardOutEntity.cs Entities/Outs/Sets/ScryfallSetOutEntity.cs Entities/Outs/Sets/SetGroupingOutEntity.cs Entities/Outs/User/UserRegistrationOutEntity.cs Entities/Outs/UserCards/CollectedItemOutEntity.cs Entities/Outs/UserCards/UserCardCollectionOutEntity.cs Entities/Types/Artists/ArtistSearchResultOutEntityType.cs Entities/Types/Artists/ScryfallArtistOutEntityType.cs Entities/Types/Cards/ScryfallAllPartsOutEntityType.cs Entities/Types/Cards/ScryfallCardFaceOutEntityType.cs Entities/Types/Cards/ScryfallCardOutEntityType.cs Entities/Types/Cards/ScryfallImageUrisOutEntityType.cs Entities/Types/Cards/ScryfallLegalitiesOutEntityType.cs Entities/Types/Cards/ScryfallPreviewOutEntityType.cs Entities/Types/Cards/ScryfallPricesOutEntityType.cs Entities/Types/Cards/ScryfallPurchaseUrisOutEntityType.cs Entities/Types/Cards/ScryfallRelatedUrisOutEntityType.cs Entities/Types/ResponseModels/ArtistSearchResponseModelUnionType.cs Entities/Types/ResponseModels/ArtistSearchResultsSuccessDataResponseModelType.cs Entities/Types/ResponseModels/CardNameSearchResponseModelUnionType.cs Entities/Types/ResponseModels/CardNameSearchResultsSuccessDataResponseModelType.cs Entities/Types/ResponseModels/CardResponseModelUnionType.cs Entities/Types/ResponseModels/CardsByArtistResponseModelUnionType.cs Entities/Types/ResponseModels/CardsByArtistSuccessDataResponseModelType.cs Entities/Types/ResponseModels/CardsSuccessDataResponseModelType.cs Entities/Types/ResponseModels/FailureResponseModelType.cs Entities/Types/ResponseModels/MetaDataModelType.cs Entities/Types/ResponseModels/SetResponseModelUnionType.cs Entities/Types/ResponseModels/SetsSuccessDataResponseModelType.cs Entities/Types/ResponseModels/StatusDataModelType.cs Entities/Types/ResponseModels/UserRegistrationResponseModelUnionType.cs Entities/Types/ResponseModels/UserRegistrationSuccessDataResponseModelType.cs Entities/Types/Sets/ScryfallSetOutEntityType.cs Entities/Types/Sets/SetGroupingOutEntityType.cs Entities/Types/User/UserRegistrationOutEntityType.cs Entities/Types/UserCards/UserCardCollectionResponseModelUnionType.cs Mappers/CardTypeMapper.cs Mappers/SetTypeMapper.cs Mutations/ApiMutation.cs Mutations/UserCardsMutationMethods.cs Mutations/UserMutationMethods.cs Queries/ApiQuery.cs Queries/ArtistQueryMethods.cs Queries/CardQueryMethods.cs Queries/SetQueryMethods.cs Schemas/ApiMutationExtensions.cs Schemas/ApiQueryExtensions.cs Schemas/ArtistSchemaExtensions.cs Schemas/SetSchemaExtensions.cs Startup.cs "obj/Release/net9.0/.NETCoreApp,Version=v9.0.AssemblyAttributes.cs" obj/Release/net9.0/App.MtgDiscovery.GraphQL.AssemblyInfo.cs obj/Release/net9.0/App.MtgDiscovery.GraphQL.MvcApplicationPartsAssemblyInfo.cs /warnaserror+:NU1605,SYSLIB0011
         CompilerServer: server - server processed compilation - App.MtgDiscovery.GraphQL (net9.0)
       _ProcessScopedCssFiles:
       Skipping target "_ProcessScopedCssFiles" because it has no outputs.
       _ProcessScopedCssFiles:
       Skipping target "_ProcessScopedCssFiles" because it has no outputs.
       _BuildCopyStaticWebAssetsPreserveNewest:
       Skipping target "_BuildCopyStaticWebAssetsPreserveNewest" because it has no outputs.
       _CopyFilesMarkedCopyLocal:
         Copying file from "/mnt/d/src/MtgDiscoveryVibeWorkspace/IMPLS/src/Lib.Adapter.Artists/bin/Release/net9.0/Lib.Adapter.Artists.dll" to "/mnt/d/src/MtgDiscoveryVibeWorkspace/IMPLS/src/App.MtgDiscovery.GraphQL/bin/Release/net9.0/Lib.Adapter.Artists.dll".
         Copying file from "/mnt/d/src/MtgDiscoveryVibeWorkspace/IMPLS/src/Lib.Adapter.User/bin/Release/net9.0/Lib.Adapter.User.dll" to "/mnt/d/src/MtgDiscoveryVibeWorkspace/IMPLS/src/App.MtgDiscovery.GraphQL/bin/Release/net9.0/Lib.Adapter.User.dll".
         Copying file from "/mnt/d/src/MtgDiscoveryVibeWorkspace/IMPLS/src/Lib.Adapter.Sets/bin/Release/net9.0/Lib.Adapter.Sets.dll" to "/mnt/d/src/MtgDiscoveryVibeWorkspace/IMPLS/src/App.MtgDiscovery.GraphQL/bin/Release/net9.0/Lib.Adapter.Sets.dll".
         Copying file from "/mnt/d/src/MtgDiscoveryVibeWorkspace/IMPLS/src/Lib.Adapter.Cards/bin/Release/net9.0/Lib.Adapter.Cards.dll" to "/mnt/d/src/MtgDiscoveryVibeWorkspace/IMPLS/src/App.MtgDiscovery.GraphQL/bin/Release/net9.0/Lib.Adapter.Cards.dll".
         Copying file from "/mnt/d/src/MtgDiscoveryVibeWorkspace/IMPLS/src/Lib.Adapter.UserCards/bin/Release/net9.0/Lib.Adapter.UserCards.dll" to "/mnt/d/src/MtgDiscoveryVibeWorkspace/IMPLS/src/App.MtgDiscovery.GraphQL/bin/Release/net9.0/Lib.Adapter.UserCards.dll".
         Copying file from "/mnt/d/src/MtgDiscoveryVibeWorkspace/IMPLS/src/Lib.Adapter.Scryfall.Cosmos/bin/Release/net9.0/Lib.Adapter.Scryfall.Cosmos.dll" to "/mnt/d/src/MtgDiscoveryVibeWorkspace/IMPLS/src/App.MtgDiscovery.GraphQL/bin/Release/net9.0/Lib.Adapter.Scryfall.Cosmos.dll".
         Copying file from "/mnt/d/src/MtgDiscoveryVibeWorkspace/IMPLS/src/Lib.Aggregator.Artists/bin/Release/net9.0/Lib.Aggregator.Artists.dll" to "/mnt/d/src/MtgDiscoveryVibeWorkspace/IMPLS/src/App.MtgDiscovery.GraphQL/bin/Release/net9.0/Lib.Aggregator.Artists.dll".
         Copying file from "/mnt/d/src/MtgDiscoveryVibeWorkspace/IMPLS/src/Lib.Aggregator.Cards/bin/Release/net9.0/Lib.Aggregator.Cards.dll" to "/mnt/d/src/MtgDiscoveryVibeWorkspace/IMPLS/src/App.MtgDiscovery.GraphQL/bin/Release/net9.0/Lib.Aggregator.Cards.dll".
         Copying file from "/mnt/d/src/MtgDiscoveryVibeWorkspace/IMPLS/src/Lib.Aggregator.Scryfall.Shared/bin/Release/net9.0/Lib.Aggregator.Scryfall.Shared.dll" to "/mnt/d/src/MtgDiscoveryVibeWorkspace/IMPLS/src/App.MtgDiscovery.GraphQL/bin/Release/net9.0/Lib.Aggregator.Scryfall.Shared.dll".
         Copying file from "/mnt/d/src/MtgDiscoveryVibeWorkspace/IMPLS/src/Lib.Aggregator.Sets/bin/Release/net9.0/Lib.Aggregator.Sets.dll" to "/mnt/d/src/MtgDiscoveryVibeWorkspace/IMPLS/src/App.MtgDiscovery.GraphQL/bin/Release/net9.0/Lib.Aggregator.Sets.dll".
         Copying file from "/mnt/d/src/MtgDiscoveryVibeWorkspace/IMPLS/src/Lib.Aggregator.User/bin/Release/net9.0/Lib.Aggregator.User.dll" to "/mnt/d/src/MtgDiscoveryVibeWorkspace/IMPLS/src/App.MtgDiscovery.GraphQL/bin/Release/net9.0/Lib.Aggregator.User.dll".
         Copying file from "/mnt/d/src/MtgDiscoveryVibeWorkspace/IMPLS/src/Lib.Aggregator.UserCards/bin/Debug/net9.0/Lib.Aggregator.UserCards.dll" to "/mnt/d/src/MtgDiscoveryVibeWorkspace/IMPLS/src/App.MtgDiscovery.GraphQL/bin/Release/net9.0/Lib.Aggregator.UserCards.dll".
         Copying file from "/mnt/d/src/MtgDiscoveryVibeWorkspace/IMPLS/src/Lib.Cosmos/bin/Release/net9.0/Lib.Cosmos.dll" to "/mnt/d/src/MtgDiscoveryVibeWorkspace/IMPLS/src/App.MtgDiscovery.GraphQL/bin/Release/net9.0/Lib.Cosmos.dll".
         Copying file from "/mnt/d/src/MtgDiscoveryVibeWorkspace/IMPLS/src/Lib.Domain.Artists/bin/Release/net9.0/Lib.Domain.Artists.dll" to "/mnt/d/src/MtgDiscoveryVibeWorkspace/IMPLS/src/App.MtgDiscovery.GraphQL/bin/Release/net9.0/Lib.Domain.Artists.dll".
         Copying file from "/mnt/d/src/MtgDiscoveryVibeWorkspace/IMPLS/src/Lib.Domain.Cards/bin/Release/net9.0/Lib.Domain.Cards.dll" to "/mnt/d/src/MtgDiscoveryVibeWorkspace/IMPLS/src/App.MtgDiscovery.GraphQL/bin/Release/net9.0/Lib.Domain.Cards.dll".
         Copying file from "/mnt/d/src/MtgDiscoveryVibeWorkspace/IMPLS/src/Lib.Domain.Sets/bin/Release/net9.0/Lib.Domain.Sets.dll" to "/mnt/d/src/MtgDiscoveryVibeWorkspace/IMPLS/src/App.MtgDiscovery.GraphQL/bin/Release/net9.0/Lib.Domain.Sets.dll".
         Copying file from "/mnt/d/src/MtgDiscoveryVibeWorkspace/IMPLS/src/Lib.Domain.User/bin/Release/net9.0/Lib.Domain.User.dll" to "/mnt/d/src/MtgDiscoveryVibeWorkspace/IMPLS/src/App.MtgDiscovery.GraphQL/bin/Release/net9.0/Lib.Domain.User.dll".
         Copying file from "/mnt/d/src/MtgDiscoveryVibeWorkspace/IMPLS/src/Lib.Domain.UserCards/bin/Release/net9.0/Lib.Domain.UserCards.dll" to "/mnt/d/src/MtgDiscoveryVibeWorkspace/IMPLS/src/App.MtgDiscovery.GraphQL/bin/Release/net9.0/Lib.Domain.UserCards.dll".
         Copying file from "/mnt/d/src/MtgDiscoveryVibeWorkspace/IMPLS/src/Lib.MtgDiscovery.Entry/bin/Release/net9.0/Lib.MtgDiscovery.Entry.dll" to "/mnt/d/src/MtgDiscoveryVibeWorkspace/IMPLS/src/App.MtgDiscovery.GraphQL/bin/Release/net9.0/Lib.MtgDiscovery.Entry.dll".
         Copying file from "/mnt/d/src/MtgDiscoveryVibeWorkspace/IMPLS/src/Lib.Shared.Abstractions/bin/Release/net9.0/Lib.Shared.Abstractions.dll" to "/mnt/d/src/MtgDiscoveryVibeWorkspace/IMPLS/src/App.MtgDiscovery.GraphQL/bin/Release/net9.0/Lib.Shared.Abstractions.dll".
         Copying file from "/mnt/d/src/MtgDiscoveryVibeWorkspace/IMPLS/src/Lib.Scryfall.Shared/bin/Release/net9.0/Lib.Scryfall.Shared.dll" to "/mnt/d/src/MtgDiscoveryVibeWorkspace/IMPLS/src/App.MtgDiscovery.GraphQL/bin/Release/net9.0/Lib.Scryfall.Shared.dll".
         Copying file from "/mnt/d/src/MtgDiscoveryVibeWorkspace/IMPLS/src/Lib.Shared.DataModels/bin/Release/net9.0/Lib.Shared.DataModels.dll" to "/mnt/d/src/MtgDiscoveryVibeWorkspace/IMPLS/src/App.MtgDiscovery.GraphQL/bin/Release/net9.0/Lib.Shared.DataModels.dll".
         Copying file from "/mnt/d/src/MtgDiscoveryVibeWorkspace/IMPLS/src/Lib.Shared.Invocation/bin/Release/net9.0/Lib.Shared.Invocation.dll" to "/mnt/d/src/MtgDiscoveryVibeWorkspace/IMPLS/src/App.MtgDiscovery.GraphQL/bin/Release/net9.0/Lib.Shared.Invocation.dll".
         Copying file from "/mnt/d/src/MtgDiscoveryVibeWorkspace/IMPLS/src/Lib.Universal/bin/Release/net9.0/Lib.Universal.dll" to "/mnt/d/src/MtgDiscoveryVibeWorkspace/IMPLS/src/App.MtgDiscovery.GraphQL/bin/Release/net9.0/Lib.Universal.dll".
         Copying file from "/mnt/d/src/MtgDiscoveryVibeWorkspace/IMPLS/src/Lib.Universal/bin/Release/net9.0/Lib.Universal.pdb" to "/mnt/d/src/MtgDiscoveryVibeWorkspace/IMPLS/src/App.MtgDiscovery.GraphQL/bin/Release/net9.0/Lib.Universal.pdb".
         Copying file from "/mnt/d/src/MtgDiscoveryVibeWorkspace/IMPLS/src/Lib.Shared.DataModels/bin/Release/net9.0/Lib.Shared.DataModels.pdb" to "/mnt/d/src/MtgDiscoveryVibeWorkspace/IMPLS/src/App.MtgDiscovery.GraphQL/bin/Release/net9.0/Lib.Shared.DataModels.pdb".
         Copying file from "/mnt/d/src/MtgDiscoveryVibeWorkspace/IMPLS/src/Lib.MtgDiscovery.Entry/bin/Release/net9.0/Lib.MtgDiscovery.Entry.pdb" to "/mnt/d/src/MtgDiscoveryVibeWorkspace/IMPLS/src/App.MtgDiscovery.GraphQL/bin/Release/net9.0/Lib.MtgDiscovery.Entry.pdb".
         Copying file from "/mnt/d/src/MtgDiscoveryVibeWorkspace/IMPLS/src/Lib.Shared.Invocation/bin/Release/net9.0/Lib.Shared.Invocation.pdb" to "/mnt/d/src/MtgDiscoveryVibeWorkspace/IMPLS/src/App.MtgDiscovery.GraphQL/bin/Release/net9.0/Lib.Shared.Invocation.pdb".
         Copying file from "/mnt/d/src/MtgDiscoveryVibeWorkspace/IMPLS/src/Lib.Adapter.Artists/bin/Release/net9.0/Lib.Adapter.Artists.pdb" to "/mnt/d/src/MtgDiscoveryVibeWorkspace/IMPLS/src/App.MtgDiscovery.GraphQL/bin/Release/net9.0/Lib.Adapter.Artists.pdb".
         Copying file from "/mnt/d/src/MtgDiscoveryVibeWorkspace/IMPLS/src/Lib.Adapter.Cards/bin/Release/net9.0/Lib.Adapter.Cards.pdb" to "/mnt/d/src/MtgDiscoveryVibeWorkspace/IMPLS/src/App.MtgDiscovery.GraphQL/bin/Release/net9.0/Lib.Adapter.Cards.pdb".
         Copying file from "/mnt/d/src/MtgDiscoveryVibeWorkspace/IMPLS/src/Lib.Adapter.Scryfall.Cosmos/bin/Release/net9.0/Lib.Adapter.Scryfall.Cosmos.pdb" to "/mnt/d/src/MtgDiscoveryVibeWorkspace/IMPLS/src/App.MtgDiscovery.GraphQL/bin/Release/net9.0/Lib.Adapter.Scryfall.Cosmos.pdb".
         Copying file from "/mnt/d/src/MtgDiscoveryVibeWorkspace/IMPLS/src/Lib.Adapter.Sets/bin/Release/net9.0/Lib.Adapter.Sets.pdb" to "/mnt/d/src/MtgDiscoveryVibeWorkspace/IMPLS/src/App.MtgDiscovery.GraphQL/bin/Release/net9.0/Lib.Adapter.Sets.pdb".
         Copying file from "/mnt/d/src/MtgDiscoveryVibeWorkspace/IMPLS/src/Lib.Adapter.UserCards/bin/Release/net9.0/Lib.Adapter.UserCards.pdb" to "/mnt/d/src/MtgDiscoveryVibeWorkspace/IMPLS/src/App.MtgDiscovery.GraphQL/bin/Release/net9.0/Lib.Adapter.UserCards.pdb".
         Copying file from "/mnt/d/src/MtgDiscoveryVibeWorkspace/IMPLS/src/Lib.Adapter.User/bin/Release/net9.0/Lib.Adapter.User.pdb" to "/mnt/d/src/MtgDiscoveryVibeWorkspace/IMPLS/src/App.MtgDiscovery.GraphQL/bin/Release/net9.0/Lib.Adapter.User.pdb".
         Copying file from "/mnt/d/src/MtgDiscoveryVibeWorkspace/IMPLS/src/Lib.Aggregator.Artists/bin/Release/net9.0/Lib.Aggregator.Artists.pdb" to "/mnt/d/src/MtgDiscoveryVibeWorkspace/IMPLS/src/App.MtgDiscovery.GraphQL/bin/Release/net9.0/Lib.Aggregator.Artists.pdb".
         Copying file from "/mnt/d/src/MtgDiscoveryVibeWorkspace/IMPLS/src/Lib.Aggregator.Cards/bin/Release/net9.0/Lib.Aggregator.Cards.pdb" to "/mnt/d/src/MtgDiscoveryVibeWorkspace/IMPLS/src/App.MtgDiscovery.GraphQL/bin/Release/net9.0/Lib.Aggregator.Cards.pdb".
         Copying file from "/mnt/d/src/MtgDiscoveryVibeWorkspace/IMPLS/src/Lib.Aggregator.Scryfall.Shared/bin/Release/net9.0/Lib.Aggregator.Scryfall.Shared.pdb" to "/mnt/d/src/MtgDiscoveryVibeWorkspace/IMPLS/src/App.MtgDiscovery.GraphQL/bin/Release/net9.0/Lib.Aggregator.Scryfall.Shared.pdb".
         Copying file from "/mnt/d/src/MtgDiscoveryVibeWorkspace/IMPLS/src/Lib.Aggregator.Sets/bin/Release/net9.0/Lib.Aggregator.Sets.pdb" to "/mnt/d/src/MtgDiscoveryVibeWorkspace/IMPLS/src/App.MtgDiscovery.GraphQL/bin/Release/net9.0/Lib.Aggregator.Sets.pdb".
         Copying file from "/mnt/d/src/MtgDiscoveryVibeWorkspace/IMPLS/src/Lib.Aggregator.User/bin/Release/net9.0/Lib.Aggregator.User.pdb" to "/mnt/d/src/MtgDiscoveryVibeWorkspace/IMPLS/src/App.MtgDiscovery.GraphQL/bin/Release/net9.0/Lib.Aggregator.User.pdb".
         Copying file from "/mnt/d/src/MtgDiscoveryVibeWorkspace/IMPLS/src/Lib.Cosmos/bin/Release/net9.0/Lib.Cosmos.pdb" to "/mnt/d/src/MtgDiscoveryVibeWorkspace/IMPLS/src/App.MtgDiscovery.GraphQL/bin/Release/net9.0/Lib.Cosmos.pdb".
         Copying file from "/mnt/d/src/MtgDiscoveryVibeWorkspace/IMPLS/src/Lib.Domain.Artists/bin/Release/net9.0/Lib.Domain.Artists.pdb" to "/mnt/d/src/MtgDiscoveryVibeWorkspace/IMPLS/src/App.MtgDiscovery.GraphQL/bin/Release/net9.0/Lib.Domain.Artists.pdb".
         Copying file from "/mnt/d/src/MtgDiscoveryVibeWorkspace/IMPLS/src/Lib.Domain.Cards/bin/Release/net9.0/Lib.Domain.Cards.pdb" to "/mnt/d/src/MtgDiscoveryVibeWorkspace/IMPLS/src/App.MtgDiscovery.GraphQL/bin/Release/net9.0/Lib.Domain.Cards.pdb".
         Copying file from "/mnt/d/src/MtgDiscoveryVibeWorkspace/IMPLS/src/Lib.Domain.UserCards/bin/Release/net9.0/Lib.Domain.UserCards.pdb" to "/mnt/d/src/MtgDiscoveryVibeWorkspace/IMPLS/src/App.MtgDiscovery.GraphQL/bin/Release/net9.0/Lib.Domain.UserCards.pdb".
         Copying file from "/mnt/d/src/MtgDiscoveryVibeWorkspace/IMPLS/src/Lib.Domain.User/bin/Release/net9.0/Lib.Domain.User.pdb" to "/mnt/d/src/MtgDiscoveryVibeWorkspace/IMPLS/src/App.MtgDiscovery.GraphQL/bin/Release/net9.0/Lib.Domain.User.pdb".
         Copying file from "/mnt/d/src/MtgDiscoveryVibeWorkspace/IMPLS/src/Lib.Domain.Sets/bin/Release/net9.0/Lib.Domain.Sets.pdb" to "/mnt/d/src/MtgDiscoveryVibeWorkspace/IMPLS/src/App.MtgDiscovery.GraphQL/bin/Release/net9.0/Lib.Domain.Sets.pdb".
         Copying file from "/mnt/d/src/MtgDiscoveryVibeWorkspace/IMPLS/src/Lib.Scryfall.Shared/bin/Release/net9.0/Lib.Scryfall.Shared.pdb" to "/mnt/d/src/MtgDiscoveryVibeWorkspace/IMPLS/src/App.MtgDiscovery.GraphQL/bin/Release/net9.0/Lib.Scryfall.Shared.pdb".
         Copying file from "/mnt/d/src/MtgDiscoveryVibeWorkspace/IMPLS/src/Lib.Shared.Abstractions/bin/Release/net9.0/Lib.Shared.Abstractions.pdb" to "/mnt/d/src/MtgDiscoveryVibeWorkspace/IMPLS/src/App.MtgDiscovery.GraphQL/bin/Release/net9.0/Lib.Shared.Abstractions.pdb".
         Copying file from "/mnt/d/src/MtgDiscoveryVibeWorkspace/IMPLS/src/Lib.Aggregator.UserCards/bin/Debug/net9.0/Lib.Aggregator.UserCards.pdb" to "/mnt/d/src/MtgDiscoveryVibeWorkspace/IMPLS/src/App.MtgDiscovery.GraphQL/bin/Release/net9.0/Lib.Aggregator.UserCards.pdb".
         Touching "/mnt/d/src/MtgDiscoveryVibeWorkspace/IMPLS/src/App.MtgDiscovery.GraphQL/obj/Release/net9.0/App.MtgD.0D2DCEFD.Up2Date".
       _CopyOutOfDateSourceItemsToOutputDirectory:
       Building target "_CopyOutOfDateSourceItemsToOutputDirectory" partially, because some output files are out of date with respect to their input files.
         Copying file from "/mnt/d/src/MtgDiscoveryVibeWorkspace/IMPLS/src/App.MtgDiscovery.GraphQL/appsettings.json" to "/mnt/d/src/MtgDiscoveryVibeWorkspace/IMPLS/src/App.MtgDiscovery.GraphQL/bin/Release/net9.0/appsettings.json".
         Copying file from "/mnt/d/src/MtgDiscoveryVibeWorkspace/IMPLS/src/App.MtgDiscovery.GraphQL/obj/Release/net9.0/staticwebassets.build.endpoints.json" to "/mnt/d/src/MtgDiscoveryVibeWorkspace/IMPLS/src/App.MtgDiscovery.GraphQL/bin/Release/net9.0/App.MtgDiscovery.GraphQL.staticwebassets.endpoints.json".
         Copying file from "/mnt/d/src/MtgDiscoveryVibeWorkspace/IMPLS/src/App.MtgDiscovery.GraphQL/obj/Release/net9.0/apphost" to "/mnt/d/src/MtgDiscoveryVibeWorkspace/IMPLS/src/App.MtgDiscovery.GraphQL/bin/Release/net9.0/App.MtgDiscovery.GraphQL".
